******************************************************************************
               TMS320C6x Linker Unix v7.4.0                    
******************************************************************************
>> Linked Tue Apr  9 10:38:23 2013

OUTPUT FILE NAME:   <omp_rs.out>
ENTRY POINT SYMBOL: "_c_int00"  address: 8003a800


MEMORY CONFIGURATION

         name            origin    length      used     unused   attr    fill
----------------------  --------  ---------  --------  --------  ----  --------
  L2SRAM                00800000   00060000  0002bdc0  00034240  RW X
  L1DSRAM               00f00000   00004000  00000000  00004000  RW  
  MSMCSRAM              0c000000   00300000  00000200  002ffe00  RW X
  MSMCSRAM_CACHE        0c300000   00100000  00000000  00100000  RW X
  DDR3                  80000000   20000000  1003adba  0ffc5246  RW X
  MSMCSRAM_NOCACHE      a0300000   00100000  000949c6  0006b63a  RW X


SEGMENT ALLOCATION MAP

run origin  load origin   length   init length attrs members
----------  ----------- ---------- ----------- ----- -------
00800000    00800000    0002bdc0   0002ac9c    rw-
  00800000    00800000    0002ac9c   0002ac9c    rw- .localfar
  0082ac9c    0082ac9c    00000004   00000000    rw- .tls_tp
  0082aca0    0082aca0    00001000   00000000    rw- .stack
  0082bca0    0082bca0    00000120   00000000    rw- .cio
0c000000    0c000000    00000200   00000000    rw-
  0c000000    0c000000    00000200   00000000    rw- .cppi
80000000    80000000    00035120   00035120    r-x
  80000000    80000000    00035120   00035120    r-x .text
80035270    80035270    00004e4e   00004e4e    r--
  80035270    80035270    00004e4e   00004e4e    r-- .const
8003a0c0    8003a0c0    000000cc   000000cc    r--
  8003a0c0    8003a0c0    000000b0   000000b0    r-- .switch
  8003a170    8003a170    0000001c   0000001c    r-- .binit
8003a400    8003a400    00000200   00000200    r-x
  8003a400    8003a400    00000200   00000200    r-x .vecs
8003a800    8003a800    00000a30   00000a30    r-x
  8003a800    8003a800    000000a0   000000a0    r-x .text:_c_int00
  8003a8a0    8003a8a0    00000990   00000990    r-- .cinit
a0380000    a0380000    000120b0   00000000    rw-
  a0380000    a0380000    000120ac   00000000    rw- .qmss.1
  a03920ac    a03920ac    00000004   00000000    rw- .bss
a03920b0    a03920b0    00000050   00000050    rw-
  a03920b0    a03920b0    00000050   00000050    rw- gomp_data.1
a0392100    a0392100    00002400   00000000    rw-
  a0392100    a0392100    00002400   00000000    rw- .qmss.2
a0394500    a0394500    00000256   00000256    rw-
  a0394500    a0394500    00000256   00000256    rw- gomp_data.2
a0394758    80035120    00000001   00000001    rw-
  a0394758    80035120    00000001   00000001    rw- .neardata
a0394760    80035128    00000148   00000148    rw-
  a0394760    80035128    00000148   00000148    rw- .fardata
a03948a8    a03948a8    00000120   00000000    rw-
  a03948a8    a03948a8    00000120   00000000    rw- .far


SECTION ALLOCATION MAP

 output                                  attributes/
section   page    origin      length       input sections
--------  ----  ----------  ----------   ----------------
.init_array 
*          0    00800000    00000000     UNINITIALIZED

.init_array 
*          0    a0300000    00000000     UNINITIALIZED

.localfar 
*          0    00800000    0002ac9c     
                  00800000    00028040     omp_config_pe66.oe66 (.far) [fill = 0]
                  00828040    00001000     omp_config_pe66.oe66 (.far:taskStackSection) [fill = 0]
                  00829040    00000150     rts6600_elf_mt.lib : _mutex.obj (.far) [fill = 0]
                  00829190    00000140                        : defs.obj (.far) [fill = 0]
                  008292d0    000000c8                        : getenv.obj (.far) [fill = 0]
                  00829398    00000008                        : trgdrv.obj (.far) [fill = 0]
                  008293a0    00000800     omp_config_pe66.oe66 (.fardata:ti_sdo_ipc_GateMP_Module_State_0_remoteCustom1Gates__A)
                  00829ba0    0000037c     omp_config_pe66.oe66 (.fardata)
                  00829f1c    00000004     --HOLE--
                  00829f20    00000180     omp_config_pe66.oe66 (.fardata:ti_sysbios_timers_timer64_Timer_Module_State_0_device__A)
                  0082a0a0    00000118     omp_config_pe66.oe66 (.fardata:ti_sdo_utils_NameServer_Object__table__V)
                  0082a1b8    000000a0     omp_config_pe66.oe66 (.fardata:ti_sdo_ipc_Ipc_Module_State_0_procEntry__A)
                  0082a258    00000098     omp_config_pe66.oe66 (.fardata:ti_sysbios_knl_Task_Object__table__V)
                  0082a2f0    00000098     omp_config_pe66.oe66 (.fardata:ti_sysbios_timers_timer64_Timer_Object__table__V)
                  0082a388    00000090     omp_config_pe66.oe66 (.fardata:ti_sdo_ipc_SharedRegion_Module_State_0_regions__A)
                  0082a418    00000080     omp_config_pe66.oe66 (.fardata:ti_sdo_ipc_GateMP_Module_State_0_remoteSystemGates__A)
                  0082a498    00000080     omp_config_pe66.oe66 (.fardata:ti_sysbios_knl_Swi_Module_State_0_readyQ__A)
                  0082a518    00000080     omp_config_pe66.oe66 (.fardata:ti_sysbios_knl_Task_Module_State_0_readyQ__A)
                  0082a598    00000080     omp_config_pe66.oe66 (.fardata:ti_sysbios_timers_timer64_Timer_Module_State_0_gctrl__A)
                  0082a618    00000080     omp_config_pe66.oe66 (.fardata:ti_sysbios_timers_timer64_Timer_Module_State_0_handles__A)
                  0082a698    00000080     omp_config_pe66.oe66 (.fardata:ti_sysbios_timers_timer64_Timer_Module_State_0_intFreqs__A)
                  0082a718    00000040     omp_config_pe66.oe66 (.fardata:ti_sdo_ipc_MessageQ_Module_State_0_transports__A)
                  0082a758    00000040     omp_config_pe66.oe66 (.fardata:ti_sysbios_gates_GateMutex_Object__table__V)
                  0082a798    00000030     omp_config_pe66.oe66 (.fardata:ti_sysbios_knl_Swi_Object__table__V)
                  0082a7c8    00000020     omp_config_pe66.oe66 (.fardata:ti_sdo_ipc_MessageQ_Module_State_0_heaps__A)
                  0082a7e8    00000020     omp_config_pe66.oe66 (.fardata:ti_sdo_ipc_Notify_Module_State_0_notifyHandles__A)
                  0082a808    00000020     omp_config_pe66.oe66 (.fardata:ti_sdo_ipc_family_c647x_Interrupt_Module_State_0_args__A)
                  0082a828    00000020     omp_config_pe66.oe66 (.fardata:ti_sdo_ipc_transports_TransportShmSetup_Module_State_0_handles__A)
                  0082a848    00000020     omp_config_pe66.oe66 (.fardata:xdc_runtime_System_Module_State_0_atexitHandlers__A)
                  0082a868    00000018     omp_config_pe66.oe66 (.fardata:ti_sysbios_family_c64p_Hwi_Object__table__V)
                  0082a880    00000018     omp_config_pe66.oe66 (.fardata:ti_sysbios_gates_GateMutexPri_Object__table__V)
                  0082a898    00000018     omp_config_pe66.oe66 (.fardata:ti_sysbios_heaps_HeapMem_Object__table__V)
                  0082a8b0    00000010     omp_config_pe66.oe66 (.fardata:ti_sysbios_gates_GateAll_Object__table__V)
                  0082a8c0    0000000c     omp_config_pe66.oe66 (.fardata:ti_omp_utils_HeapOMP_Object__table__V)
                  0082a8cc    00000004     --HOLE--
                  0082a8d0    0000000c     omp_config_pe66.oe66 (.fardata:ti_sysbios_gates_GateSwi_Object__table__V)
                  0082a8dc    00000004     --HOLE--
                  0082a8e0    00000008     omp_config_pe66.oe66 (.fardata:ti_sysbios_hal_Hwi_Object__table__V)
                  0082a8e8    00000008     omp_config_pe66.oe66 (.fardata:ti_sysbios_hal_Timer_Object__table__V)
                  0082a8f0    00000004     omp_config_pe66.oe66 (.fardata:ti_sdo_ipc_GateMP_Module_State_0_remoteCustom2Gates__A)
                  0082a8f4    00000004     --HOLE--
                  0082a8f8    00000004     omp_config_pe66.oe66 (.fardata:ti_sdo_ipc_Notify_Module_State_0_notifyHandles_0__A)
                  0082a8fc    00000004     --HOLE--
                  0082a900    00000004     omp_config_pe66.oe66 (.fardata:ti_sdo_ipc_Notify_Module_State_0_notifyHandles_1__A)
                  0082a904    00000004     --HOLE--
                  0082a908    00000004     omp_config_pe66.oe66 (.fardata:ti_sdo_ipc_Notify_Module_State_0_notifyHandles_2__A)
                  0082a90c    00000004     --HOLE--
                  0082a910    00000004     omp_config_pe66.oe66 (.fardata:ti_sdo_ipc_Notify_Module_State_0_notifyHandles_3__A)
                  0082a914    00000004     --HOLE--
                  0082a918    00000004     omp_config_pe66.oe66 (.fardata:ti_sdo_ipc_Notify_Module_State_0_notifyHandles_4__A)
                  0082a91c    00000004     --HOLE--
                  0082a920    00000004     omp_config_pe66.oe66 (.fardata:ti_sdo_ipc_Notify_Module_State_0_notifyHandles_5__A)
                  0082a924    00000004     --HOLE--
                  0082a928    00000004     omp_config_pe66.oe66 (.fardata:ti_sdo_ipc_Notify_Module_State_0_notifyHandles_6__A)
                  0082a92c    00000004     --HOLE--
                  0082a930    00000004     omp_config_pe66.oe66 (.fardata:ti_sdo_ipc_Notify_Module_State_0_notifyHandles_7__A)
                  0082a934    00000004     --HOLE--
                  0082a938    00000004     omp_config_pe66.oe66 (.fardata:ti_sysbios_gates_GateHwi_Object__table__V)
                  0082a93c    00000004     --HOLE--
                  0082a940    00000004     omp_config_pe66.oe66 (.fardata:ti_sysbios_knl_Task_Module_State_0_idleTask__A)
                  0082a944    00000004     --HOLE--
                  0082a948    00000004     omp_config_pe66.oe66 (.fardata:xdc_runtime_GateNull_Object__table__V)
                  0082a94c    00000004     --HOLE--
                  0082a950    000001e0     rts6600_elf_mt.lib : defs.obj (.fardata:_ftable)
                  0082ab30    000000a0                        : lowlev.obj (.fardata:_stream)
                  0082abd0    00000078                        : lowlev.obj (.fardata:_device)
                  0082ac48    00000018                        : _pthread.obj (.fardata)
                  0082ac60    00000010                        : exit.obj (.fardata)
                  0082ac70    0000000c                        : _data_synch.obj (.fardata)
                  0082ac7c    00000008                        : _lock.obj (.fardata)
                  0082ac84    00000008                        : _mutex.obj (.fardata)
                  0082ac8c    00000004                        : defs.obj (.fardata)
                  0082ac90    00000004                        : dtor_list.obj (.fardata)
                  0082ac94    00000004                        : errno.obj (.fardata)
                  0082ac98    00000004                        : rand.obj (.fardata)

.tls_tp    0    0082ac9c    00000004     UNINITIALIZED
                  0082ac9c    00000004     ti.omp.utils.ae66 : ThreadLocalStorage.oe66 (.tls_tp)

.stack     0    0082aca0    00001000     UNINITIALIZED
                  0082aca0    00000008     boot.ae66 : boot.oe66 (.stack)
                  0082aca8    00000ff8     --HOLE--

.cio       0    0082bca0    00000120     UNINITIALIZED
                  0082bca0    00000120     rts6600_elf_mt.lib : trgmsg.obj (.cio)

.cppi      0    0c000000    00000200     UNINITIALIZED
                  0c000000    00000200     ti.drv.cppi.ae66 : cppi_drv.oe66 (.cppi)

xdc.meta   0    80000000    000000e8     COPY SECTION
                  80000000    000000e8     omp_config_pe66.oe66 (xdc.meta)

.text      0    80000000    00035120     
                  80000000    000011c0     ipc.ae66 : Ipc.obj (.text:ti_sdo_ipc_GateMP_Instance_init__F)
                  800011c0    00000a60              : Ipc.obj (.text:ti_sdo_ipc_heaps_HeapMemMP_alloc__E)
                  80001c20    000009e0              : Ipc.obj (.text:ti_sdo_ipc_heaps_HeapMemMP_free__E)
                  80002600    000009a0              : Ipc.obj (.text:Ipc_attach)
                  80002fa0    000009a0     ti.targets.rts6000.ae66 : System.oe66 (.text:xdc_runtime_System_doPrint__I)
                  80003940    00000920     ipc.ae66 : Ipc.obj (.text:ti_sdo_ipc_transports_TransportShm_Instance_init__F)
                  80004260    000008e0     omp_rs.obj (.text)
                  80004b40    000008a0     ipc.ae66 : Ipc.obj (.text:ti_sdo_ipc_ListMP_Instance_init__F)
                  800053e0    00000860              : Ipc.obj (.text:ti_sdo_ipc_GateMP_Instance_finalize__F)
                  80005c40    00000840              : Ipc.obj (.text:MessageQ_put)
                  80006480    000007e0     ti.drv.qmss.ae66 : qmss_drv.oe66 (.text:Qmss_insertMemoryRegion)
                  80006c60    00000780     ipc.ae66 : Ipc.obj (.text:ti_sdo_ipc_heaps_HeapMemMP_Instance_init__F)
                  800073e0    00000780     sysbios.ae66 : BIOS.obj (.text:ti_sysbios_family_c64p_Exception_handler__I)
                  80007b60    00000700     ipc.ae66 : Ipc.obj (.text:Notify_registerEvent)
                  80008260    000006c0              : Ipc.obj (.text:ti_sdo_ipc_nsremote_NameServerRemoteNotify_Instance_init__F)
                  80008920    000006a0              : Ipc.obj (.text:NameServer_add)
                  80008fc0    00000680     sysbios.ae66 : BIOS.obj (.text:ti_sysbios_knl_Task_Instance_finalize__F)
                  80009640    00000620     ipc.ae66 : Ipc.obj (.text:Notify_sendEvent)
                  80009c60    00000600     ti.omp.ae66 : team.oe66 (.text:gomp_team_start)
                  8000a260    00000600     sysbios.ae66 : BIOS.obj (.text:ti_sysbios_heaps_HeapMem_alloc__E)
                  8000a860    00000600                  : BIOS.obj (.text:ti_sysbios_heaps_HeapMem_free__E)
                  8000ae60    000005e0     ipc.ae66 : Ipc.obj (.text:Notify_registerEventSingle)
                  8000b440    000005e0              : Ipc.obj (.text:SharedRegion_setEntry)
                  8000ba20    000005c0              : Ipc.obj (.text:ListMP_getHead)
                  8000bfe0    000005c0              : Ipc.obj (.text:Notify_unregisterEventSingle)
                  8000c5a0    000005c0     rts6600_elf_mt.lib : divd.obj (.text:__c6xabi_divd)
                  8000cb60    000005c0                        : _printfi.obj (.text:_getarg_diouxp)
                  8000d120    000005c0     ipc.ae66 : Ipc.obj (.text:ti_sdo_ipc_SharedRegion_start__F)
                  8000d6e0    000005c0     sysbios.ae66 : BIOS.obj (.text:ti_sysbios_timers_timer64_Timer_Module_startup__F)
                  8000dca0    00000580     ipc.ae66 : Ipc.obj (.text:ti_sdo_ipc_nsremote_NameServerRemoteNotify_get__F)
                  8000e220    00000580              : Ipc.obj (.text:ti_sdo_ipc_transports_TransportShm_put__E)
                  8000e7a0    00000540              : Ipc.obj (.text:ti_sdo_ipc_Ipc_procSyncStart__I)
                  8000ece0    000004e0              : Ipc.obj (.text:ti_sdo_ipc_notifyDrivers_NotifyDriverShm_Instance_init__F)
                  8000f1c0    000004e0     sysbios.ae66 : BIOS.obj (.text:ti_sysbios_knl_Semaphore_pend__E)
                  8000f6a0    000004a0     ipc.ae66 : Ipc.obj (.text:ti_sdo_ipc_gates_GatePeterson_Instance_init__F)
                  8000fb40    00000480     sysbios.ae66 : BIOS.obj (.text:ti_sysbios_knl_Task_Module_startup__F)
                  8000ffc0    00000460     rts6600_elf_mt.lib : _printfi.obj (.text:_printfi)
                  80010420    00000460                        : _printfi.obj (.text:_setfield)
                  80010880    00000460     ipc.ae66 : Ipc.obj (.text:ti_sdo_ipc_GateMP_setRegion0Reserved__F)
                  80010ce0    00000460              : Ipc.obj (.text:ti_sdo_ipc_Ipc_procSyncFinish__I)
                  80011140    00000440              : Ipc.obj (.text:ListMP_putTail)
                  80011580    00000440              : Ipc.obj (.text:ti_sdo_ipc_heaps_HeapMemMP_getStats__E)
                  800119c0    00000440              : Ipc.obj (.text:ti_sdo_ipc_heaps_HeapMemMP_postInit__I)
                  80011e00    00000400              : Ipc.obj (.text:ti_sdo_ipc_Notify_Instance_init__F)
                  80012200    000003c0     ti.drv.cppi.ae66 : cppi_desc.oe66 (.text:Cppi_initDescriptor)
                  800125c0    000003c0     rts6600_elf_mt.lib : fputs.obj (.text:fputs)
                  80012980    000003c0     ti.omp.utils.ae66 : ThreadLocal.oe66 (.text:ti_omp_utils_ThreadLocal_setspecific__E)
                  80012d40    000003c0     ipc.ae66 : Ipc.obj (.text:ti_sdo_ipc_SharedRegion_reserveMemory__F)
                  80013100    000003c0     sysbios.ae66 : BIOS.obj (.text:ti_sysbios_knl_Task_Instance_init__F)
                  800134c0    000003c0                  : BIOS.obj (.text:ti_sysbios_knl_Task_setPri__E)
                  80013880    00000380     ipc.ae66 : Ipc.obj (.text:HeapMemMP_sharedMemReq)
                  80013c00    00000360     ti.omp.ae66 : task.oe66 (.text:gomp_barrier_handle_tasks)
                  80013f60    00000360                 : iter.oe66 (.text:gomp_iter_static_next)
                  800142c0    00000340     ipc.ae66 : Ipc.obj (.text:GateMP_sharedMemReq)
                  80014600    00000340     ti.drv.qmss.ae66 : qmss_drv.oe66 (.text:Qmss_init)
                  80014940    00000340     ipc.ae66 : Ipc.obj (.text:ti_sdo_ipc_nsremote_NameServerRemoteNotify_swiFxn__I)
                  80014c80    00000320     rts6600_elf_mt.lib : _printfi.obj (.text:_pproc_fge)
                  80014fa0    00000320                        : strtoul.obj (.text:strtoul)
                  800152c0    00000320     ti.omp.navigator.ae66 : Navigator.oe66 (.text:sysInit)
                  800155e0    00000320     ti.omp.utils.ae66 : ThreadLocal.oe66 (.text:ti_omp_utils_ThreadLocal_getspecific__E)
                  80015900    00000300     ipc.ae66 : Ipc.obj (.text:GateMP_openByAddr)
                  80015c00    00000300              : Ipc.obj (.text:ti_sdo_ipc_transports_TransportShm_openByAddr__F)
                  80015f00    00000300     sysbios.ae66 : BIOS.obj (.text:ti_sysbios_family_c64p_Hwi_dispatchC__I)
                  80016200    000002e0     ipc.ae66 : Ipc.obj (.text:SharedRegion_getEntry)
                  800164e0    000002e0              : Ipc.obj (.text:SharedRegion_getPtr)
                  800167c0    000002e0     rts6600_elf_mt.lib : _printfi.obj (.text:_pproc_fwp)
                  80016aa0    000002e0     sysbios.ae66 : BIOS.obj (.text:ti_sysbios_gates_GateMutexPri_enter__E)
                  80016d80    000002e0                  : BIOS.obj (.text:ti_sysbios_heaps_HeapMem_Instance_init__F)
                  80017060    000002c0     ti.omp.ae66 : env.oe66 (.text:parse_affinity)
                  80017320    000002c0     ipc.ae66 : Ipc.obj (.text:ti_sdo_ipc_notifyDrivers_NotifyDriverShm_isr__I)
                  800175e0    000002c0     sysbios.ae66 : BIOS.obj (.text:ti_sysbios_knl_Task_exit__E)
                  800178a0    000002a0     ipc.ae66 : Ipc.obj (.text:Ipc_start)
                  80017b40    000002a0              : Ipc.obj (.text:NameServer_getLocal)
                  80017de0    000002a0     rts6600_elf_mt.lib : _printfi.obj (.text:fcvt)
                  80018080    000002a0     sysbios.ae66 : BIOS.obj (.text:ti_sysbios_knl_Clock_workFunc__E)
                  80018320    00000280     ipc.ae66 : Ipc.obj (.text:SharedRegion_getSRPtr)
                  800185a0    00000280     rts6600_elf_mt.lib : divf.obj (.text:__c6xabi_divf)
                  80018820    00000280     sysbios.ae66 : BIOS.obj (.text:deviceConfig$47)
                  80018aa0    00000280     rts6600_elf_mt.lib : _printfi.obj (.text:ecvt)
                  80018d20    00000280     ti.omp.ae66 : env.oe66 (.text:initialize_env)
                  80018fa0    00000280     ti.omp.utils.ae66 : OpenMP.oe66 (.text:ti_omp_utils_OpenMP_masterTask__I)
                  80019220    00000280     ipc.ae66 : Ipc.obj (.text:ti_sdo_ipc_notifyDrivers_NotifyDriverShm_sharedMemReq__F)
                  800194a0    00000280     sysbios.ae66 : BIOS.obj (.text:ti_sysbios_knl_Clock_Instance_init__F)
                  80019720    00000280     ti.targets.rts6000.ae66 : Core-mem.oe66 (.text:xdc_runtime_Core_createObject__I)
                  800199a0    00000280                             : Error.oe66 (.text:xdc_runtime_Error_raiseX__F)
                  80019c20    00000260     ipc.ae66 : Ipc.obj (.text:ListMP_sharedMemReq)
                  80019e80    00000260     ti.omp.ae66 : env.oe66 (.text:parse_spincount)
                  8001a0e0    00000260     ipc.ae66 : Ipc.obj (.text:ti_sdo_ipc_ListMP_Instance_finalize__F)
                  8001a340    00000260              : Ipc.obj (.text:ti_sdo_ipc_SharedRegion_checkOverlap__I)
                  8001a5a0    00000260              : Ipc.obj (.text:ti_sdo_ipc_heaps_HeapMemMP_Instance_finalize__F)
                  8001a800    00000260              : Ipc.obj (.text:ti_sdo_ipc_notifyDrivers_NotifyDriverShm_disableEvent__E)
                  8001aa60    00000260     ti.targets.rts6000.ae66 : Startup.oe66 (.text:xdc_runtime_Startup_startMods__I)
                  8001acc0    00000240     ti.drv.cppi.ae66 : cppi_drv.oe66 (.text:Cppi_open)
                  8001af00    00000240     rts6600_elf_mt.lib : imath64.obj (.text:__c6xabi_divull)
                  8001b140    00000240                        : _printfi.obj (.text:_pconv_e)
                  8001b380    00000240                        : _printfi.obj (.text:_pproc_diouxp)
                  8001b5c0    00000240                        : fputc.obj (.text:fputc)
                  8001b800    00000240     sysbios.ae66 : BIOS.obj (.text:ti_sysbios_family_c64p_Exception_internalHandler__I)
                  8001ba40    00000240                  : BIOS.obj (.text:ti_sysbios_knl_Semaphore_post__E)
                  8001bc80    00000220     rts6600_elf_mt.lib : _printfi.obj (.text:_pproc_str)
                  8001bea0    00000220     ti.omp.ae66 : env.oe66 (.text:parse_schedule)
                  8001c0c0    00000220     rts6600_elf_mt.lib : setvbuf.obj (.text:setvbuf)
                  8001c2e0    00000220     ti.omp.utils.ae66 : OpenMP.oe66 (.text:ti_omp_utils_OpenMP_createThread__E)
                  8001c500    00000220     ipc.ae66 : Ipc.obj (.text:ti_sdo_ipc_GateMP_start__F)
                  8001c720    00000220     sysbios.ae66 : BIOS.obj (.text:ti_sysbios_family_c64p_Hwi_reconfig__E)
                  8001c940    00000220                  : BIOS.obj (.text:ti_sysbios_knl_Swi_run__I)
                  8001cb60    00000220                  : BIOS.obj (.text:ti_sysbios_knl_Task_schedule__I)
                  8001cd80    00000220                  : BIOS.obj (.text:ti_sysbios_knl_Task_startCore__E)
                  8001cfa0    00000200     ipc.ae66 : Ipc.obj (.text:GateMP_enter)
                  8001d1a0    00000200              : Ipc.obj (.text:GateMP_leave)
                  8001d3a0    00000200              : Ipc.obj (.text:ListMP_openByAddr)
                  8001d5a0    00000200     ti.drv.qmss.ae66 : qmss_drv.oe66 (.text:Qmss_internalQueueOpen)
                  8001d7a0    00000200     rts6600_elf_mt.lib : _printfi.obj (.text:_pconv_g)
                  8001d9a0    00000200     sysbios.ae66 : c64p_Hwi_disp_always.obj (.text:_ti_sysbios_family_c64p_Hwi_dispatchAlways)
                  8001dba0    00000200                  : BIOS.obj (.text:block$59)
                  8001dda0    00000200     ti.omp.ae66 : team.oe66 (.text:gomp_thread_start)
                  8001dfa0    00000200     ipc.ae66 : Ipc.obj (.text:ti_sdo_ipc_notifyDrivers_NotifyDriverShm_sendEvent__E)
                  8001e1a0    00000200              : Ipc.obj (.text:ti_sdo_ipc_transports_TransportShm_Instance_finalize__F)
                  8001e3a0    00000200     omp_config_pe66.oe66 (.text:xdc_runtime_System_printfExtend__I)
                  8001e5a0    000001e0     ipc.ae66 : Ipc.obj (.text:ti_sdo_ipc_GateMP_attach__F)
                  8001e780    000001e0              : Ipc.obj (.text:ti_sdo_ipc_GateMP_getFreeResource__I)
                  8001e960    000001e0     sysbios.ae66 : BIOS.obj (.text:ti_sysbios_knl_Task_postInit__I)
                  8001eb40    000001e0                  : BIOS.obj (.text:ti_sysbios_timers_timer64_Timer_getFreq__E)
                  8001ed20    000001c0     ipc.ae66 : Ipc.obj (.text:HeapMemMP_openByAddr)
                  8001eee0    000001c0     ti.drv.qmss.ae66 : qmss_drv.oe66 (.text:Qmss_internaldownloadFirmware)
                  8001f0a0    000001c0     rts6600_elf_mt.lib : _printfi.obj (.text:_mcpy)
                  8001f260    000001c0     ti.omp.config.sysbios.ae66 : bar.oe66 (.text:gomp_barrier_init)
                  8001f420    000001c0     ti.omp.utils.ae66 : ThreadLocal.oe66 (.text:ti_omp_utils_ThreadLocal_key_delete__E)
                  8001f5e0    000001c0     ipc.ae66 : Ipc.obj (.text:ti_sdo_ipc_notifyDrivers_NotifyDriverShm_registerEvent__E)
                  8001f7a0    000001c0     sysbios.ae66 : BIOS.obj (.text:ti_sysbios_knl_Swi_Instance_init__F)
                  8001f960    000001c0                  : BIOS.obj (.text:ti_sysbios_knl_Task_checkStacks__E)
                  8001fb20    000001c0                  : BIOS.obj (.text:ti_sysbios_timers_timer64_Timer_setPeriodMicroSecs__E)
                  8001fce0    000001a0     ipc.ae66 : Ipc.obj (.text:SharedRegion_getCacheLineSize)
                  8001fe80    000001a0              : Ipc.obj (.text:SharedRegion_getHeap)
                  80020020    000001a0              : Ipc.obj (.text:SharedRegion_isCacheEnabled)
                  800201c0    000001a0     rts6600_elf_mt.lib : imath40.obj (.text:__c6xabi_divul)
                  80020360    000001a0     ti.omp.ae66 : team.oe66 (.text:gomp_new_team)
                  80020500    000001a0     ti.omp.utils.ae66 : SemaphoreMP.oe66 (.text:ti_omp_utils_SemaphoreMP_registerEvent__I)
                  800206a0    000001a0     ipc.ae66 : Ipc.obj (.text:ti_sdo_ipc_GateMP_openRegion0Reserved__F)
                  80020840    000001a0              : Ipc.obj (.text:ti_sdo_ipc_notifyDrivers_NotifyDriverShm_enableEvent__E)
                  800209e0    000001a0              : Ipc.obj (.text:ti_sdo_ipc_notifyDrivers_NotifyDriverShm_unregisterEvent__E)
                  80020b80    000001a0              : Ipc.obj (.text:ti_sdo_ipc_nsremote_NameServerRemoteNotify_attach__E)
                  80020d20    000001a0     sysbios.ae66 : BIOS.obj (.text:ti_sysbios_gates_GateMutex_enter__E)
                  80020ec0    000001a0                  : BIOS.obj (.text:ti_sysbios_timers_timer64_Timer_start__E)
                  80021060    00000180     rts6600_elf_mt.lib : trgdrv.obj (.text:HOSTrename)
                  800211e0    00000180     ipc.ae66 : Ipc.obj (.text:MultiProc_setLocalId)
                  80021360    00000180              : Ipc.obj (.text:NameServer_getHandle)
                  800214e0    00000180              : Ipc.obj (.text:Notify_intLineRegistered)
                  80021660    00000180     rts6600_elf_mt.lib : copy_decompress_rle.obj (.text:__TI_decompress_rle_core)
                  800217e0    00000180     ti.omp.ae66 : work.oe66 (.text:alloc_work_share)
                  80021960    00000180     ti.omp.config.sysbios.ae66 : bar.oe66 (.text:gomp_barrier_wait)
                  80021ae0    00000180     ti.omp.ae66 : parallel.oe66 (.text:gomp_resolve_num_threads)
                  80021c60    00000180                 : team.oe66 (.text:gomp_team_end)
                  80021de0    00000180                 : env.oe66 (.text:parse_stacksize)
                  80021f60    00000180     sysbios.ae66 : c64p_Exception_asm.obj (.text)
                  800220e0    00000180     ipc.ae66 : Ipc.obj (.text:ti_sdo_ipc_MessageQ_registerTransport__F)
                  80022260    00000180              : Ipc.obj (.text:ti_sdo_ipc_Notify_Module_startup__F)
                  800223e0    00000180              : Ipc.obj (.text:ti_sdo_ipc_gates_GatePeterson_enter__E)
                  80022560    00000180              : Ipc.obj (.text:ti_sdo_utils_NameServer_Module_startup__F)
                  800226e0    00000180     sysbios.ae66 : BIOS.obj (.text:ti_sysbios_heaps_HeapBuf_Module_startup__F)
                  80022860    00000180                  : BIOS.obj (.text:ti_sysbios_knl_Swi_schedule__I)
                  800229e0    00000180                  : BIOS.obj (.text:ti_sysbios_knl_Task_unblockI__E)
                  80022b60    00000180     ti.targets.rts6000.ae66 : Text.oe66 (.text:xdc_runtime_Text_putSite__F)
                  80022ce0    00000160     ti.omp.utils.C6678.ae66 : OpenMPDnldCore.oe66 (.text:reset_run_core)
                  80022e40    00000160     ti.omp.utils.ae66 : OpenMP.oe66 (.text:ti_omp_utils_OpenMP_mainTaskExit__F)
                  80022fa0    00000160     ipc.ae66 : Ipc.obj (.text:ti_sdo_ipc_GateMP_createLocal__F)
                  80023100    00000160              : Ipc.obj (.text:ti_sdo_ipc_MessageQ_unregisterTransport__F)
                  80023260    00000160              : Ipc.obj (.text:ti_sdo_ipc_gates_GateHWSem_Instance_init__F)
                  800233c0    00000160              : Ipc.obj (.text:ti_sdo_ipc_transports_TransportShm_sharedMemReq__F)
                  80023520    00000160              : Ipc.obj (.text:ti_sdo_utils_NameServer_isRegistered__E)
                  80023680    00000160              : Ipc.obj (.text:ti_sdo_utils_NameServer_registerRemoteDriver__E)
                  800237e0    00000160              : Ipc.obj (.text:ti_sdo_utils_NameServer_unregisterRemoteDriver__E)
                  80023940    00000140     ti.csl.ae66 : csl_chip.oe66 (.text:CSL_chipReadReg)
                  80023a80    00000140     ipc.ae66 : Ipc.obj (.text:GateMP_close)
                  80023bc0    00000140              : Ipc.obj (.text:Notify_attach)
                  80023d00    00000140     boot.ae66 : autoinit.oe66 (.text:_auto_init_elf)
                  80023e40    00000140     rts6600_elf_mt.lib : _printfi.obj (.text:_pproc_fflags)
                  80023f80    00000140                        : fseek.obj (.text:fseek)
                  800240c0    00000140                        : lowlev.obj (.text:getdevice)
                  80024200    00000140     ti.omp.navigator.ae66 : Navigator.oe66 (.text:getsysHandles)
                  80024340    00000140     ti.omp.config.sysbios.ae66 : bar.oe66 (.text:gomp_team_barrier_wait_end)
                  80024480    00000140     ipc.ae66 : Ipc.obj (.text:ti_sdo_ipc_Notify_exec__F)
                  800245c0    00000140     sysbios.ae66 : BIOS.obj (.text:ti_sysbios_family_c64p_Hwi_Module_startup__F)
                  80024700    00000140                  : BIOS.obj (.text:ti_sysbios_family_c66_Cache_Module_startup__F)
                  80024840    00000140                  : BIOS.obj (.text:ti_sysbios_gates_GateSwi_enter__E)
                  80024980    00000140                  : BIOS.obj (.text:ti_sysbios_knl_Clock_Instance_finalize__F)
                  80024ac0    00000140                  : BIOS.obj (.text:ti_sysbios_knl_Semaphore_Instance_init__F)
                  80024c00    00000140                  : BIOS.obj (.text:ti_sysbios_knl_Swi_post__E)
                  80024d40    00000140                  : BIOS.obj (.text:ti_sysbios_knl_Task_blockI__E)
                  80024e80    00000140                  : BIOS.obj (.text:ti_sysbios_knl_Task_yield__E)
                  80024fc0    00000120     ti.omp.config.sysbios.ae66 : preinit.oe66 (.text:CSL_XMC_setXMPAXL)
                  800250e0    00000120     rts6600_elf_mt.lib : fclose.obj (.text:_closefile)
                  80025200    00000120                        : _printfi.obj (.text:_ltostr)
                  80025320    00000120     ti.omp.ae66 : team.oe66 (.text:gomp_free_thread)
                  80025440    00000120     sysbios.ae66 : BIOS.obj (.text:rtsUnlock$0)
                  80025560    00000120     ipc.ae66 : Ipc.obj (.text:ti_sdo_ipc_MessageQ_Module_startup__F)
                  80025680    00000120              : Ipc.obj (.text:ti_sdo_ipc_family_c647x_Interrupt_intRegister__E)
                  800257a0    00000120              : Ipc.obj (.text:ti_sdo_ipc_nsremote_NameServerRemoteNotify_Instance_finalize__F)
                  800258c0    00000100     rts6600_elf_mt.lib : _io_perm.obj (.text:_wrt_ok)
                  800259c0    00000100                        : cpy_tbl.obj (.text:copy_in)
                  80025ac0    00000100     sysbios.ae66 : BIOS.obj (.text:initDevice$47)
                  80025bc0    00000100     ti.omp.ae66 : env.oe66 (.text:parse_boolean)
                  80025cc0    00000100                 : env.oe66 (.text:parse_unsigned_long)
                  80025dc0    00000100                 : env.oe66 (.text:parse_wait_policy)
                  80025ec0    00000100     ti.omp.utils.C6678.ae66 : OpenMPDnldCore.oe66 (.text:siu_ibl_download_core)
                  80025fc0    00000100     ipc.ae66 : Ipc.obj (.text:ti_sdo_ipc_Notify_Instance_finalize__F)
                  800260c0    00000100              : Ipc.obj (.text:ti_sdo_ipc_SharedRegion_attach__F)
                  800261c0    00000100              : Ipc.obj (.text:ti_sdo_ipc_SharedRegion_clearReservedMemory__F)
                  800262c0    00000100              : Ipc.obj (.text:ti_sdo_ipc_family_c647x_Interrupt_Module_startup__F)
                  800263c0    00000100              : Ipc.obj (.text:ti_sdo_ipc_gates_GateHWSem_Module_startup__F)
                  800264c0    00000100              : Ipc.obj (.text:ti_sdo_ipc_gates_GateMPSupportNull_enter__E)
                  800265c0    00000100              : Ipc.obj (.text:ti_sdo_ipc_gates_GateMPSupportNull_leave__E)
                  800266c0    00000100              : Ipc.obj (.text:ti_sdo_ipc_transports_TransportShmSetup_attach__E)
                  800267c0    00000100     sysbios.ae66 : BIOS.obj (.text:ti_sysbios_gates_GateMutexPri_leave__E)
                  800268c0    00000100                  : BIOS.obj (.text:ti_sysbios_knl_Clock_startI__E)
                  800269c0    00000100                  : BIOS.obj (.text:ti_sysbios_knl_Swi_restoreHwi__E)
                  80026ac0    00000100     ti.targets.rts6000.ae66 : Core-mem.oe66 (.text:xdc_runtime_Core_deleteObject__I)
                  80026bc0    00000100                             : Startup.oe66 (.text:xdc_runtime_Startup_exec__F)
                  80026cc0    00000100                             : Text.oe66 (.text:xdc_runtime_Text_putMod__F)
                  80026dc0    00000100                             : Text.oe66 (.text:xdc_runtime_Text_visitRope2__I)
                  80026ec0    000000e0     rts6600_elf_mt.lib : trgdrv.obj (.text:HOSTgetenv)
                  80026fa0    000000e0                        : trgdrv.obj (.text:HOSTlseek)
                  80027080    000000e0                        : trgdrv.obj (.text:HOSTopen)
                  80027160    000000e0                        : fltllid.obj (.text:__c6xabi_fltllid)
                  80027240    000000e0                        : divi.obj (.text:__divi)
                  80027320    000000e0                        : _printfi.obj (.text:_div)
                  80027400    000000e0                        : atoi.obj (.text:atoi)
                  800274e0    000000e0                        : lowlev.obj (.text:close)
                  800275c0    000000e0                        : copy_zero_init.obj (.text:decompress:ZI:__TI_zero_init)
                  800276a0    000000e0                        : exit.obj (.text:exit)
                  80027780    000000e0     ti.omp.ae66 : work.oe66 (.text:gomp_init_work_share)
                  80027860    000000e0                 : team.oe66 (.text:initialize_team)
                  80027940    000000e0     rts6600_elf_mt.lib : ltoa.obj (.text:ltoa)
                  80027a20    000000e0                        : memset.obj (.text:memset)
                  80027b00    000000e0                        : printf.obj (.text:printf)
                  80027be0    000000e0     ti.omp.utils.ae66 : ThreadLocal.oe66 (.text:ti_omp_utils_ThreadLocal_key_create__E)
                  80027cc0    000000e0     omp_config_pe66.oe66 (.text:ti_sdo_ipc_Notify_Object__create__S)
                  80027da0    000000e0     ipc.ae66 : Ipc.obj (.text:ti_sdo_ipc_family_c647x_Interrupt_intShmStub__I)
                  80027e80    000000e0              : Ipc.obj (.text:ti_sdo_ipc_family_c647x_NotifySetup_attach__E)
                  80027f60    000000e0              : Ipc.obj (.text:ti_sdo_ipc_gates_GateHWSem_enter__E)
                  80028040    000000e0     sysbios.ae66 : BIOS.obj (.text:ti_sysbios_family_c64p_Hwi_Instance_finalize__F)
                  80028120    000000e0                  : BIOS.obj (.text:ti_sysbios_family_c64p_Hwi_Instance_init__F)
                  80028200    000000e0     omp_config_pe66.oe66 (.text:ti_sysbios_family_c64p_Hwi_Object__create__S)
                  800282e0    000000e0     sysbios.ae66 : BIOS.obj (.text:ti_sysbios_knl_Clock_start__E)
                  800283c0    000000e0                  : BIOS.obj (.text:ti_sysbios_timers_timer64_Timer_startup__E)
                  800284a0    000000e0     ti.targets.rts6000.ae66 : Error.oe66 (.text:xdc_runtime_Error_print__F)
                  80028580    000000e0                             : Memory.oe66 (.text:xdc_runtime_Memory_alloc__F)
                  80028660    000000c0     rts6600_elf_mt.lib : trgdrv.obj (.text:HOSTread)
                  80028720    000000c0                        : trgdrv.obj (.text:HOSTwrite)
                  800287e0    000000c0     ipc.ae66 : Ipc.obj (.text:HeapMemMP_create)
                  800288a0    000000c0              : Ipc.obj (.text:ListMP_create)
                  80028960    000000c0              : Ipc.obj (.text:SharedRegion_getId)
                  80028a20    000000c0     rts6600_elf_mt.lib : dtor_list.obj (.text:__cxa_finalize)
                  80028ae0    000000c0                        : divu.obj (.text:__divu)
                  80028ba0    000000c0                        : fflush.obj (.text:_doflush)
                  80028c60    000000c0     ti.omp.ae66 : parallel.oe66 (.text:gomp_sem_wait)
                  80028d20    000000c0                 : task.oe66 (.text:gomp_sem_wait)
                  80028de0    000000c0                 : team.oe66 (.text:gomp_sem_wait)
                  80028ea0    000000c0                 : work.oe66 (.text:gomp_sem_wait)
                  80028f60    000000c0     ti.omp.config.sysbios.ae66 : bar.oe66 (.text:gomp_sem_wait)
                  80029020    000000c0     ti.omp.ae66 : work.oe66 (.text:gomp_work_share_start)
                  800290e0    000000c0     ti.omp.config.sysbios.ae66 : preinit.oe66 (.text:initMPAX)
                  800291a0    000000c0     rts6600_elf_mt.lib : _mutex.obj (.text:mutex_init)
                  80029260    000000c0                        : _pthread.obj (.text:pthread_mutex_lock)
                  80029320    000000c0                        : _pthread.obj (.text:pthread_mutex_unlock)
                  800293e0    000000c0                        : _pthread.obj (.text:pthread_once)
                  800294a0    000000c0     ti.omp.utils.C6678.ae66 : OpenMPDnldCore.oe66 (.text:reset_core)
                  80029560    000000c0     ti.omp.utils.ae66 : OpenMP.oe66 (.text:ti_omp_utils_OpenMP_threadSpawnLoop__I)
                  80029620    000000c0                       : ThreadLocal.oe66 (.text:ti_omp_utils_ThreadLocal_exitFxn__F)
                  800296e0    000000c0     omp_config_pe66.oe66 (.text:ti_sdo_ipc_GateMP_Object__create__S)
                  800297a0    000000c0     ipc.ae66 : Ipc.obj (.text:ti_sdo_ipc_GateMP_getRegion0ReservedSize__F)
                  80029860    000000c0     omp_config_pe66.oe66 (.text:ti_sdo_ipc_ListMP_Object__create__S)
                  80029920    000000c0     ipc.ae66 : Ipc.obj (.text:ti_sdo_ipc_Notify_execMany__I)
                  800299e0    000000c0     omp_config_pe66.oe66 (.text:ti_sdo_ipc_gates_GatePeterson_Object__create__S)
                  80029aa0    000000c0     omp_config_pe66.oe66 (.text:ti_sdo_ipc_heaps_HeapMemMP_Object__create__S)
                  80029b60    000000c0     omp_config_pe66.oe66 (.text:ti_sdo_ipc_notifyDrivers_NotifyDriverShm_Object__create__S)
                  80029c20    000000c0     omp_config_pe66.oe66 (.text:ti_sdo_ipc_nsremote_NameServerRemoteNotify_Object__create__S)
                  80029ce0    000000c0     omp_config_pe66.oe66 (.text:ti_sdo_ipc_transports_TransportShm_Object__create__S)
                  80029da0    000000c0     sysbios.ae66 : BIOS.obj (.text:ti_sysbios_BIOS_errorRaiseHook__I)
                  80029e60    000000c0                  : BIOS.obj (.text:ti_sysbios_gates_GateAll_leave__E)
                  80029f20    000000c0                  : BIOS.obj (.text:ti_sysbios_heaps_HeapMem_getStats__E)
                  80029fe0    000000c0                  : BIOS.obj (.text:ti_sysbios_knl_Clock_logTick__E)
                  8002a0a0    000000c0                  : BIOS.obj (.text:ti_sysbios_knl_Swi_Instance_finalize__F)
                  8002a160    000000c0     omp_config_pe66.oe66 (.text:ti_sysbios_knl_Swi_Object__create__S)
                  8002a220    000000c0     omp_config_pe66.oe66 (.text:ti_sysbios_knl_Task_Object__create__S)
                  8002a2e0    000000c0     sysbios.ae66 : BIOS.obj (.text:ti_sysbios_knl_Task_allBlockedFunction__I)
                  8002a3a0    000000c0                  : BIOS.obj (.text:ti_sysbios_timers_timer64_Timer_stop__E)
                  8002a460    000000c0     rts6600_elf_mt.lib : tls.obj (.text:tls:init:__TI_tls_init)
                  8002a520    000000c0                        : vfprintf.obj (.text:vfprintf)
                  8002a5e0    000000c0     ti.targets.rts6000.ae66 : System.oe66 (.text:xdc_runtime_System_formatNum__I)
                  8002a6a0    000000c0     omp_config_pe66.oe66 (.text:xdc_runtime_knl_GateThread_Object__create__S)
                  8002a760    000000a0     ti.omp.config.sysbios.ae66 : preinit.oe66 (.text:CSL_XMC_getXMPAXL)
                  8002a800    000000a0     ti.omp.ae66 : parallel.oe66 (.text:GOMP_parallel_end)
                  8002a8a0    000000a0     rts6600_elf_mt.lib : trgdrv.obj (.text:HOSTunlink)
                  8002a940    000000a0     ti.drv.qmss.ae66 : qmss_drv.oe66 (.text:Qmss_startCfg)
                  8002a9e0    000000a0     rts6600_elf_mt.lib : dtor_list.obj (.text:_Z11__TI_atexitPFYvPvES_S_)
                  8002aa80    000000a0                        : remu.obj (.text:__remu)
                  8002ab20    000000a0                        : fopen.obj (.text:_cleanup)
                  8002abc0    000000a0                        : _printfi.obj (.text:_ecpy)
                  8002ac60    000000a0                        : _printfi.obj (.text:_fcpy)
                  8002ad00    000000a0                        : _printfi.obj (.text:_pconv_f)
                  8002ada0    000000a0     sysbios.ae66 : c64p_Hwi_asm.obj (.text:_ti_sysbios_family_c64p_Hwi_plug__E)
                  8002ae40    000000a0     rts6600_elf_mt.lib : lowlev.obj (.text:finddevice)
                  8002aee0    000000a0     ti.omp.config.sysbios.ae66 : bar.oe66 (.text:gomp_barrier_wait_end)
                  8002af80    000000a0     ti.omp.ae66 : loop.oe66 (.text:gomp_loop_init)
                  8002b020    000000a0                 : work.oe66 (.text:gomp_work_share_end)
                  8002b0c0    000000a0     ti.omp.navigator.ae66 : Navigator.oe66 (.text:init_Navigator)
                  8002b160    000000a0     rts6600_elf_mt.lib : lowlev.obj (.text:lseek)
                  8002b200    000000a0                        : memcpy64.obj (.text:memcpy)
                  8002b2a0    000000a0                        : _mutex.obj (.text:mutex_unlock)
                  8002b340    000000a0     omp_config_pe66.oe66 (.text:realloc)
                  8002b3e0    000000a0     rts6600_elf_mt.lib : strerror.obj (.text:strerror)
                  8002b480    000000a0     ipc.ae66 : Ipc.obj (.text:ti_sdo_ipc_family_c647x_Interrupt_intUnregister__E)
                  8002b520    000000a0              : Ipc.obj (.text:ti_sdo_ipc_gates_GatePeterson_leave__E)
                  8002b5c0    000000a0              : Ipc.obj (.text:ti_sdo_ipc_notifyDrivers_NotifyDriverShm_Instance_finalize__F)
                  8002b660    000000a0     sysbios.ae66 : BIOS.obj (.text:ti_sysbios_heaps_HeapMem_init__I)
                  8002b700    000000a0                  : BIOS.obj (.text:ti_sysbios_knl_Idle_run__E)
                  8002b7a0    000000a0                  : BIOS.obj (.text:ti_sysbios_knl_Task_deleteTerminatedTasksFunc__I)
                  8002b840    000000a0     rts6600_elf_mt.lib : lowlev.obj (.text:write)
                  8002b8e0    000000a0     ti.targets.rts6000.ae66 : Assert.oe66 (.text:xdc_runtime_Assert_raise__I)
                  8002b980    000000a0                             : SysMin.oe66 (.text:xdc_runtime_SysMin_abort__F)
                  8002ba20    000000a0                             : SysMin.oe66 (.text:xdc_runtime_SysMin_flush__F)
                  8002bac0    000000a0                             : SysMin.oe66 (.text:xdc_runtime_SysMin_putch__F)
                  8002bb60    00000080     rts6600_elf_mt.lib : trgdrv.obj (.text:HOSTclose)
                  8002bbe0    00000080                        : trgdrv.obj (.text:HOSTtime)
                  8002bc60    00000080     ti.drv.qmss.ae66 : qmss_drv.oe66 (.text:Qmss_getMemRegQueueHandle)
                  8002bce0    00000080                      : qmss_drv.oe66 (.text:Qmss_queueOpen)
                  8002bd60    00000080     rts6600_elf_mt.lib : _mutex.obj (.text:__TI_resource_lock)
                  8002bde0    00000080                        : llshift.obj (.text:__c6xabi_llshl)
                  8002be60    00000080     sysbios.ae66 : c62_TaskSupport_asm.obj (.text:_ti_sysbios_family_c62_TaskSupport_swap__E)
                  8002bee0    00000080     ti.omp.ae66 : work.oe66 (.text:free_work_share)
                  8002bf60    00000080                 : task.oe66 (.text:gomp_init_task)
                  8002bfe0    00000080                 : loop.oe66 (.text:gomp_loop_static_start)
                  8002c060    00000080                 : alloc.oe66 (.text:gomp_realloc)
                  8002c0e0    00000080                 : loop.oe66 (.text:gomp_sem_post)
                  8002c160    00000080                 : parallel.oe66 (.text:gomp_sem_post)
                  8002c1e0    00000080                 : task.oe66 (.text:gomp_sem_post)
                  8002c260    00000080                 : team.oe66 (.text:gomp_sem_post)
                  8002c2e0    00000080                 : work.oe66 (.text:gomp_sem_post)
                  8002c360    00000080     ti.omp.config.sysbios.ae66 : bar.oe66 (.text:gomp_sem_post)
                  8002c3e0    00000080     omp_config_pe66.oe66 (.text:malloc)
                  8002c460    00000080     rts6600_elf_mt.lib : _mutex.obj (.text:mutex_lock)
                  8002c4e0    00000080                        : _pthread.obj (.text:pthread_mutex_init)
                  8002c560    00000080     ti.omp.navigator.ae66 : Navigator.oe66 (.text:queue_pop_elem_wait)
                  8002c5e0    00000080     rts6600_elf_mt.lib : trgmsg.obj (.text:readmsg)
                  8002c660    00000080     omp_config_pe66.oe66 (.text:ti_omp_utils_HeapOMP_Object__create__S)
                  8002c6e0    00000080     ti.omp.utils.ae66 : OpenMP.oe66 (.text:ti_omp_utils_OpenMP_exitThread__F)
                  8002c760    00000080                       : OpenMP.oe66 (.text:ti_omp_utils_OpenMP_mainTask__I)
                  8002c7e0    00000080                       : ThreadLocalStorage.oe66 (.text:ti_omp_utils_ThreadLocalStorage_createFxn__F)
                  8002c860    00000080     omp_config_pe66.oe66 (.text:ti_sdo_ipc_gates_GateHWSem_Object__create__S)
                  8002c8e0    00000080     omp_config_pe66.oe66 (.text:ti_sdo_ipc_gates_GateMPSupportNull_Object__create__S)
                  8002c960    00000080     ipc.ae66 : Ipc.obj (.text:ti_sdo_ipc_nsremote_NameServerRemoteNotify_detach__E)
                  8002c9e0    00000080              : Ipc.obj (.text:ti_sdo_ipc_transports_TransportShm_swiFxn__I)
                  8002ca60    00000080     omp_config_pe66.oe66 (.text:ti_sdo_utils_List_Object__create__S)
                  8002cae0    00000080     sysbios.ae66 : BIOS.obj (.text:ti_sysbios_BIOS_exit__E)
                  8002cb60    00000080                  : BIOS.obj (.text:ti_sysbios_family_c62_TaskSupport_start__E)
                  8002cbe0    00000080                  : BIOS.obj (.text:ti_sysbios_family_c64p_Exception_Module_startup__F)
                  8002cc60    00000080                  : BIOS.obj (.text:ti_sysbios_family_c64p_Hwi_eventMap__E)
                  8002cce0    00000080                  : BIOS.obj (.text:ti_sysbios_family_c66_Cache_invL1pAll__E)
                  8002cd60    00000080     omp_config_pe66.oe66 (.text:ti_sysbios_gates_GateAll_Object__create__S)
                  8002cde0    00000080     omp_config_pe66.oe66 (.text:ti_sysbios_gates_GateHwi_Object__create__S)
                  8002ce60    00000080     omp_config_pe66.oe66 (.text:ti_sysbios_gates_GateMutexPri_Object__create__S)
                  8002cee0    00000080     omp_config_pe66.oe66 (.text:ti_sysbios_gates_GateMutex_Object__create__S)
                  8002cf60    00000080     omp_config_pe66.oe66 (.text:ti_sysbios_gates_GateSwi_Object__create__S)
                  8002cfe0    00000080     sysbios.ae66 : BIOS.obj (.text:ti_sysbios_gates_GateSwi_leave__E)
                  8002d060    00000080                  : BIOS.obj (.text:ti_sysbios_hal_Hwi_checkStack:ti_sysbios_hal_Hwi_checkStack)
                  8002d0e0    00000080     omp_config_pe66.oe66 (.text:ti_sysbios_heaps_HeapMem_Object__create__S)
                  8002d160    00000080     sysbios.ae66 : BIOS.obj (.text:ti_sysbios_knl_Clock_Module_startup__F)
                  8002d1e0    00000080     omp_config_pe66.oe66 (.text:ti_sysbios_knl_Clock_Object__create__S)
                  8002d260    00000080     sysbios.ae66 : BIOS.obj (.text:ti_sysbios_knl_Clock_getTicks__E)
                  8002d2e0    00000080     omp_config_pe66.oe66 (.text:ti_sysbios_knl_Queue_Object__create__S)
                  8002d360    00000080     omp_config_pe66.oe66 (.text:ti_sysbios_knl_Semaphore_Object__create__S)
                  8002d3e0    00000080     sysbios.ae66 : BIOS.obj (.text:ti_sysbios_knl_Semaphore_pendTimeout__I)
                  8002d460    00000080                  : BIOS.obj (.text:ti_sysbios_knl_Swi_startup__E)
                  8002d4e0    00000080                  : BIOS.obj (.text:ti_sysbios_knl_Task_restore__E)
                  8002d560    00000080                  : BIOS.obj (.text:ti_sysbios_timers_timer64_Timer_getCount__E)
                  8002d5e0    00000080                  : BIOS.obj (.text:ti_sysbios_timers_timer64_Timer_getPeriod__E)
                  8002d660    00000080     omp_config_pe66.oe66 (.text:ti_sysbios_xdcruntime_GateThreadSupport_Object__create__S)
                  8002d6e0    00000080     rts6600_elf_mt.lib : trgmsg.obj (.text:writemsg)
                  8002d760    00000080     ti.targets.rts6000.ae66 : Core-label.oe66 (.text:xdc_runtime_Core_assignLabel__I)
                  8002d7e0    00000080                             : Core-params.oe66 (.text:xdc_runtime_Core_assignParams__I)
                  8002d860    00000080                             : System.oe66 (.text:xdc_runtime_System_atexit__F)
                  8002d8e0    00000080                             : System.oe66 (.text:xdc_runtime_System_rtsExit__I)
                  8002d960    00000080                             : Text.oe66 (.text:xdc_runtime_Text_printVisFxn__I)
                  8002d9e0    00000080                             : Text.oe66 (.text:xdc_runtime_Text_xprintf__I)
                  8002da60    00000060     ti.omp.navigator.ae66 : Navigator.oe66 (.text:CACHE_invL1d)
                  8002dac0    00000060     ti.omp.navigatorOsal.ae66 : Navigatorosal.oe66 (.text:CACHE_invL1d)
                  8002db20    00000060     ti.omp.navigator.ae66 : Navigator.oe66 (.text:CACHE_wbL1d)
                  8002db80    00000060     ti.omp.navigatorOsal.ae66 : Navigatorosal.oe66 (.text:CACHE_wbL1d)
                  8002dbe0    00000060     ti.omp.config.sysbios.ae66 : preinit.oe66 (.text:CSL_XMC_getXMPAXH)
                  8002dc40    00000060     ti.omp.navigator.ae66 : Navigator.oe66 (.text:Cppi_setSoftwareInfo0)
                  8002dca0    00000060     ipc.ae66 : Ipc.obj (.text:GateMP_Params_init)
                  8002dd00    00000060              : Ipc.obj (.text:HeapMemMP_Params_init)
                  8002dd60    00000060     ti.omp.utils.ae66 : HeapOMP.oe66 (.text:HeapOMP_getHeapFromAddr)
                  8002ddc0    00000060     ipc.ae66 : Ipc.obj (.text:Notify_numIntLines)
                  8002de20    00000060     rts6600_elf_mt.lib : frcmpyd_div.obj (.text:__c6xabi_frcmpyd_div)
                  8002de80    00000060                        : llshift.obj (.text:__c6xabi_llshru)
                  8002dee0    00000060                        : imath64.obj (.text:_subcull)
                  8002df40    00000060     omp_config_pe66.oe66 (.text:calloc)
                  8002dfa0    00000060     rts6600_elf_mt.lib : _mutex.obj (.text:create_resource_mutexes)
                  8002e000    00000060                        : _mutex.obj (.text:destroy_resource_mutexes)
                  8002e060    00000060     ti.omp.ae66 : work.oe66 (.text:gomp_barrier_wait_start)
                  8002e0c0    00000060     ti.omp.config.sysbios.ae66 : bar.oe66 (.text:gomp_barrier_wait_start)
                  8002e120    00000060     ti.omp.ae66 : task.oe66 (.text:gomp_clear_parent)
                  8002e180    00000060                 : work.oe66 (.text:gomp_fini_work_share)
                  8002e1e0    00000060                 : task.oe66 (.text:gomp_flush0)
                  8002e240    00000060     ti.omp.config.sysbios.ae66 : bar.oe66 (.text:gomp_flush0)
                  8002e2a0    00000060     ti.omp.ae66 : env.oe66 (.text:gomp_icv)
                  8002e300    00000060                 : parallel.oe66 (.text:gomp_icv)
                  8002e360    00000060                 : alloc.oe66 (.text:gomp_malloc)
                  8002e3c0    00000060                 : team.oe66 (.text:gomp_new_icv)
                  8002e420    00000060                 : work.oe66 (.text:gomp_ptrlock_get)
                  8002e480    00000060     ti.omp.config.sysbios.ae66 : bar.oe66 (.text:gomp_team_barrier_wake)
                  8002e4e0    00000060     ti.omp.ae66 : error.oe66 (.text:gomp_verror)
                  8002e540    00000060     rts6600_elf_mt.lib : memccpy.obj (.text:memccpy)
                  8002e5a0    00000060                        : _pthread.obj (.text:pthread_mutex_destroy)
                  8002e600    00000060     ti.omp.navigator.ae66 : Navigator.oe66 (.text:queue_push_elem)
                  8002e660    00000060     rts6600_elf_mt.lib : rand.obj (.text:rand)
                  8002e6c0    00000060                        : strncmp.obj (.text:strncmp)
                  8002e720    00000060     ti.omp.ae66 : team.oe66 (.text:team_destructor)
                  8002e780    00000060     ti.omp.utils.ae66 : HeapOMP.oe66 (.text:ti_omp_utils_HeapOMP_alloc__E)
                  8002e7e0    00000060                       : OpenMP.oe66 (.text:ti_omp_utils_OpenMP_setProcId__I)
                  8002e840    00000060                       : ThreadLocalStorage.oe66 (.text:ti_omp_utils_ThreadLocalStorage_deleteFxn__F)
                  8002e8a0    00000060     omp_config_pe66.oe66 (.text:ti_sdo_ipc_MessageQ_Object__get__S)
                  8002e900    00000060     ipc.ae66 : Ipc.obj (.text:ti_sdo_ipc_family_c647x_NotifySetup_sharedMemReq__E)
                  8002e960    00000060              : Ipc.obj (.text:ti_sdo_ipc_gates_GateHWSem_leave__E)
                  8002e9c0    00000060              : Ipc.obj (.text:ti_sdo_ipc_gates_GatePeterson_Instance_finalize__F)
                  8002ea20    00000060              : Ipc.obj (.text:ti_sdo_ipc_gates_GatePeterson_sharedMemReq__E)
                  8002ea80    00000060              : Ipc.obj (.text:ti_sdo_ipc_notifyDrivers_NotifyDriverShm_setNotifyHandle__E)
                  8002eae0    00000060              : Ipc.obj (.text:ti_sdo_ipc_transports_TransportShmSetup_sharedMemReq__E)
                  8002eb40    00000060     omp_config_pe66.oe66 (.text:ti_sdo_utils_List_Object__get__S)
                  8002eba0    00000060     omp_config_pe66.oe66 (.text:ti_sdo_utils_NameServer_Object__get__S)
                  8002ec00    00000060     omp_config_pe66.oe66 (.text:ti_sysbios_BIOS_exitFunc__I)
                  8002ec60    00000060     sysbios.ae66 : BIOS.obj (.text:ti_sysbios_BIOS_registerRTSLock__I)
                  8002ecc0    00000060                  : BIOS.obj (.text:ti_sysbios_gates_GateAll_enter__E)
                  8002ed20    00000060                  : BIOS.obj (.text:ti_sysbios_gates_GateMutex_Instance_init__F)
                  8002ed80    00000060                  : BIOS.obj (.text:ti_sysbios_hal_Hwi_initStack:ti_sysbios_hal_Hwi_initStack)
                  8002ede0    00000060     omp_config_pe66.oe66 (.text:ti_sysbios_heaps_HeapBuf_Object__get__S)
                  8002ee40    00000060     omp_config_pe66.oe66 (.text:ti_sysbios_heaps_HeapMem_Object__get__S)
                  8002eea0    00000060     omp_config_pe66.oe66 (.text:ti_sysbios_knl_Clock_doTick__I)
                  8002ef00    00000060     omp_config_pe66.oe66 (.text:ti_sysbios_knl_Queue_Object__get__S)
                  8002ef60    00000060     sysbios.ae66 : BIOS.obj (.text:ti_sysbios_knl_Swi_Module_startup__F)
                  8002efc0    00000060     omp_config_pe66.oe66 (.text:ti_sysbios_knl_Swi_Object__get__S)
                  8002f020    00000060     omp_config_pe66.oe66 (.text:ti_sysbios_knl_Task_Object__get__S)
                  8002f080    00000060     sysbios.ae66 : BIOS.obj (.text:ti_sysbios_knl_Task_enter__I)
                  8002f0e0    00000060     rts6600_elf_mt.lib : lowlev.obj (.text:unlink)
                  8002f140    00000060     omp_config_pe66.oe66 (.text:xdc_runtime_GateNull_Object__create__S)
                  8002f1a0    00000060     ti.targets.rts6000.ae66 : Memory.oe66 (.text:xdc_runtime_Memory_calloc__F)
                  8002f200    00000060                             : Memory.oe66 (.text:xdc_runtime_Memory_valloc__F)
                  8002f260    00000060                             : SysMin.oe66 (.text:xdc_runtime_SysMin_Module_startup__F)
                  8002f2c0    00000060                             : SysMin.oe66 (.text:xdc_runtime_SysMin_exit__F)
                  8002f320    00000060     omp_config_pe66.oe66 (.text:xdc_runtime_SysMin_output__I)
                  8002f380    00000060     ti.targets.rts6000.ae66 : System.oe66 (.text:xdc_runtime_System_avprintf__F)
                  8002f3e0    00000060                             : System.oe66 (.text:xdc_runtime_System_vprintf__F)
                  8002f440    00000060                             : Text.oe66 (.text:xdc_runtime_Text_cordText__F)
                  8002f4a0    00000040     ti.omp.ae66 : task.oe66 (.text:CACHE_invAllL2)
                  8002f4e0    00000040     ti.omp.config.sysbios.ae66 : bar.oe66 (.text:CACHE_invAllL2)
                  8002f520    00000040     ti.omp.ae66 : task.oe66 (.text:CACHE_invAllL2Wait)
                  8002f560    00000040     ti.omp.config.sysbios.ae66 : bar.oe66 (.text:CACHE_invAllL2Wait)
                  8002f5a0    00000040     ti.omp.navigator.ae66 : Navigator.oe66 (.text:CACHE_invL1dWait)
                  8002f5e0    00000040     ti.omp.navigatorOsal.ae66 : Navigatorosal.oe66 (.text:CACHE_invL1dWait)
                  8002f620    00000040     ti.omp.ae66 : task.oe66 (.text:CACHE_wbInvAllL1d)
                  8002f660    00000040     ti.omp.config.sysbios.ae66 : bar.oe66 (.text:CACHE_wbInvAllL1d)
                  8002f6a0    00000040     ti.omp.ae66 : task.oe66 (.text:CACHE_wbInvAllL1dWait)
                  8002f6e0    00000040     ti.omp.config.sysbios.ae66 : bar.oe66 (.text:CACHE_wbInvAllL1dWait)
                  8002f720    00000040     ti.omp.navigator.ae66 : Navigator.oe66 (.text:CACHE_wbL1dWait)
                  8002f760    00000040     ti.omp.navigatorOsal.ae66 : Navigatorosal.oe66 (.text:CACHE_wbL1dWait)
                  8002f7a0    00000040     ti.omp.config.sysbios.ae66 : preinit.oe66 (.text:CSL_XMC_setXMPAXH)
                  8002f7e0    00000040     ti.omp.ae66 : loop.oe66 (.text:CSL_semAcquireDirect)
                  8002f820    00000040                 : parallel.oe66 (.text:CSL_semAcquireDirect)
                  8002f860    00000040                 : task.oe66 (.text:CSL_semAcquireDirect)
                  8002f8a0    00000040                 : team.oe66 (.text:CSL_semAcquireDirect)
                  8002f8e0    00000040                 : work.oe66 (.text:CSL_semAcquireDirect)
                  8002f920    00000040     ti.omp.config.sysbios.ae66 : bar.oe66 (.text:CSL_semAcquireDirect)
                  8002f960    00000040     ti.omp.navigatorOsal.ae66 : Navigatorosal.oe66 (.text:CSL_semAcquireDirect)
                  8002f9a0    00000040     ti.omp.ae66 : loop.oe66 (.text:CSL_semReleaseSemaphore)
                  8002f9e0    00000040                 : parallel.oe66 (.text:CSL_semReleaseSemaphore)
                  8002fa20    00000040                 : task.oe66 (.text:CSL_semReleaseSemaphore)
                  8002fa60    00000040                 : team.oe66 (.text:CSL_semReleaseSemaphore)
                  8002faa0    00000040                 : work.oe66 (.text:CSL_semReleaseSemaphore)
                  8002fae0    00000040     ti.omp.config.sysbios.ae66 : bar.oe66 (.text:CSL_semReleaseSemaphore)
                  8002fb20    00000040     ti.omp.navigatorOsal.ae66 : Navigatorosal.oe66 (.text:CSL_semReleaseSemaphore)
                  8002fb60    00000040     ti.omp.navigator.ae66 : Navigator.oe66 (.text:Cppi_getSoftwareInfo0)
                  8002fba0    00000040                           : Navigator.oe66 (.text:Create_Queue)
                  8002fbe0    00000040     ti.omp.ae66 : loop.oe66 (.text:GOMP_loop_static_start)
                  8002fc20    00000040                 : parallel.oe66 (.text:GOMP_parallel_start)
                  8002fc60    00000040     ti.omp.navigatorOsal.ae66 : Navigatorosal.oe66 (.text:Osal_cppiCsEnter)
                  8002fca0    00000040                               : Navigatorosal.oe66 (.text:Osal_qmssBeginMemAccess)
                  8002fce0    00000040                               : Navigatorosal.oe66 (.text:Osal_qmssCsEnter)
                  8002fd20    00000040                               : Navigatorosal.oe66 (.text:Osal_qmssEndMemAccess)
                  8002fd60    00000040     ti.drv.qmss.ae66 : qmss_drv.oe66 (.text:Qmss_getMemRegDescSize)
                  8002fda0    00000040     ti.omp.navigator.ae66 : Navigator.oe66 (.text:Qmss_getQueueEntryCount)
                  8002fde0    00000040                           : Navigator.oe66 (.text:Qmss_queueEmpty)
                  8002fe20    00000040                           : Navigator.oe66 (.text:Qmss_queuePop)
                  8002fe60    00000040                           : Navigator.oe66 (.text:Qmss_queuePushDesc)
                  8002fea0    00000040     rts6600_elf_mt.lib : _data_synch.obj (.text:__TI_data_synch_WB)
                  8002fee0    00000040                        : _data_synch.obj (.text:__TI_data_synch_WBINV)
                  8002ff20    00000040                        : _mutex.obj (.text:__TI_resource_unlock)
                  8002ff60    00000040                        : isinf.obj (.text:__c6xabi_isinf)
                  8002ffa0    00000040                        : _printfi.obj (.text:__c6xabi_isnan)
                  8002ffe0    00000040                        : args_main.obj (.text:_args_main)
                  80030020    00000040     sysbios.ae66 : c62_TaskSupport_asm.obj (.text:_ti_sysbios_family_c62_TaskSupport_buildTaskStack)
                  80030060    00000040                  : c64p_Hwi_asm_switch.obj (.text:_ti_sysbios_family_xxx_Hwi_switchToIsrStack)
                  800300a0    00000040     omp_config_pe66.oe66 (.text:free)
                  800300e0    00000040     ti.omp.ae66 : team.oe66 (.text:free_team)
                  80030120    00000040     ti.omp.config.sysbios.ae66 : bar.oe66 (.text:gomp_barrier_destroy)
                  80030160    00000040                                : bar.oe66 (.text:gomp_barrier_reinit)
                  800301a0    00000040     ti.omp.ae66 : task.oe66 (.text:gomp_end_task)
                  800301e0    00000040                 : error.oe66 (.text:gomp_error)
                  80030220    00000040                 : error.oe66 (.text:gomp_fatal)
                  80030260    00000040                 : alloc.oe66 (.text:gomp_free)
                  800302a0    00000040                 : team.oe66 (.text:gomp_free_pool_helper)
                  800302e0    00000040                 : team.oe66 (.text:gomp_new_thread_pool)
                  80030320    00000040                 : work.oe66 (.text:gomp_ptrlock_init)
                  80030360    00000040                 : loop.oe66 (.text:gomp_ptrlock_set)
                  800303a0    00000040                 : critical.oe66 (.text:gomp_sem_init)
                  800303e0    00000040                 : env.oe66 (.text:gomp_sem_init)
                  80030420    00000040                 : task.oe66 (.text:gomp_sem_init)
                  80030460    00000040                 : team.oe66 (.text:gomp_sem_init)
                  800304a0    00000040                 : work.oe66 (.text:gomp_sem_init)
                  800304e0    00000040     ti.omp.config.sysbios.ae66 : bar.oe66 (.text:gomp_sem_init)
                  80030520    00000040     ti.omp.ae66 : task.oe66 (.text:gomp_team_barrier_waiting_for_tasks)
                  80030560    00000040     ti.omp.config.sysbios.ae66 : thread.oe66 (.text:gomp_thread_create)
                  800305a0    00000040     ti.omp.ae66 : loop.oe66 (.text:gomp_work_share_init_done)
                  800305e0    00000040     rts6600_elf_mt.lib : _mutex.obj (.text:init_mutexes)
                  80030620    00000040     ti.omp.ae66 : critical.oe66 (.text:initialize_critical)
                  80030660    00000040     ti.omp.utils.ae66 : ThreadLocalStorage.oe66 (.text:isTLSRequired)
                  800306a0    00000040     ti.omp.navigator.ae66 : Navigator.oe66 (.text:l2_global_address)
                  800306e0    00000040     ti.omp.ae66 : env.oe66 (.text:omp_check_defines)
                  80030720    00000040                 : env.oe66 (.text:omp_set_num_threads)
                  80030760    00000040     rts6600_elf_mt.lib : _pthread.obj (.text:pthread_self)
                  800307a0    00000040     sysbios.ae66 : BIOS.obj (.text:rtsLock$0)
                  800307e0    00000040     rts6600_elf_mt.lib : rand.obj (.text:srand)
                  80030820    00000040     omp_config_pe66.oe66 (.text:ti_omp_utils_HeapOMP_Handle__label__S)
                  80030860    00000040     ti.omp.utils.ae66 : HeapOMP.oe66 (.text:ti_omp_utils_HeapOMP_Instance_init__F)
                  800308a0    00000040     omp_config_pe66.oe66 (.text:ti_omp_utils_HeapOMP_Object__delete__S)
                  800308e0    00000040     ti.omp.utils.ae66 : HeapOMP.oe66 (.text:ti_omp_utils_HeapOMP_free__E)
                  80030920    00000040                       : SemaphoreMP.oe66 (.text:ti_omp_utils_SemaphoreMP_cbFxn__I)
                  80030960    00000040                       : SemaphoreMP.oe66 (.text:ti_omp_utils_SemaphoreMP_start__F)
                  800309a0    00000040                       : ThreadLocalStorage.oe66 (.text:ti_omp_utils_ThreadLocalStorage_switchFxn__F)
                  800309e0    00000040                       : ThreadLocal.oe66 (.text:ti_omp_utils_ThreadLocal_createFxn__F)
                  80030a20    00000040     omp_config_pe66.oe66 (.text:ti_sdo_ipc_GateMP_Object__delete__S)
                  80030a60    00000040     omp_config_pe66.oe66 (.text:ti_sdo_ipc_GateMP_Params__init__S)
                  80030aa0    00000040     omp_config_pe66.oe66 (.text:ti_sdo_ipc_GateMP_RemoteCustom1Proxy_Object__create__S)
                  80030ae0    00000040     omp_config_pe66.oe66 (.text:ti_sdo_ipc_GateMP_RemoteCustom2Proxy_Object__create__S)
                  80030b20    00000040     omp_config_pe66.oe66 (.text:ti_sdo_ipc_GateMP_RemoteSystemProxy_Object__create__S)
                  80030b60    00000040     omp_config_pe66.oe66 (.text:ti_sdo_ipc_ListMP_Object__delete__S)
                  80030ba0    00000040     omp_config_pe66.oe66 (.text:ti_sdo_ipc_ListMP_Params__init__S)
                  80030be0    00000040     omp_config_pe66.oe66 (.text:ti_sdo_ipc_MessageQ_registerTransport__E)
                  80030c20    00000040     ipc.ae66 : Ipc.obj (.text:ti_sdo_ipc_family_c647x_Interrupt_intClear__E)
                  80030c60    00000040              : Ipc.obj (.text:ti_sdo_ipc_family_c647x_Interrupt_intSend__E)
                  80030ca0    00000040     omp_config_pe66.oe66 (.text:ti_sdo_ipc_gates_GateHWSem_Handle__label__S)
                  80030ce0    00000040     omp_config_pe66.oe66 (.text:ti_sdo_ipc_gates_GateHWSem_Object__delete__S)
                  80030d20    00000040     omp_config_pe66.oe66 (.text:ti_sdo_ipc_gates_GateHWSem_Params__init__S)
                  80030d60    00000040     omp_config_pe66.oe66 (.text:ti_sdo_ipc_gates_GateMPSupportNull_Handle__label__S)
                  80030da0    00000040     omp_config_pe66.oe66 (.text:ti_sdo_ipc_gates_GateMPSupportNull_Object__delete__S)
                  80030de0    00000040     omp_config_pe66.oe66 (.text:ti_sdo_ipc_gates_GateMPSupportNull_Params__init__S)
                  80030e20    00000040     omp_config_pe66.oe66 (.text:ti_sdo_ipc_gates_GatePeterson_Handle__label__S)
                  80030e60    00000040     omp_config_pe66.oe66 (.text:ti_sdo_ipc_gates_GatePeterson_Object__delete__S)
                  80030ea0    00000040     omp_config_pe66.oe66 (.text:ti_sdo_ipc_gates_GatePeterson_Params__init__S)
                  80030ee0    00000040     omp_config_pe66.oe66 (.text:ti_sdo_ipc_heaps_HeapMemMP_Handle__label__S)
                  80030f20    00000040     omp_config_pe66.oe66 (.text:ti_sdo_ipc_heaps_HeapMemMP_Object__delete__S)
                  80030f60    00000040     omp_config_pe66.oe66 (.text:ti_sdo_ipc_heaps_HeapMemMP_Params__init__S)
                  80030fa0    00000040     omp_config_pe66.oe66 (.text:ti_sdo_ipc_notifyDrivers_NotifyDriverShm_Handle__label__S)
                  80030fe0    00000040     omp_config_pe66.oe66 (.text:ti_sdo_ipc_notifyDrivers_NotifyDriverShm_InterruptProxy_intRegister__E)
                  80031020    00000040     omp_config_pe66.oe66 (.text:ti_sdo_ipc_notifyDrivers_NotifyDriverShm_Object__delete__S)
                  80031060    00000040     omp_config_pe66.oe66 (.text:ti_sdo_ipc_notifyDrivers_NotifyDriverShm_Params__init__S)
                  800310a0    00000040     ipc.ae66 : Ipc.obj (.text:ti_sdo_ipc_notifyDrivers_NotifyDriverShm_disable__E)
                  800310e0    00000040              : Ipc.obj (.text:ti_sdo_ipc_notifyDrivers_NotifyDriverShm_enable__E)
                  80031120    00000040     omp_config_pe66.oe66 (.text:ti_sdo_ipc_nsremote_NameServerRemoteNotify_Handle__label__S)
                  80031160    00000040     omp_config_pe66.oe66 (.text:ti_sdo_ipc_nsremote_NameServerRemoteNotify_Object__delete__S)
                  800311a0    00000040     omp_config_pe66.oe66 (.text:ti_sdo_ipc_nsremote_NameServerRemoteNotify_Object__first__S)
                  800311e0    00000040     omp_config_pe66.oe66 (.text:ti_sdo_ipc_nsremote_NameServerRemoteNotify_Object__next__S)
                  80031220    00000040     omp_config_pe66.oe66 (.text:ti_sdo_ipc_nsremote_NameServerRemoteNotify_Params__init__S)
                  80031260    00000040     omp_config_pe66.oe66 (.text:ti_sdo_ipc_nsremote_NameServerRemoteNotify_get__E)
                  800312a0    00000040     ipc.ae66 : Ipc.obj (.text:ti_sdo_ipc_nsremote_NameServerRemoteNotify_sharedMemReq__E)
                  800312e0    00000040     omp_config_pe66.oe66 (.text:ti_sdo_ipc_transports_TransportShm_Handle__label__S)
                  80031320    00000040     omp_config_pe66.oe66 (.text:ti_sdo_ipc_transports_TransportShm_Object__delete__S)
                  80031360    00000040     omp_config_pe66.oe66 (.text:ti_sdo_ipc_transports_TransportShm_Params__init__S)
                  800313a0    00000040     omp_config_pe66.oe66 (.text:ti_sdo_utils_List_Object__destruct__S)
                  800313e0    00000040     omp_config_pe66.oe66 (.text:ti_sdo_utils_NameServer_Module__startupDone__F)
                  80031420    00000040     omp_config_pe66.oe66 (.text:ti_sdo_utils_NameServer_Object__first__S)
                  80031460    00000040     omp_config_pe66.oe66 (.text:ti_sdo_utils_NameServer_Object__next__S)
                  800314a0    00000040     omp_config_pe66.oe66 (.text:ti_sysbios_BIOS_startFunc__I)
                  800314e0    00000040     sysbios.ae66 : BIOS.obj (.text:ti_sysbios_BIOS_start__E)
                  80031520    00000040     omp_config_pe66.oe66 (.text:ti_sysbios_family_c64p_Hwi_Module__startupDone__F)
                  80031560    00000040     omp_config_pe66.oe66 (.text:ti_sysbios_family_c64p_Hwi_Object__delete__S)
                  800315a0    00000040     omp_config_pe66.oe66 (.text:ti_sysbios_family_c64p_Hwi_Params__init__S)
                  800315e0    00000040     sysbios.ae66 : BIOS.obj (.text:ti_sysbios_family_c64p_Hwi_disableInterrupt__E)
                  80031620    00000040                  : BIOS.obj (.text:ti_sysbios_family_c64p_Hwi_enableInterrupt__E)
                  80031660    00000040     omp_config_pe66.oe66 (.text:ti_sysbios_gates_GateAll_Handle__label__S)
                  800316a0    00000040     omp_config_pe66.oe66 (.text:ti_sysbios_gates_GateAll_Object__delete__S)
                  800316e0    00000040     omp_config_pe66.oe66 (.text:ti_sysbios_gates_GateHwi_Handle__label__S)
                  80031720    00000040     omp_config_pe66.oe66 (.text:ti_sysbios_gates_GateHwi_Object__delete__S)
                  80031760    00000040     omp_config_pe66.oe66 (.text:ti_sysbios_gates_GateMutexPri_Handle__label__S)
                  800317a0    00000040     sysbios.ae66 : BIOS.obj (.text:ti_sysbios_gates_GateMutexPri_Instance_finalize__F)
                  800317e0    00000040                  : BIOS.obj (.text:ti_sysbios_gates_GateMutexPri_Instance_init__F)
                  80031820    00000040     omp_config_pe66.oe66 (.text:ti_sysbios_gates_GateMutexPri_Object__delete__S)
                  80031860    00000040     omp_config_pe66.oe66 (.text:ti_sysbios_gates_GateMutexPri_Object__destruct__S)
                  800318a0    00000040     omp_config_pe66.oe66 (.text:ti_sysbios_gates_GateMutex_Handle__label__S)
                  800318e0    00000040     sysbios.ae66 : BIOS.obj (.text:ti_sysbios_gates_GateMutex_Instance_finalize__F)
                  80031920    00000040     omp_config_pe66.oe66 (.text:ti_sysbios_gates_GateMutex_Object__delete__S)
                  80031960    00000040     sysbios.ae66 : BIOS.obj (.text:ti_sysbios_gates_GateMutex_leave__E)
                  800319a0    00000040     omp_config_pe66.oe66 (.text:ti_sysbios_gates_GateSwi_Handle__label__S)
                  800319e0    00000040     omp_config_pe66.oe66 (.text:ti_sysbios_gates_GateSwi_Object__delete__S)
                  80031a20    00000040     omp_config_pe66.oe66 (.text:ti_sysbios_hal_Cache_CacheProxy_inv__E)
                  80031a60    00000040     omp_config_pe66.oe66 (.text:ti_sysbios_hal_Cache_CacheProxy_wbInv__E)
                  80031aa0    00000040     omp_config_pe66.oe66 (.text:ti_sysbios_hal_Timer_Module__startupDone__F)
                  80031ae0    00000040     omp_config_pe66.oe66 (.text:ti_sysbios_heaps_HeapMem_Handle__label__S)
                  80031b20    00000040     omp_config_pe66.oe66 (.text:ti_sysbios_heaps_HeapMem_Object__delete__S)
                  80031b60    00000040     omp_config_pe66.oe66 (.text:ti_sysbios_knl_Clock_Object__destruct__S)
                  80031ba0    00000040     omp_config_pe66.oe66 (.text:ti_sysbios_knl_Clock_Params__init__S)
                  80031be0    00000040     omp_config_pe66.oe66 (.text:ti_sysbios_knl_Queue_Object__destruct__S)
                  80031c20    00000040     sysbios.ae66 : BIOS.obj (.text:ti_sysbios_knl_Semaphore_Instance_finalize__F)
                  80031c60    00000040     omp_config_pe66.oe66 (.text:ti_sysbios_knl_Semaphore_Object__destruct__S)
                  80031ca0    00000040     omp_config_pe66.oe66 (.text:ti_sysbios_knl_Semaphore_Params__init__S)
                  80031ce0    00000040     omp_config_pe66.oe66 (.text:ti_sysbios_knl_Swi_Object__destruct__S)
                  80031d20    00000040     omp_config_pe66.oe66 (.text:ti_sysbios_knl_Swi_Params__init__S)
                  80031d60    00000040     omp_config_pe66.oe66 (.text:ti_sysbios_knl_Task_Object__delete__S)
                  80031da0    00000040     omp_config_pe66.oe66 (.text:ti_sysbios_knl_Task_Object__first__S)
                  80031de0    00000040     omp_config_pe66.oe66 (.text:ti_sysbios_knl_Task_Object__next__S)
                  80031e20    00000040     omp_config_pe66.oe66 (.text:ti_sysbios_knl_Task_Params__init__S)
                  80031e60    00000040     ti.omp.utils.ae66 : OpenMP.oe66 (.text:ti_sysbios_knl_Task_create)
                  80031ea0    00000040     sysbios.ae66 : BIOS.obj (.text:ti_sysbios_knl_Task_unblock__E)
                  80031ee0    00000040     omp_config_pe66.oe66 (.text:ti_sysbios_timers_timer64_Timer_Module__startupDone__F)
                  80031f20    00000040     sysbios.ae66 : BIOS.obj (.text:ti_sysbios_xdcruntime_GateThreadSupport_Instance_finalize__F)
                  80031f60    00000040                  : BIOS.obj (.text:ti_sysbios_xdcruntime_GateThreadSupport_Instance_init__F)
                  80031fa0    00000040     omp_config_pe66.oe66 (.text:ti_sysbios_xdcruntime_GateThreadSupport_Object__delete__S)
                  80031fe0    00000040     sysbios.ae66 : BIOS.obj (.text:ti_sysbios_xdcruntime_GateThreadSupport_enter__F)
                  80032020    00000040                  : BIOS.obj (.text:ti_sysbios_xdcruntime_GateThreadSupport_leave__F)
                  80032060    00000040     rts6600_elf_mt.lib : time.obj (.text:time)
                  800320a0    00000040     ti.targets.rts6000.ae66 : Error.oe66 (.text:xdc_runtime_Error_check__F)
                  800320e0    00000040                             : Error.oe66 (.text:xdc_runtime_Error_init__F)
                  80032120    00000040     omp_config_pe66.oe66 (.text:xdc_runtime_Error_raiseX__E)
                  80032160    00000040     omp_config_pe66.oe66 (.text:xdc_runtime_GateNull_Handle__label__S)
                  800321a0    00000040     omp_config_pe66.oe66 (.text:xdc_runtime_GateNull_Object__delete__S)
                  800321e0    00000040     ti.targets.rts6000.ae66 : Gate.oe66 (.text:xdc_runtime_Gate_leaveSystem__F)
[...]
80039ba8   ti_sdo_ipc_Notify_Module__diagsIncluded__C
80039bac   ti_sdo_ipc_Notify_Module__diagsMask__C
80039bb0   ti_sdo_ipc_Notify_Module__gateObj__C
80039bb4   ti_sdo_ipc_Notify_Object__heap__C
80039bb8   ti_sdo_ipc_Notify_numEvents__C
80039bbc   ti_sdo_ipc_Notify_sendEventPollCount__C
80039bc0   ti_sdo_ipc_SharedRegion_A_addrOutOfRange__C
80039bc4   ti_sdo_ipc_SharedRegion_A_alreadyExists__C
80039bc8   ti_sdo_ipc_SharedRegion_A_cacheLineSizeIsZero__C
80039bcc   ti_sdo_ipc_SharedRegion_A_idTooLarge__C
80039bd0   ti_sdo_ipc_SharedRegion_A_noHeap__C
80039bd4   ti_sdo_ipc_SharedRegion_A_overlap__C
80039bd8   ti_sdo_ipc_SharedRegion_A_region0Invalid__C
80039bdc   ti_sdo_ipc_SharedRegion_A_regionInvalid__C
80039be0   ti_sdo_ipc_SharedRegion_A_reserveTooMuch__C
80039be4   ti_sdo_ipc_SharedRegion_INVALIDSRPTR__C
80039be8   ti_sdo_ipc_SharedRegion_Module__diagsEnabled__C
80039bec   ti_sdo_ipc_SharedRegion_Module__diagsIncluded__C
80039bf0   ti_sdo_ipc_SharedRegion_Module__diagsMask__C
80039bf4   ti_sdo_ipc_SharedRegion_cacheLineSize__C
80039bf8   ti_sdo_ipc_SharedRegion_numOffsetBits__C
80039bfc   ti_sdo_ipc_SharedRegion_offsetMask__C
80039c00   ti_sdo_ipc_family_c647x_Interrupt_INTERDSPINT__C
80039c04   ti_sdo_ipc_family_c647x_Interrupt_IPCAR0__C
80039c08   ti_sdo_ipc_family_c647x_Interrupt_IPCGR0__C
80039c0c   ti_sdo_ipc_family_c647x_Interrupt_KICK0__C
80039c10   ti_sdo_ipc_family_c647x_Interrupt_KICK1__C
80039c14   ti_sdo_ipc_family_c647x_MultiProcSetup_procMap__C
80039c18   ti_sdo_ipc_family_c647x_NotifySetup_dspIntVectId__C
80039c1c   ti_sdo_ipc_gates_GateHWSem_A_invSemNum__C
80039c20   ti_sdo_ipc_gates_GateHWSem_Module__diagsEnabled__C
80039c24   ti_sdo_ipc_gates_GateHWSem_Module__diagsIncluded__C
80039c28   ti_sdo_ipc_gates_GateHWSem_Module__diagsMask__C
80039c2c   ti_sdo_ipc_gates_GateHWSem_baseAddr__C
80039c30   ti_sdo_ipc_gates_GateHWSem_numSems__C
80039c34   ti_sdo_ipc_gates_GateHWSem_reservedMaskArr__C
80039c38   ti_sdo_ipc_gates_GateHWSem_reservedMaskArr__A
80039c3c   ti_sdo_ipc_gates_GateMPSupportNull_A_invalidAction__C
80039c40   ti_sdo_ipc_gates_GateMPSupportNull_Module__diagsEnabled__C
80039c44   ti_sdo_ipc_gates_GateMPSupportNull_Module__diagsIncluded__C
80039c48   ti_sdo_ipc_gates_GateMPSupportNull_Module__diagsMask__C
80039c4c   ti_sdo_ipc_gates_GateMPSupportNull_action__C
80039c50   ti_sdo_ipc_gates_GatePeterson_E_gateRemotelyOpened__C
80039c54   ti_sdo_ipc_gates_GatePeterson_Module__diagsEnabled__C
80039c58   ti_sdo_ipc_gates_GatePeterson_Module__diagsIncluded__C
80039c5c   ti_sdo_ipc_gates_GatePeterson_Module__diagsMask__C
80039c60   ti_sdo_ipc_gates_GatePeterson_numInstances__C
80039c64   ti_sdo_ipc_heaps_HeapMemMP_A_align__C
80039c68   ti_sdo_ipc_heaps_HeapMemMP_A_heapSize__C
80039c6c   ti_sdo_ipc_heaps_HeapMemMP_A_invalidFree__C
80039c70   ti_sdo_ipc_heaps_HeapMemMP_A_zeroBlock__C
80039c74   ti_sdo_ipc_heaps_HeapMemMP_E_memory__C
80039c78   ti_sdo_ipc_heaps_HeapMemMP_Module__diagsEnabled__C
80039c7c   ti_sdo_ipc_heaps_HeapMemMP_Module__diagsIncluded__C
80039c80   ti_sdo_ipc_heaps_HeapMemMP_Module__diagsMask__C
80039c84   ti_sdo_ipc_interfaces_IGateMPSupport_Interface__BASE__C
80039c88   ti_sdo_ipc_interfaces_IMessageQTransport_Interface__BASE__C
80039c8c   ti_sdo_ipc_interfaces_INotifyDriver_Interface__BASE__C
80039c90   ti_sdo_ipc_notifyDrivers_NotifyDriverShm_Module__diagsEnabled__C
80039c94   ti_sdo_ipc_notifyDrivers_NotifyDriverShm_Module__diagsIncluded__C
80039c98   ti_sdo_ipc_notifyDrivers_NotifyDriverShm_Module__diagsMask__C
80039c9c   ti_sdo_ipc_notifyDrivers_NotifyDriverShm_Object__heap__C
80039ca0   ti_sdo_ipc_nsremote_NameServerRemoteNotify_A_invalidValueLen__C
80039ca4   ti_sdo_ipc_nsremote_NameServerRemoteNotify_Instance_State_semMultiBlock__O
80039ca8   ti_sdo_ipc_nsremote_NameServerRemoteNotify_Instance_State_semRemoteWait__O
80039cac   ti_sdo_ipc_nsremote_NameServerRemoteNotify_Instance_State_swiObj__O
80039cb0   ti_sdo_ipc_nsremote_NameServerRemoteNotify_Module__diagsEnabled__C
80039cb4   ti_sdo_ipc_nsremote_NameServerRemoteNotify_Module__diagsIncluded__C
80039cb8   ti_sdo_ipc_nsremote_NameServerRemoteNotify_Module__diagsMask__C
80039cbc   ti_sdo_ipc_nsremote_NameServerRemoteNotify_notifyEventId__C
80039cc0   ti_sdo_ipc_nsremote_NameServerRemoteNotify_timeout__C
80039cc4   ti_sdo_ipc_transports_TransportShmSetup_priority__C
80039cc8   ti_sdo_ipc_transports_TransportShm_Instance_State_swiObj__O
80039ccc   ti_sdo_ipc_transports_TransportShm_Module__diagsEnabled__C
80039cd0   ti_sdo_ipc_transports_TransportShm_Module__diagsIncluded__C
80039cd4   ti_sdo_ipc_transports_TransportShm_Module__diagsMask__C
80039cd8   ti_sdo_utils_INameServerRemote_Interface__BASE__C
80039cdc   ti_sdo_utils_List_Object__count__C
80039ce0   ti_sdo_utils_List_Object__table__C
80039ce4   ti_sdo_utils_MultiProc_A_invalidMultiProcId__C
80039ce8   ti_sdo_utils_MultiProc_Module__diagsEnabled__C
80039cec   ti_sdo_utils_MultiProc_Module__diagsIncluded__C
80039cf0   ti_sdo_utils_MultiProc_Module__diagsMask__C
80039cf4   ti_sdo_utils_NameServer_A_invArgument__C
80039cf8   ti_sdo_utils_NameServer_A_invalidLen__C
80039cfc   ti_sdo_utils_NameServer_E_entryExists__C
80039d00   ti_sdo_utils_NameServer_E_maxReached__C
80039d04   ti_sdo_utils_NameServer_Instance_State_freeList__O
80039d08   ti_sdo_utils_NameServer_Instance_State_nameList__O
80039d0c   ti_sdo_utils_NameServer_Module__diagsEnabled__C
80039d10   ti_sdo_utils_NameServer_Module__diagsIncluded__C
80039d14   ti_sdo_utils_NameServer_Module__diagsMask__C
80039d18   ti_sdo_utils_NameServer_Object__count__C
80039d1c   ti_sdo_utils_NameServer_Object__table__C
80039d20   ti_sysbios_BIOS_Module__diagsEnabled__C
80039d24   ti_sysbios_BIOS_Module__diagsIncluded__C
80039d28   ti_sysbios_BIOS_Module__diagsMask__C
80039d2c   ti_sysbios_BIOS_installedErrorHook__C
80039d30   ti_sysbios_family_c62_TaskSupport_stackAlignment__C
80039d34   ti_sysbios_family_c64p_Exception_E_exceptionMin__C
80039d38   ti_sysbios_family_c64p_Exception_exceptionHook__C
80039d3c   ti_sysbios_family_c64p_Exception_externalHook__C
80039d40   ti_sysbios_family_c64p_Exception_internalHook__C
80039d44   ti_sysbios_family_c64p_Exception_nmiHook__C
80039d48   ti_sysbios_family_c64p_Hwi_E_alreadyDefined__C
80039d4c   ti_sysbios_family_c64p_Hwi_E_handleNotFound__C
80039d50   ti_sysbios_family_c64p_Hwi_LD_end__C
80039d54   ti_sysbios_family_c64p_Hwi_LM_begin__C
80039d58   ti_sysbios_family_c64p_Hwi_Module__diagsEnabled__C
80039d5c   ti_sysbios_family_c64p_Hwi_Module__diagsIncluded__C
80039d60   ti_sysbios_family_c64p_Hwi_Module__diagsMask__C
80039d64   ti_sysbios_family_c64p_Hwi_Module__loggerFxn1__C
80039d68   ti_sysbios_family_c64p_Hwi_Module__loggerFxn8__C
80039d6c   ti_sysbios_family_c64p_Hwi_Module__loggerObj__C
80039d70   ti_sysbios_family_c66_Cache_atomicBlockSize__C
80039d74   ti_sysbios_gates_GateMutexPri_A_badContext__C
80039d78   ti_sysbios_gates_GateMutexPri_Instance_State_pendQ__O
80039d7c   ti_sysbios_gates_GateMutexPri_Module__diagsEnabled__C
80039d80   ti_sysbios_gates_GateMutexPri_Module__diagsIncluded__C
80039d84   ti_sysbios_gates_GateMutexPri_Module__diagsMask__C
80039d88   ti_sysbios_gates_GateMutex_A_badContext__C
80039d8c   ti_sysbios_gates_GateMutex_Instance_State_sem__O
80039d90   ti_sysbios_gates_GateMutex_Module__diagsEnabled__C
80039d94   ti_sysbios_gates_GateMutex_Module__diagsIncluded__C
80039d98   ti_sysbios_gates_GateMutex_Module__diagsMask__C
80039d9c   ti_sysbios_gates_GateSwi_A_badContext__C
80039da0   ti_sysbios_gates_GateSwi_Module__diagsEnabled__C
80039da4   ti_sysbios_gates_GateSwi_Module__diagsIncluded__C
80039da8   ti_sysbios_gates_GateSwi_Module__diagsMask__C
80039dac   ti_sysbios_hal_Hwi_E_stackOverflow__C
80039db0   ti_sysbios_heaps_HeapBuf_Instance_State_freeList__O
80039db4   ti_sysbios_heaps_HeapBuf_Object__count__C
80039db8   ti_sysbios_heaps_HeapBuf_Object__table__C
80039dbc   ti_sysbios_heaps_HeapBuf_numConstructedHeaps__C
80039dc0   ti_sysbios_heaps_HeapMem_A_align__C
80039dc4   ti_sysbios_heaps_HeapMem_A_heapSize__C
80039dc8   ti_sysbios_heaps_HeapMem_A_invalidFree__C
80039dcc   ti_sysbios_heaps_HeapMem_A_zeroBlock__C
80039dd0   ti_sysbios_heaps_HeapMem_E_memory__C
80039dd4   ti_sysbios_heaps_HeapMem_Module__diagsEnabled__C
80039dd8   ti_sysbios_heaps_HeapMem_Module__diagsIncluded__C
80039ddc   ti_sysbios_heaps_HeapMem_Module__diagsMask__C
80039de0   ti_sysbios_heaps_HeapMem_Module__gateObj__C
80039de4   ti_sysbios_heaps_HeapMem_Object__count__C
80039de8   ti_sysbios_heaps_HeapMem_Object__table__C
80039dec   ti_sysbios_heaps_HeapMem_reqAlign__C
80039df0   ti_sysbios_knl_Clock_A_badThreadType__C
80039df4   ti_sysbios_knl_Clock_LM_begin__C
80039df8   ti_sysbios_knl_Clock_LM_tick__C
80039dfc   ti_sysbios_knl_Clock_LW_delayed__C
80039e00   ti_sysbios_knl_Clock_Module_State_clockQ__O
80039e04   ti_sysbios_knl_Clock_Module__diagsEnabled__C
80039e08   ti_sysbios_knl_Clock_Module__diagsIncluded__C
80039e0c   ti_sysbios_knl_Clock_Module__diagsMask__C
80039e10   ti_sysbios_knl_Clock_Module__loggerFxn1__C
80039e14   ti_sysbios_knl_Clock_Module__loggerFxn2__C
80039e18   ti_sysbios_knl_Clock_Module__loggerObj__C
80039e1c   ti_sysbios_knl_Clock_tickMode__C
80039e20   ti_sysbios_knl_Clock_tickSource__C
80039e24   ti_sysbios_knl_Queue_Object__count__C
80039e28   ti_sysbios_knl_Queue_Object__table__C
80039e2c   ti_sysbios_knl_Semaphore_A_badContext__C
80039e30   ti_sysbios_knl_Semaphore_A_noEvents__C
80039e34   ti_sysbios_knl_Semaphore_A_overflow__C
80039e38   ti_sysbios_knl_Semaphore_Instance_State_pendQ__O
80039e3c   ti_sysbios_knl_Semaphore_LM_pend__C
80039e40   ti_sysbios_knl_Semaphore_LM_post__C
80039e44   ti_sysbios_knl_Semaphore_Module__diagsEnabled__C
80039e48   ti_sysbios_knl_Semaphore_Module__diagsIncluded__C
80039e4c   ti_sysbios_knl_Semaphore_Module__diagsMask__C
80039e50   ti_sysbios_knl_Semaphore_Module__loggerFxn2__C
80039e54   ti_sysbios_knl_Semaphore_Module__loggerFxn4__C
80039e58   ti_sysbios_knl_Semaphore_Module__loggerObj__C
80039e5c   ti_sysbios_knl_Swi_A_badPriority__C
80039e60   ti_sysbios_knl_Swi_LD_end__C
80039e64   ti_sysbios_knl_Swi_LM_begin__C
80039e68   ti_sysbios_knl_Swi_LM_post__C
80039e6c   ti_sysbios_knl_Swi_Module__diagsEnabled__C
80039e70   ti_sysbios_knl_Swi_Module__diagsIncluded__C
80039e74   ti_sysbios_knl_Swi_Module__diagsMask__C
80039e78   ti_sysbios_knl_Swi_Module__loggerFxn1__C
80039e7c   ti_sysbios_knl_Swi_Module__loggerFxn4__C
80039e80   ti_sysbios_knl_Swi_Module__loggerObj__C
80039e84   ti_sysbios_knl_Swi_Object__count__C
80039e88   ti_sysbios_knl_Swi_Object__table__C
80039e8c   ti_sysbios_knl_Task_A_badPriority__C
80039e90   ti_sysbios_knl_Task_A_badTaskState__C
80039e94   ti_sysbios_knl_Task_A_badThreadType__C
80039e98   ti_sysbios_knl_Task_A_noPendElem__C
80039e9c   ti_sysbios_knl_Task_E_deleteNotAllowed__C
80039ea0   ti_sysbios_knl_Task_E_spOutOfBounds__C
80039ea4   ti_sysbios_knl_Task_E_stackOverflow__C
80039ea8   ti_sysbios_knl_Task_LD_block__C
80039eac   ti_sysbios_knl_Task_LD_exit__C
80039eb0   ti_sysbios_knl_Task_LD_ready__C
80039eb4   ti_sysbios_knl_Task_LM_setPri__C
80039eb8   ti_sysbios_knl_Task_LM_switch__C
80039ebc   ti_sysbios_knl_Task_LM_yield__C
80039ec0   ti_sysbios_knl_Task_Module_State_inactiveQ__O
80039ec4   ti_sysbios_knl_Task_Module_State_terminatedQ__O
80039ec8   ti_sysbios_knl_Task_Module__diagsEnabled__C
80039ecc   ti_sysbios_knl_Task_Module__diagsIncluded__C
80039ed0   ti_sysbios_knl_Task_Module__diagsMask__C
80039ed4   ti_sysbios_knl_Task_Module__loggerFxn2__C
80039ed8   ti_sysbios_knl_Task_Module__loggerFxn4__C
80039edc   ti_sysbios_knl_Task_Module__loggerObj__C
80039ee0   ti_sysbios_knl_Task_Object__count__C
80039ee4   ti_sysbios_knl_Task_Object__heap__C
80039ee8   ti_sysbios_knl_Task_Object__table__C
80039eec   ti_sysbios_knl_Task_allBlockedFunc__C
80039ef0   ti_sysbios_knl_Task_defaultStackHeap__C
80039ef4   ti_sysbios_knl_Task_defaultStackSize__C
80039ef8   ti_sysbios_knl_Task_numConstructedTasks__C
80039efc   ti_sysbios_knl_Task_numPriorities__C
80039f00   ti_sysbios_timers_timer64_Timer_A_notAvailable__C
80039f04   ti_sysbios_timers_timer64_Timer_E_cannotSupport__C
80039f08   ti_sysbios_timers_timer64_Timer_Module__diagsEnabled__C
80039f0c   ti_sysbios_timers_timer64_Timer_Module__diagsIncluded__C
80039f10   ti_sysbios_timers_timer64_Timer_Module__diagsMask__C
80039f14   ti_sysbios_timers_timer64_Timer_anyMask__C
80039f18   ti_sysbios_timers_timer64_Timer_freqDivisor__C
80039f1c   ti_sysbios_timers_timer64_Timer_numLocalTimers__C
80039f20   ti_sysbios_timers_timer64_Timer_numTimerDevices__C
80039f24   ti_sysbios_xdcruntime_GateThreadSupport_Instance_State_gate__O
80039f28   xdc_runtime_Assert_E_assertFailed__C
80039f2c   xdc_runtime_Core_A_initializedParams__C
80039f30   xdc_runtime_Core_Module__diagsEnabled__C
80039f34   xdc_runtime_Core_Module__diagsIncluded__C
80039f38   xdc_runtime_Core_Module__diagsMask__C
80039f3c   xdc_runtime_Error_E_generic__C
80039f40   xdc_runtime_Error_E_memory__C
80039f44   xdc_runtime_Error_Module__diagsEnabled__C
80039f48   xdc_runtime_Error_Module__diagsIncluded__C
80039f4c   xdc_runtime_Error_Module__diagsMask__C
80039f50   xdc_runtime_Error_Module__loggerFxn8__C
80039f54   xdc_runtime_Error_Module__loggerObj__C
80039f58   xdc_runtime_Error_policy__C
80039f5c   xdc_runtime_Error_raiseHook__C
80039f60   xdc_runtime_IGateProvider_Interface__BASE__C
80039f64   xdc_runtime_IHeap_Interface__BASE__C
80039f68   xdc_runtime_IModule_Interface__BASE__C
80039f6c   xdc_runtime_Log_L_error__C
80039f70   xdc_runtime_Main_Module__diagsEnabled__C
80039f74   xdc_runtime_Main_Module__diagsIncluded__C
80039f78   xdc_runtime_Main_Module__diagsMask__C
80039f7c   xdc_runtime_Main_Module__loggerFxn4__C
80039f80   xdc_runtime_Main_Module__loggerObj__C
80039f84   xdc_runtime_Memory_defaultHeapInstance__C
80039f88   xdc_runtime_Startup_execImpl__C
80039f8c   xdc_runtime_Startup_maxPasses__C
80039f90   xdc_runtime_Startup_sfxnRts__C
80039f94   xdc_runtime_Startup_sfxnTab__C
80039f98   xdc_runtime_Startup_startModsFxn__C
80039f9c   xdc_runtime_SysMin_bufSize__C
80039fa0   xdc_runtime_SysMin_outputFunc__C
80039fa4   xdc_runtime_System_Module__gateObj__C
80039fa8   xdc_runtime_System_extendFxn__C
80039fac   xdc_runtime_System_maxAtexitHandlers__C
80039fb0   xdc_runtime_Text_charTab__C
80039fb4   xdc_runtime_Text_nameEmpty__C
80039fb8   xdc_runtime_Text_nameStatic__C
80039fbc   xdc_runtime_Text_nameUnknown__C
80039fc0   xdc_runtime_Text_nodeTab__C
80039fc4   xdc_runtime_Text_visitRopeFxn__C
80039fc8   ti_omp_utils_OpenMP_enableMemoryConsistency__C
80039fcc   ti_omp_utils_OpenMP_qmssInit__C
80039fd0   ti_omp_utils_SemaphoreMP_Module__id__C
80039fd4   ti_omp_utils_ThreadLocal_Module__id__C
80039fd8   ti_sdo_ipc_GateMP_Module__id__C
80039fdc   ti_sdo_ipc_GateMP_Module__loggerDefined__C
80039fe0   ti_sdo_ipc_Ipc_Module__id__C
80039fe4   ti_sdo_ipc_Ipc_generateSlaveDataForHost__C
80039fe8   ti_sdo_ipc_ListMP_Module__id__C
80039fec   ti_sdo_ipc_MessageQ_Module__id__C
80039ff0   ti_sdo_ipc_MessageQ_Module__loggerDefined__C
80039ff4   ti_sdo_ipc_Notify_Module__id__C
80039ff8   ti_sdo_ipc_Notify_numLines__C
80039ffc   ti_sdo_ipc_Notify_reservedEvents__C
8003a000   ti_sdo_ipc_SharedRegion_Module__id__C
8003a004   ti_sdo_ipc_SharedRegion_numEntries__C
8003a008   ti_sdo_ipc_SharedRegion_translate__C
8003a00c   ti_sdo_ipc_family_c647x_Interrupt_enableKick__C
8003a010   ti_sdo_ipc_gates_GateHWSem_Module__id__C
8003a014   ti_sdo_ipc_gates_GateMPSupportNull_Module__id__C
8003a018   ti_sdo_ipc_gates_GatePeterson_Module__id__C
8003a01c   ti_sdo_ipc_heaps_HeapMemMP_Module__id__C
8003a020   ti_sdo_ipc_notifyDrivers_NotifyDriverShm_Module__id__C
8003a024   ti_sdo_ipc_nsremote_NameServerRemoteNotify_Module__id__C
8003a028   ti_sdo_ipc_transports_TransportShm_Module__id__C
8003a02c   ti_sdo_ipc_transports_TransportShm_notifyEventId__C
8003a030   ti_sdo_utils_MultiProc_Module__id__C
8003a034   ti_sdo_utils_MultiProc_numProcessors__C
8003a038   ti_sdo_utils_MultiProc_numProcsInCluster__C
8003a03c   ti_sdo_utils_NameServer_Module__id__C
8003a040   ti_sysbios_BIOS_Module__id__C
8003a044   ti_sysbios_family_c64p_Exception_Module__id__C
8003a048   ti_sysbios_family_c64p_Hwi_Module__id__C
8003a04c   ti_sysbios_family_c64p_Hwi_Module__loggerDefined__C
8003a050   ti_sysbios_gates_GateMutexPri_Module__id__C
8003a054   ti_sysbios_gates_GateMutex_Module__id__C
8003a058   ti_sysbios_gates_GateSwi_Module__id__C
8003a05c   ti_sysbios_hal_Hwi_Module__id__C
8003a060   ti_sysbios_heaps_HeapMem_Module__id__C
8003a064   ti_sysbios_knl_Clock_Module__id__C
8003a068   ti_sysbios_knl_Clock_Module__loggerDefined__C
8003a06c   ti_sysbios_knl_Semaphore_Module__id__C
8003a070   ti_sysbios_knl_Semaphore_Module__loggerDefined__C
8003a074   ti_sysbios_knl_Swi_Module__id__C
8003a078   ti_sysbios_knl_Swi_Module__loggerDefined__C
8003a07c   ti_sysbios_knl_Task_Module__id__C
8003a080   ti_sysbios_knl_Task_Module__loggerDefined__C
8003a084   ti_sysbios_knl_Task_deleteTerminatedTasks__C
8003a088   ti_sysbios_knl_Task_initStackFlag__C
8003a08c   ti_sysbios_timers_timer64_Timer_Module__id__C
8003a090   ti_sysbios_timers_timer64_Timer_startupNeeded__C
8003a094   xdc_runtime_Core_Module__id__C
8003a098   xdc_runtime_Error_Module__loggerDefined__C
8003a09c   xdc_runtime_Error_maxDepth__C
8003a0a0   xdc_runtime_Main_Module__id__C
8003a0a4   xdc_runtime_Main_Module__loggerDefined__C
8003a0a8   xdc_runtime_Memory_Module__id__C
8003a0ac   xdc_runtime_SysMin_flushAtExit__C
8003a0b0   xdc_runtime_Text_charCnt__C
8003a0b4   xdc_runtime_Text_isLoaded__C
8003a0b8   xdc_runtime_Text_registryModsLastId__C
8003a0bc   xdc_runtime_Text_unnamedModsLastId__C
8003a170   __TI_table_binit
8003a170   __binit__
8003a170   binit
8003a400   ti_sysbios_family_c64p_Hwi0
8003a400   ti_sysbios_family_c64p_Hwi_int0
8003a420   ti_sysbios_family_c64p_Hwi_int1
8003a440   ti_sysbios_family_c64p_Hwi_int2
8003a460   ti_sysbios_family_c64p_Hwi_int3
8003a480   ti_sysbios_family_c64p_Hwi_int4
8003a4a0   ti_sysbios_family_c64p_Hwi_int5
8003a4c0   ti_sysbios_family_c64p_Hwi_int6
8003a4e0   ti_sysbios_family_c64p_Hwi_int7
8003a500   ti_sysbios_family_c64p_Hwi_int8
8003a520   ti_sysbios_family_c64p_Hwi_int9
8003a540   ti_sysbios_family_c64p_Hwi_int10
8003a560   ti_sysbios_family_c64p_Hwi_int11
8003a580   ti_sysbios_family_c64p_Hwi_int12
8003a5a0   ti_sysbios_family_c64p_Hwi_int13
8003a5c0   ti_sysbios_family_c64p_Hwi_int14
8003a5e0   ti_sysbios_family_c64p_Hwi_int15
8003a800   _c_int00
8003b1a0   __TI_Handler_Table_Base
8003b1ac   __TI_Handler_Table_Limit
8003b1e8   __TI_CINIT_Base
8003b230   __TI_CINIT_Limit
a0380000   linkingRAM0
a0390000   eventDesc
a0392000   cpdmaCfg
a0392018   qmssInitConfig
a0392044   memInfo
a039205c   descCfg
a039208c   cppiHnd
a0392090   completionQueHnd
a0392094   eventQueHnd
a0392098   EventFreeDescHnd
a039209c   releaseHnd
a03920a0   isQMSSInitialized
a03920a4   release
a03920a8   runCount
a03920ac   Ipc_sr0MemorySetup
a03920b0   gomp_thread_attr
a03920e8   gomp_thread_destructor
a03920ec   gomp_main_exit
a03920f0   gomp_tls_key
a0392100   queueFree
a0394100   qmssGObj
a03946d0   ThreadLocal_destructors
a0394710   gomp_global_icv
a0394720   gomp_max_active_levels_var
a0394724   gomp_thread_limit_var
a0394728   gomp_available_cpus
a039472c   gomp_managed_threads
a0394730   gomp_cpu_affinity
a0394734   gomp_cpu_affinity_len
a0394738   gomp_remaining_threads_count
a039473c   gomp_remaining_threads_lock
a0394740   gomp_spin_count_var
a0394748   gomp_throttled_spin_count_var
a0394750   SemaphoreMP_pendElemKey
a0394754   ThreadLocal_usedKeys
a0394758   __TI_STATIC_BASE
a0394758   qmssLObjIsValid
a0394760   omp_qmssGblCfgParams
a0394880   tenPowers
a03948a8   qmssLObj
ffffffff   __TI_pprof_out_hndl
ffffffff   __TI_prof_data_size
ffffffff   __TI_prof_data_start
ffffffff   __c_args__
UNDEFED    __TI_INITARRAY_Base
UNDEFED    __TI_INITARRAY_Limit
UNDEFED    __TI_TLS_BLOCK_SIZE
UNDEFED    __TI_TLS_INIT_Base
UNDEFED    __TI_TLS_INIT_Limit

[1532 symbols]
