******************************************************************************
               TMS320C6x Linker Unix v7.4.2                    
******************************************************************************
>> Linked Mon Dec 17 19:24:13 2012

OUTPUT FILE NAME:   <hello_world_omp.out>
ENTRY POINT SYMBOL: "_c_int00"  address: 0c038000


MEMORY CONFIGURATION

         name            origin    length      used     unused   attr    fill
----------------------  --------  ---------  --------  --------  ----  --------
  L2SRAM                00800000   00080000  0002bce0  00054320  RWIX
  MSMCSRAM              0c000000   00100000  00038992  000c766e  RWIX
  DDR3                  80000000   20000000  01000000  1f000000  RWIX
  MSMCSRAM_NOCACHE      a0100000   00300000  00094a92  0026b56e  RWIX


SEGMENT ALLOCATION MAP

run origin  load origin   length   init length attrs members
----------  ----------- ---------- ----------- ----- -------
00800000    00800000    0002bce0   0002abbc    rw-
  00800000    00800000    0002abbc   0002abbc    rw- .localfar
  0082abbc    0082abbc    00000004   00000000    rw- .tls_tp
  0082abc0    0082abc0    00001000   00000000    rw- .stack
  0082bbc0    0082bbc0    00000120   00000000    rw- .cio
0c000000    0c000000    0003797a   0003797a    r-x
  0c000000    0c000000    00032ee0   00032ee0    r-x .text
  0c032ee0    0c032ee0    00004a9a   00004a9a    r-- .const
0c037980    0c037980    00000200   00000000    rw-
  0c037980    0c037980    00000200   00000000    rw- .cppi
0c037b80    0c037b80    00000080   00000080    r--
  0c037b80    0c037b80    00000080   00000080    r-- .switch.1
0c037c00    0c037c00    00000200   00000200    r-x
  0c037c00    0c037c00    00000200   00000200    r-x .vecs
0c037f28    0c037f28    0000004c   0000004c    r--
  0c037f28    0c037f28    00000030   00000030    r-- .switch.2
  0c037f58    0c037f58    0000001c   0000001c    r-- .binit
0c038000    0c038000    00000a24   00000a24    r-x
  0c038000    0c038000    000000a0   000000a0    r-x .text:_c_int00
  0c0380a0    0c0380a0    00000984   00000984    r-- .cinit
a0180000    a0180000    000120b0   00000000    rw-
  a0180000    a0180000    000120ac   00000000    rw- .qmss.1
  a01920ac    a01920ac    00000004   00000000    rw- .bss
a01920b0    a01920b0    00000050   00000050    rw-
  a01920b0    a01920b0    00000050   00000050    rw- gomp_data.1
a0192100    a0192100    00002400   00000000    rw-
  a0192100    a0192100    00002400   00000000    rw- .qmss.2
a0194500    a0194500    00000256   00000256    rw-
  a0194500    a0194500    00000256   00000256    rw- gomp_data.2
a0194758    a0194758    00000120   00000000    rw-
  a0194758    a0194758    00000120   00000000    rw- .far
a0194878    0c037e00    00000001   00000001    rw-
  a0194878    0c037e00    00000001   00000001    rw- .neardata
a0194880    0c037e08    00000120   00000120    rw-
  a0194880    0c037e08    00000120   00000120    rw- .fardata
a01949a0    a01949a0    000000d0   00000004    rw-
  a01949a0    a01949a0    00000004   00000004    rw- .tdata
  a01949a8    a01949a8    000000c8   00000000    rw- .tbss
a0194a70    a0194a70    00000024   00000024    r--
  a0194a70    a0194a70    00000024   00000024    r-- .TI.tls_init


SECTION ALLOCATION MAP

 output                                  attributes/
section   page    origin      length       input sections
--------  ----  ----------  ----------   ----------------
.init_array 
*          0    00800000    00000000     UNINITIALIZED

.init_array 
*          0    a0100000    00000000     UNINITIALIZED

.localfar 
*          0    00800000    0002abbc     
                  00800000    00028040     omp_config_pe66.oe66 (.far) [fill = 0]
                  00828040    00001000     omp_config_pe66.oe66 (.far:taskStackSection) [fill = 0]
                  00829040    00000150     rts6600_elf_mt.lib : _mutex.obj (.far) [fill = 0]
                  00829190    00000140                        : defs.obj (.far) [fill = 0]
                  008292d0    00000008                        : trgdrv.obj (.far) [fill = 0]
                  008292d8    00000800     omp_config_pe66.oe66 (.fardata:ti_sdo_ipc_GateMP_Module_State_0_remoteCustom1Gates__A)
                  00829ad8    00000364     omp_config_pe66.oe66 (.fardata)
                  00829e3c    00000004     --HOLE--
                  00829e40    00000180     omp_config_pe66.oe66 (.fardata:ti_sysbios_timers_timer64_Timer_Module_State_0_device__A)
                  00829fc0    00000118     omp_config_pe66.oe66 (.fardata:ti_sdo_utils_NameServer_Object__table__V)
                  0082a0d8    000000a0     omp_config_pe66.oe66 (.fardata:ti_sdo_ipc_Ipc_Module_State_0_procEntry__A)
                  0082a178    00000098     omp_config_pe66.oe66 (.fardata:ti_sysbios_timers_timer64_Timer_Object__table__V)
                  0082a210    00000090     omp_config_pe66.oe66 (.fardata:ti_sdo_ipc_SharedRegion_Module_State_0_regions__A)
                  0082a2a0    00000088     omp_config_pe66.oe66 (.fardata:ti_sysbios_knl_Task_Object__table__V)
                  0082a328    00000080     omp_config_pe66.oe66 (.fardata:ti_sdo_ipc_GateMP_Module_State_0_remoteSystemGates__A)
                  0082a3a8    00000080     omp_config_pe66.oe66 (.fardata:ti_sysbios_knl_Swi_Module_State_0_readyQ__A)
                  0082a428    00000080     omp_config_pe66.oe66 (.fardata:ti_sysbios_knl_Task_Module_State_0_readyQ__A)
                  0082a4a8    00000080     omp_config_pe66.oe66 (.fardata:ti_sysbios_timers_timer64_Timer_Module_State_0_gctrl__A)
                  0082a528    00000080     omp_config_pe66.oe66 (.fardata:ti_sysbios_timers_timer64_Timer_Module_State_0_handles__A)
                  0082a5a8    00000080     omp_config_pe66.oe66 (.fardata:ti_sysbios_timers_timer64_Timer_Module_State_0_intFreqs__A)
                  0082a628    00000040     omp_config_pe66.oe66 (.fardata:ti_sdo_ipc_MessageQ_Module_State_0_transports__A)
                  0082a668    00000040     omp_config_pe66.oe66 (.fardata:ti_sdo_ipc_family_c647x_Interrupt_Module_State_0_fxnTable__A)
                  0082a6a8    00000040     omp_config_pe66.oe66 (.fardata:ti_sysbios_gates_GateMutex_Object__table__V)
                  0082a6e8    00000030     omp_config_pe66.oe66 (.fardata:ti_sysbios_knl_Swi_Object__table__V)
                  0082a718    00000020     omp_config_pe66.oe66 (.fardata:ti_sdo_ipc_MessageQ_Module_State_0_heaps__A)
                  0082a738    00000020     omp_config_pe66.oe66 (.fardata:ti_sdo_ipc_Notify_Module_State_0_notifyHandles__A)
                  0082a758    00000020     omp_config_pe66.oe66 (.fardata:ti_sdo_ipc_transports_TransportShmSetup_Module_State_0_handles__A)
                  0082a778    00000020     omp_config_pe66.oe66 (.fardata:xdc_runtime_System_Module_State_0_atexitHandlers__A)
                  0082a798    00000018     omp_config_pe66.oe66 (.fardata:ti_sysbios_family_c64p_Hwi_Object__table__V)
                  0082a7b0    00000018     omp_config_pe66.oe66 (.fardata:ti_sysbios_gates_GateMutexPri_Object__table__V)
                  0082a7c8    00000014     omp_config_pe66.oe66 (.fardata:ti_sysbios_heaps_HeapMem_Object__table__V)
                  0082a7dc    00000004     --HOLE--
                  0082a7e0    00000010     omp_config_pe66.oe66 (.fardata:ti_sysbios_gates_GateAll_Object__table__V)
                  0082a7f0    0000000c     omp_config_pe66.oe66 (.fardata:ti_omp_utils_HeapOMP_Object__table__V)
                  0082a7fc    00000004     --HOLE--
                  0082a800    0000000c     omp_config_pe66.oe66 (.fardata:ti_sysbios_gates_GateSwi_Object__table__V)
                  0082a80c    00000004     --HOLE--
                  0082a810    00000008     omp_config_pe66.oe66 (.fardata:ti_sysbios_hal_Hwi_Object__table__V)
                  0082a818    00000008     omp_config_pe66.oe66 (.fardata:ti_sysbios_hal_Timer_Object__table__V)
                  0082a820    00000004     omp_config_pe66.oe66 (.fardata:ti_sdo_ipc_GateMP_Module_State_0_remoteCustom2Gates__A)
                  0082a824    00000004     --HOLE--
                  0082a828    00000004     omp_config_pe66.oe66 (.fardata:ti_sdo_ipc_Notify_Module_State_0_notifyHandles_0__A)
                  0082a82c    00000004     --HOLE--
                  0082a830    00000004     omp_config_pe66.oe66 (.fardata:ti_sdo_ipc_Notify_Module_State_0_notifyHandles_1__A)
                  0082a834    00000004     --HOLE--
                  0082a838    00000004     omp_config_pe66.oe66 (.fardata:ti_sdo_ipc_Notify_Module_State_0_notifyHandles_2__A)
                  0082a83c    00000004     --HOLE--
                  0082a840    00000004     omp_config_pe66.oe66 (.fardata:ti_sdo_ipc_Notify_Module_State_0_notifyHandles_3__A)
                  0082a844    00000004     --HOLE--
                  0082a848    00000004     omp_config_pe66.oe66 (.fardata:ti_sdo_ipc_Notify_Module_State_0_notifyHandles_4__A)
                  0082a84c    00000004     --HOLE--
                  0082a850    00000004     omp_config_pe66.oe66 (.fardata:ti_sdo_ipc_Notify_Module_State_0_notifyHandles_5__A)
                  0082a854    00000004     --HOLE--
                  0082a858    00000004     omp_config_pe66.oe66 (.fardata:ti_sdo_ipc_Notify_Module_State_0_notifyHandles_6__A)
                  0082a85c    00000004     --HOLE--
                  0082a860    00000004     omp_config_pe66.oe66 (.fardata:ti_sdo_ipc_Notify_Module_State_0_notifyHandles_7__A)
                  0082a864    00000004     --HOLE--
                  0082a868    00000004     omp_config_pe66.oe66 (.fardata:ti_sysbios_gates_GateHwi_Object__table__V)
                  0082a86c    00000004     --HOLE--
                  0082a870    00000004     omp_config_pe66.oe66 (.fardata:xdc_runtime_GateNull_Object__table__V)
                  0082a874    00000004     --HOLE--
                  0082a878    000001e0     rts6600_elf_mt.lib : defs.obj (.fardata:_ftable)
                  0082aa58    000000a0                        : lowlev.obj (.fardata:_stream)
                  0082aaf8    00000078                        : lowlev.obj (.fardata:_device)
                  0082ab70    00000018                        : _pthread.obj (.fardata)
                  0082ab88    00000010                        : exit.obj (.fardata)
                  0082ab98    0000000c                        : _data_synch.obj (.fardata)
                  0082aba4    00000008                        : _lock.obj (.fardata)
                  0082abac    00000008                        : _mutex.obj (.fardata)
                  0082abb4    00000004                        : defs.obj (.fardata)
                  0082abb8    00000004                        : dtor_list.obj (.fardata)

.tls_tp    0    0082abbc    00000004     UNINITIALIZED
                  0082abbc    00000004     ti.omp.utils.ae66 : ThreadLocalStorage.oe66 (.tls_tp)

.stack     0    0082abc0    00001000     UNINITIALIZED
                  0082abc0    00000008     boot.ae66 : boot.oe66 (.stack)
                  0082abc8    00000ff8     --HOLE--

.cio       0    0082bbc0    00000120     UNINITIALIZED
                  0082bbc0    00000120     rts6600_elf_mt.lib : trgmsg.obj (.cio)

xdc.meta   0    0c000000    00000128     COPY SECTION
                  0c000000    00000128     omp_config_pe66.oe66 (xdc.meta)

.text      0    0c000000    00032ee0     
                  0c000000    000011c0     ipc.lib : Ipc.obj (.text:ti_sdo_ipc_GateMP_Instance_init__F)
                  0c0011c0    00000a60             : Ipc.obj (.text:ti_sdo_ipc_heaps_HeapMemMP_alloc__E)
                  0c001c20    000009e0             : Ipc.obj (.text:ti_sdo_ipc_heaps_HeapMemMP_free__E)
                  0c002600    000009a0             : Ipc.obj (.text:Ipc_attach)
                  0c002fa0    000009a0     ti.targets.rts6000.ae66 : System.oe66 (.text:xdc_runtime_System_doPrint__I)
                  0c003940    00000920     ipc.lib : Ipc.obj (.text:ti_sdo_ipc_transports_TransportShm_Instance_init__F)
                  0c004260    000008a0             : Ipc.obj (.text:ti_sdo_ipc_ListMP_Instance_init__F)
                  0c004b00    00000860             : Ipc.obj (.text:ti_sdo_ipc_GateMP_Instance_finalize__F)
                  0c005360    00000840             : Ipc.obj (.text:MessageQ_put)
                  0c005ba0    000007e0     ti.drv.qmss.ae66 : qmss_drv.oe66 (.text:Qmss_insertMemoryRegion)
                  0c006380    00000780     ipc.lib : Ipc.obj (.text:ti_sdo_ipc_heaps_HeapMemMP_Instance_init__F)
                  0c006b00    00000780     sysbios.lib : BIOS.obj (.text:ti_sysbios_family_c64p_Exception_handler__I)
                  0c007280    00000700     ipc.lib : Ipc.obj (.text:Notify_registerEvent)
                  0c007980    000006c0             : Ipc.obj (.text:ti_sdo_ipc_nsremote_NameServerRemoteNotify_Instance_init__F)
                  0c008040    000006a0             : Ipc.obj (.text:NameServer_add)
                  0c0086e0    00000660     sysbios.lib : BIOS.obj (.text:ti_sysbios_heaps_HeapMem_free__E)
                  0c008d40    00000620     ipc.lib : Ipc.obj (.text:Notify_sendEvent)
                  0c009360    00000620     sysbios.lib : BIOS.obj (.text:ti_sysbios_heaps_HeapMem_alloc__E)
                  0c009980    00000600     ti.omp.ae66 : team.oe66 (.text:gomp_team_start)
                  0c009f80    000005e0     ipc.lib : Ipc.obj (.text:Notify_registerEventSingle)
                  0c00a560    000005e0             : Ipc.obj (.text:SharedRegion_setEntry)
                  0c00ab40    000005c0             : Ipc.obj (.text:ListMP_getHead)
                  0c00b100    000005c0             : Ipc.obj (.text:Notify_unregisterEventSingle)
                  0c00b6c0    000005c0     rts6600_elf_mt.lib : divd.obj (.text:__c6xabi_divd)
                  0c00bc80    000005c0                        : _printfi.obj (.text:_getarg_diouxp)
                  0c00c240    000005c0     ipc.lib : Ipc.obj (.text:ti_sdo_ipc_SharedRegion_start__F)
                  0c00c800    000005c0     sysbios.lib : BIOS.obj (.text:ti_sysbios_timers_timer64_Timer_Module_startup__F)
                  0c00cdc0    00000580     ipc.lib : Ipc.obj (.text:ti_sdo_ipc_nsremote_NameServerRemoteNotify_get__F)
                  0c00d340    00000580             : Ipc.obj (.text:ti_sdo_ipc_transports_TransportShm_put__E)
                  0c00d8c0    00000540             : Ipc.obj (.text:ti_sdo_ipc_Ipc_procSyncStart__I)
                  0c00de00    00000500     sysbios.lib : BIOS.obj (.text:ti_sysbios_knl_Task_Instance_finalize__F)
                  0c00e300    000004e0     ipc.lib : Ipc.obj (.text:ti_sdo_ipc_notifyDrivers_NotifyDriverShm_Instance_init__F)
                  0c00e7e0    000004a0             : Ipc.obj (.text:ti_sdo_ipc_gates_GatePeterson_Instance_init__F)
                  0c00ec80    00000480     sysbios.lib : BIOS.obj (.text:ti_sysbios_knl_Task_Module_startup__F)
                  0c00f100    00000460     rts6600_elf_mt.lib : _printfi.obj (.text:_printfi)
                  0c00f560    00000460                        : _printfi.obj (.text:_setfield)
                  0c00f9c0    00000460     ipc.lib : Ipc.obj (.text:ti_sdo_ipc_GateMP_setRegion0Reserved__F)
                  0c00fe20    00000460             : Ipc.obj (.text:ti_sdo_ipc_Ipc_procSyncFinish__I)
                  0c010280    00000440             : Ipc.obj (.text:ListMP_putTail)
                  0c0106c0    00000440             : Ipc.obj (.text:ti_sdo_ipc_heaps_HeapMemMP_getStats__E)
                  0c010b00    00000440             : Ipc.obj (.text:ti_sdo_ipc_heaps_HeapMemMP_postInit__I)
                  0c010f40    00000400             : Ipc.obj (.text:ti_sdo_ipc_Notify_Instance_init__F)
                  0c011340    00000400     sysbios.lib : BIOS.obj (.text:ti_sysbios_knl_Semaphore_pend__E)
                  0c011740    000003c0     ti.drv.cppi.ae66 : cppi_desc.oe66 (.text:Cppi_initDescriptor)
                  0c011b00    000003c0     rts6600_elf_mt.lib : fputs.obj (.text:fputs)
                  0c011ec0    000003c0     ti.omp.utils.ae66 : ThreadLocal.oe66 (.text:ti_omp_utils_ThreadLocal_setspecific__E)
                  0c012280    000003c0     ipc.lib : Ipc.obj (.text:ti_sdo_ipc_SharedRegion_reserveMemory__F)
                  0c012640    000003c0     sysbios.lib : BIOS.obj (.text:ti_sysbios_knl_Task_Instance_init__F)
                  0c012a00    000003c0                 : BIOS.obj (.text:ti_sysbios_knl_Task_setPri__E)
                  0c012dc0    00000380     ipc.lib : Ipc.obj (.text:HeapMemMP_sharedMemReq)
                  0c013140    00000360     ti.omp.ae66 : task.oe66 (.text:gomp_barrier_handle_tasks)
                  0c0134a0    00000340     ipc.lib : Ipc.obj (.text:GateMP_sharedMemReq)
                  0c0137e0    00000340     ti.drv.qmss.ae66 : qmss_drv.oe66 (.text:Qmss_init)
                  0c013b20    00000340     ipc.lib : Ipc.obj (.text:ti_sdo_ipc_nsremote_NameServerRemoteNotify_swiFxn__I)
                  0c013e60    00000320     rts6600_elf_mt.lib : _printfi.obj (.text:_pproc_fge)
                  0c014180    00000320                        : strtoul.obj (.text:strtoul)
                  0c0144a0    00000320     ti.omp.navigator.ae66 : Navigator.oe66 (.text:sysInit)
                  0c0147c0    00000320     ti.omp.utils.ae66 : ThreadLocal.oe66 (.text:ti_omp_utils_ThreadLocal_getspecific__E)
                  0c014ae0    00000300     ipc.lib : Ipc.obj (.text:GateMP_openByAddr)
                  0c014de0    00000300             : Ipc.obj (.text:ti_sdo_ipc_transports_TransportShm_openByAddr__F)
                  0c0150e0    00000300     sysbios.lib : BIOS.obj (.text:ti_sysbios_family_c64p_Hwi_dispatchC__I)
                  0c0153e0    000002e0     ipc.lib : Ipc.obj (.text:SharedRegion_getEntry)
                  0c0156c0    000002e0             : Ipc.obj (.text:SharedRegion_getPtr)
                  0c0159a0    000002e0     rts6600_elf_mt.lib : _printfi.obj (.text:_pproc_fwp)
                  0c015c80    000002e0     sysbios.lib : BIOS.obj (.text:ti_sysbios_gates_GateMutexPri_enter__E)
                  0c015f60    000002c0     ti.omp.ae66 : env.oe66 (.text:parse_affinity)
                  0c016220    000002c0     ipc.lib : Ipc.obj (.text:ti_sdo_ipc_notifyDrivers_NotifyDriverShm_isr__I)
                  0c0164e0    000002a0             : Ipc.obj (.text:Ipc_start)
                  0c016780    000002a0             : Ipc.obj (.text:NameServer_getLocal)
                  0c016a20    000002a0     rts6600_elf_mt.lib : _printfi.obj (.text:fcvt)
                  0c016cc0    000002a0     sysbios.lib : BIOS.obj (.text:ti_sysbios_knl_Clock_workFunc__E)
                  0c016f60    00000280     ipc.lib : Ipc.obj (.text:SharedRegion_getSRPtr)
                  0c0171e0    00000280     sysbios.lib : BIOS.obj (.text:deviceConfig$44)
                  0c017460    00000280     rts6600_elf_mt.lib : _printfi.obj (.text:ecvt)
                  0c0176e0    00000280     ti.omp.ae66 : env.oe66 (.text:initialize_env)
                  0c017960    00000280     ti.omp.utils.ae66 : OpenMP.oe66 (.text:ti_omp_utils_OpenMP_masterTask__I)
                  0c017be0    00000280     ipc.lib : Ipc.obj (.text:ti_sdo_ipc_notifyDrivers_NotifyDriverShm_sharedMemReq__F)
                  0c017e60    00000280     sysbios.lib : BIOS.obj (.text:ti_sysbios_knl_Clock_Instance_init__F)
                  0c0180e0    00000280                 : BIOS.obj (.text:ti_sysbios_knl_Task_exit__E)
                  0c018360    00000280     ti.targets.rts6000.ae66 : Core-mem.oe66 (.text:xdc_runtime_Core_createObject__I)
                  0c0185e0    00000280                             : Error.oe66 (.text:xdc_runtime_Error_raiseX__F)
                  0c018860    00000260     ipc.lib : Ipc.obj (.text:ListMP_sharedMemReq)
                  0c018ac0    00000260     ti.omp.ae66 : env.oe66 (.text:parse_spincount)
                  0c018d20    00000260     ipc.lib : Ipc.obj (.text:ti_sdo_ipc_ListMP_Instance_finalize__F)
                  0c018f80    00000260             : Ipc.obj (.text:ti_sdo_ipc_SharedRegion_checkOverlap__I)
                  0c0191e0    00000260             : Ipc.obj (.text:ti_sdo_ipc_heaps_HeapMemMP_Instance_finalize__F)
                  0c019440    00000260             : Ipc.obj (.text:ti_sdo_ipc_notifyDrivers_NotifyDriverShm_disableEvent__E)
                  0c0196a0    00000260     ti.targets.rts6000.ae66 : Startup.oe66 (.text:xdc_runtime_Startup_startMods__I)
                  0c019900    00000240     ti.drv.cppi.ae66 : cppi_drv.oe66 (.text:Cppi_open)
                  0c019b40    00000240     rts6600_elf_mt.lib : imath64.obj (.text:__c6xabi_divull)
                  0c019d80    00000240                        : _printfi.obj (.text:_pconv_e)
                  0c019fc0    00000240                        : _printfi.obj (.text:_pproc_diouxp)
                  0c01a200    00000240                        : fputc.obj (.text:fputc)
                  0c01a440    00000240     sysbios.lib : BIOS.obj (.text:ti_sysbios_family_c64p_Exception_internalHandler__I)
                  0c01a680    00000220     rts6600_elf_mt.lib : _printfi.obj (.text:_pproc_str)
                  0c01a8a0    00000220     ti.omp.ae66 : env.oe66 (.text:parse_schedule)
                  0c01aac0    00000220     rts6600_elf_mt.lib : setvbuf.obj (.text:setvbuf)
                  0c01ace0    00000220     ti.omp.utils.ae66 : OpenMP.oe66 (.text:ti_omp_utils_OpenMP_createThread__E)
                  0c01af00    00000220     sysbios.lib : BIOS.obj (.text:ti_sysbios_family_c64p_Hwi_reconfig__E)
                  0c01b120    00000220                 : BIOS.obj (.text:ti_sysbios_knl_Swi_run__I)
                  0c01b340    00000220                 : BIOS.obj (.text:ti_sysbios_knl_Task_schedule__I)
                  0c01b560    00000220                 : BIOS.obj (.text:ti_sysbios_knl_Task_startup__E)
                  0c01b780    00000200     ipc.lib : Ipc.obj (.text:GateMP_enter)
                  0c01b980    00000200             : Ipc.obj (.text:GateMP_leave)
                  0c01bb80    00000200             : Ipc.obj (.text:ListMP_openByAddr)
                  0c01bd80    00000200     ti.drv.qmss.ae66 : qmss_drv.oe66 (.text:Qmss_internalQueueOpen)
                  0c01bf80    00000200     rts6600_elf_mt.lib : _printfi.obj (.text:_pconv_g)
                  0c01c180    00000200     sysbios.lib : c64p_Hwi_disp_always.obj (.text:_ti_sysbios_family_c64p_Hwi_dispatchAlways)
                  0c01c380    00000200                 : BIOS.obj (.text:block$56)
                  0c01c580    00000200     ti.omp.ae66 : team.oe66 (.text:gomp_thread_start)
                  0c01c780    00000200     ipc.lib : Ipc.obj (.text:ti_sdo_ipc_notifyDrivers_NotifyDriverShm_sendEvent__E)
                  0c01c980    00000200             : Ipc.obj (.text:ti_sdo_ipc_transports_TransportShm_Instance_finalize__F)
                  0c01cb80    00000200     omp_config_pe66.oe66 (.text:xdc_runtime_System_printfExtend__I)
                  0c01cd80    000001e0     ipc.lib : Ipc.obj (.text:ti_sdo_ipc_GateMP_attach__F)
                  0c01cf60    000001e0             : Ipc.obj (.text:ti_sdo_ipc_GateMP_getFreeResource__I)
                  0c01d140    000001e0     sysbios.lib : BIOS.obj (.text:ti_sysbios_knl_Task_postInit__I)
                  0c01d320    000001e0                 : BIOS.obj (.text:ti_sysbios_timers_timer64_Timer_getFreq__E)
                  0c01d500    000001c0     ipc.lib : Ipc.obj (.text:HeapMemMP_openByAddr)
                  0c01d6c0    000001c0     ti.drv.qmss.ae66 : qmss_drv.oe66 (.text:Qmss_internaldownloadFirmware)
                  0c01d880    000001c0     rts6600_elf_mt.lib : _printfi.obj (.text:_mcpy)
                  0c01da40    000001c0     ti.omp.config.sysbios.ae66 : bar.oe66 (.text:gomp_barrier_init)
                  0c01dc00    000001c0     ti.omp.utils.ae66 : ThreadLocal.oe66 (.text:ti_omp_utils_ThreadLocal_key_delete__E)
                  0c01ddc0    000001c0     ipc.lib : Ipc.obj (.text:ti_sdo_ipc_notifyDrivers_NotifyDriverShm_registerEvent__E)
                  0c01df80    000001c0     sysbios.lib : BIOS.obj (.text:ti_sysbios_knl_Swi_Instance_init__F)
                  0c01e140    000001c0                 : BIOS.obj (.text:ti_sysbios_knl_Task_checkStacks__E)
                  0c01e300    000001c0                 : BIOS.obj (.text:ti_sysbios_timers_timer64_Timer_setPeriodMicroSecs__E)
                  0c01e4c0    000001a0     ipc.lib : Ipc.obj (.text:SharedRegion_getCacheLineSize)
                  0c01e660    000001a0             : Ipc.obj (.text:SharedRegion_getHeap)
                  0c01e800    000001a0             : Ipc.obj (.text:SharedRegion_isCacheEnabled)
                  0c01e9a0    000001a0     rts6600_elf_mt.lib : imath40.obj (.text:__c6xabi_divul)
                  0c01eb40    000001a0     ti.omp.ae66 : team.oe66 (.text:gomp_new_team)
                  0c01ece0    000001a0     ti.omp.utils.ae66 : SemaphoreMP.oe66 (.text:ti_omp_utils_SemaphoreMP_registerEvent__I)
                  0c01ee80    000001a0     ipc.lib : Ipc.obj (.text:ti_sdo_ipc_GateMP_openRegion0Reserved__F)
                  0c01f020    000001a0             : Ipc.obj (.text:ti_sdo_ipc_notifyDrivers_NotifyDriverShm_enableEvent__E)
                  0c01f1c0    000001a0             : Ipc.obj (.text:ti_sdo_ipc_notifyDrivers_NotifyDriverShm_unregisterEvent__E)
                  0c01f360    000001a0             : Ipc.obj (.text:ti_sdo_ipc_nsremote_NameServerRemoteNotify_attach__E)
                  0c01f500    000001a0     sysbios.lib : BIOS.obj (.text:ti_sysbios_gates_GateMutex_enter__E)
                  0c01f6a0    000001a0                 : BIOS.obj (.text:ti_sysbios_timers_timer64_Timer_start__E)
                  0c01f840    00000180     rts6600_elf_mt.lib : trgdrv.obj (.text:HOSTrename)
                  0c01f9c0    00000180     ipc.lib : Ipc.obj (.text:MultiProc_setLocalId)
                  0c01fb40    00000180             : Ipc.obj (.text:NameServer_getHandle)
                  0c01fcc0    00000180             : Ipc.obj (.text:Notify_intLineRegistered)
                  0c01fe40    00000180     rts6600_elf_mt.lib : copy_decompress_rle.obj (.text:__TI_decompress_rle_core)
                  0c01ffc0    00000180     ti.omp.config.sysbios.ae66 : bar.oe66 (.text:gomp_barrier_wait)
                  0c020140    00000180     ti.omp.ae66 : parallel.oe66 (.text:gomp_resolve_num_threads)
                  0c0202c0    00000180                 : team.oe66 (.text:gomp_team_end)
                  0c020440    00000180                 : env.oe66 (.text:parse_stacksize)
                  0c0205c0    00000180     sysbios.lib : c64p_Exception_asm.obj (.text)
                  0c020740    00000180     ipc.lib : Ipc.obj (.text:ti_sdo_ipc_MessageQ_registerTransport__F)
                  0c0208c0    00000180             : Ipc.obj (.text:ti_sdo_ipc_Notify_Module_startup__F)
                  0c020a40    00000180             : Ipc.obj (.text:ti_sdo_ipc_gates_GatePeterson_enter__E)
                  0c020bc0    00000180             : Ipc.obj (.text:ti_sdo_utils_NameServer_Module_startup__F)
                  0c020d40    00000180     sysbios.lib : BIOS.obj (.text:ti_sysbios_heaps_HeapBuf_Module_startup__F)
                  0c020ec0    00000180                 : BIOS.obj (.text:ti_sysbios_heaps_HeapMem_Instance_init__F)
                  0c021040    00000180                 : BIOS.obj (.text:ti_sysbios_knl_Semaphore_post__E)
                  0c0211c0    00000180                 : BIOS.obj (.text:ti_sysbios_knl_Swi_schedule__I)
                  0c021340    00000180                 : BIOS.obj (.text:ti_sysbios_knl_Task_unblockI__E)
                  0c0214c0    00000180     ti.targets.rts6000.ae66 : Text.oe66 (.text:xdc_runtime_Text_putSite__F)
                  0c021640    00000160     ti.omp.utils.C6678.ae66 : OpenMPDnldCore.oe66 (.text:reset_run_core)
                  0c0217a0    00000160     ti.omp.utils.ae66 : OpenMP.oe66 (.text:ti_omp_utils_OpenMP_mainTaskExit__F)
                  0c021900    00000160     ipc.lib : Ipc.obj (.text:ti_sdo_ipc_GateMP_createLocal__F)
                  0c021a60    00000160             : Ipc.obj (.text:ti_sdo_ipc_MessageQ_unregisterTransport__F)
                  0c021bc0    00000160             : Ipc.obj (.text:ti_sdo_ipc_gates_GateHWSem_Instance_init__F)
                  0c021d20    00000160             : Ipc.obj (.text:ti_sdo_ipc_transports_TransportShm_sharedMemReq__F)
                  0c021e80    00000160             : Ipc.obj (.text:ti_sdo_utils_NameServer_isRegistered__E)
                  0c021fe0    00000160             : Ipc.obj (.text:ti_sdo_utils_NameServer_registerRemoteDriver__E)
                  0c022140    00000160             : Ipc.obj (.text:ti_sdo_utils_NameServer_unregisterRemoteDriver__E)
                  0c0222a0    00000140     ti.csl.ae66 : csl_chip.oe66 (.text:CSL_chipReadReg)
                  0c0223e0    00000140     ipc.lib : Ipc.obj (.text:GateMP_close)
                  0c022520    00000140             : Ipc.obj (.text:Notify_attach)
                  0c022660    00000140     boot.ae66 : autoinit.oe66 (.text:_auto_init_elf)
                  0c0227a0    00000140     rts6600_elf_mt.lib : _printfi.obj (.text:_pproc_fflags)
                  0c0228e0    00000140                        : fseek.obj (.text:fseek)
                  0c022a20    00000140                        : lowlev.obj (.text:getdevice)
                  0c022b60    00000140     ti.omp.navigator.ae66 : Navigator.oe66 (.text:getsysHandles)
                  0c022ca0    00000140     ti.omp.config.sysbios.ae66 : bar.oe66 (.text:gomp_team_barrier_wait_end)
                  0c022de0    00000140     ipc.lib : Ipc.obj (.text:ti_sdo_ipc_Notify_exec__F)
                  0c022f20    00000140     sysbios.lib : BIOS.obj (.text:ti_sysbios_family_c64p_Hwi_Module_startup__F)
                  0c023060    00000140                 : BIOS.obj (.text:ti_sysbios_family_c66_Cache_Module_startup__F)
                  0c0231a0    00000140                 : BIOS.obj (.text:ti_sysbios_gates_GateSwi_enter__E)
                  0c0232e0    00000140                 : BIOS.obj (.text:ti_sysbios_knl_Clock_Instance_finalize__F)
                  0c023420    00000140                 : BIOS.obj (.text:ti_sysbios_knl_Semaphore_Instance_init__F)
                  0c023560    00000140                 : BIOS.obj (.text:ti_sysbios_knl_Swi_post__E)
                  0c0236a0    00000140                 : BIOS.obj (.text:ti_sysbios_knl_Task_blockI__E)
                  0c0237e0    00000140                 : BIOS.obj (.text:ti_sysbios_knl_Task_yield__E)
                  0c023920    00000120     ti.omp.config.sysbios.ae66 : preinit.oe66 (.text:CSL_XMC_setXMPAXL)
                  0c023a40    00000120     rts6600_elf_mt.lib : fclose.obj (.text:_closefile)
                  0c023b60    00000120                        : _printfi.obj (.text:_ltostr)
                  0c023c80    00000120     ti.omp.ae66 : team.oe66 (.text:gomp_free_thread)
                  0c023da0    00000120     sysbios.lib : BIOS.obj (.text:rtsUnlock$0)
                  0c023ec0    00000120     ipc.lib : Ipc.obj (.text:ti_sdo_ipc_MessageQ_Module_startup__F)
                  0c023fe0    00000120             : Ipc.obj (.text:ti_sdo_ipc_family_c647x_Interrupt_intRegister__E)
                  0c024100    00000120             : Ipc.obj (.text:ti_sdo_ipc_nsremote_NameServerRemoteNotify_Instance_finalize__F)
                  0c024220    00000100     rts6600_elf_mt.lib : _io_perm.obj (.text:_wrt_ok)
                  0c024320    00000100                        : cpy_tbl.obj (.text:copy_in)
                  0c024420    00000100     sysbios.lib : BIOS.obj (.text:initDevice$44)
                  0c024520    00000100     ti.omp.ae66 : env.oe66 (.text:parse_boolean)
                  0c024620    00000100                 : env.oe66 (.text:parse_unsigned_long)
                  0c024720    00000100                 : env.oe66 (.text:parse_wait_policy)
                  0c024820    00000100     ti.omp.utils.C6678.ae66 : OpenMPDnldCore.oe66 (.text:siu_ibl_download_core)
                  0c024920    00000100     ipc.lib : Ipc.obj (.text:ti_sdo_ipc_GateMP_start__F)
                  0c024a20    00000100             : Ipc.obj (.text:ti_sdo_ipc_Notify_Instance_finalize__F)
                  0c024b20    00000100             : Ipc.obj (.text:ti_sdo_ipc_SharedRegion_attach__F)
                  0c024c20    00000100             : Ipc.obj (.text:ti_sdo_ipc_SharedRegion_clearReservedMemory__F)
                  0c024d20    00000100             : Ipc.obj (.text:ti_sdo_ipc_family_c647x_Interrupt_Module_startup__F)
                  0c024e20    00000100             : Ipc.obj (.text:ti_sdo_ipc_gates_GateHWSem_Module_startup__F)
                  0c024f20    00000100             : Ipc.obj (.text:ti_sdo_ipc_gates_GateMPSupportNull_enter__E)
                  0c025020    00000100             : Ipc.obj (.text:ti_sdo_ipc_gates_GateMPSupportNull_leave__E)
                  0c025120    00000100             : Ipc.obj (.text:ti_sdo_ipc_transports_TransportShmSetup_attach__E)
                  0c025220    00000100     sysbios.lib : BIOS.obj (.text:ti_sysbios_gates_GateMutexPri_leave__E)
                  0c025320    00000100                 : BIOS.obj (.text:ti_sysbios_knl_Clock_startI__E)
                  0c025420    00000100                 : BIOS.obj (.text:ti_sysbios_knl_Swi_restoreHwi__E)
                  0c025520    00000100     ti.targets.rts6000.ae66 : Core-mem.oe66 (.text:xdc_runtime_Core_deleteObject__I)
                  0c025620    00000100                             : Startup.oe66 (.text:xdc_runtime_Startup_exec__F)
                  0c025720    00000100                             : Text.oe66 (.text:xdc_runtime_Text_putMod__F)
                  0c025820    00000100                             : Text.oe66 (.text:xdc_runtime_Text_visitRope2__I)
                  0c025920    000000e0     rts6600_elf_mt.lib : trgdrv.obj (.text:HOSTgetenv)
                  0c025a00    000000e0                        : trgdrv.obj (.text:HOSTlseek)
                  0c025ae0    000000e0                        : trgdrv.obj (.text:HOSTopen)
                  0c025bc0    000000e0                        : _printfi.obj (.text:_div)
                  0c025ca0    000000e0                        : atoi.obj (.text:atoi)
                  0c025d80    000000e0                        : lowlev.obj (.text:close)
                  0c025e60    000000e0                        : copy_zero_init.obj (.text:decompress:ZI:__TI_zero_init)
                  0c025f40    000000e0                        : exit.obj (.text:exit)
                  0c026020    000000e0     ti.omp.ae66 : work.oe66 (.text:gomp_init_work_share)
                  0c026100    000000e0                 : team.oe66 (.text:initialize_team)
                  0c0261e0    000000e0     rts6600_elf_mt.lib : ltoa.obj (.text:ltoa)
                  0c0262c0    000000e0                        : memset.obj (.text:memset)
                  0c0263a0    000000e0                        : printf.obj (.text:printf)
                  0c026480    000000e0     ti.omp.utils.ae66 : ThreadLocal.oe66 (.text:ti_omp_utils_ThreadLocal_key_create__E)
                  0c026560    000000e0     omp_config_pe66.oe66 (.text:ti_sdo_ipc_Notify_Object__create__S)
                  0c026640    000000e0     ipc.lib : Ipc.obj (.text:ti_sdo_ipc_family_c647x_NotifySetup_attach__E)
                  0c026720    000000e0             : Ipc.obj (.text:ti_sdo_ipc_gates_GateHWSem_enter__E)
                  0c026800    000000e0     sysbios.lib : BIOS.obj (.text:ti_sysbios_family_c64p_Hwi_Instance_finalize__F)
                  0c0268e0    000000e0                 : BIOS.obj (.text:ti_sysbios_family_c64p_Hwi_Instance_init__F)
                  0c0269c0    000000e0     omp_config_pe66.oe66 (.text:ti_sysbios_family_c64p_Hwi_Object__create__S)
                  0c026aa0    000000e0     sysbios.lib : BIOS.obj (.text:ti_sysbios_knl_Clock_start__E)
                  0c026b80    000000e0                 : BIOS.obj (.text:ti_sysbios_timers_timer64_Timer_startup__E)
                  0c026c60    000000e0     ti.targets.rts6000.ae66 : Error.oe66 (.text:xdc_runtime_Error_print__F)
                  0c026d40    000000e0                             : Memory.oe66 (.text:xdc_runtime_Memory_alloc__F)
                  0c026e20    000000c0     rts6600_elf_mt.lib : trgdrv.obj (.text:HOSTread)
                  0c026ee0    000000c0                        : trgdrv.obj (.text:HOSTwrite)
                  0c026fa0    000000c0     ipc.lib : Ipc.obj (.text:HeapMemMP_create)
                  0c027060    000000c0             : Ipc.obj (.text:ListMP_create)
                  0c027120    000000c0             : Ipc.obj (.text:SharedRegion_getId)
                  0c0271e0    000000c0     rts6600_elf_mt.lib : dtor_list.obj (.text:__cxa_finalize)
                  0c0272a0    000000c0                        : divu.obj (.text:__divu)
                  0c027360    000000c0                        : fflush.obj (.text:_doflush)
                  0c027420    000000c0     ti.omp.ae66 : parallel.oe66 (.text:gomp_sem_wait)
                  0c0274e0    000000c0                 : task.oe66 (.text:gomp_sem_wait)
                  0c0275a0    000000c0                 : team.oe66 (.text:gomp_sem_wait)
                  0c027660    000000c0     ti.omp.config.sysbios.ae66 : bar.oe66 (.text:gomp_sem_wait)
                  0c027720    000000c0                                : preinit.oe66 (.text:initMPAX)
                  0c0277e0    000000c0     rts6600_elf_mt.lib : _mutex.obj (.text:mutex_init)
                  0c0278a0    000000c0                        : _pthread.obj (.text:pthread_mutex_lock)
                  0c027960    000000c0                        : _pthread.obj (.text:pthread_mutex_unlock)
                  0c027a20    000000c0                        : _pthread.obj (.text:pthread_once)
                  0c027ae0    000000c0     ti.omp.utils.C6678.ae66 : OpenMPDnldCore.oe66 (.text:reset_core)
                  0c027ba0    000000c0     ti.omp.utils.ae66 : OpenMP.oe66 (.text:ti_omp_utils_OpenMP_threadSpawnLoop__I)
                  0c027c60    000000c0                       : ThreadLocal.oe66 (.text:ti_omp_utils_ThreadLocal_exitFxn__F)
                  0c027d20    000000c0     omp_config_pe66.oe66 (.text:ti_sdo_ipc_GateMP_Object__create__S)
                  0c027de0    000000c0     ipc.lib : Ipc.obj (.text:ti_sdo_ipc_GateMP_getRegion0ReservedSize__F)
                  0c027ea0    000000c0     omp_config_pe66.oe66 (.text:ti_sdo_ipc_ListMP_Object__create__S)
                  0c027f60    000000c0     ipc.lib : Ipc.obj (.text:ti_sdo_ipc_Notify_execMany__I)
                  0c028020    000000c0             : Ipc.obj (.text:ti_sdo_ipc_family_c647x_Interrupt_intShmStub__I)
                  0c0280e0    000000c0     omp_config_pe66.oe66 (.text:ti_sdo_ipc_gates_GatePeterson_Object__create__S)
                  0c0281a0    000000c0     omp_config_pe66.oe66 (.text:ti_sdo_ipc_heaps_HeapMemMP_Object__create__S)
                  0c028260    000000c0     omp_config_pe66.oe66 (.text:ti_sdo_ipc_notifyDrivers_NotifyDriverShm_Object__create__S)
                  0c028320    000000c0     omp_config_pe66.oe66 (.text:ti_sdo_ipc_nsremote_NameServerRemoteNotify_Object__create__S)
                  0c0283e0    000000c0     omp_config_pe66.oe66 (.text:ti_sdo_ipc_transports_TransportShm_Object__create__S)
                  0c0284a0    000000c0     sysbios.lib : BIOS.obj (.text:ti_sysbios_BIOS_errorRaiseHook__I)
                  0c028560    000000c0                 : BIOS.obj (.text:ti_sysbios_gates_GateAll_leave__E)
                  0c028620    000000c0                 : BIOS.obj (.text:ti_sysbios_heaps_HeapMem_getStats__E)
                  0c0286e0    000000c0                 : BIOS.obj (.text:ti_sysbios_knl_Clock_logTick__E)
                  0c0287a0    000000c0                 : BIOS.obj (.text:ti_sysbios_knl_Swi_Instance_finalize__F)
                  0c028860    000000c0     omp_config_pe66.oe66 (.text:ti_sysbios_knl_Swi_Object__create__S)
                  0c028920    000000c0     omp_config_pe66.oe66 (.text:ti_sysbios_knl_Task_Object__create__S)
                  0c0289e0    000000c0     sysbios.lib : BIOS.obj (.text:ti_sysbios_timers_timer64_Timer_stop__E)
                  0c028aa0    000000c0     rts6600_elf_mt.lib : tls.obj (.text:tls:init:__TI_tls_init)
                  0c028b60    000000c0                        : vfprintf.obj (.text:vfprintf)
                  0c028c20    000000c0     ti.targets.rts6000.ae66 : System.oe66 (.text:xdc_runtime_System_formatNum__I)
                  0c028ce0    000000c0     omp_config_pe66.oe66 (.text:xdc_runtime_knl_GateThread_Object__create__S)
                  0c028da0    000000a0     ti.omp.config.sysbios.ae66 : preinit.oe66 (.text:CSL_XMC_getXMPAXL)
                  0c028e40    000000a0     ti.omp.ae66 : parallel.oe66 (.text:GOMP_parallel_end)
                  0c028ee0    000000a0     rts6600_elf_mt.lib : trgdrv.obj (.text:HOSTunlink)
                  0c028f80    000000a0     ti.drv.qmss.ae66 : qmss_drv.oe66 (.text:Qmss_startCfg)
                  0c029020    000000a0     rts6600_elf_mt.lib : dtor_list.obj (.text:_Z11__TI_atexitPFYvPvES_S_)
                  0c0290c0    000000a0                        : remu.obj (.text:__remu)
                  0c029160    000000a0                        : fopen.obj (.text:_cleanup)
                  0c029200    000000a0                        : _printfi.obj (.text:_ecpy)
                  0c0292a0    000000a0                        : _printfi.obj (.text:_fcpy)
                  0c029340    000000a0                        : _printfi.obj (.text:_pconv_f)
                  0c0293e0    000000a0     sysbios.lib : c64p_Hwi_asm.obj (.text:_ti_sysbios_family_c64p_Hwi_plug__E)
                  0c029480    000000a0     rts6600_elf_mt.lib : lowlev.obj (.text:finddevice)
                  0c029520    000000a0     ti.omp.config.sysbios.ae66 : bar.oe66 (.text:gomp_barrier_wait_end)
                  0c0295c0    000000a0     ti.omp.navigator.ae66 : Navigator.oe66 (.text:init_Navigator)
                  0c029660    000000a0     rts6600_elf_mt.lib : lowlev.obj (.text:lseek)
                  0c029700    000000a0                        : memcpy64.obj (.text:memcpy)
                  0c0297a0    000000a0                        : _mutex.obj (.text:mutex_unlock)
                  0c029840    000000a0     omp_hello.obj (.text)
                  0c0298e0    000000a0     omp_config_pe66.oe66 (.text:realloc)
                  0c029980    000000a0     rts6600_elf_mt.lib : strerror.obj (.text:strerror)
                  0c029a20    000000a0     ipc.lib : Ipc.obj (.text:ti_sdo_ipc_family_c647x_Interrupt_intUnregister__E)
                  0c029ac0    000000a0             : Ipc.obj (.text:ti_sdo_ipc_gates_GatePeterson_leave__E)
                  0c029b60    000000a0             : Ipc.obj (.text:ti_sdo_ipc_notifyDrivers_NotifyDriverShm_Instance_finalize__F)
                  0c029c00    000000a0     sysbios.lib : BIOS.obj (.text:ti_sysbios_heaps_HeapMem_init__I)
                  0c029ca0    000000a0     rts6600_elf_mt.lib : lowlev.obj (.text:write)
                  0c029d40    000000a0     ti.targets.rts6000.ae66 : Assert.oe66 (.text:xdc_runtime_Assert_raise__I)
                  0c029de0    000000a0                             : SysMin.oe66 (.text:xdc_runtime_SysMin_abort__F)
                  0c029e80    000000a0                             : SysMin.oe66 (.text:xdc_runtime_SysMin_flush__F)
                  0c029f20    000000a0                             : SysMin.oe66 (.text:xdc_runtime_SysMin_putch__F)
                  0c029fc0    00000080     rts6600_elf_mt.lib : trgdrv.obj (.text:HOSTclose)
                  0c02a040    00000080     ti.drv.qmss.ae66 : qmss_drv.oe66 (.text:Qmss_getMemRegQueueHandle)
                  0c02a0c0    00000080                      : qmss_drv.oe66 (.text:Qmss_queueOpen)
                  0c02a140    00000080     rts6600_elf_mt.lib : _mutex.obj (.text:__TI_resource_lock)
                  0c02a1c0    00000080                        : llshift.obj (.text:__c6xabi_llshl)
                  0c02a240    00000080     sysbios.lib : c62_TaskSupport_asm.obj (.text:_ti_sysbios_family_c62_TaskSupport_swap__E)
                  0c02a2c0    00000080     ti.omp.ae66 : task.oe66 (.text:gomp_init_task)
                  0c02a340    00000080                 : alloc.oe66 (.text:gomp_realloc)
                  0c02a3c0    00000080                 : parallel.oe66 (.text:gomp_sem_post)
                  0c02a440    00000080                 : task.oe66 (.text:gomp_sem_post)
                  0c02a4c0    00000080                 : team.oe66 (.text:gomp_sem_post)
                  0c02a540    00000080     ti.omp.config.sysbios.ae66 : bar.oe66 (.text:gomp_sem_post)
                  0c02a5c0    00000080     omp_config_pe66.oe66 (.text:malloc)
                  0c02a640    00000080     rts6600_elf_mt.lib : _mutex.obj (.text:mutex_lock)
                  0c02a6c0    00000080                        : _pthread.obj (.text:pthread_mutex_init)
                  0c02a740    00000080     ti.omp.navigator.ae66 : Navigator.oe66 (.text:queue_pop_elem_wait)
                  0c02a7c0    00000080     rts6600_elf_mt.lib : trgmsg.obj (.text:readmsg)
                  0c02a840    00000080     omp_config_pe66.oe66 (.text:ti_omp_utils_HeapOMP_Object__create__S)
                  0c02a8c0    00000080     ti.omp.utils.ae66 : OpenMP.oe66 (.text:ti_omp_utils_OpenMP_exitThread__F)
                  0c02a940    00000080                       : OpenMP.oe66 (.text:ti_omp_utils_OpenMP_mainTask__I)
                  0c02a9c0    00000080                       : ThreadLocalStorage.oe66 (.text:ti_omp_utils_ThreadLocalStorage_createFxn__F)
                  0c02aa40    00000080     omp_config_pe66.oe66 (.text:ti_sdo_ipc_gates_GateHWSem_Object__create__S)
                  0c02aac0    00000080     omp_config_pe66.oe66 (.text:ti_sdo_ipc_gates_GateMPSupportNull_Object__create__S)
                  0c02ab40    00000080     ipc.lib : Ipc.obj (.text:ti_sdo_ipc_nsremote_NameServerRemoteNotify_detach__E)
                  0c02abc0    00000080             : Ipc.obj (.text:ti_sdo_ipc_transports_TransportShm_swiFxn__I)
                  0c02ac40    00000080     omp_config_pe66.oe66 (.text:ti_sdo_utils_List_Object__create__S)
                  0c02acc0    00000080     sysbios.lib : BIOS.obj (.text:ti_sysbios_BIOS_exit__E)
                  0c02ad40    00000080                 : BIOS.obj (.text:ti_sysbios_family_c62_TaskSupport_start__E)
                  0c02adc0    00000080                 : BIOS.obj (.text:ti_sysbios_family_c64p_Exception_Module_startup__F)
                  0c02ae40    00000080                 : BIOS.obj (.text:ti_sysbios_family_c64p_Hwi_eventMap__E)
                  0c02aec0    00000080                 : BIOS.obj (.text:ti_sysbios_family_c66_Cache_invL1pAll__E)
                  0c02af40    00000080     omp_config_pe66.oe66 (.text:ti_sysbios_gates_GateAll_Object__create__S)
                  0c02afc0    00000080     omp_config_pe66.oe66 (.text:ti_sysbios_gates_GateHwi_Object__create__S)
                  0c02b040    00000080     omp_config_pe66.oe66 (.text:ti_sysbios_gates_GateMutexPri_Object__create__S)
                  0c02b0c0    00000080     omp_config_pe66.oe66 (.text:ti_sysbios_gates_GateMutex_Object__create__S)
                  0c02b140    00000080     omp_config_pe66.oe66 (.text:ti_sysbios_gates_GateSwi_Object__create__S)
                  0c02b1c0    00000080     sysbios.lib : BIOS.obj (.text:ti_sysbios_gates_GateSwi_leave__E)
                  0c02b240    00000080                 : BIOS.obj (.text:ti_sysbios_hal_Hwi_checkStack:ti_sysbios_hal_Hwi_checkStack)
                  0c02b2c0    00000080     omp_config_pe66.oe66 (.text:ti_sysbios_heaps_HeapMem_Object__create__S)
                  0c02b340    00000080     sysbios.lib : BIOS.obj (.text:ti_sysbios_knl_Clock_Module_startup__F)
                  0c02b3c0    00000080     omp_config_pe66.oe66 (.text:ti_sysbios_knl_Clock_Object__create__S)
                  0c02b440    00000080     sysbios.lib : BIOS.obj (.text:ti_sysbios_knl_Clock_getTicks__E)
                  0c02b4c0    00000080                 : BIOS.obj (.text:ti_sysbios_knl_Idle_loop__E)
                  0c02b540    00000080     omp_config_pe66.oe66 (.text:ti_sysbios_knl_Queue_Object__create__S)
                  0c02b5c0    00000080     omp_config_pe66.oe66 (.text:ti_sysbios_knl_Semaphore_Object__create__S)
                  0c02b640    00000080     sysbios.lib : BIOS.obj (.text:ti_sysbios_knl_Semaphore_pendTimeout__I)
                  0c02b6c0    00000080                 : BIOS.obj (.text:ti_sysbios_knl_Swi_startup__E)
                  0c02b740    00000080                 : BIOS.obj (.text:ti_sysbios_knl_Task_deleteTerminatedTasksFunc__I)
                  0c02b7c0    00000080                 : BIOS.obj (.text:ti_sysbios_knl_Task_restore__E)
                  0c02b840    00000080                 : BIOS.obj (.text:ti_sysbios_timers_timer64_Timer_getCount__E)
                  0c02b8c0    00000080                 : BIOS.obj (.text:ti_sysbios_timers_timer64_Timer_getPeriod__E)
                  0c02b940    00000080     omp_config_pe66.oe66 (.text:ti_sysbios_xdcruntime_GateThreadSupport_Object__create__S)
                  0c02b9c0    00000080     rts6600_elf_mt.lib : trgmsg.obj (.text:writemsg)
                  0c02ba40    00000080     ti.targets.rts6000.ae66 : Core-label.oe66 (.text:xdc_runtime_Core_assignLabel__I)
                  0c02bac0    00000080                             : Core-params.oe66 (.text:xdc_runtime_Core_assignParams__I)
                  0c02bb40    00000080                             : System.oe66 (.text:xdc_runtime_System_atexit__F)
                  0c02bbc0    00000080                             : System.oe66 (.text:xdc_runtime_System_rtsExit__I)
                  0c02bc40    00000080                             : Text.oe66 (.text:xdc_runtime_Text_printVisFxn__I)
                  0c02bcc0    00000080                             : Text.oe66 (.text:xdc_runtime_Text_xprintf__I)
                  0c02bd40    00000060     ti.omp.navigator.ae66 : Navigator.oe66 (.text:CACHE_invL1d)
                  0c02bda0    00000060     ti.omp.navigatorOsal.ae66 : Navigatorosal.oe66 (.text:CACHE_invL1d)
                  0c02be00    00000060     ti.omp.navigator.ae66 : Navigator.oe66 (.text:CACHE_wbL1d)
                  0c02be60    00000060     ti.omp.navigatorOsal.ae66 : Navigatorosal.oe66 (.text:CACHE_wbL1d)
                  0c02bec0    00000060     ti.omp.config.sysbios.ae66 : preinit.oe66 (.text:CSL_XMC_getXMPAXH)
                  0c02bf20    00000060     ti.omp.navigator.ae66 : Navigator.oe66 (.text:Cppi_setSoftwareInfo0)
                  0c02bf80    00000060     ipc.lib : Ipc.obj (.text:GateMP_Params_init)
                  0c02bfe0    00000060             : Ipc.obj (.text:HeapMemMP_Params_init)
                  0c02c040    00000060     ti.omp.utils.ae66 : HeapOMP.oe66 (.text:HeapOMP_getHeapFromAddr)
                  0c02c0a0    00000060     ipc.lib : Ipc.obj (.text:Notify_numIntLines)
                  0c02c100    00000060     rts6600_elf_mt.lib : frcmpyd_div.obj (.text:__c6xabi_frcmpyd_div)
                  0c02c160    00000060                        : llshift.obj (.text:__c6xabi_llshru)
                  0c02c1c0    00000060                        : imath64.obj (.text:_subcull)
                  0c02c220    00000060                        : _mutex.obj (.text:create_resource_mutexes)
                  0c02c280    00000060                        : _mutex.obj (.text:destroy_resource_mutexes)
                  0c02c2e0    00000060     ti.omp.config.sysbios.ae66 : bar.oe66 (.text:gomp_barrier_wait_start)
                  0c02c340    00000060     ti.omp.ae66 : task.oe66 (.text:gomp_clear_parent)
                  0c02c3a0    00000060                 : work.oe66 (.text:gomp_fini_work_share)
                  0c02c400    00000060                 : task.oe66 (.text:gomp_flush0)
                  0c02c460    00000060     ti.omp.config.sysbios.ae66 : bar.oe66 (.text:gomp_flush0)
                  0c02c4c0    00000060     ti.omp.ae66 : env.oe66 (.text:gomp_icv)
                  0c02c520    00000060                 : parallel.oe66 (.text:gomp_icv)
                  0c02c580    00000060                 : alloc.oe66 (.text:gomp_malloc)
                  0c02c5e0    00000060                 : team.oe66 (.text:gomp_new_icv)
                  0c02c640    00000060     ti.omp.config.sysbios.ae66 : bar.oe66 (.text:gomp_team_barrier_wake)
                  0c02c6a0    00000060     ti.omp.ae66 : error.oe66 (.text:gomp_verror)
                  0c02c700    00000060     rts6600_elf_mt.lib : memccpy.obj (.text:memccpy)
                  0c02c760    00000060                        : _pthread.obj (.text:pthread_mutex_destroy)
                  0c02c7c0    00000060     ti.omp.navigator.ae66 : Navigator.oe66 (.text:queue_push_elem)
                  0c02c820    00000060     rts6600_elf_mt.lib : strncmp.obj (.text:strncmp)
                  0c02c880    00000060     ti.omp.ae66 : team.oe66 (.text:team_destructor)
                  0c02c8e0    00000060     ti.omp.utils.ae66 : HeapOMP.oe66 (.text:ti_omp_utils_HeapOMP_alloc__E)
                  0c02c940    00000060                       : OpenMP.oe66 (.text:ti_omp_utils_OpenMP_setProcId__I)
                  0c02c9a0    00000060                       : ThreadLocalStorage.oe66 (.text:ti_omp_utils_ThreadLocalStorage_deleteFxn__F)
                  0c02ca00    00000060     omp_config_pe66.oe66 (.text:ti_sdo_ipc_MessageQ_Object__get__S)
                  0c02ca60    00000060     ipc.lib : Ipc.obj (.text:ti_sdo_ipc_family_c647x_NotifySetup_sharedMemReq__E)
                  0c02cac0    00000060             : Ipc.obj (.text:ti_sdo_ipc_gates_GateHWSem_leave__E)
                  0c02cb20    00000060             : Ipc.obj (.text:ti_sdo_ipc_gates_GatePeterson_Instance_finalize__F)
                  0c02cb80    00000060             : Ipc.obj (.text:ti_sdo_ipc_gates_GatePeterson_sharedMemReq__E)
                  0c02cbe0    00000060             : Ipc.obj (.text:ti_sdo_ipc_notifyDrivers_NotifyDriverShm_setNotifyHandle__E)
                  0c02cc40    00000060             : Ipc.obj (.text:ti_sdo_ipc_transports_TransportShmSetup_sharedMemReq__E)
                  0c02cca0    00000060     omp_config_pe66.oe66 (.text:ti_sdo_utils_List_Object__get__S)
                  0c02cd00    00000060     omp_config_pe66.oe66 (.text:ti_sdo_utils_NameServer_Object__get__S)
                  0c02cd60    00000060     omp_config_pe66.oe66 (.text:ti_sysbios_BIOS_exitFunc__I)
                  0c02cdc0    00000060     sysbios.lib : BIOS.obj (.text:ti_sysbios_BIOS_registerRTSLock__I)
                  0c02ce20    00000060                 : BIOS.obj (.text:ti_sysbios_gates_GateAll_enter__E)
                  0c02ce80    00000060                 : BIOS.obj (.text:ti_sysbios_gates_GateMutex_Instance_init__F)
                  0c02cee0    00000060                 : BIOS.obj (.text:ti_sysbios_hal_Hwi_initStack:ti_sysbios_hal_Hwi_initStack)
                  0c02cf40    00000060     omp_config_pe66.oe66 (.text:ti_sysbios_heaps_HeapBuf_Object__get__S)
                  0c02cfa0    00000060     omp_config_pe66.oe66 (.text:ti_sysbios_heaps_HeapMem_Object__get__S)
                  0c02d000    00000060     omp_config_pe66.oe66 (.text:ti_sysbios_knl_Clock_doTick__I)
                  0c02d060    00000060     omp_config_pe66.oe66 (.text:ti_sysbios_knl_Queue_Object__get__S)
                  0c02d0c0    00000060     sysbios.lib : BIOS.obj (.text:ti_sysbios_knl_Swi_Module_startup__F)
                  0c02d120    00000060     omp_config_pe66.oe66 (.text:ti_sysbios_knl_Swi_Object__get__S)
                  0c02d180    00000060     omp_config_pe66.oe66 (.text:ti_sysbios_knl_Task_Object__get__S)
                  0c02d1e0    00000060     sysbios.lib : BIOS.obj (.text:ti_sysbios_knl_Task_allBlockedFunction__I)
                  0c02d240    00000060                 : BIOS.obj (.text:ti_sysbios_knl_Task_enter__I)
                  0c02d2a0    00000060     rts6600_elf_mt.lib : lowlev.obj (.text:unlink)
                  0c02d300    00000060     omp_config_pe66.oe66 (.text:xdc_runtime_GateNull_Object__create__S)
                  0c02d360    00000060     ti.targets.rts6000.ae66 : Memory.oe66 (.text:xdc_runtime_Memory_calloc__F)
                  0c02d3c0    00000060                             : Memory.oe66 (.text:xdc_runtime_Memory_valloc__F)
                  0c02d420    00000060                             : SysMin.oe66 (.text:xdc_runtime_SysMin_Module_startup__F)
                  0c02d480    00000060                             : SysMin.oe66 (.text:xdc_runtime_SysMin_exit__F)
                  0c02d4e0    00000060     omp_config_pe66.oe66 (.text:xdc_runtime_SysMin_output__I)
                  0c02d540    00000060     ti.targets.rts6000.ae66 : System.oe66 (.text:xdc_runtime_System_avprintf__F)
                  0c02d5a0    00000060                             : System.oe66 (.text:xdc_runtime_System_vprintf__F)
                  0c02d600    00000060                             : Text.oe66 (.text:xdc_runtime_Text_cordText__F)
                  0c02d660    00000040     ti.omp.ae66 : task.oe66 (.text:CACHE_invAllL2)
                  0c02d6a0    00000040     ti.omp.config.sysbios.ae66 : bar.oe66 (.text:CACHE_invAllL2)
                  0c02d6e0    00000040     ti.omp.ae66 : task.oe66 (.text:CACHE_invAllL2Wait)
                  0c02d720    00000040     ti.omp.config.sysbios.ae66 : bar.oe66 (.text:CACHE_invAllL2Wait)
                  0c02d760    00000040     ti.omp.navigator.ae66 : Navigator.oe66 (.text:CACHE_invL1dWait)
                  0c02d7a0    00000040     ti.omp.navigatorOsal.ae66 : Navigatorosal.oe66 (.text:CACHE_invL1dWait)
                  0c02d7e0    00000040     ti.omp.ae66 : task.oe66 (.text:CACHE_wbInvAllL1d)
                  0c02d820    00000040     ti.omp.config.sysbios.ae66 : bar.oe66 (.text:CACHE_wbInvAllL1d)
                  0c02d860    00000040     ti.omp.ae66 : task.oe66 (.text:CACHE_wbInvAllL1dWait)
                  0c02d8a0    00000040     ti.omp.config.sysbios.ae66 : bar.oe66 (.text:CACHE_wbInvAllL1dWait)
                  0c02d8e0    00000040     ti.omp.navigator.ae66 : Navigator.oe66 (.text:CACHE_wbL1dWait)
                  0c02d920    00000040     ti.omp.navigatorOsal.ae66 : Navigatorosal.oe66 (.text:CACHE_wbL1dWait)
                  0c02d960    00000040     ti.omp.config.sysbios.ae66 : preinit.oe66 (.text:CSL_XMC_setXMPAXH)
                  0c02d9a0    00000040     ti.omp.ae66 : parallel.oe66 (.text:CSL_semAcquireDirect)
                  0c02d9e0    00000040                 : task.oe66 (.text:CSL_semAcquireDirect)
                  0c02da20    00000040                 : team.oe66 (.text:CSL_semAcquireDirect)
                  0c02da60    00000040     ti.omp.config.sysbios.ae66 : bar.oe66 (.text:CSL_semAcquireDirect)
                  0c02daa0    00000040     ti.omp.navigatorOsal.ae66 : Navigatorosal.oe66 (.text:CSL_semAcquireDirect)
                  0c02dae0    00000040     ti.omp.ae66 : parallel.oe66 (.text:CSL_semReleaseSemaphore)
                  0c02db20    00000040                 : task.oe66 (.text:CSL_semReleaseSemaphore)
                  0c02db60    00000040                 : team.oe66 (.text:CSL_semReleaseSemaphore)
                  0c02dba0    00000040     ti.omp.config.sysbios.ae66 : bar.oe66 (.text:CSL_semReleaseSemaphore)
                  0c02dbe0    00000040     ti.omp.navigatorOsal.ae66 : Navigatorosal.oe66 (.text:CSL_semReleaseSemaphore)
                  0c02dc20    00000040     ti.omp.navigator.ae66 : Navigator.oe66 (.text:Cppi_getSoftwareInfo0)
                  0c02dc60    00000040                           : Navigator.oe66 (.text:Create_Queue)
                  0c02dca0    00000040     ti.omp.ae66 : parallel.oe66 (.text:GOMP_parallel_start)
                  0c02dce0    00000040     ti.omp.navigatorOsal.ae66 : Navigatorosal.oe66 (.text:Osal_cppiCsEnter)
                  0c02dd20    00000040                               : Navigatorosal.oe66 (.text:Osal_qmssBeginMemAccess)
                  0c02dd60    00000040                               : Navigatorosal.oe66 (.text:Osal_qmssCsEnter)
                  0c02dda0    00000040                               : Navigatorosal.oe66 (.text:Osal_qmssEndMemAccess)
                  0c02dde0    00000040     ti.drv.qmss.ae66 : qmss_drv.oe66 (.text:Qmss_getMemRegDescSize)
                  0c02de20    00000040     ti.omp.navigator.ae66 : Navigator.oe66 (.text:Qmss_getQueueEntryCount)
                  0c02de60    00000040                           : Navigator.oe66 (.text:Qmss_queueEmpty)
                  0c02dea0    00000040                           : Navigator.oe66 (.text:Qmss_queuePop)
                  0c02dee0    00000040                           : Navigator.oe66 (.text:Qmss_queuePushDesc)
                  0c02df20    00000040     rts6600_elf_mt.lib : _data_synch.obj (.text:__TI_data_synch_WB)
                  0c02df60    00000040                        : _data_synch.obj (.text:__TI_data_synch_WBINV)
                  0c02dfa0    00000040                        : _mutex.obj (.text:__TI_resource_unlock)
                  0c02dfe0    00000040                        : isinf.obj (.text:__c6xabi_isinf)
                  0c02e020    00000040                        : _printfi.obj (.text:__c6xabi_isnan)
                  0c02e060    00000040                        : args_main.obj (.text:_args_main)
                  0c02e0a0    00000040     sysbios.lib : c62_TaskSupport_asm.obj (.text:_ti_sysbios_family_c62_TaskSupport_buildTaskStack)
                  0c02e0e0    00000040                 : c64p_Hwi_asm_switch.obj (.text:_ti_sysbios_family_xxx_Hwi_switchToIsrStack)
                  0c02e120    00000040     omp_config_pe66.oe66 (.text:free)
                  0c02e160    00000040     ti.omp.ae66 : team.oe66 (.text:free_team)
                  0c02e1a0    00000040     ti.omp.config.sysbios.ae66 : bar.oe66 (.text:gomp_barrier_destroy)
                  0c02e1e0    00000040                                : bar.oe66 (.text:gomp_barrier_reinit)
                  0c02e220    00000040     ti.omp.ae66 : task.oe66 (.text:gomp_end_task)
                  0c02e260    00000040                 : error.oe66 (.text:gomp_error)
                  0c02e2a0    00000040                 : error.oe66 (.text:gomp_fatal)
                  0c02e2e0    00000040                 : alloc.oe66 (.text:gomp_free)
                  0c02e320    00000040                 : team.oe66 (.text:gomp_free_pool_helper)
                  0c02e360    00000040                 : team.oe66 (.text:gomp_new_thread_pool)
                  0c02e3a0    00000040                 : work.oe66 (.text:gomp_ptrlock_init)
                  0c02e3e0    00000040                 : critical.oe66 (.text:gomp_sem_init)
                  0c02e420    00000040                 : env.oe66 (.text:gomp_sem_init)
                  0c02e460    00000040                 : task.oe66 (.text:gomp_sem_init)
                  0c02e4a0    00000040                 : team.oe66 (.text:gomp_sem_init)
                  0c02e4e0    00000040                 : work.oe66 (.text:gomp_sem_init)
                  0c02e520    00000040     ti.omp.config.sysbios.ae66 : bar.oe66 (.text:gomp_sem_init)
                  0c02e560    00000040     ti.omp.ae66 : task.oe66 (.text:gomp_team_barrier_waiting_for_tasks)
                  0c02e5a0    00000040     ti.omp.config.sysbios.ae66 : thread.oe66 (.text:gomp_thread_create)
                  0c02e5e0    00000040     rts6600_elf_mt.lib : _mutex.obj (.text:init_mutexes)
                  0c02e620    00000040     ti.omp.ae66 : critical.oe66 (.text:initialize_critical)
                  0c02e660    00000040     ti.omp.utils.ae66 : ThreadLocalStorage.oe66 (.text:isTLSRequired)
                  0c02e6a0    00000040     ti.omp.navigator.ae66 : Navigator.oe66 (.text:l2_global_address)
                  0c02e6e0    00000040     ti.omp.ae66 : env.oe66 (.text:omp_check_defines)
                  0c02e720    00000040                 : parallel.oe66 (.text:omp_get_num_threads)
                  0c02e760    00000040                 : env.oe66 (.text:omp_set_num_threads)
                  0c02e7a0    00000040     rts6600_elf_mt.lib : _pthread.obj (.text:pthread_self)
                  0c02e7e0    00000040     sysbios.lib : BIOS.obj (.text:rtsLock$0)
                  0c02e820    00000040     omp_config_pe66.oe66 (.text:ti_omp_utils_HeapOMP_Handle__label__S)
                  0c02e860    00000040     ti.omp.utils.ae66 : HeapOMP.oe66 (.text:ti_omp_utils_HeapOMP_Instance_init__F)
                  0c02e8a0    00000040     omp_config_pe66.oe66 (.text:ti_omp_utils_HeapOMP_Object__delete__S)
                  0c02e8e0    00000040     ti.omp.utils.ae66 : HeapOMP.oe66 (.text:ti_omp_utils_HeapOMP_free__E)
                  0c02e920    00000040                       : SemaphoreMP.oe66 (.text:ti_omp_utils_SemaphoreMP_cbFxn__I)
                  0c02e960    00000040                       : SemaphoreMP.oe66 (.text:ti_omp_utils_SemaphoreMP_start__F)
                  0c02e9a0    00000040                       : ThreadLocalStorage.oe66 (.text:ti_omp_utils_ThreadLocalStorage_switchFxn__F)
                  0c02e9e0    00000040                       : ThreadLocal.oe66 (.text:ti_omp_utils_ThreadLocal_createFxn__F)
                  0c02ea20    00000040     omp_config_pe66.oe66 (.text:ti_sdo_ipc_GateMP_Object__delete__S)
                  0c02ea60    00000040     omp_config_pe66.oe66 (.text:ti_sdo_ipc_GateMP_Params__init__S)
                  0c02eaa0    00000040     omp_config_pe66.oe66 (.text:ti_sdo_ipc_GateMP_RemoteCustom1Proxy_Object__create__S)
                  0c02eae0    00000040     omp_config_pe66.oe66 (.text:ti_sdo_ipc_GateMP_RemoteCustom2Proxy_Object__create__S)
                  0c02eb20    00000040     omp_config_pe66.oe66 (.text:ti_sdo_ipc_GateMP_RemoteSystemProxy_Object__create__S)
                  0c02eb60    00000040     omp_config_pe66.oe66 (.text:ti_sdo_ipc_ListMP_Object__delete__S)
                  0c02eba0    00000040     omp_config_pe66.oe66 (.text:ti_sdo_ipc_ListMP_Params__init__S)
                  0c02ebe0    00000040     omp_config_pe66.oe66 (.text:ti_sdo_ipc_MessageQ_registerTransport__E)
                  0c02ec20    00000040     ipc.lib : Ipc.obj (.text:ti_sdo_ipc_family_c647x_Interrupt_intClear__E)
                  0c02ec60    00000040             : Ipc.obj (.text:ti_sdo_ipc_family_c647x_Interrupt_intSend__E)
                  0c02eca0    00000040     omp_config_pe66.oe66 (.text:ti_sdo_ipc_gates_GateHWSem_Handle__label__S)
                  0c02ece0    00000040     omp_config_pe66.oe66 (.text:ti_sdo_ipc_gates_GateHWSem_Object__delete__S)
                  0c02ed20    00000040     omp_config_pe66.oe66 (.text:ti_sdo_ipc_gates_GateHWSem_Params__init__S)
                  0c02ed60    00000040     omp_config_pe66.oe66 (.text:ti_sdo_ipc_gates_GateMPSupportNull_Handle__label__S)
                  0c02eda0    00000040     omp_config_pe66.oe66 (.text:ti_sdo_ipc_gates_GateMPSupportNull_Object__delete__S)
                  0c02ede0    00000040     omp_config_pe66.oe66 (.text:ti_sdo_ipc_gates_GateMPSupportNull_Params__init__S)
                  0c02ee20    00000040     omp_config_pe66.oe66 (.text:ti_sdo_ipc_gates_GatePeterson_Handle__label__S)
                  0c02ee60    00000040     omp_config_pe66.oe66 (.text:ti_sdo_ipc_gates_GatePeterson_Object__delete__S)
                  0c02eea0    00000040     omp_config_pe66.oe66 (.text:ti_sdo_ipc_gates_GatePeterson_Params__init__S)
                  0c02eee0    00000040     omp_config_pe66.oe66 (.text:ti_sdo_ipc_heaps_HeapMemMP_Handle__label__S)
                  0c02ef20    00000040     omp_config_pe66.oe66 (.text:ti_sdo_ipc_heaps_HeapMemMP_Object__delete__S)
                  0c02ef60    00000040     omp_config_pe66.oe66 (.text:ti_sdo_ipc_heaps_HeapMemMP_Params__init__S)
                  0c02efa0    00000040     omp_config_pe66.oe66 (.text:ti_sdo_ipc_notifyDrivers_NotifyDriverShm_Handle__label__S)
                  0c02efe0    00000040     omp_config_pe66.oe66 (.text:ti_sdo_ipc_notifyDrivers_NotifyDriverShm_InterruptProxy_intRegister__E)
                  0c02f020    00000040     omp_config_pe66.oe66 (.text:ti_sdo_ipc_notifyDrivers_NotifyDriverShm_Object__delete__S)
                  0c02f060    00000040     omp_config_pe66.oe66 (.text:ti_sdo_ipc_notifyDrivers_NotifyDriverShm_Params__init__S)
                  0c02f0a0    00000040     ipc.lib : Ipc.obj (.text:ti_sdo_ipc_notifyDrivers_NotifyDriverShm_disable__E)
                  0c02f0e0    00000040             : Ipc.obj (.text:ti_sdo_ipc_notifyDrivers_NotifyDriverShm_enable__E)
                  0c02f120    00000040     omp_config_pe66.oe66 (.text:ti_sdo_ipc_nsremote_NameServerRemoteNotify_Handle__label__S)
                  0c02f160    00000040     omp_config_pe66.oe66 (.text:ti_sdo_ipc_nsremote_NameServerRemoteNotify_Object__delete__S)
                  0c02f1a0    00000040     omp_config_pe66.oe66 (.text:ti_sdo_ipc_nsremote_NameServerRemoteNotify_Object__first__S)
                  0c02f1e0    00000040     omp_config_pe66.oe66 (.text:ti_sdo_ipc_nsremote_NameServerRemoteNotify_Object__next__S)
                  0c02f220    00000040     omp_config_pe66.oe66 (.text:ti_sdo_ipc_nsremote_NameServerRemoteNotify_Params__init__S)
                  0c02f260    00000040     omp_config_pe66.oe66 (.text:ti_sdo_ipc_nsremote_NameServerRemoteNotify_get__E)
                  0c02f2a0    00000040     ipc.lib : Ipc.obj (.text:ti_sdo_ipc_nsremote_NameServerRemoteNotify_sharedMemReq__E)
                  0c02f2e0    00000040     omp_config_pe66.oe66 (.text:ti_sdo_ipc_transports_TransportShm_Handle__label__S)
                  0c02f320    00000040     omp_config_pe66.oe66 (.text:ti_sdo_ipc_transports_TransportShm_Object__delete__S)
                  0c02f360    00000040     omp_config_pe66.oe66 (.text:ti_sdo_ipc_transports_TransportShm_Params__init__S)
                  0c02f3a0    00000040     omp_config_pe66.oe66 (.text:ti_sdo_utils_List_Object__destruct__S)
                  0c02f3e0    00000040     omp_config_pe66.oe66 (.text:ti_sdo_utils_NameServer_Module__startupDone__F)
                  0c02f420    00000040     omp_config_pe66.oe66 (.text:ti_sdo_utils_NameServer_Object__first__S)
                  0c02f460    00000040     omp_config_pe66.oe66 (.text:ti_sdo_utils_NameServer_Object__next__S)
                  0c02f4a0    00000040     omp_config_pe66.oe66 (.text:ti_sysbios_BIOS_startFunc__I)
                  0c02f4e0    00000040     sysbios.lib : BIOS.obj (.text:ti_sysbios_BIOS_start__E)
                  0c02f520    00000040     omp_config_pe66.oe66 (.text:ti_sysbios_family_c64p_Hwi_Module__startupDone__F)
                  0c02f560    00000040     omp_config_pe66.oe66 (.text:ti_sysbios_family_c64p_Hwi_Object__delete__S)
                  0c02f5a0    00000040     omp_config_pe66.oe66 (.text:ti_sysbios_family_c64p_Hwi_Params__init__S)
                  0c02f5e0    00000040     sysbios.lib : BIOS.obj (.text:ti_sysbios_family_c64p_Hwi_disableInterrupt__E)
                  0c02f620    00000040                 : BIOS.obj (.text:ti_sysbios_family_c64p_Hwi_enableInterrupt__E)
                  0c02f660    00000040     omp_config_pe66.oe66 (.text:ti_sysbios_gates_GateAll_Handle__label__S)
                  0c02f6a0    00000040     omp_config_pe66.oe66 (.text:ti_sysbios_gates_GateAll_Object__delete__S)
                  0c02f6e0    00000040     omp_config_pe66.oe66 (.text:ti_sysbios_gates_GateHwi_Handle__label__S)
                  0c02f720    00000040     omp_config_pe66.oe66 (.text:ti_sysbios_gates_GateHwi_Object__delete__S)
                  0c02f760    00000040     omp_config_pe66.oe66 (.text:ti_sysbios_gates_GateMutexPri_Handle__label__S)
                  0c02f7a0    00000040     sysbios.lib : BIOS.obj (.text:ti_sysbios_gates_GateMutexPri_Instance_finalize__F)
                  0c02f7e0    00000040                 : BIOS.obj (.text:ti_sysbios_gates_GateMutexPri_Instance_init__F)
                  0c02f820    00000040     omp_config_pe66.oe66 (.text:ti_sysbios_gates_GateMutexPri_Object__delete__S)
                  0c02f860    00000040     omp_config_pe66.oe66 (.text:ti_sysbios_gates_GateMutexPri_Object__destruct__S)
                  0c02f8a0    00000040     omp_config_pe66.oe66 (.text:ti_sysbios_gates_GateMutex_Handle__label__S)
                  0c02f8e0    00000040     sysbios.lib : BIOS.obj (.text:ti_sysbios_gates_GateMutex_Instance_finalize__F)
                  0c02f920    00000040     omp_config_pe66.oe66 (.text:ti_sysbios_gates_GateMutex_Object__delete__S)
                  0c02f960    00000040     sysbios.lib : BIOS.obj (.text:ti_sysbios_gates_GateMutex_leave__E)
                  0c02f9a0    00000040     omp_config_pe66.oe66 (.text:ti_sysbios_gates_GateSwi_Handle__label__S)
                  0c02f9e0    00000040     omp_config_pe66.oe66 (.text:ti_sysbios_gates_GateSwi_Object__delete__S)
                  0c02fa20    00000040     omp_config_pe66.oe66 (.text:ti_sysbios_hal_Cache_CacheProxy_inv__E)
                  0c02fa60    00000040     omp_config_pe66.oe66 (.text:ti_sysbios_hal_Cache_CacheProxy_wbInv__E)
                  0c02faa0    00000040     omp_config_pe66.oe66 (.text:ti_sysbios_hal_Timer_Module__startupDone__F)
                  0c02fae0    00000040     omp_config_pe66.oe66 (.text:ti_sysbios_heaps_HeapMem_Handle__label__S)
                  0c02fb20    00000040     omp_config_pe66.oe66 (.text:ti_sysbios_heaps_HeapMem_Object__delete__S)
                  0c02fb60    00000040     omp_config_pe66.oe66 (.text:ti_sysbios_knl_Clock_Object__destruct__S)
                  0c02fba0    00000040     omp_config_pe66.oe66 (.text:ti_sysbios_knl_Clock_Params__init__S)
                  0c02fbe0    00000040     omp_config_pe66.oe66 (.text:ti_sysbios_knl_Queue_Object__destruct__S)
                  0c02fc20    00000040     sysbios.lib : BIOS.obj (.text:ti_sysbios_knl_Semaphore_Instance_finalize__F)
                  0c02fc60    00000040     omp_config_pe66.oe66 (.text:ti_sysbios_knl_Semaphore_Object__destruct__S)
                  0c02fca0    00000040     omp_config_pe66.oe66 (.text:ti_sysbios_knl_Semaphore_Params__init__S)
                  0c02fce0    00000040     omp_config_pe66.oe66 (.text:ti_sysbios_knl_Swi_Object__destruct__S)
                  0c02fd20    00000040     omp_config_pe66.oe66 (.text:ti_sysbios_knl_Swi_Params__init__S)
                  0c02fd60    00000040     omp_config_pe66.oe66 (.text:ti_sysbios_knl_Task_Object__delete__S)
                  0c02fda0    00000040     omp_config_pe66.oe66 (.text:ti_sysbios_knl_Task_Object__first__S)
                  0c02fde0    00000040     omp_config_pe66.oe66 (.text:ti_sysbios_knl_Task_Object__next__S)
                  0c02fe20    00000040     omp_config_pe66.oe66 (.text:ti_sysbios_knl_Task_Params__init__S)
                  0c02fe60    00000040     ti.omp.utils.ae66 : OpenMP.oe66 (.text:ti_sysbios_knl_Task_create)
                  0c02fea0    00000040     sysbios.lib : BIOS.obj (.text:ti_sysbios_knl_Task_unblock__E)
                  0c02fee0    00000040     omp_config_pe66.oe66 (.text:ti_sysbios_timers_timer64_Timer_Module__startupDone__F)
                  0c02ff20    00000040     sysbios.lib : BIOS.obj (.text:ti_sysbios_xdcruntime_GateThreadSupport_Instance_finalize__F)
                  0c02ff60    00000040                 : BIOS.obj (.text:ti_sysbios_xdcruntime_GateThreadSupport_Instance_init__F)
                  0c02ffa0    00000040     omp_config_pe66.oe66 (.text:ti_sysbios_xdcruntime_GateThreadSupport_Object__delete__S)
                  0c02ffe0    00000040     sysbios.lib : BIOS.obj (.text:ti_sysbios_xdcruntime_GateThreadSupport_enter__F)
                  0c030020    00000040                 : BIOS.obj (.text:ti_sysbios_xdcruntime_GateThreadSupport_leave__F)
                  0c030060    00000040     ti.targets.rts6000.ae66 : Error.oe66 (.text:xdc_runtime_Error_check__F)
                  0c0300a0    00000040                             : Error.oe66 (.text:xdc_runtime_Error_init__F)
                  0c0300e0    00000040     omp_config_pe66.oe66 (.text:xdc_runtime_Error_raiseX__E)
                  0c030120    00000040     omp_config_pe66.oe66 (.text:xdc_runtime_GateNull_Handle__label__S)
                  0c030160    00000040     omp_config_pe66.oe66 (.text:xdc_runtime_GateNull_Object__delete__S)
                  0c0301a0    00000040     ti.targets.rts6000.ae66 : Gate.oe66 (.text:xdc_runtime_Gate_leaveSystem__F)
                  0c0301e0    00000040     omp_config_pe66.oe66 (.text:xdc_runtime_IHeap_alloc)
                  0c030220    00000040     omp_config_pe66.oe66 (.text:xdc_runtime_IHeap_free)
                  0c030260    00000040     ti.targets.rts6000.ae66 : Memory.oe66 (.text:xdc_runtime_Memory_free__F)
                  0c0302a0    00000040     omp_config_pe66.oe66 (.text:xdc_runtime_Memory_valloc__E)
                  0c0302e0    00000040     ti.targets.rts6000.ae66 : Registry.oe66 (.text:xdc_runtime_Registry_findById__F)
                  0c030320    00000040     omp_config_pe66.oe66 (.text:xdc_runtime_Startup_exec__I)
                  0c030360    00000040     ti.targets.rts6000.ae66 : System.oe66 (.text:xdc_runtime_System_abort__F)
                  0c0303a0    00000040     omp_config_pe66.oe66 (.text:xdc_runtime_System_aprintf__E)
                  0c0303e0    00000040     omp_config_pe66.oe66 (.text:xdc_runtime_System_printf__E)
                  0c030420    00000040     ti.targets.rts6000.ae66 : Text.oe66 (.text:xdc_runtime_Text_ropeText__F)
                  0c030460    00000040     omp_config_pe66.oe66 (.text:xdc_runtime_Text_visitRope__I)
                  0c0304a0    00000040     omp_config_pe66.oe66 (.text:xdc_runtime_knl_GateThread_Handle__label__S)
                  0c0304e0    00000040     ti.targets.rts6000.ae66 : GateThread.oe66 (.text:xdc_runtime_knl_GateThread_Instance_finalize__F)
                  0c030520    00000040                             : GateThread.oe66 (.text:xdc_runtime_knl_GateThread_Instance_init__F)
                  0c030560    00000040     omp_config_pe66.oe66 (.text:xdc_runtime_knl_GateThread_Object__delete__S)
                  0c0305a0    00000040     omp_config_pe66.oe66 (.text:xdc_runtime_knl_GateThread_Proxy_Object__create__S)
                  0c0305e0    00000020     ti.omp.ae66 : task.oe66 (.text:CSL_XMC_invalidatePrefetchBuffer)
                  0c030600    00000020     ti.omp.config.sysbios.ae66 : bar.oe66 (.text:CSL_XMC_invalidatePrefetchBuffer)
                  0c030620    00000020     ti.omp.navigatorOsal.ae66 : Navigatorosal.oe66 (.text:CSL_XMC_invalidatePrefetchBuffer)
                  0c030640    00000020     ipc.lib : Ipc.obj (.text:GateMP_getDefaultRemote)
                  0c030660    00000020             : Ipc.obj (.text:MultiProc_getBaseIdOfCluster)
                  0c030680    00000020             : Ipc.obj (.text:MultiProc_getNumProcsInCluster)
                  0c0306a0    00000020             : Ipc.obj (.text:MultiProc_self)
                  0c0306c0    00000020     ti.omp.navigatorOsal.ae66 : Navigatorosal.oe66 (.text:Osal_cppiBeginMemAccess)
                  0c0306e0    00000020                               : Navigatorosal.oe66 (.text:Osal_cppiCsExit)
                  0c030700    00000020                               : Navigatorosal.oe66 (.text:Osal_cppiEndMemAccess)
[...]
0c03745c   ti_sdo_ipc_Notify_A_notRegistered__C
0c037460   ti_sdo_ipc_Notify_A_reservedEvent__C
0c037464   ti_sdo_ipc_Notify_Module__diagsEnabled__C
0c037468   ti_sdo_ipc_Notify_Module__diagsIncluded__C
0c03746c   ti_sdo_ipc_Notify_Module__diagsMask__C
0c037470   ti_sdo_ipc_Notify_Module__gateObj__C
0c037474   ti_sdo_ipc_Notify_Object__heap__C
0c037478   ti_sdo_ipc_Notify_numEvents__C
0c03747c   ti_sdo_ipc_Notify_sendEventPollCount__C
0c037480   ti_sdo_ipc_SharedRegion_A_addrOutOfRange__C
0c037484   ti_sdo_ipc_SharedRegion_A_alreadyExists__C
0c037488   ti_sdo_ipc_SharedRegion_A_cacheLineSizeIsZero__C
0c03748c   ti_sdo_ipc_SharedRegion_A_idTooLarge__C
0c037490   ti_sdo_ipc_SharedRegion_A_noHeap__C
0c037494   ti_sdo_ipc_SharedRegion_A_overlap__C
0c037498   ti_sdo_ipc_SharedRegion_A_region0Invalid__C
0c03749c   ti_sdo_ipc_SharedRegion_A_regionInvalid__C
0c0374a0   ti_sdo_ipc_SharedRegion_A_reserveTooMuch__C
0c0374a4   ti_sdo_ipc_SharedRegion_INVALIDSRPTR__C
0c0374a8   ti_sdo_ipc_SharedRegion_Module__diagsEnabled__C
0c0374ac   ti_sdo_ipc_SharedRegion_Module__diagsIncluded__C
0c0374b0   ti_sdo_ipc_SharedRegion_Module__diagsMask__C
0c0374b4   ti_sdo_ipc_SharedRegion_cacheLineSize__C
0c0374b8   ti_sdo_ipc_SharedRegion_numOffsetBits__C
0c0374bc   ti_sdo_ipc_SharedRegion_offsetMask__C
0c0374c0   ti_sdo_ipc_family_c647x_Interrupt_INTERDSPINT__C
0c0374c4   ti_sdo_ipc_family_c647x_Interrupt_IPCAR0__C
0c0374c8   ti_sdo_ipc_family_c647x_Interrupt_IPCGR0__C
0c0374cc   ti_sdo_ipc_family_c647x_Interrupt_KICK0__C
0c0374d0   ti_sdo_ipc_family_c647x_Interrupt_KICK1__C
0c0374d4   ti_sdo_ipc_family_c647x_MultiProcSetup_procMap__C
0c0374d8   ti_sdo_ipc_family_c647x_NotifySetup_dspIntVectId__C
0c0374dc   ti_sdo_ipc_gates_GateHWSem_A_invSemNum__C
0c0374e0   ti_sdo_ipc_gates_GateHWSem_Module__diagsEnabled__C
0c0374e4   ti_sdo_ipc_gates_GateHWSem_Module__diagsIncluded__C
0c0374e8   ti_sdo_ipc_gates_GateHWSem_Module__diagsMask__C
0c0374ec   ti_sdo_ipc_gates_GateHWSem_baseAddr__C
0c0374f0   ti_sdo_ipc_gates_GateHWSem_numSems__C
0c0374f4   ti_sdo_ipc_gates_GateHWSem_reservedMaskArr__C
0c0374f8   ti_sdo_ipc_gates_GateHWSem_reservedMaskArr__A
0c0374fc   ti_sdo_ipc_gates_GateMPSupportNull_A_invalidAction__C
0c037500   ti_sdo_ipc_gates_GateMPSupportNull_Module__diagsEnabled__C
0c037504   ti_sdo_ipc_gates_GateMPSupportNull_Module__diagsIncluded__C
0c037508   ti_sdo_ipc_gates_GateMPSupportNull_Module__diagsMask__C
0c03750c   ti_sdo_ipc_gates_GateMPSupportNull_action__C
0c037510   ti_sdo_ipc_gates_GatePeterson_E_gateRemotelyOpened__C
0c037514   ti_sdo_ipc_gates_GatePeterson_Module__diagsEnabled__C
0c037518   ti_sdo_ipc_gates_GatePeterson_Module__diagsIncluded__C
0c03751c   ti_sdo_ipc_gates_GatePeterson_Module__diagsMask__C
0c037520   ti_sdo_ipc_gates_GatePeterson_numInstances__C
0c037524   ti_sdo_ipc_heaps_HeapMemMP_A_align__C
0c037528   ti_sdo_ipc_heaps_HeapMemMP_A_heapSize__C
0c03752c   ti_sdo_ipc_heaps_HeapMemMP_A_invalidFree__C
0c037530   ti_sdo_ipc_heaps_HeapMemMP_A_zeroBlock__C
0c037534   ti_sdo_ipc_heaps_HeapMemMP_E_memory__C
0c037538   ti_sdo_ipc_heaps_HeapMemMP_Module__diagsEnabled__C
0c03753c   ti_sdo_ipc_heaps_HeapMemMP_Module__diagsIncluded__C
0c037540   ti_sdo_ipc_heaps_HeapMemMP_Module__diagsMask__C
0c037544   ti_sdo_ipc_interfaces_IGateMPSupport_Interface__BASE__C
0c037548   ti_sdo_ipc_interfaces_IMessageQTransport_Interface__BASE__C
0c03754c   ti_sdo_ipc_interfaces_INotifyDriver_Interface__BASE__C
0c037550   ti_sdo_ipc_notifyDrivers_NotifyDriverShm_Module__diagsEnabled__C
0c037554   ti_sdo_ipc_notifyDrivers_NotifyDriverShm_Module__diagsIncluded__C
0c037558   ti_sdo_ipc_notifyDrivers_NotifyDriverShm_Module__diagsMask__C
0c03755c   ti_sdo_ipc_notifyDrivers_NotifyDriverShm_Object__heap__C
0c037560   ti_sdo_ipc_nsremote_NameServerRemoteNotify_A_invalidValueLen__C
0c037564   ti_sdo_ipc_nsremote_NameServerRemoteNotify_Instance_State_semMultiBlock__O
0c037568   ti_sdo_ipc_nsremote_NameServerRemoteNotify_Instance_State_semRemoteWait__O
0c03756c   ti_sdo_ipc_nsremote_NameServerRemoteNotify_Instance_State_swiObj__O
0c037570   ti_sdo_ipc_nsremote_NameServerRemoteNotify_Module__diagsEnabled__C
0c037574   ti_sdo_ipc_nsremote_NameServerRemoteNotify_Module__diagsIncluded__C
0c037578   ti_sdo_ipc_nsremote_NameServerRemoteNotify_Module__diagsMask__C
0c03757c   ti_sdo_ipc_nsremote_NameServerRemoteNotify_notifyEventId__C
0c037580   ti_sdo_ipc_nsremote_NameServerRemoteNotify_timeout__C
0c037584   ti_sdo_ipc_transports_TransportShmSetup_priority__C
0c037588   ti_sdo_ipc_transports_TransportShm_Instance_State_swiObj__O
0c03758c   ti_sdo_ipc_transports_TransportShm_Module__diagsEnabled__C
0c037590   ti_sdo_ipc_transports_TransportShm_Module__diagsIncluded__C
0c037594   ti_sdo_ipc_transports_TransportShm_Module__diagsMask__C
0c037598   ti_sdo_utils_INameServerRemote_Interface__BASE__C
0c03759c   ti_sdo_utils_List_Object__count__C
0c0375a0   ti_sdo_utils_List_Object__table__C
0c0375a4   ti_sdo_utils_MultiProc_A_invalidMultiProcId__C
0c0375a8   ti_sdo_utils_MultiProc_Module__diagsEnabled__C
0c0375ac   ti_sdo_utils_MultiProc_Module__diagsIncluded__C
0c0375b0   ti_sdo_utils_MultiProc_Module__diagsMask__C
0c0375b4   ti_sdo_utils_NameServer_A_invArgument__C
0c0375b8   ti_sdo_utils_NameServer_A_invalidLen__C
0c0375bc   ti_sdo_utils_NameServer_E_entryExists__C
0c0375c0   ti_sdo_utils_NameServer_E_maxReached__C
0c0375c4   ti_sdo_utils_NameServer_Instance_State_freeList__O
0c0375c8   ti_sdo_utils_NameServer_Instance_State_nameList__O
0c0375cc   ti_sdo_utils_NameServer_Module__diagsEnabled__C
0c0375d0   ti_sdo_utils_NameServer_Module__diagsIncluded__C
0c0375d4   ti_sdo_utils_NameServer_Module__diagsMask__C
0c0375d8   ti_sdo_utils_NameServer_Object__count__C
0c0375dc   ti_sdo_utils_NameServer_Object__table__C
0c0375e0   ti_sysbios_BIOS_Module__diagsEnabled__C
0c0375e4   ti_sysbios_BIOS_Module__diagsIncluded__C
0c0375e8   ti_sysbios_BIOS_Module__diagsMask__C
0c0375ec   ti_sysbios_BIOS_installedErrorHook__C
0c0375f0   ti_sysbios_family_c62_TaskSupport_stackAlignment__C
0c0375f4   ti_sysbios_family_c64p_Exception_E_exceptionMin__C
0c0375f8   ti_sysbios_family_c64p_Exception_exceptionHook__C
0c0375fc   ti_sysbios_family_c64p_Exception_externalHook__C
0c037600   ti_sysbios_family_c64p_Exception_internalHook__C
0c037604   ti_sysbios_family_c64p_Exception_nmiHook__C
0c037608   ti_sysbios_family_c64p_Hwi_E_alreadyDefined__C
0c03760c   ti_sysbios_family_c64p_Hwi_E_handleNotFound__C
0c037610   ti_sysbios_family_c64p_Hwi_LD_end__C
0c037614   ti_sysbios_family_c64p_Hwi_LM_begin__C
0c037618   ti_sysbios_family_c64p_Hwi_Module__diagsEnabled__C
0c03761c   ti_sysbios_family_c64p_Hwi_Module__diagsIncluded__C
0c037620   ti_sysbios_family_c64p_Hwi_Module__diagsMask__C
0c037624   ti_sysbios_family_c64p_Hwi_Module__loggerFxn1__C
0c037628   ti_sysbios_family_c64p_Hwi_Module__loggerFxn8__C
0c03762c   ti_sysbios_family_c64p_Hwi_Module__loggerObj__C
0c037630   ti_sysbios_family_c66_Cache_atomicBlockSize__C
0c037634   ti_sysbios_gates_GateMutexPri_A_badContext__C
0c037638   ti_sysbios_gates_GateMutexPri_Instance_State_pendQ__O
0c03763c   ti_sysbios_gates_GateMutexPri_Module__diagsEnabled__C
0c037640   ti_sysbios_gates_GateMutexPri_Module__diagsIncluded__C
0c037644   ti_sysbios_gates_GateMutexPri_Module__diagsMask__C
0c037648   ti_sysbios_gates_GateMutex_A_badContext__C
0c03764c   ti_sysbios_gates_GateMutex_Instance_State_sem__O
0c037650   ti_sysbios_gates_GateMutex_Module__diagsEnabled__C
0c037654   ti_sysbios_gates_GateMutex_Module__diagsIncluded__C
0c037658   ti_sysbios_gates_GateMutex_Module__diagsMask__C
0c03765c   ti_sysbios_gates_GateSwi_A_badContext__C
0c037660   ti_sysbios_gates_GateSwi_Module__diagsEnabled__C
0c037664   ti_sysbios_gates_GateSwi_Module__diagsIncluded__C
0c037668   ti_sysbios_gates_GateSwi_Module__diagsMask__C
0c03766c   ti_sysbios_hal_Hwi_E_stackOverflow__C
0c037670   ti_sysbios_heaps_HeapBuf_Instance_State_freeList__O
0c037674   ti_sysbios_heaps_HeapBuf_Object__count__C
0c037678   ti_sysbios_heaps_HeapBuf_Object__table__C
0c03767c   ti_sysbios_heaps_HeapBuf_numConstructedHeaps__C
0c037680   ti_sysbios_heaps_HeapMem_A_align__C
0c037684   ti_sysbios_heaps_HeapMem_A_heapSize__C
0c037688   ti_sysbios_heaps_HeapMem_A_invalidFree__C
0c03768c   ti_sysbios_heaps_HeapMem_A_zeroBlock__C
0c037690   ti_sysbios_heaps_HeapMem_E_memory__C
0c037694   ti_sysbios_heaps_HeapMem_Module__diagsEnabled__C
0c037698   ti_sysbios_heaps_HeapMem_Module__diagsIncluded__C
0c03769c   ti_sysbios_heaps_HeapMem_Module__diagsMask__C
0c0376a0   ti_sysbios_heaps_HeapMem_Module__gateObj__C
0c0376a4   ti_sysbios_heaps_HeapMem_Object__count__C
0c0376a8   ti_sysbios_heaps_HeapMem_Object__table__C
0c0376ac   ti_sysbios_heaps_HeapMem_reqAlignMask__C
0c0376b0   ti_sysbios_heaps_HeapMem_reqAlign__C
0c0376b4   ti_sysbios_knl_Clock_A_badThreadType__C
0c0376b8   ti_sysbios_knl_Clock_LM_begin__C
0c0376bc   ti_sysbios_knl_Clock_LM_tick__C
0c0376c0   ti_sysbios_knl_Clock_LW_delayed__C
0c0376c4   ti_sysbios_knl_Clock_Module_State_clockQ__O
0c0376c8   ti_sysbios_knl_Clock_Module__diagsEnabled__C
0c0376cc   ti_sysbios_knl_Clock_Module__diagsIncluded__C
0c0376d0   ti_sysbios_knl_Clock_Module__diagsMask__C
0c0376d4   ti_sysbios_knl_Clock_Module__loggerFxn1__C
0c0376d8   ti_sysbios_knl_Clock_Module__loggerFxn2__C
0c0376dc   ti_sysbios_knl_Clock_Module__loggerObj__C
0c0376e0   ti_sysbios_knl_Clock_tickMode__C
0c0376e4   ti_sysbios_knl_Clock_tickSource__C
0c0376e8   ti_sysbios_knl_Queue_Object__count__C
0c0376ec   ti_sysbios_knl_Queue_Object__table__C
0c0376f0   ti_sysbios_knl_Semaphore_A_badContext__C
0c0376f4   ti_sysbios_knl_Semaphore_A_noEvents__C
0c0376f8   ti_sysbios_knl_Semaphore_Instance_State_pendQ__O
0c0376fc   ti_sysbios_knl_Semaphore_LM_pend__C
0c037700   ti_sysbios_knl_Semaphore_LM_post__C
0c037704   ti_sysbios_knl_Semaphore_Module__diagsEnabled__C
0c037708   ti_sysbios_knl_Semaphore_Module__diagsIncluded__C
0c03770c   ti_sysbios_knl_Semaphore_Module__diagsMask__C
0c037710   ti_sysbios_knl_Semaphore_Module__loggerFxn2__C
0c037714   ti_sysbios_knl_Semaphore_Module__loggerFxn4__C
0c037718   ti_sysbios_knl_Semaphore_Module__loggerObj__C
0c03771c   ti_sysbios_knl_Swi_A_badPriority__C
0c037720   ti_sysbios_knl_Swi_LD_end__C
0c037724   ti_sysbios_knl_Swi_LM_begin__C
0c037728   ti_sysbios_knl_Swi_LM_post__C
0c03772c   ti_sysbios_knl_Swi_Module__diagsEnabled__C
0c037730   ti_sysbios_knl_Swi_Module__diagsIncluded__C
0c037734   ti_sysbios_knl_Swi_Module__diagsMask__C
0c037738   ti_sysbios_knl_Swi_Module__loggerFxn1__C
0c03773c   ti_sysbios_knl_Swi_Module__loggerFxn4__C
0c037740   ti_sysbios_knl_Swi_Module__loggerObj__C
0c037744   ti_sysbios_knl_Swi_Object__count__C
0c037748   ti_sysbios_knl_Swi_Object__table__C
0c03774c   ti_sysbios_knl_Task_A_badPriority__C
0c037750   ti_sysbios_knl_Task_A_badTaskState__C
0c037754   ti_sysbios_knl_Task_A_badThreadType__C
0c037758   ti_sysbios_knl_Task_A_noPendElem__C
0c03775c   ti_sysbios_knl_Task_E_spOutOfBounds__C
0c037760   ti_sysbios_knl_Task_E_stackOverflow__C
0c037764   ti_sysbios_knl_Task_LD_block__C
0c037768   ti_sysbios_knl_Task_LD_exit__C
0c03776c   ti_sysbios_knl_Task_LD_ready__C
0c037770   ti_sysbios_knl_Task_LM_setPri__C
0c037774   ti_sysbios_knl_Task_LM_switch__C
0c037778   ti_sysbios_knl_Task_LM_yield__C
0c03777c   ti_sysbios_knl_Task_Module_State_inactiveQ__O
0c037780   ti_sysbios_knl_Task_Module_State_terminatedQ__O
0c037784   ti_sysbios_knl_Task_Module__diagsEnabled__C
0c037788   ti_sysbios_knl_Task_Module__diagsIncluded__C
0c03778c   ti_sysbios_knl_Task_Module__diagsMask__C
0c037790   ti_sysbios_knl_Task_Module__loggerFxn2__C
0c037794   ti_sysbios_knl_Task_Module__loggerFxn4__C
0c037798   ti_sysbios_knl_Task_Module__loggerObj__C
0c03779c   ti_sysbios_knl_Task_Object__count__C
0c0377a0   ti_sysbios_knl_Task_Object__heap__C
0c0377a4   ti_sysbios_knl_Task_Object__table__C
0c0377a8   ti_sysbios_knl_Task_allBlockedFunc__C
0c0377ac   ti_sysbios_knl_Task_defaultStackHeap__C
0c0377b0   ti_sysbios_knl_Task_defaultStackSize__C
0c0377b4   ti_sysbios_knl_Task_numConstructedTasks__C
0c0377b8   ti_sysbios_knl_Task_numPriorities__C
0c0377bc   ti_sysbios_timers_timer64_Timer_A_notAvailable__C
0c0377c0   ti_sysbios_timers_timer64_Timer_E_cannotSupport__C
0c0377c4   ti_sysbios_timers_timer64_Timer_Module__diagsEnabled__C
0c0377c8   ti_sysbios_timers_timer64_Timer_Module__diagsIncluded__C
0c0377cc   ti_sysbios_timers_timer64_Timer_Module__diagsMask__C
0c0377d0   ti_sysbios_timers_timer64_Timer_anyMask__C
0c0377d4   ti_sysbios_timers_timer64_Timer_freqDivisor__C
0c0377d8   ti_sysbios_timers_timer64_Timer_numLocalTimers__C
0c0377dc   ti_sysbios_timers_timer64_Timer_numTimerDevices__C
0c0377e0   ti_sysbios_xdcruntime_GateThreadSupport_Instance_State_gate__O
0c0377e4   xdc_runtime_Assert_E_assertFailed__C
0c0377e8   xdc_runtime_Core_A_initializedParams__C
0c0377ec   xdc_runtime_Core_Module__diagsEnabled__C
0c0377f0   xdc_runtime_Core_Module__diagsIncluded__C
0c0377f4   xdc_runtime_Core_Module__diagsMask__C
0c0377f8   xdc_runtime_Error_E_generic__C
0c0377fc   xdc_runtime_Error_E_memory__C
0c037800   xdc_runtime_Error_Module__diagsEnabled__C
0c037804   xdc_runtime_Error_Module__diagsIncluded__C
0c037808   xdc_runtime_Error_Module__diagsMask__C
0c03780c   xdc_runtime_Error_Module__loggerFxn8__C
0c037810   xdc_runtime_Error_Module__loggerObj__C
0c037814   xdc_runtime_Error_policy__C
0c037818   xdc_runtime_Error_raiseHook__C
0c03781c   xdc_runtime_IGateProvider_Interface__BASE__C
0c037820   xdc_runtime_IHeap_Interface__BASE__C
0c037824   xdc_runtime_IModule_Interface__BASE__C
0c037828   xdc_runtime_Log_L_error__C
0c03782c   xdc_runtime_Main_Module__diagsEnabled__C
0c037830   xdc_runtime_Main_Module__diagsIncluded__C
0c037834   xdc_runtime_Main_Module__diagsMask__C
0c037838   xdc_runtime_Main_Module__loggerFxn4__C
0c03783c   xdc_runtime_Main_Module__loggerObj__C
0c037840   xdc_runtime_Memory_defaultHeapInstance__C
0c037844   xdc_runtime_Startup_execImpl__C
0c037848   xdc_runtime_Startup_maxPasses__C
0c03784c   xdc_runtime_Startup_sfxnRts__C
0c037850   xdc_runtime_Startup_sfxnTab__C
0c037854   xdc_runtime_Startup_startModsFxn__C
0c037858   xdc_runtime_SysMin_bufSize__C
0c03785c   xdc_runtime_SysMin_outputFunc__C
0c037860   xdc_runtime_System_Module__gateObj__C
0c037864   xdc_runtime_System_extendFxn__C
0c037868   xdc_runtime_System_maxAtexitHandlers__C
0c03786c   xdc_runtime_Text_charTab__C
0c037870   xdc_runtime_Text_nameEmpty__C
0c037874   xdc_runtime_Text_nameStatic__C
0c037878   xdc_runtime_Text_nameUnknown__C
0c03787c   xdc_runtime_Text_nodeTab__C
0c037880   xdc_runtime_Text_visitRopeFxn__C
0c037884   ti_omp_utils_OpenMP_enableMemoryConsistency__C
0c037888   ti_omp_utils_OpenMP_qmssInit__C
0c03788c   ti_omp_utils_SemaphoreMP_Module__id__C
0c037890   ti_omp_utils_ThreadLocal_Module__id__C
0c037894   ti_sdo_ipc_GateMP_Module__id__C
0c037898   ti_sdo_ipc_GateMP_Module__loggerDefined__C
0c03789c   ti_sdo_ipc_Ipc_Module__id__C
0c0378a0   ti_sdo_ipc_Ipc_generateSlaveDataForHost__C
0c0378a4   ti_sdo_ipc_ListMP_Module__id__C
0c0378a8   ti_sdo_ipc_MessageQ_Module__id__C
0c0378ac   ti_sdo_ipc_MessageQ_Module__loggerDefined__C
0c0378b0   ti_sdo_ipc_Notify_Module__id__C
0c0378b4   ti_sdo_ipc_Notify_numLines__C
0c0378b8   ti_sdo_ipc_Notify_reservedEvents__C
0c0378bc   ti_sdo_ipc_SharedRegion_Module__id__C
0c0378c0   ti_sdo_ipc_SharedRegion_numEntries__C
0c0378c4   ti_sdo_ipc_SharedRegion_translate__C
0c0378c8   ti_sdo_ipc_family_c647x_Interrupt_enableKick__C
0c0378cc   ti_sdo_ipc_gates_GateHWSem_Module__id__C
0c0378d0   ti_sdo_ipc_gates_GateMPSupportNull_Module__id__C
0c0378d4   ti_sdo_ipc_gates_GatePeterson_Module__id__C
0c0378d8   ti_sdo_ipc_heaps_HeapMemMP_Module__id__C
0c0378dc   ti_sdo_ipc_notifyDrivers_NotifyDriverShm_Module__id__C
0c0378e0   ti_sdo_ipc_nsremote_NameServerRemoteNotify_Module__id__C
0c0378e4   ti_sdo_ipc_transports_TransportShm_Module__id__C
0c0378e8   ti_sdo_ipc_transports_TransportShm_notifyEventId__C
0c0378ec   ti_sdo_utils_MultiProc_Module__id__C
0c0378f0   ti_sdo_utils_MultiProc_numProcessors__C
0c0378f4   ti_sdo_utils_MultiProc_numProcsInCluster__C
0c0378f8   ti_sdo_utils_NameServer_Module__id__C
0c0378fc   ti_sysbios_BIOS_Module__id__C
0c037900   ti_sysbios_family_c64p_Exception_Module__id__C
0c037904   ti_sysbios_family_c64p_Hwi_Module__id__C
0c037908   ti_sysbios_family_c64p_Hwi_Module__loggerDefined__C
0c03790c   ti_sysbios_gates_GateMutexPri_Module__id__C
0c037910   ti_sysbios_gates_GateMutex_Module__id__C
0c037914   ti_sysbios_gates_GateSwi_Module__id__C
0c037918   ti_sysbios_hal_Hwi_Module__id__C
0c03791c   ti_sysbios_heaps_HeapMem_Module__id__C
0c037920   ti_sysbios_knl_Clock_Module__id__C
0c037924   ti_sysbios_knl_Clock_Module__loggerDefined__C
0c037928   ti_sysbios_knl_Semaphore_Module__id__C
0c03792c   ti_sysbios_knl_Semaphore_Module__loggerDefined__C
0c037930   ti_sysbios_knl_Swi_Module__id__C
0c037934   ti_sysbios_knl_Swi_Module__loggerDefined__C
0c037938   ti_sysbios_knl_Task_Module__id__C
0c03793c   ti_sysbios_knl_Task_Module__loggerDefined__C
0c037940   ti_sysbios_knl_Task_deleteTerminatedTasks__C
0c037944   ti_sysbios_knl_Task_initStackFlag__C
0c037948   ti_sysbios_timers_timer64_Timer_Module__id__C
0c03794c   ti_sysbios_timers_timer64_Timer_startupNeeded__C
0c037950   xdc_runtime_Core_Module__id__C
0c037954   xdc_runtime_Error_Module__loggerDefined__C
0c037958   xdc_runtime_Error_maxDepth__C
0c03795c   xdc_runtime_Main_Module__id__C
0c037960   xdc_runtime_Main_Module__loggerDefined__C
0c037964   xdc_runtime_Memory_Module__id__C
0c037968   xdc_runtime_SysMin_flushAtExit__C
0c03796c   xdc_runtime_Text_charCnt__C
0c037970   xdc_runtime_Text_isLoaded__C
0c037974   xdc_runtime_Text_registryModsLastId__C
0c037978   xdc_runtime_Text_unnamedModsLastId__C
0c037980   cppiObject
0c037c00   ti_sysbios_family_c64p_Hwi0
0c037c20   ti_sysbios_family_c64p_Hwi1
0c037c40   ti_sysbios_family_c64p_Hwi2
0c037c60   ti_sysbios_family_c64p_Hwi3
0c037c80   ti_sysbios_family_c64p_Hwi4
0c037ca0   ti_sysbios_family_c64p_Hwi5
0c037cc0   ti_sysbios_family_c64p_Hwi6
0c037ce0   ti_sysbios_family_c64p_Hwi7
0c037d00   ti_sysbios_family_c64p_Hwi8
0c037d20   ti_sysbios_family_c64p_Hwi9
0c037d40   ti_sysbios_family_c64p_Hwi10
0c037d60   ti_sysbios_family_c64p_Hwi11
0c037d80   ti_sysbios_family_c64p_Hwi12
0c037da0   ti_sysbios_family_c64p_Hwi13
0c037dc0   ti_sysbios_family_c64p_Hwi14
0c037de0   ti_sysbios_family_c64p_Hwi15
0c037f58   __TI_table_binit
0c037f58   __binit__
0c037f58   binit
0c038000   _c_int00
0c038994   __TI_Handler_Table_Base
0c0389a0   __TI_Handler_Table_Limit
0c0389dc   __TI_CINIT_Base
0c038a24   __TI_CINIT_Limit
a0180000   linkingRAM0
a0190000   eventDesc
a0192000   cpdmaCfg
a0192018   qmssInitConfig
a0192044   memInfo
a019205c   descCfg
a019208c   cppiHnd
a0192090   completionQueHnd
a0192094   eventQueHnd
a0192098   EventFreeDescHnd
a019209c   releaseHnd
a01920a0   isQMSSInitialized
a01920a4   release
a01920a8   runCount
a01920ac   Ipc_sr0MemorySetup
a01920b0   gomp_thread_attr
a01920e8   gomp_thread_destructor
a01920ec   gomp_main_exit
a01920f0   gomp_tls_key
a0192100   queueFree
a0194100   qmssGObj
a01946d0   ThreadLocal_destructors
a0194710   gomp_global_icv
a0194720   gomp_max_active_levels_var
a0194724   gomp_thread_limit_var
a0194728   gomp_available_cpus
a019472c   gomp_managed_threads
a0194730   gomp_cpu_affinity
a0194734   gomp_cpu_affinity_len
a0194738   gomp_remaining_threads_count
a019473c   gomp_remaining_threads_lock
a0194740   gomp_spin_count_var
a0194748   gomp_throttled_spin_count_var
a0194750   SemaphoreMP_pendElemKey
a0194754   ThreadLocal_usedKeys
a0194758   qmssLObj
a0194878   __TI_STATIC_BASE
a0194878   qmssLObjIsValid
a0194880   omp_qmssGblCfgParams
a01949a0   __TI_TLS_MAIN_THREAD_Base
a01949a0   errno
a0194a84   __TI_TLS_INIT_Base
a0194a94   __TI_TLS_INIT_Limit
ffffffff   __TI_pprof_out_hndl
ffffffff   __TI_prof_data_size
ffffffff   __TI_prof_data_start
ffffffff   __c_args__
UNDEFED    __TI_INITARRAY_Base
UNDEFED    __TI_INITARRAY_Limit

[1504 symbols]
