******************************************************************************
               TMS320C6x Linker Unix v7.4.2                    
******************************************************************************
>> Linked Tue Apr 30 17:35:47 2013

OUTPUT FILE NAME:   <local_avg.out>
ENTRY POINT SYMBOL: "_c_int00"  address: 0c0b7800


MEMORY CONFIGURATION

         name            origin    length      used     unused   attr    fill
----------------------  --------  ---------  --------  --------  ----  --------
  L2SRAM                00800000   00060000  0002c618  000339e8  RW X
  L1DSRAM               00f00000   00004000  00000000  00004000  RW  
  MSMCSRAM              0c000000   00300000  000b89fe  00247602  RW X
  MSMCSRAM_CACHE        0c300000   00100000  00000000  00100000  RW X
  DDR3                  80000000   20000000  01000000  1f000000  RW X
  MSMCSRAM_NOCACHE      a0300000   00100000  0003996e  000c6692  RW X


SEGMENT ALLOCATION MAP

run origin  load origin   length   init length attrs members
----------  ----------- ---------- ----------- ----- -------
00800000    00800000    0002c618   0002b4f4    rw-
  00800000    00800000    0002b4f4   0002b4f4    rw- .localfar
  0082b4f4    0082b4f4    00000004   00000000    rw- .tls_tp
  0082b4f8    0082b4f8    00001000   00000000    rw- .stack
  0082c4f8    0082c4f8    00000120   00000000    rw- .cio
0c080000    0c080000    00036e86   00036e86    r-x
  0c080000    0c080000    00031f60   00031f60    r-x .text
  0c0b1f60    0c0b1f60    00004f26   00004f26    r-- .const
0c0b6e88    0c0b6e88    00000120   00000000    rw-
  0c0b6e88    0c0b6e88    00000120   00000000    rw- .far
0c0b6fa8    0c0b6fa8    00000040   00000040    r--
  0c0b6fa8    0c0b6fa8    00000040   00000040    r-- .switch.1
0c0b6fe8    0c0b6fe8    00000004   00000000    rw-
  0c0b6fe8    0c0b6fe8    00000004   00000000    rw- .bss
0c0b7000    0c0b7000    00000200   00000200    r-x
  0c0b7000    0c0b7000    00000200   00000200    r-x .vecs
0c0b7200    0c0b73b8    00000011   00000011    rw-
  0c0b7200    0c0b73b8    00000011   00000011    rw- .neardata
0c0b7218    0c0b73d0    0000019c   0000019c    rw-
  0c0b7218    0c0b73d0    0000019c   0000019c    rw- .fardata
0c0b7570    0c0b7570    000000d0   00000008    rw-
  0c0b7570    0c0b7570    00000008   00000008    rw- .tdata
  0c0b7578    0c0b7578    000000c8   00000000    rw- .tbss
0c0b7640    0c0b7640    000000b4   000000b4    r--
  0c0b7640    0c0b7640    00000070   00000070    r-- .switch.2
  0c0b76b0    0c0b76b0    00000028   00000028    r-- .TI.tls_init
  0c0b76d8    0c0b76d8    0000001c   0000001c    r-- .binit
0c0b7800    0c0b7800    00001328   00001328    r-x
  0c0b7800    0c0b7800    000000a0   000000a0    r-x .text:_c_int00
  0c0b78a0    0c0b78a0    00001288   00001288    r-- .cinit
a0325000    a0325000    000120ac   000120ac    rw-
  a0325000    a0325000    000120ac   000120ac    rw- .qmss.1
a03370b0    a03370b0    00000050   00000050    rw-
  a03370b0    a03370b0    00000050   00000050    rw- gomp_data.1
a0337100    a0337100    00002672   00002672    rw-
  a0337100    a0337100    00002400   00002400    rw- .qmss.2
  a0339500    a0339500    00000272   00000272    rw- gomp_data.2
a0339780    a0339780    00000200   00000000    rw-
  a0339780    a0339780    00000200   00000000    rw- .cppi


SECTION ALLOCATION MAP

 output                                  attributes/
section   page    origin      length       input sections
--------  ----  ----------  ----------   ----------------
.init_array 
*          0    00800000    00000000     UNINITIALIZED

.init_array 
*          0    0c000000    00000000     UNINITIALIZED

.localfar 
*          0    00800000    0002b4f4     
                  00800000    00028030     omp_config_pe66.oe66 (.far) [fill = 0]
                  00828030    00001000     omp_config_pe66.oe66 (.far:taskStackSection) [fill = 0]
                  00829030    00000150     rts6600_elf_mt.lib : _mutex.obj (.far) [fill = 0]
                  00829180    00000140                        : defs.obj (.far) [fill = 0]
                  008292c0    00000008                        : trgdrv.obj (.far) [fill = 0]
                  008292c8    00000800     omp_config_pe66.oe66 (.fardata:ti_sdo_ipc_GateMP_Module_State_0_remoteCustom1Gates__A)
                  00829ac8    00000778     omp_config_pe66.oe66 (.fardata)
                  0082a240    00000500     omp_config_pe66.oe66 (.fardata:ti_sysbios_family_c66_tci66xx_CpIntc_Module_State_0_dispatchTab__A)
                  0082a740    00000180     omp_config_pe66.oe66 (.fardata:ti_sysbios_timers_timer64_Timer_Module_State_0_device__A)
                  0082a8c0    000000e0     omp_config_pe66.oe66 (.fardata:ti_sdo_utils_NameServer_Object__table__V)
                  0082a9a0    000000a0     omp_config_pe66.oe66 (.fardata:ti_sdo_ipc_Ipc_Module_State_0_procEntry__A)
                  0082aa40    00000098     omp_config_pe66.oe66 (.fardata:ti_sysbios_knl_Task_Object__table__V)
                  0082aad8    00000098     omp_config_pe66.oe66 (.fardata:ti_sysbios_timers_timer64_Timer_Object__table__V)
                  0082ab70    00000090     omp_config_pe66.oe66 (.fardata:ti_sdo_ipc_SharedRegion_Module_State_0_regions__A)
                  0082ac00    00000080     omp_config_pe66.oe66 (.fardata:ti_sdo_ipc_GateMP_Module_State_0_remoteSystemGates__A)
                  0082ac80    00000080     omp_config_pe66.oe66 (.fardata:ti_sysbios_knl_Swi_Module_State_0_readyQ__A)
                  0082ad00    00000080     omp_config_pe66.oe66 (.fardata:ti_sysbios_knl_Task_Module_State_0_readyQ__A)
                  0082ad80    00000080     omp_config_pe66.oe66 (.fardata:ti_sysbios_timers_timer64_Timer_Module_State_0_gctrl__A)
                  0082ae00    00000080     omp_config_pe66.oe66 (.fardata:ti_sysbios_timers_timer64_Timer_Module_State_0_handles__A)
                  0082ae80    00000080     omp_config_pe66.oe66 (.fardata:ti_sysbios_timers_timer64_Timer_Module_State_0_intFreqs__A)
                  0082af00    0000004c     omp_config_pe66.oe66 (.fardata:ti_sysbios_family_c66_tci66xx_CpIntc_Module_State_0_hostIntToSysInt__A)
                  0082af4c    00000004     --HOLE--
                  0082af50    00000040     omp_config_pe66.oe66 (.fardata:ti_sdo_ipc_MessageQ_Module_State_0_transports__A)
                  0082af90    00000040     omp_config_pe66.oe66 (.fardata:ti_sysbios_gates_GateMutex_Object__table__V)
                  0082afd0    00000030     omp_config_pe66.oe66 (.fardata:ti_sysbios_knl_Swi_Object__table__V)
                  0082b000    00000020     omp_config_pe66.oe66 (.fardata:ti_sdo_ipc_MessageQ_Module_State_0_heaps__A)
                  0082b020    00000020     omp_config_pe66.oe66 (.fardata:ti_sdo_ipc_Notify_Module_State_0_notifyHandles__A)
                  0082b040    00000020     omp_config_pe66.oe66 (.fardata:ti_sdo_ipc_family_c647x_Interrupt_Module_State_0_args__A)
                  0082b060    00000020     omp_config_pe66.oe66 (.fardata:ti_sdo_ipc_transports_TransportShmSetup_Module_State_0_handles__A)
                  0082b080    00000020     omp_config_pe66.oe66 (.fardata:xdc_runtime_System_Module_State_0_atexitHandlers__A)
                  0082b0a0    00000018     omp_config_pe66.oe66 (.fardata:ti_sysbios_family_c64p_Hwi_Object__table__V)
                  0082b0b8    00000018     omp_config_pe66.oe66 (.fardata:ti_sysbios_gates_GateMutexPri_Object__table__V)
                  0082b0d0    00000018     omp_config_pe66.oe66 (.fardata:ti_sysbios_heaps_HeapMem_Object__table__V)
                  0082b0e8    00000014     omp_config_pe66.oe66 (.fardata:ti_sysbios_family_c66_tci66xx_CpIntc_Module_State_0_initSIER__A)
                  0082b0fc    00000004     --HOLE--
                  0082b100    00000010     omp_config_pe66.oe66 (.fardata:ti_sysbios_family_c66_tci66xx_CpIntc_Module_State_0_controller__A)
                  0082b110    00000010     omp_config_pe66.oe66 (.fardata:ti_sysbios_gates_GateAll_Object__table__V)
                  0082b120    0000000c     omp_config_pe66.oe66 (.fardata:ti_omp_utils_HeapOMP_Object__table__V)
                  0082b12c    00000004     --HOLE--
                  0082b130    0000000c     omp_config_pe66.oe66 (.fardata:ti_sysbios_gates_GateSwi_Object__table__V)
                  0082b13c    00000004     --HOLE--
                  0082b140    00000008     omp_config_pe66.oe66 (.fardata:ti_sysbios_hal_Hwi_Object__table__V)
                  0082b148    00000008     omp_config_pe66.oe66 (.fardata:ti_sysbios_hal_Timer_Object__table__V)
                  0082b150    00000004     omp_config_pe66.oe66 (.fardata:ti_sdo_ipc_GateMP_Module_State_0_remoteCustom2Gates__A)
                  0082b154    00000004     --HOLE--
                  0082b158    00000004     omp_config_pe66.oe66 (.fardata:ti_sdo_ipc_Notify_Module_State_0_notifyHandles_0__A)
                  0082b15c    00000004     --HOLE--
                  0082b160    00000004     omp_config_pe66.oe66 (.fardata:ti_sdo_ipc_Notify_Module_State_0_notifyHandles_1__A)
                  0082b164    00000004     --HOLE--
                  0082b168    00000004     omp_config_pe66.oe66 (.fardata:ti_sdo_ipc_Notify_Module_State_0_notifyHandles_2__A)
                  0082b16c    00000004     --HOLE--
                  0082b170    00000004     omp_config_pe66.oe66 (.fardata:ti_sdo_ipc_Notify_Module_State_0_notifyHandles_3__A)
                  0082b174    00000004     --HOLE--
                  0082b178    00000004     omp_config_pe66.oe66 (.fardata:ti_sdo_ipc_Notify_Module_State_0_notifyHandles_4__A)
                  0082b17c    00000004     --HOLE--
                  0082b180    00000004     omp_config_pe66.oe66 (.fardata:ti_sdo_ipc_Notify_Module_State_0_notifyHandles_5__A)
                  0082b184    00000004     --HOLE--
                  0082b188    00000004     omp_config_pe66.oe66 (.fardata:ti_sdo_ipc_Notify_Module_State_0_notifyHandles_6__A)
                  0082b18c    00000004     --HOLE--
                  0082b190    00000004     omp_config_pe66.oe66 (.fardata:ti_sdo_ipc_Notify_Module_State_0_notifyHandles_7__A)
                  0082b194    00000004     --HOLE--
                  0082b198    00000004     omp_config_pe66.oe66 (.fardata:ti_sysbios_gates_GateHwi_Object__table__V)
                  0082b19c    00000004     --HOLE--
                  0082b1a0    00000004     omp_config_pe66.oe66 (.fardata:ti_sysbios_knl_Task_Module_State_0_idleTask__A)
                  0082b1a4    00000004     --HOLE--
                  0082b1a8    00000004     omp_config_pe66.oe66 (.fardata:xdc_runtime_GateNull_Object__table__V)
                  0082b1ac    00000004     --HOLE--
                  0082b1b0    000001e0     rts6600_elf_mt.lib : defs.obj (.fardata:_ftable)
                  0082b390    000000a0                        : lowlev.obj (.fardata:_stream)
                  0082b430    00000078                        : lowlev.obj (.fardata:_device)
                  0082b4a8    00000018                        : _pthread.obj (.fardata)
                  0082b4c0    00000010                        : exit.obj (.fardata)
                  0082b4d0    0000000c                        : _data_synch.obj (.fardata)
                  0082b4dc    00000008                        : _lock.obj (.fardata)
                  0082b4e4    00000008                        : _mutex.obj (.fardata)
                  0082b4ec    00000004                        : defs.obj (.fardata)
                  0082b4f0    00000004                        : dtor_list.obj (.fardata)

.tls_tp    0    0082b4f4    00000004     UNINITIALIZED
                  0082b4f4    00000004     ti.omp.utils.ae66 : ThreadLocalStorage.oe66 (.tls_tp)

.stack     0    0082b4f8    00001000     UNINITIALIZED
                  0082b4f8    00000008     boot.ae66 : boot.oe66 (.stack)
                  0082b500    00000ff8     --HOLE--

.cio       0    0082c4f8    00000120     UNINITIALIZED
                  0082c4f8    00000120     rts6600_elf_mt.lib : trgmsg.obj (.cio)

ti.sdo.ipc.SharedRegion_1 
*          0    0c000000    00080000     NOLOAD SECTION
                  0c000000    00080000     --HOLE--

xdc.meta   0    0c000000    00000100     COPY SECTION
                  0c000000    00000100     omp_config_pe66.oe66 (xdc.meta)

.text      0    0c080000    00031f60     
                  0c080000    000011c0     ipc.ae66 : Ipc.obj (.text:ti_sdo_ipc_GateMP_Instance_init__F)
                  0c0811c0    00000a60              : Ipc.obj (.text:ti_sdo_ipc_heaps_HeapMemMP_alloc__E)
                  0c081c20    00000a20              : Ipc.obj (.text:ti_sdo_ipc_heaps_HeapMemMP_free__E)
                  0c082640    000009a0     ti.targets.rts6000.ae66 : System.oe66 (.text:xdc_runtime_System_doPrint__I)
                  0c082fe0    00000980     ipc.ae66 : Ipc.obj (.text:Ipc_attach)
                  0c083960    00000900              : Ipc.obj (.text:ti_sdo_ipc_transports_TransportShm_Instance_init__F)
                  0c084260    000008c0              : Ipc.obj (.text:ti_sdo_ipc_GateMP_Instance_finalize__F)
                  0c084b20    000008a0              : Ipc.obj (.text:ti_sdo_ipc_ListMP_Instance_init__F)
                  0c0853c0    00000840              : Ipc.obj (.text:MessageQ_put)
                  0c085c00    00000800     ti.omp.ae66 : team.oe66 (.text:gomp_team_start)
                  0c086400    000007e0     ti.drv.qmss.ae66 : qmss_drv.oe66 (.text:Qmss_insertMemoryRegion)
                  0c086be0    00000780     ipc.ae66 : Ipc.obj (.text:ti_sdo_ipc_heaps_HeapMemMP_Instance_init__F)
                  0c087360    00000780     sysbios.ae66 : BIOS.obj (.text:ti_sysbios_family_c64p_Exception_handler__I)
                  0c087ae0    000006c0     ipc.ae66 : Ipc.obj (.text:ti_sdo_ipc_nsremote_NameServerRemoteNotify_Instance_init__F)
                  0c0881a0    000006a0              : Ipc.obj (.text:NameServer_add)
                  0c088840    00000680     sysbios.ae66 : BIOS.obj (.text:ti_sysbios_knl_Task_Instance_finalize__F)
                  0c088ec0    00000620     ipc.ae66 : Ipc.obj (.text:Notify_sendEvent)
                  0c0894e0    00000600     sysbios.ae66 : BIOS.obj (.text:ti_sysbios_heaps_HeapMem_alloc__E)
                  0c089ae0    00000600                  : BIOS.obj (.text:ti_sysbios_heaps_HeapMem_free__E)
                  0c08a0e0    000005e0     ipc.ae66 : Ipc.obj (.text:Notify_registerEventSingle)
                  0c08a6c0    000005c0              : Ipc.obj (.text:ListMP_getHead)
                  0c08ac80    000005c0              : Ipc.obj (.text:Notify_unregisterEventSingle)
                  0c08b240    000005c0     rts6600_elf_mt.lib : divd.obj (.text:__c6xabi_divd)
                  0c08b800    000005c0                        : _printfi.obj (.text:_getarg_diouxp)
                  0c08bdc0    000005c0     ipc.ae66 : Ipc.obj (.text:ti_sdo_ipc_SharedRegion_start__F)
                  0c08c380    000005c0     sysbios.ae66 : BIOS.obj (.text:ti_sysbios_timers_timer64_Timer_Module_startup__F)
                  0c08c940    00000580     ipc.ae66 : Ipc.obj (.text:ti_sdo_ipc_nsremote_NameServerRemoteNotify_get__F)
                  0c08cec0    00000580              : Ipc.obj (.text:ti_sdo_ipc_transports_TransportShm_put__E)
                  0c08d440    00000560     ti.omp.ae66 : task.oe66 (.text:gomp_barrier_handle_tasks)
                  0c08d9a0    00000540     ipc.ae66 : Ipc.obj (.text:ti_sdo_ipc_Ipc_procSyncStart__I)
                  0c08dee0    000004e0              : Ipc.obj (.text:ti_sdo_ipc_notifyDrivers_NotifyDriverShm_Instance_init__F)
                  0c08e3c0    000004e0     sysbios.ae66 : BIOS.obj (.text:ti_sysbios_knl_Semaphore_pend__E)
                  0c08e8a0    000004a0     ipc.ae66 : Ipc.obj (.text:ti_sdo_ipc_gates_GatePeterson_Instance_init__F)
                  0c08ed40    000004a0              : Ipc.obj (.text:ti_sdo_ipc_nsremote_NameServerRemoteNotify_swiFxn__I)
                  0c08f1e0    00000480     sysbios.ae66 : BIOS.obj (.text:ti_sysbios_knl_Task_Module_startup__F)
                  0c08f660    00000460     rts6600_elf_mt.lib : _printfi.obj (.text:_printfi)
                  0c08fac0    00000460                        : _printfi.obj (.text:_setfield)
                  0c08ff20    00000460     ipc.ae66 : Ipc.obj (.text:ti_sdo_ipc_GateMP_setRegion0Reserved__F)
                  0c090380    00000460              : Ipc.obj (.text:ti_sdo_ipc_Ipc_procSyncFinish__I)
                  0c0907e0    00000440              : Ipc.obj (.text:ListMP_putTail)
                  0c090c20    00000440     ti.omp.navigator.C6678.ae66 : Navigator.oe66 (.text:sysInit)
                  0c091060    00000440     ipc.ae66 : Ipc.obj (.text:ti_sdo_ipc_heaps_HeapMemMP_getStats__E)
                  0c0914a0    00000440              : Ipc.obj (.text:ti_sdo_ipc_heaps_HeapMemMP_postInit__I)
                  0c0918e0    00000420     ti.omp.ae66 : env.oe66 (.text:parse_schedule)
                  0c091d00    00000400     ipc.ae66 : Ipc.obj (.text:ti_sdo_ipc_Notify_Instance_init__F)
                  0c092100    000003c0     ti.drv.cppi.ae66 : cppi_desc.oe66 (.text:Cppi_initDescriptor)
                  0c0924c0    000003c0     rts6600_elf_mt.lib : fputs.obj (.text:fputs)
                  0c092880    000003c0     ti.omp.config.sysbios.ae66 : bar.oe66 (.text:gomp_team_barrier_wait_end)
                  0c092c40    000003c0     ti.omp.ae66 : env.oe66 (.text:parse_spincount)
                  0c093000    000003c0     ipc.ae66 : Ipc.obj (.text:ti_sdo_ipc_SharedRegion_reserveMemory__F)
                  0c0933c0    000003c0     sysbios.ae66 : BIOS.obj (.text:ti_sysbios_knl_Task_Instance_init__F)
                  0c093780    000003c0                  : BIOS.obj (.text:ti_sysbios_knl_Task_setPri__E)
                  0c093b40    000003a0     ti.omp.ae66 : env.oe66 (.text:parse_affinity)
                  0c093ee0    00000380     ipc.ae66 : Ipc.obj (.text:HeapMemMP_sharedMemReq)
                  0c094260    00000340              : Ipc.obj (.text:GateMP_sharedMemReq)
                  0c0945a0    00000340     ti.drv.qmss.ae66 : qmss_drv.oe66 (.text:Qmss_init)
                  0c0948e0    00000320     rts6600_elf_mt.lib : _printfi.obj (.text:_pproc_fge)
                  0c094c00    00000320                        : strtoul.obj (.text:strtoul)
                  0c094f20    00000320     ti.omp.utils.ae66 : ThreadLocal.oe66 (.text:ti_omp_utils_ThreadLocal_setspecific__E)
                  0c095240    00000300     ipc.ae66 : Ipc.obj (.text:GateMP_openByAddr)
                  0c095540    00000300     corner_turn.obj (.text)
                  0c095840    00000300     ipc.ae66 : Ipc.obj (.text:ti_sdo_ipc_transports_TransportShm_openByAddr__F)
                  0c095b40    00000300     sysbios.ae66 : BIOS.obj (.text:ti_sysbios_family_c64p_Hwi_dispatchC__I)
                  0c095e40    000002e0     ipc.ae66 : Ipc.obj (.text:SharedRegion_getEntry)
                  0c096120    000002e0              : Ipc.obj (.text:SharedRegion_getPtr)
                  0c096400    000002e0     rts6600_elf_mt.lib : _printfi.obj (.text:_pproc_fwp)
                  0c0966e0    000002e0     ti.omp.ae66 : env.oe66 (.text:parse_stacksize)
                  0c0969c0    000002e0     sysbios.ae66 : BIOS.obj (.text:ti_sysbios_gates_GateMutexPri_enter__E)
                  0c096ca0    000002e0                  : BIOS.obj (.text:ti_sysbios_heaps_HeapMem_Instance_init__F)
                  0c096f80    000002c0     ti.omp.utils.ae66 : OpenMP.oe66 (.text:ti_omp_utils_OpenMP_masterTask__I)
                  0c097240    000002c0     ipc.ae66 : Ipc.obj (.text:ti_sdo_ipc_notifyDrivers_NotifyDriverShm_isr__I)
                  0c097500    000002c0     sysbios.ae66 : BIOS.obj (.text:ti_sysbios_knl_Task_exit__E)
                  0c0977c0    000002a0     ipc.ae66 : Ipc.obj (.text:NameServer_getLocal)
                  0c097a60    000002a0     rts6600_elf_mt.lib : _printfi.obj (.text:fcvt)
                  0c097d00    000002a0     ti.omp.ae66 : env.oe66 (.text:initialize_env)
                  0c097fa0    000002a0     sysbios.ae66 : BIOS.obj (.text:ti_sysbios_family_c66_tci66xx_CpIntc_Module_startup__F)
                  0c098240    000002a0                  : BIOS.obj (.text:ti_sysbios_knl_Clock_workFunc__E)
                  0c0984e0    00000280     ipc.ae66 : Ipc.obj (.text:Ipc_start)
                  0c098760    00000280              : Ipc.obj (.text:SharedRegion_getSRPtr)
                  0c0989e0    00000280     sysbios.ae66 : BIOS.obj (.text:deviceConfig$47)
                  0c098c60    00000280     rts6600_elf_mt.lib : _printfi.obj (.text:ecvt)
                  0c098ee0    00000280     ti.omp.ae66 : team.oe66 (.text:gomp_team_end)
                  0c099160    00000280     ipc.ae66 : Ipc.obj (.text:ti_sdo_ipc_notifyDrivers_NotifyDriverShm_sharedMemReq__F)
                  0c0993e0    00000280     sysbios.ae66 : BIOS.obj (.text:ti_sysbios_knl_Clock_Instance_init__F)
                  0c099660    00000280     ti.targets.rts6000.ae66 : Core-mem.oe66 (.text:xdc_runtime_Core_createObject__I)
                  0c0998e0    00000280                             : Error.oe66 (.text:xdc_runtime_Error_raiseX__F)
                  0c099b60    00000260     ipc.ae66 : Ipc.obj (.text:ListMP_sharedMemReq)
                  0c099dc0    00000260     ti.omp.navigator.C6678.ae66 : Navigator.oe66 (.text:getsysHandles)
                  0c09a020    00000260     ti.omp.ae66 : parallel.oe66 (.text:gomp_resolve_num_threads)
                  0c09a280    00000260     ipc.ae66 : Ipc.obj (.text:ti_sdo_ipc_ListMP_Instance_finalize__F)
                  0c09a4e0    00000260              : Ipc.obj (.text:ti_sdo_ipc_heaps_HeapMemMP_Instance_finalize__F)
                  0c09a740    00000260              : Ipc.obj (.text:ti_sdo_ipc_notifyDrivers_NotifyDriverShm_disableEvent__E)
                  0c09a9a0    00000260     ti.targets.rts6000.ae66 : Startup.oe66 (.text:xdc_runtime_Startup_startMods__I)
                  0c09ac00    00000240     ti.drv.cppi.ae66 : cppi_drv.oe66 (.text:Cppi_open)
                  0c09ae40    00000240     rts6600_elf_mt.lib : imath64.obj (.text:__c6xabi_divull)
                  0c09b080    00000240                        : _printfi.obj (.text:_pconv_e)
                  0c09b2c0    00000240                        : _printfi.obj (.text:_pproc_diouxp)
                  0c09b500    00000240                        : fputc.obj (.text:fputc)
                  0c09b740    00000240     sysbios.ae66 : BIOS.obj (.text:ti_sysbios_family_c64p_Exception_internalHandler__I)
                  0c09b980    00000240                  : BIOS.obj (.text:ti_sysbios_knl_Semaphore_post__E)
                  0c09bbc0    00000220     rts6600_elf_mt.lib : _printfi.obj (.text:_pproc_str)
                  0c09bde0    00000220     ti.omp.ae66 : env.oe66 (.text:parse_wait_policy)
                  0c09c000    00000220     rts6600_elf_mt.lib : setvbuf.obj (.text:setvbuf)
                  0c09c220    00000220     ti.omp.utils.ae66 : ThreadLocal.oe66 (.text:ti_omp_utils_ThreadLocal_getspecific__E)
                  0c09c440    00000220     ipc.ae66 : Ipc.obj (.text:ti_sdo_ipc_GateMP_start__F)
                  0c09c660    00000220     sysbios.ae66 : BIOS.obj (.text:ti_sysbios_family_c64p_Hwi_reconfig__E)
                  0c09c880    00000220                  : BIOS.obj (.text:ti_sysbios_knl_Swi_run__I)
                  0c09caa0    00000220                  : BIOS.obj (.text:ti_sysbios_knl_Task_schedule__I)
                  0c09ccc0    00000220                  : BIOS.obj (.text:ti_sysbios_knl_Task_startCore__E)
                  0c09cee0    00000200     ipc.ae66 : Ipc.obj (.text:GateMP_enter)
                  0c09d0e0    00000200              : Ipc.obj (.text:GateMP_leave)
                  0c09d2e0    00000200              : Ipc.obj (.text:ListMP_openByAddr)
                  0c09d4e0    00000200     ti.drv.qmss.ae66 : qmss_drv.oe66 (.text:Qmss_internalQueueOpen)
                  0c09d6e0    00000200     rts6600_elf_mt.lib : _printfi.obj (.text:_pconv_g)
                  0c09d8e0    00000200     sysbios.ae66 : c64p_Hwi_disp_always.obj (.text:_ti_sysbios_family_c64p_Hwi_dispatchAlways)
                  0c09dae0    00000200                  : BIOS.obj (.text:block$59)
                  0c09dce0    00000200     ti.drv.cppi.ae66 : cppi_heap.oe66 (.text:cppi_internal_heap_add)
                  0c09dee0    00000200     ipc.ae66 : Ipc.obj (.text:ti_sdo_ipc_notifyDrivers_NotifyDriverShm_sendEvent__E)
                  0c09e0e0    00000200              : Ipc.obj (.text:ti_sdo_ipc_transports_TransportShm_Instance_finalize__F)
                  0c09e2e0    000001e0     ti.omp.ae66 : env.oe66 (.text:parse_boolean)
                  0c09e4c0    000001e0                 : env.oe66 (.text:parse_unsigned_long)
                  0c09e6a0    000001e0     ipc.ae66 : Ipc.obj (.text:ti_sdo_ipc_GateMP_attach__F)
                  0c09e880    000001e0              : Ipc.obj (.text:ti_sdo_ipc_GateMP_getFreeResource__I)
                  0c09ea60    000001e0     sysbios.ae66 : BIOS.obj (.text:ti_sysbios_knl_Task_postInit__I)
                  0c09ec40    000001e0                  : BIOS.obj (.text:ti_sysbios_timers_timer64_Timer_getFreq__E)
                  0c09ee20    000001c0     ti.drv.cppi.ae66 : cppi_drv.oe66 (.text:Cppi_initCfg)
                  0c09efe0    000001c0     ti.omp.ae66 : parallel.oe66 (.text:GOMP_parallel_end)
                  0c09f1a0    000001c0     ipc.ae66 : Ipc.obj (.text:HeapMemMP_openByAddr)
                  0c09f360    000001c0     ti.drv.qmss.ae66 : qmss_drv.oe66 (.text:Qmss_internaldownloadFirmware)
                  0c09f520    000001c0     rts6600_elf_mt.lib : _printfi.obj (.text:_mcpy)
                  0c09f6e0    000001c0     ipc.ae66 : Ipc.obj (.text:ti_sdo_ipc_notifyDrivers_NotifyDriverShm_registerEvent__E)
                  0c09f8a0    000001c0     sysbios.ae66 : BIOS.obj (.text:ti_sysbios_knl_Swi_Instance_init__F)
                  0c09fa60    000001c0                  : BIOS.obj (.text:ti_sysbios_timers_timer64_Timer_setPeriodMicroSecs__E)
                  0c09fc20    000001a0     ipc.ae66 : Ipc.obj (.text:SharedRegion_getCacheLineSize)
                  0c09fdc0    000001a0              : Ipc.obj (.text:SharedRegion_getHeap)
                  0c09ff60    000001a0              : Ipc.obj (.text:SharedRegion_isCacheEnabled)
                  0c0a0100    000001a0     rts6600_elf_mt.lib : imath40.obj (.text:__c6xabi_divul)
                  0c0a02a0    000001a0     ti.omp.ae66 : team.oe66 (.text:gomp_new_team)
                  0c0a0440    000001a0     ti.omp.navigator.C6678.ae66 : Navigator.oe66 (.text:sysExit)
                  0c0a05e0    000001a0     ipc.ae66 : Ipc.obj (.text:ti_sdo_ipc_GateMP_openRegion0Reserved__F)
                  0c0a0780    000001a0              : Ipc.obj (.text:ti_sdo_ipc_notifyDrivers_NotifyDriverShm_enableEvent__E)
                  0c0a0920    000001a0              : Ipc.obj (.text:ti_sdo_ipc_notifyDrivers_NotifyDriverShm_unregisterEvent__E)
                  0c0a0ac0    000001a0              : Ipc.obj (.text:ti_sdo_ipc_nsremote_NameServerRemoteNotify_attach__E)
                  0c0a0c60    000001a0     sysbios.ae66 : BIOS.obj (.text:ti_sysbios_gates_GateMutex_enter__E)
                  0c0a0e00    000001a0                  : BIOS.obj (.text:ti_sysbios_timers_timer64_Timer_start__E)
                  0c0a0fa0    00000180     rts6600_elf_mt.lib : trgdrv.obj (.text:HOSTrename)
                  0c0a1120    00000180     ipc.ae66 : Ipc.obj (.text:MultiProc_setLocalId)
                  0c0a12a0    00000180              : Ipc.obj (.text:Notify_intLineRegistered)
                  0c0a1420    00000180     rts6600_elf_mt.lib : copy_decompress_rle.obj (.text:__TI_decompress_rle_core)
                  0c0a15a0    00000180     ti.omp.ae66 : team.oe66 (.text:gomp_thread_start)
                  0c0a1720    00000180     sysbios.ae66 : c64p_Exception_asm.obj (.text)
                  0c0a18a0    00000180     ti.omp.utils.ae66 : OpenMP.oe66 (.text:ti_omp_utils_OpenMP_createThread__E)
                  0c0a1a20    00000180     ipc.ae66 : Ipc.obj (.text:ti_sdo_ipc_MessageQ_registerTransport__F)
                  0c0a1ba0    00000180              : Ipc.obj (.text:ti_sdo_ipc_Notify_Module_startup__F)
                  0c0a1d20    00000180              : Ipc.obj (.text:ti_sdo_ipc_gates_GatePeterson_enter__E)
                  0c0a1ea0    00000180              : Ipc.obj (.text:ti_sdo_utils_NameServer_Module_startup__F)
                  0c0a2020    00000180     sysbios.ae66 : BIOS.obj (.text:ti_sysbios_heaps_HeapBuf_Module_startup__F)
                  0c0a21a0    00000180                  : BIOS.obj (.text:ti_sysbios_knl_Swi_schedule__I)
                  0c0a2320    00000180                  : BIOS.obj (.text:ti_sysbios_knl_Task_unblockI__E)
                  0c0a24a0    00000180     ti.targets.rts6000.ae66 : Text.oe66 (.text:xdc_runtime_Text_putSite__F)
                  0c0a2620    00000160     ti.omp.ae66 : team.oe66 (.text:gomp_free_thread)
                  0c0a2780    00000160     ti.omp.utils.ae66 : ThreadLocal.oe66 (.text:ti_omp_utils_ThreadLocal_key_delete__E)
                  0c0a28e0    00000160     ipc.ae66 : Ipc.obj (.text:ti_sdo_ipc_GateMP_createLocal__F)
                  0c0a2a40    00000160              : Ipc.obj (.text:ti_sdo_ipc_MessageQ_unregisterTransport__F)
                  0c0a2ba0    00000160              : Ipc.obj (.text:ti_sdo_ipc_gates_GateHWSem_Instance_init__F)
                  0c0a2d00    00000160              : Ipc.obj (.text:ti_sdo_ipc_transports_TransportShm_sharedMemReq__F)
                  0c0a2e60    00000160              : Ipc.obj (.text:ti_sdo_utils_NameServer_isRegistered__E)
                  0c0a2fc0    00000160              : Ipc.obj (.text:ti_sdo_utils_NameServer_registerRemoteDriver__E)
                  0c0a3120    00000160              : Ipc.obj (.text:ti_sdo_utils_NameServer_unregisterRemoteDriver__E)
                  0c0a3280    00000140     ti.csl.ae66 : csl_chip.oe66 (.text:CSL_chipReadReg)
                  0c0a33c0    00000140     ipc.ae66 : Ipc.obj (.text:GateMP_close)
                  0c0a3500    00000140              : Ipc.obj (.text:Notify_attach)
                  0c0a3640    00000140     boot.ae66 : autoinit.oe66 (.text:_auto_init_elf)
                  0c0a3780    00000140     rts6600_elf_mt.lib : _printfi.obj (.text:_pproc_fflags)
                  0c0a38c0    00000140                        : fseek.obj (.text:fseek)
                  0c0a3a00    00000140                        : lowlev.obj (.text:getdevice)
                  0c0a3b40    00000140     ti.omp.config.sysbios.ae66 : bar.oe66 (.text:gomp_barrier_wait_end)
                  0c0a3c80    00000140     ti.omp.ae66 : team.oe66 (.text:initialize_team)
                  0c0a3dc0    00000140     ipc.ae66 : Ipc.obj (.text:ti_sdo_ipc_Notify_exec__F)
                  0c0a3f00    00000140     sysbios.ae66 : BIOS.obj (.text:ti_sysbios_family_c64p_Hwi_Module_startup__F)
                  0c0a4040    00000140                  : BIOS.obj (.text:ti_sysbios_family_c66_Cache_Module_startup__F)
                  0c0a4180    00000140                  : BIOS.obj (.text:ti_sysbios_gates_GateSwi_enter__E)
                  0c0a42c0    00000140                  : BIOS.obj (.text:ti_sysbios_knl_Clock_Instance_finalize__F)
                  0c0a4400    00000140                  : BIOS.obj (.text:ti_sysbios_knl_Semaphore_Instance_init__F)
                  0c0a4540    00000140                  : BIOS.obj (.text:ti_sysbios_knl_Swi_post__E)
                  0c0a4680    00000140                  : BIOS.obj (.text:ti_sysbios_knl_Task_blockI__E)
                  0c0a47c0    00000140                  : BIOS.obj (.text:ti_sysbios_knl_Task_yield__E)
                  0c0a4900    00000120     rts6600_elf_mt.lib : fclose.obj (.text:_closefile)
                  0c0a4a20    00000120                        : _printfi.obj (.text:_ltostr)
                  0c0a4b40    00000120     ti.omp.config.sysbios.ae66 : bar.oe66 (.text:gomp_sem_wait_concat)
                  0c0a4c60    00000120     ti.omp.navigator.C6678.ae66 : Navigator.oe66 (.text:init_Navigator)
                  0c0a4d80    00000120     sysbios.ae66 : BIOS.obj (.text:rtsUnlock$0)
                  0c0a4ea0    00000120     ti.omp.utils.ae66 : OpenMP.oe66 (.text:ti_omp_utils_OpenMP_threadSpawnLoop__I)
                  0c0a4fc0    00000120     ipc.ae66 : Ipc.obj (.text:ti_sdo_ipc_MessageQ_Module_startup__F)
                  0c0a50e0    00000120              : Ipc.obj (.text:ti_sdo_ipc_family_c647x_Interrupt_intRegister__E)
                  0c0a5200    00000120              : Ipc.obj (.text:ti_sdo_ipc_nsremote_NameServerRemoteNotify_Instance_finalize__F)
                  0c0a5320    00000120     omp_config_pe66.oe66 (.text:xdc_runtime_System_printfExtend__I)
                  0c0a5440    00000100     rts6600_elf_mt.lib : _io_perm.obj (.text:_wrt_ok)
                  0c0a5540    00000100                        : cpy_tbl.obj (.text:copy_in)
                  0c0a5640    00000100     ti.omp.ae66 : work.oe66 (.text:gomp_init_work_share)
                  0c0a5740    00000100                 : task.oe66 (.text:gomp_sem_wait)
                  0c0a5840    00000100     ti.omp.config.sysbios.ae66 : bar.oe66 (.text:gomp_sem_wait)
                  0c0a5940    00000100     sysbios.ae66 : BIOS.obj (.text:initDevice$47)
                  0c0a5a40    00000100     ti.omp.utils.ae66 : OpenMPMem.oe66 (.text:ompBufferFree)
                  0c0a5b40    00000100     ti.omp.utils.C6678.ae66 : OpenMPDnldCore.oe66 (.text:reset_run_core)
                  0c0a5c40    00000100                             : OpenMPDnldCore.oe66 (.text:siu_ibl_download_core)
                  0c0a5d40    00000100     ti.omp.utils.ae66 : ThreadLocal.oe66 (.text:ti_omp_utils_ThreadLocal_key_create__E)
                  0c0a5e40    00000100     ipc.ae66 : Ipc.obj (.text:ti_sdo_ipc_Notify_Instance_finalize__F)
                  0c0a5f40    00000100     omp_config_pe66.oe66 (.text:ti_sdo_ipc_Notify_Object__create__S)
                  0c0a6040    00000100     ipc.ae66 : Ipc.obj (.text:ti_sdo_ipc_SharedRegion_attach__F)
                  0c0a6140    00000100              : Ipc.obj (.text:ti_sdo_ipc_SharedRegion_clearReservedMemory__F)
                  0c0a6240    00000100              : Ipc.obj (.text:ti_sdo_ipc_family_c647x_Interrupt_Module_startup__F)
                  0c0a6340    00000100              : Ipc.obj (.text:ti_sdo_ipc_gates_GateHWSem_Module_startup__F)
                  0c0a6440    00000100              : Ipc.obj (.text:ti_sdo_ipc_gates_GateMPSupportNull_enter__E)
                  0c0a6540    00000100              : Ipc.obj (.text:ti_sdo_ipc_gates_GateMPSupportNull_leave__E)
                  0c0a6640    00000100     omp_config_pe66.oe66 (.text:ti_sdo_ipc_gates_GatePeterson_Object__create__S)
                  0c0a6740    00000100     omp_config_pe66.oe66 (.text:ti_sdo_ipc_nsremote_NameServerRemoteNotify_Object__create__S)
                  0c0a6840    00000100     ipc.ae66 : Ipc.obj (.text:ti_sdo_ipc_transports_TransportShmSetup_attach__E)
                  0c0a6940    00000100     omp_config_pe66.oe66 (.text:ti_sdo_ipc_transports_TransportShm_Object__create__S)
                  0c0a6a40    00000100     omp_config_pe66.oe66 (.text:ti_sysbios_family_c64p_Hwi_Object__create__S)
                  0c0a6b40    00000100     sysbios.ae66 : BIOS.obj (.text:ti_sysbios_gates_GateMutexPri_leave__E)
                  0c0a6c40    00000100                  : BIOS.obj (.text:ti_sysbios_knl_Clock_startI__E)
                  0c0a6d40    00000100     omp_config_pe66.oe66 (.text:ti_sysbios_knl_Swi_Object__create__S)
                  0c0a6e40    00000100     sysbios.ae66 : BIOS.obj (.text:ti_sysbios_knl_Swi_restoreHwi__E)
                  0c0a6f40    00000100     omp_config_pe66.oe66 (.text:ti_sysbios_knl_Task_Object__create__S)
                  0c0a7040    00000100     ti.targets.rts6000.ae66 : Core-mem.oe66 (.text:xdc_runtime_Core_deleteObject__I)
                  0c0a7140    00000100                             : Startup.oe66 (.text:xdc_runtime_Startup_exec__F)
                  0c0a7240    00000100                             : Text.oe66 (.text:xdc_runtime_Text_putMod__F)
                  0c0a7340    00000100                             : Text.oe66 (.text:xdc_runtime_Text_visitRope2__I)
                  0c0a7440    000000e0     rts6600_elf_mt.lib : trgdrv.obj (.text:HOSTgetenv)
                  0c0a7520    000000e0                        : trgdrv.obj (.text:HOSTlseek)
                  0c0a7600    000000e0                        : trgdrv.obj (.text:HOSTopen)
                  0c0a76e0    000000e0                        : divi.obj (.text:__divi)
                  0c0a77c0    000000e0                        : _printfi.obj (.text:_div)
                  0c0a78a0    000000e0                        : atoi.obj (.text:atoi)
                  0c0a7980    000000e0                        : lowlev.obj (.text:close)
                  0c0a7a60    000000e0                        : copy_zero_init.obj (.text:decompress:ZI:__TI_zero_init)
                  0c0a7b40    000000e0                        : exit.obj (.text:exit)
                  0c0a7c20    000000e0                        : ltoa.obj (.text:ltoa)
                  0c0a7d00    000000e0                        : memset.obj (.text:memset)
                  0c0a7de0    000000e0                        : printf.obj (.text:printf)
                  0c0a7ec0    000000e0     ti.omp.navigator.C6678.ae66 : Navigator.oe66 (.text:queue_pop_elem_wait)
                  0c0a7fa0    000000e0     omp_config_pe66.oe66 (.text:realloc)
                  0c0a8080    000000e0     ti.omp.utils.ae66 : OpenMP.oe66 (.text:ti_omp_utils_OpenMP_mainTaskExit__F)
                  0c0a8160    000000e0     omp_config_pe66.oe66 (.text:ti_sdo_ipc_GateMP_Object__create__S)
                  0c0a8240    000000e0     omp_config_pe66.oe66 (.text:ti_sdo_ipc_ListMP_Object__create__S)
                  0c0a8320    000000e0     ipc.ae66 : Ipc.obj (.text:ti_sdo_ipc_family_c647x_Interrupt_intShmStub__I)
                  0c0a8400    000000e0              : Ipc.obj (.text:ti_sdo_ipc_family_c647x_NotifySetup_attach__E)
                  0c0a84e0    000000e0              : Ipc.obj (.text:ti_sdo_ipc_gates_GateHWSem_enter__E)
                  0c0a85c0    000000e0     omp_config_pe66.oe66 (.text:ti_sdo_ipc_heaps_HeapMemMP_Object__create__S)
                  0c0a86a0    000000e0     omp_config_pe66.oe66 (.text:ti_sdo_ipc_notifyDrivers_NotifyDriverShm_Object__create__S)
                  0c0a8780    000000e0     sysbios.ae66 : BIOS.obj (.text:ti_sysbios_family_c64p_Hwi_Instance_finalize__F)
                  0c0a8860    000000e0                  : BIOS.obj (.text:ti_sysbios_family_c64p_Hwi_Instance_init__F)
                  0c0a8940    000000e0                  : BIOS.obj (.text:ti_sysbios_knl_Clock_start__E)
                  0c0a8a20    000000e0                  : BIOS.obj (.text:ti_sysbios_timers_timer64_Timer_startup__E)
                  0c0a8b00    000000e0     ti.targets.rts6000.ae66 : Error.oe66 (.text:xdc_runtime_Error_print__F)
                  0c0a8be0    000000e0                             : Memory.oe66 (.text:xdc_runtime_Memory_alloc__F)
                  0c0a8cc0    000000e0     omp_config_pe66.oe66 (.text:xdc_runtime_knl_GateThread_Object__create__S)
                  0c0a8da0    000000c0     ti.drv.cppi.ae66 : cppi_drv.oe66 (.text:Cppi_close)
                  0c0a8e60    000000c0                      : cppi_drv.oe66 (.text:Cppi_exit)
                  0c0a8f20    000000c0     rts6600_elf_mt.lib : trgdrv.obj (.text:HOSTread)
                  0c0a8fe0    000000c0                        : trgdrv.obj (.text:HOSTwrite)
                  0c0a90a0    000000c0     ipc.ae66 : Ipc.obj (.text:HeapMemMP_create)
                  0c0a9160    000000c0              : Ipc.obj (.text:ListMP_create)
                  0c0a9220    000000c0              : Ipc.obj (.text:SharedRegion_getId)
                  0c0a92e0    000000c0     rts6600_elf_mt.lib : dtor_list.obj (.text:__cxa_finalize)
                  0c0a93a0    000000c0                        : divu.obj (.text:__divu)
                  0c0a9460    000000c0                        : fflush.obj (.text:_doflush)
                  0c0a9520    000000c0     ti.drv.cppi.ae66 : cppi_heap.oe66 (.text:cppi_internal_heap_release)
                  0c0a95e0    000000c0     ti.omp.ae66 : alloc.oe66 (.text:gomp_realloc)
                  0c0a96a0    000000c0     rts6600_elf_mt.lib : _mutex.obj (.text:mutex_init)
                  0c0a9760    000000c0                        : _pthread.obj (.text:pthread_mutex_lock)
                  0c0a9820    000000c0                        : _pthread.obj (.text:pthread_mutex_unlock)
                  0c0a98e0    000000c0                        : _pthread.obj (.text:pthread_once)
                  0c0a99a0    000000c0     ti.omp.utils.ae66 : ThreadLocal.oe66 (.text:ti_omp_utils_ThreadLocal_exitFxn__F)
                  0c0a9a60    000000c0     ipc.ae66 : Ipc.obj (.text:ti_sdo_ipc_GateMP_getRegion0ReservedSize__F)
                  0c0a9b20    000000c0     sysbios.ae66 : BIOS.obj (.text:ti_sysbios_BIOS_errorRaiseHook__I)
                  0c0a9be0    000000c0                  : BIOS.obj (.text:ti_sysbios_gates_GateAll_leave__E)
                  0c0a9ca0    000000c0                  : BIOS.obj (.text:ti_sysbios_heaps_HeapMem_getStats__E)
                  0c0a9d60    000000c0                  : BIOS.obj (.text:ti_sysbios_knl_Clock_logTick__E)
                  0c0a9e20    000000c0                  : BIOS.obj (.text:ti_sysbios_knl_Swi_Instance_finalize__F)
                  0c0a9ee0    000000c0                  : BIOS.obj (.text:ti_sysbios_knl_Task_allBlockedFunction__I)
                  0c0a9fa0    000000c0                  : BIOS.obj (.text:ti_sysbios_timers_timer64_Timer_stop__E)
                  0c0aa060    000000c0     rts6600_elf_mt.lib : tls.obj (.text:tls:init:__TI_tls_init)
                  0c0aa120    000000c0                        : vfprintf.obj (.text:vfprintf)
                  0c0aa1e0    000000c0     ti.targets.rts6000.ae66 : System.oe66 (.text:xdc_runtime_System_formatNum__I)
                  0c0aa2a0    000000a0     ti.omp.navigator.C6678.ae66 : Navigator.oe66 (.text:Create_Queue)
                  0c0aa340    000000a0     rts6600_elf_mt.lib : trgdrv.obj (.text:HOSTunlink)
                  0c0aa3e0    000000a0     ti.drv.qmss.ae66 : qmss_drv.oe66 (.text:Qmss_queueClose)
                  0c0aa480    000000a0                      : qmss_drv.oe66 (.text:Qmss_startCfg)
                  0c0aa520    000000a0     rts6600_elf_mt.lib : dtor_list.obj (.text:_Z11__TI_atexitPFYvPvES_S_)
                  0c0aa5c0    000000a0                        : remu.obj (.text:__remu)
                  0c0aa660    000000a0                        : fopen.obj (.text:_cleanup)
                  0c0aa700    000000a0                        : _printfi.obj (.text:_ecpy)
                  0c0aa7a0    000000a0                        : _printfi.obj (.text:_fcpy)
                  0c0aa840    000000a0                        : _printfi.obj (.text:_pconv_f)
                  0c0aa8e0    000000a0     sysbios.ae66 : c64p_Hwi_asm.obj (.text:_ti_sysbios_family_c64p_Hwi_plug__E)
                  0c0aa980    000000a0     ti.drv.cppi.ae66 : cppi_heap.oe66 (.text:cppi_internal_heap_malloc)
                  0c0aaa20    000000a0     rts6600_elf_mt.lib : lowlev.obj (.text:finddevice)
                  0c0aaac0    000000a0     ti.omp.config.sysbios.ae66 : bar.oe66 (.text:gomp_team_barrier_wake)
                  0c0aab60    000000a0     rts6600_elf_mt.lib : lowlev.obj (.text:lseek)
                  0c0aac00    000000a0                        : memcpy64.obj (.text:memcpy)
                  0c0aaca0    000000a0                        : _mutex.obj (.text:mutex_unlock)
                  0c0aad40    000000a0     ti.omp.navigator.C6678.ae66 : Navigator.oe66 (.text:queue_push_elem)
                  0c0aade0    000000a0     rts6600_elf_mt.lib : strerror.obj (.text:strerror)
                  0c0aae80    000000a0     ti.omp.utils.ae66 : ThreadLocalStorage.oe66 (.text:ti_omp_utils_ThreadLocalStorage_createFxn__F)
                  0c0aaf20    000000a0     ipc.ae66 : Ipc.obj (.text:ti_sdo_ipc_family_c647x_Interrupt_intUnregister__E)
                  0c0aafc0    000000a0              : Ipc.obj (.text:ti_sdo_ipc_gates_GatePeterson_leave__E)
                  0c0ab060    000000a0              : Ipc.obj (.text:ti_sdo_ipc_notifyDrivers_NotifyDriverShm_Instance_finalize__F)
                  0c0ab100    000000a0     sysbios.ae66 : BIOS.obj (.text:ti_sysbios_heaps_HeapMem_init__I)
                  0c0ab1a0    000000a0     omp_config_pe66.oe66 (.text:ti_sysbios_knl_Clock_Object__create__S)
                  0c0ab240    000000a0     sysbios.ae66 : BIOS.obj (.text:ti_sysbios_knl_Idle_run__E)
                  0c0ab2e0    000000a0                  : BIOS.obj (.text:ti_sysbios_knl_Task_deleteTerminatedTasksFunc__I)
                  0c0ab380    000000a0     rts6600_elf_mt.lib : lowlev.obj (.text:write)
                  0c0ab420    000000a0     ti.targets.rts6000.ae66 : Assert.oe66 (.text:xdc_runtime_Assert_raise__I)
                  0c0ab4c0    000000a0                             : SysMin.oe66 (.text:xdc_runtime_SysMin_abort__F)
                  0c0ab560    000000a0                             : SysMin.oe66 (.text:xdc_runtime_SysMin_flush__F)
                  0c0ab600    000000a0                             : SysMin.oe66 (.text:xdc_runtime_SysMin_putch__F)
                  0c0ab6a0    00000080     rts6600_elf_mt.lib : trgdrv.obj (.text:HOSTclose)
                  0c0ab720    00000080                        : trgdrv.obj (.text:HOSTtime)
                  0c0ab7a0    00000080     ti.drv.qmss.ae66 : qmss_drv.oe66 (.text:Qmss_getMemRegQueueHandle)
                  0c0ab820    00000080                      : qmss_drv.oe66 (.text:Qmss_queueOpen)
                  0c0ab8a0    00000080     rts6600_elf_mt.lib : _mutex.obj (.text:__TI_resource_lock)
                  0c0ab920    00000080                        : llshift.obj (.text:__c6xabi_llshl)
                  0c0ab9a0    00000080     sysbios.ae66 : c62_TaskSupport_asm.obj (.text:_ti_sysbios_family_c62_TaskSupport_swap__E)
                  0c0aba20    00000080     ti.drv.cppi.ae66 : cppi_listlib.oe66 (.text:cppi_list_remove)
                  0c0abaa0    00000080     ti.omp.config.sysbios.ae66 : bar.oe66 (.text:gomp_barrier_init)
                  0c0abb20    00000080     ti.omp.ae66 : team.oe66 (.text:gomp_new_icv)
                  0c0abba0    00000080     ti.omp.config.sysbios.ae66 : bar.oe66 (.text:gomp_sem_post)
                  0c0abc20    00000080                                : bar.oe66 (.text:gomp_sem_post_num)
                  0c0abca0    00000080                                : preinit.oe66 (.text:initMPAX)
                  0c0abd20    00000080     ti.omp.ae66 : critical.oe66 (.text:initialize_critical)
                  0c0abda0    00000080     omp_config_pe66.oe66 (.text:malloc)
                  0c0abe20    00000080     rts6600_elf_mt.lib : _mutex.obj (.text:mutex_lock)
                  0c0abea0    00000080     ti.omp.utils.ae66 : OpenMPMem.oe66 (.text:ompBufferAlloc)
                  0c0abf20    00000080     rts6600_elf_mt.lib : _pthread.obj (.text:pthread_mutex_init)
                  0c0abfa0    00000080                        : trgmsg.obj (.text:readmsg)
                  0c0ac020    00000080     ti.omp.utils.C6678.ae66 : OpenMPDnldCore.oe66 (.text:reset_core)
                  0c0ac0a0    00000080     omp_config_pe66.oe66 (.text:ti_omp_utils_HeapOMP_Object__create__S)
                  0c0ac120    00000080     ti.omp.utils.ae66 : HeapOMP.oe66 (.text:ti_omp_utils_HeapOMP_alloc__E)
                  0c0ac1a0    00000080                       : OpenMP.oe66 (.text:ti_omp_utils_OpenMP_exitThread__F)
                  0c0ac220    00000080                       : OpenMP.oe66 (.text:ti_omp_utils_OpenMP_setProcId__I)
                  0c0ac2a0    00000080     omp_config_pe66.oe66 (.text:ti_sdo_ipc_gates_GateHWSem_Object__create__S)
                  0c0ac320    00000080     omp_config_pe66.oe66 (.text:ti_sdo_ipc_gates_GateMPSupportNull_Object__create__S)
                  0c0ac3a0    00000080     ipc.ae66 : Ipc.obj (.text:ti_sdo_ipc_nsremote_NameServerRemoteNotify_detach__E)
                  0c0ac420    00000080              : Ipc.obj (.text:ti_sdo_ipc_transports_TransportShm_swiFxn__I)
                  0c0ac4a0    00000080     omp_config_pe66.oe66 (.text:ti_sdo_utils_List_Object__create__S)
                  0c0ac520    00000080     omp_config_pe66.oe66 (.text:ti_sysbios_BIOS_exitFunc__I)
                  0c0ac5a0    00000080     sysbios.ae66 : BIOS.obj (.text:ti_sysbios_BIOS_exit__E)
                  0c0ac620    00000080                  : BIOS.obj (.text:ti_sysbios_family_c62_TaskSupport_start__E)
                  0c0ac6a0    00000080                  : BIOS.obj (.text:ti_sysbios_family_c64p_Exception_Module_startup__F)
                  0c0ac720    00000080                  : BIOS.obj (.text:ti_sysbios_family_c64p_Hwi_eventMap__E)
                  0c0ac7a0    00000080                  : BIOS.obj (.text:ti_sysbios_family_c66_Cache_invL1pAll__E)
                  0c0ac820    00000080                  : BIOS.obj (.text:ti_sysbios_family_c66_Cache_wbInvAll__E)
                  0c0ac8a0    00000080     omp_config_pe66.oe66 (.text:ti_sysbios_gates_GateAll_Object__create__S)
                  0c0ac920    00000080     omp_config_pe66.oe66 (.text:ti_sysbios_gates_GateHwi_Object__create__S)
                  0c0ac9a0    00000080     omp_config_pe66.oe66 (.text:ti_sysbios_gates_GateMutexPri_Object__create__S)
                  0c0aca20    00000080     omp_config_pe66.oe66 (.text:ti_sysbios_gates_GateMutex_Object__create__S)
                  0c0acaa0    00000080     omp_config_pe66.oe66 (.text:ti_sysbios_gates_GateSwi_Object__create__S)
                  0c0acb20    00000080     sysbios.ae66 : BIOS.obj (.text:ti_sysbios_gates_GateSwi_leave__E)
                  0c0acba0    00000080                  : BIOS.obj (.text:ti_sysbios_hal_Hwi_checkStack:ti_sysbios_hal_Hwi_checkStack)
                  0c0acc20    00000080     omp_config_pe66.oe66 (.text:ti_sysbios_heaps_HeapMem_Object__create__S)
                  0c0acca0    00000080     sysbios.ae66 : BIOS.obj (.text:ti_sysbios_knl_Clock_Module_startup__F)
                  0c0acd20    00000080     omp_config_pe66.oe66 (.text:ti_sysbios_knl_Clock_doTick__I)
                  0c0acda0    00000080     sysbios.ae66 : BIOS.obj (.text:ti_sysbios_knl_Clock_getTicks__E)
                  0c0ace20    00000080     omp_config_pe66.oe66 (.text:ti_sysbios_knl_Queue_Object__create__S)
                  0c0acea0    00000080     omp_config_pe66.oe66 (.text:ti_sysbios_knl_Semaphore_Object__create__S)
                  0c0acf20    00000080     sysbios.ae66 : BIOS.obj (.text:ti_sysbios_knl_Semaphore_pendTimeout__I)
                  0c0acfa0    00000080                  : BIOS.obj (.text:ti_sysbios_knl_Swi_startup__E)
                  0c0ad020    00000080                  : BIOS.obj (.text:ti_sysbios_knl_Task_restore__E)
                  0c0ad0a0    00000080                  : BIOS.obj (.text:ti_sysbios_timers_timer64_Timer_getCount__E)
                  0c0ad120    00000080                  : BIOS.obj (.text:ti_sysbios_timers_timer64_Timer_getPeriod__E)
                  0c0ad1a0    00000080     omp_config_pe66.oe66 (.text:ti_sysbios_xdcruntime_GateThreadSupport_Object__create__S)
                  0c0ad220    00000080     rts6600_elf_mt.lib : trgmsg.obj (.text:writemsg)
                  0c0ad2a0    00000080     ti.targets.rts6000.ae66 : Core-label.oe66 (.text:xdc_runtime_Core_assignLabel__I)
                  0c0ad320    00000080                             : Core-params.oe66 (.text:xdc_runtime_Core_assignParams__I)
                  0c0ad3a0    00000080     omp_config_pe66.oe66 (.text:xdc_runtime_SysMin_output__I)
                  0c0ad420    00000080     ti.targets.rts6000.ae66 : System.oe66 (.text:xdc_runtime_System_atexit__F)
                  0c0ad4a0    00000080                             : System.oe66 (.text:xdc_runtime_System_rtsExit__I)
                  0c0ad520    00000080                             : Text.oe66 (.text:xdc_runtime_Text_printVisFxn__I)
                  0c0ad5a0    00000080                             : Text.oe66 (.text:xdc_runtime_Text_xprintf__I)
                  0c0ad620    00000060     ipc.ae66 : Ipc.obj (.text:GateMP_Params_init)
                  0c0ad680    00000060              : Ipc.obj (.text:HeapMemMP_Params_init)
                  0c0ad6e0    00000060     ti.omp.utils.ae66 : HeapOMP.oe66 (.text:HeapOMP_getHeapFromAddr)
                  0c0ad740    00000060     ipc.ae66 : Ipc.obj (.text:Notify_numIntLines)
                  0c0ad7a0    00000060     ti.omp.navigatorOsal.C6678.ae66 : Navigatorosal.oe66 (.text:Osal_cppiCsEnter)
                  0c0ad800    00000060                                     : Navigatorosal.oe66 (.text:Osal_qmssCsEnter)
                  0c0ad860    00000060     rts6600_elf_mt.lib : frcmpyd_div.obj (.text:__c6xabi_frcmpyd_div)
                  0c0ad8c0    00000060                        : llshift.obj (.text:__c6xabi_llshru)
                  0c0ad920    00000060                        : imath64.obj (.text:_subcull)
                  0c0ad980    00000060     ti.drv.cppi.ae66 : cppi_listlib.oe66 (.text:cppi_list_add)
                  0c0ad9e0    00000060     rts6600_elf_mt.lib : _mutex.obj (.text:create_resource_mutexes)
                  0c0ada40    00000060                        : _mutex.obj (.text:destroy_resource_mutexes)
                  0c0adaa0    00000060     ti.omp.navigator.C6678.ae66 : Navigator.oe66 (.text:exit_Navigator)
                  0c0adb00    00000060     ti.omp.config.sysbios.ae66 : bar.oe66 (.text:gomp_barrier_wait)
                  0c0adb60    00000060     ti.omp.ae66 : alloc.oe66 (.text:gomp_free)
                  0c0adbc0    00000060                 : task.oe66 (.text:gomp_init_task)
                  0c0adc20    00000060                 : alloc.oe66 (.text:gomp_malloc)
                  0c0adc80    00000060     ti.omp.config.sysbios.ae66 : bar.oe66 (.text:gomp_team_barrier_wait)
                  0c0adce0    00000060     ti.omp.ae66 : error.oe66 (.text:gomp_verror)
                  0c0add40    00000060     rts6600_elf_mt.lib : memccpy.obj (.text:memccpy)
                  0c0adda0    00000060     ti.omp.utils.ae66 : OpenMPMem.oe66 (.text:ompBufferMgmtInit)
                  0c0ade00    00000060     ti.omp.ae66 : env.oe66 (.text:omp_set_num_threads)
                  0c0ade60    00000060     rts6600_elf_mt.lib : _pthread.obj (.text:pthread_mutex_destroy)
                  0c0adec0    00000060     ti.omp.ae66 : team.oe66 (.text:team_destructor)
                  0c0adf20    00000060     ti.omp.utils.ae66 : OpenMP.oe66 (.text:ti_omp_utils_OpenMP_mainTask__I)
                  0c0adf80    00000060                       : ThreadLocalStorage.oe66 (.text:ti_omp_utils_ThreadLocalStorage_deleteFxn__F)
                  0c0adfe0    00000060     omp_config_pe66.oe66 (.text:ti_sdo_ipc_GateMP_Object__delete__S)
                  0c0ae040    00000060     omp_config_pe66.oe66 (.text:ti_sdo_ipc_ListMP_Object__delete__S)
                  0c0ae0a0    00000060     ipc.ae66 : Ipc.obj (.text:ti_sdo_ipc_family_c647x_NotifySetup_sharedMemReq__E)
                  0c0ae100    00000060              : Ipc.obj (.text:ti_sdo_ipc_gates_GateHWSem_leave__E)
                  0c0ae160    00000060              : Ipc.obj (.text:ti_sdo_ipc_gates_GatePeterson_Instance_finalize__F)
                  0c0ae1c0    00000060     omp_config_pe66.oe66 (.text:ti_sdo_ipc_gates_GatePeterson_Object__delete__S)
                  0c0ae220    00000060     ipc.ae66 : Ipc.obj (.text:ti_sdo_ipc_gates_GatePeterson_sharedMemReq__E)
                  0c0ae280    00000060     omp_config_pe66.oe66 (.text:ti_sdo_ipc_heaps_HeapMemMP_Object__delete__S)
                  0c0ae2e0    00000060     omp_config_pe66.oe66 (.text:ti_sdo_ipc_notifyDrivers_NotifyDriverShm_Object__delete__S)
                  0c0ae340    00000060     ipc.ae66 : Ipc.obj (.text:ti_sdo_ipc_notifyDrivers_NotifyDriverShm_setNotifyHandle__E)
                  0c0ae3a0    00000060     omp_config_pe66.oe66 (.text:ti_sdo_ipc_nsremote_NameServerRemoteNotify_Object__delete__S)
                  0c0ae400    00000060     ipc.ae66 : Ipc.obj (.text:ti_sdo_ipc_transports_TransportShmSetup_sharedMemReq__E)
                  0c0ae460    00000060     omp_config_pe66.oe66 (.text:ti_sdo_ipc_transports_TransportShm_Object__delete__S)
                  0c0ae4c0    00000060     sysbios.ae66 : BIOS.obj (.text:ti_sysbios_BIOS_registerRTSLock__I)
                  0c0ae520    00000060                  : BIOS.obj (.text:ti_sysbios_family_c64p_EventCombiner_Module_startup__F)
                  0c0ae580    00000060                  : BIOS.obj (.text:ti_sysbios_family_c64p_EventCombiner_unused__F)
                  0c0ae5e0    00000060     omp_config_pe66.oe66 (.text:ti_sysbios_family_c64p_Hwi_Object__delete__S)
                  0c0ae640    00000060     sysbios.ae66 : BIOS.obj (.text:ti_sysbios_family_c66_tci66xx_CpIntc_unused__F)
                  0c0ae6a0    00000060                  : BIOS.obj (.text:ti_sysbios_gates_GateAll_enter__E)
                  0c0ae700    00000060     omp_config_pe66.oe66 (.text:ti_sysbios_gates_GateMutexPri_Object__delete__S)
                  0c0ae760    00000060     sysbios.ae66 : BIOS.obj (.text:ti_sysbios_gates_GateMutex_Instance_init__F)
                  0c0ae7c0    00000060     omp_config_pe66.oe66 (.text:ti_sysbios_gates_GateMutex_Object__delete__S)
                  0c0ae820    00000060     sysbios.ae66 : BIOS.obj (.text:ti_sysbios_hal_Hwi_initStack:ti_sysbios_hal_Hwi_initStack)
                  0c0ae880    00000060                  : BIOS.obj (.text:ti_sysbios_knl_Swi_Module_startup__F)
                  0c0ae8e0    00000060     omp_config_pe66.oe66 (.text:ti_sysbios_knl_Task_Object__delete__S)
                  0c0ae940    00000060     sysbios.ae66 : BIOS.obj (.text:ti_sysbios_knl_Task_enter__I)
                  0c0ae9a0    00000060     omp_config_pe66.oe66 (.text:ti_sysbios_xdcruntime_GateThreadSupport_Object__delete__S)
                  0c0aea00    00000060     rts6600_elf_mt.lib : lowlev.obj (.text:unlink)
                  0c0aea60    00000060     omp_config_pe66.oe66 (.text:xdc_runtime_GateNull_Object__create__S)
                  0c0aeac0    00000060     ti.targets.rts6000.ae66 : Memory.oe66 (.text:xdc_runtime_Memory_calloc__F)
                  0c0aeb20    00000060                             : Memory.oe66 (.text:xdc_runtime_Memory_valloc__F)
                  0c0aeb80    00000060                             : SysMin.oe66 (.text:xdc_runtime_SysMin_Module_startup__F)
                  0c0aebe0    00000060                             : SysMin.oe66 (.text:xdc_runtime_SysMin_exit__F)
                  0c0aec40    00000060                             : System.oe66 (.text:xdc_runtime_System_avprintf__F)
                  0c0aeca0    00000060                             : System.oe66 (.text:xdc_runtime_System_vprintf__F)
                  0c0aed00    00000060                             : Text.oe66 (.text:xdc_runtime_Text_cordText__F)
                  0c0aed60    00000060     omp_config_pe66.oe66 (.text:xdc_runtime_knl_GateThread_Object__delete__S)
                  0c0aedc0    00000040     ti.omp.ae66 : barrier.oe66 (.text:GOMP_barrier)
                  0c0aee00    00000040                 : parallel.oe66 (.text:GOMP_parallel_start)
                  0c0aee40    00000040     ti.omp.navigatorOsal.C6678.ae66 : Navigatorosal.oe66 (.text:Osal_cppiFree)
                  0c0aee80    00000040                                     : Navigatorosal.oe66 (.text:Osal_cppiMalloc)
                  0c0aeec0    00000040                                     : Navigatorosal.oe66 (.text:Osal_qmssBeginMemAccess)
                  0c0aef00    00000040                                     : Navigatorosal.oe66 (.text:Osal_qmssEndMemAccess)
                  0c0aef40    00000040     ti.drv.qmss.ae66 : qmss_drv.oe66 (.text:Qmss_getMemRegDescSize)
                  0c0aef80    00000040     ti.omp.navigator.C6678.ae66 : Navigator.oe66 (.text:Queue_empty)
                  0c0aefc0    00000040     rts6600_elf_mt.lib : _data_synch.obj (.text:__TI_data_synch_WB)
                  0c0af000    00000040                        : _data_synch.obj (.text:__TI_data_synch_WBINV)
                  0c0af040    00000040                        : _mutex.obj (.text:__TI_resource_unlock)
                  0c0af080    00000040                        : isinf.obj (.text:__c6xabi_isinf)
                  0c0af0c0    00000040                        : _printfi.obj (.text:__c6xabi_isnan)
                  0c0af100    00000040                        : args_main.obj (.text:_args_main)
                  0c0af140    00000040     ti.omp.config.sysbios.ae66 : preinit.oe66 (.text:_system_pre_init)
                  0c0af180    00000040     sysbios.ae66 : c62_TaskSupport_asm.obj (.text:_ti_sysbios_family_c62_TaskSupport_buildTaskStack)
                  0c0af1c0    00000040                  : c64p_Hwi_asm_switch.obj (.text:_ti_sysbios_family_xxx_Hwi_switchToIsrStack)
                  0c0af200    00000040     omp_config_pe66.oe66 (.text:free)
                  0c0af240    00000040     ti.omp.ae66 : team.oe66 (.text:free_team)
                  0c0af280    00000040     ti.omp.config.sysbios.ae66 : bar.oe66 (.text:gomp_barrier_destroy)
                  0c0af2c0    00000040                                : bar.oe66 (.text:gomp_barrier_reinit)
                  0c0af300    00000040     ti.omp.ae66 : task.oe66 (.text:gomp_end_task)
                  0c0af340    00000040                 : error.oe66 (.text:gomp_error)
                  0c0af380    00000040                 : error.oe66 (.text:gomp_fatal)
                  0c0af3c0    00000040                 : work.oe66 (.text:gomp_fini_work_share)
                  0c0af400    00000040                 : team.oe66 (.text:gomp_free_pool_helper)
                  0c0af440    00000040     ti.omp.config.sysbios.ae66 : thread.oe66 (.text:gomp_thread_create)
                  0c0af480    00000040     rts6600_elf_mt.lib : _mutex.obj (.text:init_mutexes)
                  0c0af4c0    00000040     ti.omp.navigator.C6678.ae66 : Navigator.oe66 (.text:l2_global_address)
                  0c0af500    00000040     ti.omp.ae66 : parallel.oe66 (.text:omp_get_num_threads)
                  0c0af540    00000040     rts6600_elf_mt.lib : _pthread.obj (.text:pthread_self)
                  0c0af580    00000040                        : rand.obj (.text:rand)
                  0c0af5c0    00000040     sysbios.ae66 : BIOS.obj (.text:rtsLock$0)
                  0c0af600    00000040     omp_config_pe66.oe66 (.text:ti_omp_utils_HeapOMP_Handle__label__S)
                  0c0af640    00000040     omp_config_pe66.oe66 (.text:ti_omp_utils_HeapOMP_Object__delete__S)
                  0c0af680    00000040     ti.omp.utils.ae66 : HeapOMP.oe66 (.text:ti_omp_utils_HeapOMP_free__E)
                  0c0af6c0    00000040                       : ThreadLocalStorage.oe66 (.text:ti_omp_utils_ThreadLocalStorage_switchFxn__F)
                  0c0af700    00000040                       : ThreadLocal.oe66 (.text:ti_omp_utils_ThreadLocal_createFxn__F)
                  0c0af740    00000040     ipc.ae66 : Ipc.obj (.text:ti_sdo_ipc_family_c647x_Interrupt_intClear__E)
                  0c0af780    00000040              : Ipc.obj (.text:ti_sdo_ipc_family_c647x_Interrupt_intSend__E)
                  0c0af7c0    00000040     omp_config_pe66.oe66 (.text:ti_sdo_ipc_gates_GateHWSem_Handle__label__S)
                  0c0af800    00000040     omp_config_pe66.oe66 (.text:ti_sdo_ipc_gates_GateHWSem_Object__delete__S)
                  0c0af840    00000040     omp_config_pe66.oe66 (.text:ti_sdo_ipc_gates_GateMPSupportNull_Handle__label__S)
                  0c0af880    00000040     omp_config_pe66.oe66 (.text:ti_sdo_ipc_gates_GateMPSupportNull_Object__delete__S)
                  0c0af8c0    00000040     omp_config_pe66.oe66 (.text:ti_sdo_ipc_gates_GatePeterson_Handle__label__S)
                  0c0af900    00000040     omp_config_pe66.oe66 (.text:ti_sdo_ipc_heaps_HeapMemMP_Handle__label__S)
                  0c0af940    00000040     omp_config_pe66.oe66 (.text:ti_sdo_ipc_notifyDrivers_NotifyDriverShm_Handle__label__S)
                  0c0af980    00000040     ipc.ae66 : Ipc.obj (.text:ti_sdo_ipc_notifyDrivers_NotifyDriverShm_disable__E)
                  0c0af9c0    00000040              : Ipc.obj (.text:ti_sdo_ipc_notifyDrivers_NotifyDriverShm_enable__E)
                  0c0afa00    00000040     omp_config_pe66.oe66 (.text:ti_sdo_ipc_nsremote_NameServerRemoteNotify_Handle__label__S)
                  0c0afa40    00000040     ipc.ae66 : Ipc.obj (.text:ti_sdo_ipc_nsremote_NameServerRemoteNotify_sharedMemReq__E)
                  0c0afa80    00000040     omp_config_pe66.oe66 (.text:ti_sdo_ipc_transports_TransportShm_Handle__label__S)
                  0c0afac0    00000040     omp_config_pe66.oe66 (.text:ti_sdo_utils_NameServer_Module__startupDone__F)
                  0c0afb00    00000040     omp_config_pe66.oe66 (.text:ti_sdo_utils_NameServer_Object__get__S)
                  0c0afb40    00000040     omp_config_pe66.oe66 (.text:ti_sysbios_BIOS_startFunc__I)
                  0c0afb80    00000040     sysbios.ae66 : BIOS.obj (.text:ti_sysbios_BIOS_start__E)
                  0c0afbc0    00000040     omp_config_pe66.oe66 (.text:ti_sysbios_family_c64p_Hwi_Module__startupDone__F)
                  0c0afc00    00000040     sysbios.ae66 : BIOS.obj (.text:ti_sysbios_family_c64p_Hwi_disableInterrupt__E)
                  0c0afc40    00000040                  : BIOS.obj (.text:ti_sysbios_family_c64p_Hwi_enableInterrupt__E)
                  0c0afc80    00000040     omp_config_pe66.oe66 (.text:ti_sysbios_gates_GateAll_Handle__label__S)
                  0c0afcc0    00000040     omp_config_pe66.oe66 (.text:ti_sysbios_gates_GateAll_Object__delete__S)
                  0c0afd00    00000040     omp_config_pe66.oe66 (.text:ti_sysbios_gates_GateHwi_Handle__label__S)
                  0c0afd40    00000040     omp_config_pe66.oe66 (.text:ti_sysbios_gates_GateHwi_Object__delete__S)
                  0c0afd80    00000040     omp_config_pe66.oe66 (.text:ti_sysbios_gates_GateMutexPri_Handle__label__S)
                  0c0afdc0    00000040     sysbios.ae66 : BIOS.obj (.text:ti_sysbios_gates_GateMutexPri_Instance_finalize__F)
                  0c0afe00    00000040                  : BIOS.obj (.text:ti_sysbios_gates_GateMutexPri_Instance_init__F)
                  0c0afe40    00000040     omp_config_pe66.oe66 (.text:ti_sysbios_gates_GateMutexPri_Object__destruct__S)
                  0c0afe80    00000040     omp_config_pe66.oe66 (.text:ti_sysbios_gates_GateMutex_Handle__label__S)
                  0c0afec0    00000040     sysbios.ae66 : BIOS.obj (.text:ti_sysbios_gates_GateMutex_Instance_finalize__F)
                  0c0aff00    00000040                  : BIOS.obj (.text:ti_sysbios_gates_GateMutex_leave__E)
                  0c0aff40    00000040     omp_config_pe66.oe66 (.text:ti_sysbios_gates_GateSwi_Handle__label__S)
                  0c0aff80    00000040     omp_config_pe66.oe66 (.text:ti_sysbios_gates_GateSwi_Object__delete__S)
                  0c0affc0    00000040     omp_config_pe66.oe66 (.text:ti_sysbios_hal_Timer_Module__startupDone__F)
                  0c0b0000    00000040     omp_config_pe66.oe66 (.text:ti_sysbios_heaps_HeapMem_Handle__label__S)
                  0c0b0040    00000040     omp_config_pe66.oe66 (.text:ti_sysbios_heaps_HeapMem_Object__delete__S)
                  0c0b0080    00000040     omp_config_pe66.oe66 (.text:ti_sysbios_heaps_HeapMem_Object__get__S)
                  0c0b00c0    00000040     omp_config_pe66.oe66 (.text:ti_sysbios_knl_Clock_Object__destruct__S)
                  0c0b0100    00000040     sysbios.ae66 : BIOS.obj (.text:ti_sysbios_knl_Semaphore_Instance_finalize__F)
                  0c0b0140    00000040     omp_config_pe66.oe66 (.text:ti_sysbios_knl_Semaphore_Object__destruct__S)
                  0c0b0180    00000040     omp_config_pe66.oe66 (.text:ti_sysbios_knl_Swi_Object__destruct__S)
                  0c0b01c0    00000040     omp_config_pe66.oe66 (.text:ti_sysbios_knl_Swi_Object__get__S)
                  0c0b0200    00000040     omp_config_pe66.oe66 (.text:ti_sysbios_knl_Task_Object__get__S)
                  0c0b0240    00000040     omp_config_pe66.oe66 (.text:ti_sysbios_timers_timer64_Timer_Module__startupDone__F)
                  0c0b0280    00000040     sysbios.ae66 : BIOS.obj (.text:ti_sysbios_xdcruntime_GateThreadSupport_Instance_finalize__F)
                  0c0b02c0    00000040                  : BIOS.obj (.text:ti_sysbios_xdcruntime_GateThreadSupport_Instance_init__F)
                  0c0b0300    00000040                  : BIOS.obj (.text:ti_sysbios_xdcruntime_GateThreadSupport_enter__F)
                  0c0b0340    00000040                  : BIOS.obj (.text:ti_sysbios_xdcruntime_GateThreadSupport_leave__F)
                  0c0b0380    00000040     rts6600_elf_mt.lib : time.obj (.text:time)
                  0c0b03c0    00000040     ti.targets.rts6000.ae66 : Error.oe66 (.text:xdc_runtime_Error_check__F)
                  0c0b0400    00000040                             : Error.oe66 (.text:xdc_runtime_Error_init__F)
                  0c0b0440    00000040     omp_config_pe66.oe66 (.text:xdc_runtime_GateNull_Handle__label__S)
                  0c0b0480    00000040     omp_config_pe66.oe66 (.text:xdc_runtime_GateNull_Object__delete__S)
                  0c0b04c0    00000040     ti.targets.rts6000.ae66 : Gate.oe66 (.text:xdc_runtime_Gate_leaveSystem__F)
                  0c0b0500    00000040                             : Memory.oe66 (.text:xdc_runtime_Memory_free__F)
                  0c0b0540    00000040                             : Registry.oe66 (.text:xdc_runtime_Registry_findById__F)
                  0c0b0580    00000040                             : System.oe66 (.text:xdc_runtime_System_abort__F)
                  0c0b05c0    00000040     omp_config_pe66.oe66 (.text:xdc_runtime_System_aprintf__E)
                  0c0b0600    00000040     omp_config_pe66.oe66 (.text:xdc_runtime_System_printf__E)
                  0c0b0640    00000040     ti.targets.rts6000.ae66 : Text.oe66 (.text:xdc_runtime_Text_ropeText__F)
                  0c0b0680    00000040     omp_config_pe66.oe66 (.text:xdc_runtime_knl_GateThread_Handle__label__S)
                  0c0b06c0    00000040     ti.targets.rts6000.ae66 : GateThread.oe66 (.text:xdc_runtime_knl_GateThread_Instance_finalize__F)
                  0c0b0700    00000040                             : GateThread.oe66 (.text:xdc_runtime_knl_GateThread_Instance_init__F)
                  0c0b0740    00000020     ti.drv.cppi.ae66 : cppi_drv.oe66 (.text:Cppi_init)
                  0c0b0760    00000020     ipc.ae66 : Ipc.obj (.text:GateMP_getDefaultRemote)
                  0c0b0780    00000020              : Ipc.obj (.text:MultiProc_getBaseIdOfCluster)
                  0c0b07a0    00000020              : Ipc.obj (.text:MultiProc_getNumProcsInCluster)
                  0c0b07c0    00000020              : Ipc.obj (.text:MultiProc_self)
                  0c0b07e0    00000020     ti.omp.navigatorOsal.C6678.ae66 : Navigatorosal.oe66 (.text:Osal_cppiBeginMemAccess)
                  0c0b0800    00000020                                     : Navigatorosal.oe66 (.text:Osal_cppiCsExit)
                  0c0b0820    00000020                                     : Navigatorosal.oe66 (.text:Osal_cppiEndMemAccess)
                  0c0b0840    00000020                                     : Navigatorosal.oe66 (.text:Osal_qmssCsExit)
                  0c0b0860    00000020     ti.drv.qmss.ae66 : qmss_drv.oe66 (.text:Qmss_getQueueNumber)
                  0c0b0880    00000020                      : qmss_drv.oe66 (.text:Qmss_start)
                  0c0b08a0    00000020     rts6600_elf_mt.lib : _data_synch.obj (.text:__TI_data_synch_INV)
                  0c0b08c0    00000020                        : errno.obj (.text:__c6xabi_errno_addr)
                  0c0b08e0    00000020                        : negll.obj (.text:__c6xabi_negll)
                  0c0b0900    00000020                        : dtor_list.obj (.text:__cxa_atexit)
                  0c0b0920    00000020                        : dtor_list.obj (.text:__cxa_ia64_exit)
                  0c0b0940    00000020     ti.targets.rts6000.ae66 : xdc_noinit.oe66 (.text:__xdc__init)
                  0c0b0960    00000020     rts6600_elf_mt.lib : _lock.obj (.text:_nop)
                  0c0b0980    00000020                        : printf.obj (.text:_outc)
                  0c0b09a0    00000020                        : vfprintf.obj (.text:_outc)
                  0c0b09c0    00000020                        : printf.obj (.text:_outs)
                  0c0b09e0    00000020                        : vfprintf.obj (.text:_outs)
                  0c0b0a00    00000020                        : _lock.obj (.text:_register_lock)
                  0c0b0a20    00000020                        : _lock.obj (.text:_register_unlock)
                  0c0b0a40    00000020     sysbios.ae66 : c62_TaskSupport_asm.obj (.text:_ti_sysbios_family_c62_TaskSupport_glue)
                  0c0b0a60    00000020                  : c64p_Hwi_asm_switch.obj (.text:_ti_sysbios_family_xxx_Hwi_switchToTaskStack)
                  0c0b0a80    00000020     rts6600_elf_mt.lib : exit.obj (.text:abort)
                  0c0b0aa0    00000020                        : dtor_list.obj (.text:atexit)
                  0c0b0ac0    00000020     ti.drv.cppi.ae66 : cppi_listlib.oe66 (.text:cppi_list_get_head)
                  0c0b0ae0    00000020     rts6600_elf_mt.lib : copy_decompress_none.obj (.text:decompress:none:__TI_decompress_none)
                  0c0b0b00    00000020                        : copy_decompress_rle.obj (.text:decompress:rle24:__TI_decompress_rle24)
                  0c0b0b20    00000020                        : _mutex.obj (.text:delete_mutexes)
                  0c0b0b40    00000020                        : getenv.obj (.text:getenv)
                  0c0b0b60    00000020     ti.omp.ae66 : env.oe66 (.text:getenv)
                  0c0b0b80    00000020     ti.omp.config.sysbios.ae66 : proc.oe66 (.text:gomp_dynamic_max_threads)
                  0c0b0ba0    00000020                                : affinity.oe66 (.text:gomp_init_affinity)
                  0c0b0bc0    00000020                                : proc.oe66 (.text:gomp_init_num_threads)
                  0c0b0be0    00000020                                : affinity.oe66 (.text:gomp_init_thread_affinity)
                  0c0b0c00    00000020     ti.omp.ae66 : team.oe66 (.text:gomp_new_thread_pool)
                  0c0b0c20    00000020     rts6600_elf_mt.lib : _mutex.obj (.text:mutex_destroy)
                  0c0b0c40    00000020     sysbios.ae66 : BIOS.obj (.text:nullFunc$0)
                  0c0b0c60    00000020     ti.omp.ae66 : parallel.oe66 (.text:omp_get_thread_num)
                  0c0b0c80    00000020     rts6600_elf_mt.lib : _pthread.obj (.text:pthread_equal)
                  0c0b0ca0    00000020                        : rand.obj (.text:srand)
                  0c0b0cc0    00000020     ti.omp.utils.ae66 : HeapOMP.oe66 (.text:ti_omp_utils_HeapOMP_Instance_init__F)
                  0c0b0ce0    00000020                       : HeapOMP.oe66 (.text:ti_omp_utils_HeapOMP_getStats__E)
                  0c0b0d00    00000020                       : HeapOMP.oe66 (.text:ti_omp_utils_HeapOMP_isBlocking__F)
                  0c0b0d20    00000020                       : OpenMP.oe66 (.text:ti_omp_utils_OpenMP_useSharedHeap__F)
                  0c0b0d40    00000020                       : ThreadLocalStorage.oe66 (.text:ti_omp_utils_ThreadLocalStorage_registerFxn__F)
                  0c0b0d60    00000020                       : ThreadLocal.oe66 (.text:ti_omp_utils_ThreadLocal_registerFxn__F)
                  0c0b0d80    00000020     omp_config_pe66.oe66 (.text:ti_sdo_ipc_GateMP_Params__init__S)
                  0c0b0da0    00000020     omp_config_pe66.oe66 (.text:ti_sdo_ipc_GateMP_RemoteCustom1Proxy_Object__create__S)
                  0c0b0dc0    00000020     omp_config_pe66.oe66 (.text:ti_sdo_ipc_GateMP_RemoteCustom1Proxy_Object__delete__S)
                  0c0b0de0    00000020     omp_config_pe66.oe66 (.text:ti_sdo_ipc_GateMP_RemoteCustom1Proxy_Params__init__S)
                  0c0b0e00    00000020     omp_config_pe66.oe66 (.text:ti_sdo_ipc_GateMP_RemoteCustom1Proxy_Proxy__abstract__S)
                  0c0b0e20    00000020     omp_config_pe66.oe66 (.text:ti_sdo_ipc_GateMP_RemoteCustom1Proxy_Proxy__delegate__S)
                  0c0b0e40    00000020     omp_config_pe66.oe66 (.text:ti_sdo_ipc_GateMP_RemoteCustom2Proxy_Object__create__S)
                  0c0b0e60    00000020     omp_config_pe66.oe66 (.text:ti_sdo_ipc_GateMP_RemoteCustom2Proxy_Object__delete__S)
                  0c0b0e80    00000020     omp_config_pe66.oe66 (.text:ti_sdo_ipc_GateMP_RemoteCustom2Proxy_Params__init__S)
                  0c0b0ea0    00000020     omp_config_pe66.oe66 (.text:ti_sdo_ipc_GateMP_RemoteCustom2Proxy_Proxy__abstract__S)
                  0c0b0ec0    00000020     omp_config_pe66.oe66 (.text:ti_sdo_ipc_GateMP_RemoteCustom2Proxy_Proxy__delegate__S)
                  0c0b0ee0    00000020     omp_config_pe66.oe66 (.text:ti_sdo_ipc_GateMP_RemoteSystemProxy_Object__create__S)
                  0c0b0f00    00000020     omp_config_pe66.oe66 (.text:ti_sdo_ipc_GateMP_RemoteSystemProxy_Object__delete__S)
                  0c0b0f20    00000020     omp_config_pe66.oe66 (.text:ti_sdo_ipc_GateMP_RemoteSystemProxy_Params__init__S)
                  0c0b0f40    00000020     omp_config_pe66.oe66 (.text:ti_sdo_ipc_GateMP_RemoteSystemProxy_Proxy__abstract__S)
                  0c0b0f60    00000020     omp_config_pe66.oe66 (.text:ti_sdo_ipc_GateMP_RemoteSystemProxy_Proxy__delegate__S)
                  0c0b0f80    00000020     ipc.ae66 : Ipc.obj (.text:ti_sdo_ipc_GateMP_getSharedAddr__F)
                  0c0b0fa0    00000020     omp_config_pe66.oe66 (.text:ti_sdo_ipc_ListMP_Params__init__S)
                  0c0b0fc0    00000020     omp_config_pe66.oe66 (.text:ti_sdo_ipc_MessageQ_Object__get__S)
                  0c0b0fe0    00000020     omp_config_pe66.oe66 (.text:ti_sdo_ipc_Notify_Module_GateProxy_enter__E)
                  0c0b1000    00000020     omp_config_pe66.oe66 (.text:ti_sdo_ipc_Notify_Module_GateProxy_leave__E)
                  0c0b1020    00000020     ipc.ae66 : Ipc.obj (.text:ti_sdo_ipc_family_c647x_Interrupt_intDisable__E)
                  0c0b1040    00000020              : Ipc.obj (.text:ti_sdo_ipc_family_c647x_Interrupt_intEnable__E)
                  0c0b1060    00000020              : Ipc.obj (.text:ti_sdo_ipc_family_c647x_NotifySetup_numIntLines__E)
                  0c0b1080    00000020     omp_config_pe66.oe66 (.text:ti_sdo_ipc_gates_GateHWSem_Params__init__S)
                  0c0b10a0    00000020     ipc.ae66 : Ipc.obj (.text:ti_sdo_ipc_gates_GateHWSem_getReservedMask__E)
                  0c0b10c0    00000020              : Ipc.obj (.text:ti_sdo_ipc_gates_GateHWSem_query__F)
[...]
0c0b6988   ti_sdo_ipc_MessageQ_Module__diagsIncluded__C
0c0b698c   ti_sdo_ipc_MessageQ_Module__diagsMask__C
0c0b6990   ti_sdo_ipc_MessageQ_Module__loggerFxn4__C
0c0b6994   ti_sdo_ipc_MessageQ_Module__loggerObj__C
0c0b6998   ti_sdo_ipc_MessageQ_Object__count__C
0c0b699c   ti_sdo_ipc_Notify_A_alreadyRegistered__C
0c0b69a0   ti_sdo_ipc_Notify_A_internal__C
0c0b69a4   ti_sdo_ipc_Notify_A_invArgument__C
0c0b69a8   ti_sdo_ipc_Notify_A_notRegistered__C
0c0b69ac   ti_sdo_ipc_Notify_A_reservedEvent__C
0c0b69b0   ti_sdo_ipc_Notify_Module__diagsEnabled__C
0c0b69b4   ti_sdo_ipc_Notify_Module__diagsIncluded__C
0c0b69b8   ti_sdo_ipc_Notify_Module__diagsMask__C
0c0b69bc   ti_sdo_ipc_Notify_Module__gateObj__C
0c0b69c0   ti_sdo_ipc_Notify_Object__heap__C
0c0b69c4   ti_sdo_ipc_Notify_numEvents__C
0c0b69c8   ti_sdo_ipc_Notify_sendEventPollCount__C
0c0b69cc   ti_sdo_ipc_SharedRegion_A_addrOutOfRange__C
0c0b69d0   ti_sdo_ipc_SharedRegion_A_idTooLarge__C
0c0b69d4   ti_sdo_ipc_SharedRegion_A_noHeap__C
0c0b69d8   ti_sdo_ipc_SharedRegion_A_region0Invalid__C
0c0b69dc   ti_sdo_ipc_SharedRegion_A_regionInvalid__C
0c0b69e0   ti_sdo_ipc_SharedRegion_A_reserveTooMuch__C
0c0b69e4   ti_sdo_ipc_SharedRegion_INVALIDSRPTR__C
0c0b69e8   ti_sdo_ipc_SharedRegion_Module__diagsEnabled__C
0c0b69ec   ti_sdo_ipc_SharedRegion_Module__diagsIncluded__C
0c0b69f0   ti_sdo_ipc_SharedRegion_Module__diagsMask__C
0c0b69f4   ti_sdo_ipc_SharedRegion_numOffsetBits__C
0c0b69f8   ti_sdo_ipc_SharedRegion_offsetMask__C
0c0b69fc   ti_sdo_ipc_family_c647x_Interrupt_INTERDSPINT__C
0c0b6a00   ti_sdo_ipc_family_c647x_Interrupt_IPCAR0__C
0c0b6a04   ti_sdo_ipc_family_c647x_Interrupt_IPCGR0__C
0c0b6a08   ti_sdo_ipc_family_c647x_Interrupt_KICK0__C
0c0b6a0c   ti_sdo_ipc_family_c647x_Interrupt_KICK1__C
0c0b6a10   ti_sdo_ipc_family_c647x_MultiProcSetup_procMap__C
0c0b6a14   ti_sdo_ipc_family_c647x_NotifySetup_dspIntVectId__C
0c0b6a18   ti_sdo_ipc_gates_GateHWSem_A_invSemNum__C
0c0b6a1c   ti_sdo_ipc_gates_GateHWSem_Module__diagsEnabled__C
0c0b6a20   ti_sdo_ipc_gates_GateHWSem_Module__diagsIncluded__C
0c0b6a24   ti_sdo_ipc_gates_GateHWSem_Module__diagsMask__C
0c0b6a28   ti_sdo_ipc_gates_GateHWSem_baseAddr__C
0c0b6a2c   ti_sdo_ipc_gates_GateHWSem_numSems__C
0c0b6a30   ti_sdo_ipc_gates_GateHWSem_reservedMaskArr__A
0c0b6a34   ti_sdo_ipc_gates_GateHWSem_reservedMaskArr__C
0c0b6a38   ti_sdo_ipc_gates_GateMPSupportNull_A_invalidAction__C
0c0b6a3c   ti_sdo_ipc_gates_GateMPSupportNull_Module__diagsEnabled__C
0c0b6a40   ti_sdo_ipc_gates_GateMPSupportNull_Module__diagsIncluded__C
0c0b6a44   ti_sdo_ipc_gates_GateMPSupportNull_Module__diagsMask__C
0c0b6a48   ti_sdo_ipc_gates_GateMPSupportNull_action__C
0c0b6a4c   ti_sdo_ipc_gates_GatePeterson_E_gateRemotelyOpened__C
0c0b6a50   ti_sdo_ipc_gates_GatePeterson_Module__diagsEnabled__C
0c0b6a54   ti_sdo_ipc_gates_GatePeterson_Module__diagsIncluded__C
0c0b6a58   ti_sdo_ipc_gates_GatePeterson_Module__diagsMask__C
0c0b6a5c   ti_sdo_ipc_gates_GatePeterson_numInstances__C
0c0b6a60   ti_sdo_ipc_heaps_HeapMemMP_A_align__C
0c0b6a64   ti_sdo_ipc_heaps_HeapMemMP_A_heapSize__C
0c0b6a68   ti_sdo_ipc_heaps_HeapMemMP_A_invalidFree__C
0c0b6a6c   ti_sdo_ipc_heaps_HeapMemMP_A_zeroBlock__C
0c0b6a70   ti_sdo_ipc_heaps_HeapMemMP_E_memory__C
0c0b6a74   ti_sdo_ipc_heaps_HeapMemMP_Module__diagsEnabled__C
0c0b6a78   ti_sdo_ipc_heaps_HeapMemMP_Module__diagsIncluded__C
0c0b6a7c   ti_sdo_ipc_heaps_HeapMemMP_Module__diagsMask__C
0c0b6a80   ti_sdo_ipc_interfaces_IGateMPSupport_Interface__BASE__C
0c0b6a84   ti_sdo_ipc_interfaces_IMessageQTransport_Interface__BASE__C
0c0b6a88   ti_sdo_ipc_interfaces_INotifyDriver_Interface__BASE__C
0c0b6a8c   ti_sdo_ipc_notifyDrivers_NotifyDriverShm_Module__diagsEnabled__C
0c0b6a90   ti_sdo_ipc_notifyDrivers_NotifyDriverShm_Module__diagsIncluded__C
0c0b6a94   ti_sdo_ipc_notifyDrivers_NotifyDriverShm_Module__diagsMask__C
0c0b6a98   ti_sdo_ipc_notifyDrivers_NotifyDriverShm_Object__heap__C
0c0b6a9c   ti_sdo_ipc_nsremote_NameServerRemoteNotify_A_invalidValueLen__C
0c0b6aa0   ti_sdo_ipc_nsremote_NameServerRemoteNotify_Instance_State_semMultiBlock__O
0c0b6aa4   ti_sdo_ipc_nsremote_NameServerRemoteNotify_Instance_State_semRemoteWait__O
0c0b6aa8   ti_sdo_ipc_nsremote_NameServerRemoteNotify_Instance_State_swiObj__O
0c0b6aac   ti_sdo_ipc_nsremote_NameServerRemoteNotify_Module__diagsEnabled__C
0c0b6ab0   ti_sdo_ipc_nsremote_NameServerRemoteNotify_Module__diagsIncluded__C
0c0b6ab4   ti_sdo_ipc_nsremote_NameServerRemoteNotify_Module__diagsMask__C
0c0b6ab8   ti_sdo_ipc_nsremote_NameServerRemoteNotify_notifyEventId__C
0c0b6abc   ti_sdo_ipc_nsremote_NameServerRemoteNotify_timeout__C
0c0b6ac0   ti_sdo_ipc_transports_TransportShmSetup_priority__C
0c0b6ac4   ti_sdo_ipc_transports_TransportShm_Instance_State_swiObj__O
0c0b6ac8   ti_sdo_ipc_transports_TransportShm_Module__diagsEnabled__C
0c0b6acc   ti_sdo_ipc_transports_TransportShm_Module__diagsIncluded__C
0c0b6ad0   ti_sdo_ipc_transports_TransportShm_Module__diagsMask__C
0c0b6ad4   ti_sdo_utils_INameServerRemote_Interface__BASE__C
0c0b6ad8   ti_sdo_utils_MultiProc_A_invalidMultiProcId__C
0c0b6adc   ti_sdo_utils_MultiProc_Module__diagsEnabled__C
0c0b6ae0   ti_sdo_utils_MultiProc_Module__diagsIncluded__C
0c0b6ae4   ti_sdo_utils_MultiProc_Module__diagsMask__C
0c0b6ae8   ti_sdo_utils_NameServer_A_invArgument__C
0c0b6aec   ti_sdo_utils_NameServer_A_invalidLen__C
0c0b6af0   ti_sdo_utils_NameServer_E_entryExists__C
0c0b6af4   ti_sdo_utils_NameServer_E_maxReached__C
0c0b6af8   ti_sdo_utils_NameServer_Instance_State_freeList__O
0c0b6afc   ti_sdo_utils_NameServer_Instance_State_nameList__O
0c0b6b00   ti_sdo_utils_NameServer_Module__diagsEnabled__C
0c0b6b04   ti_sdo_utils_NameServer_Module__diagsIncluded__C
0c0b6b08   ti_sdo_utils_NameServer_Module__diagsMask__C
0c0b6b0c   ti_sdo_utils_NameServer_Object__count__C
0c0b6b10   ti_sysbios_BIOS_Module__diagsEnabled__C
0c0b6b14   ti_sysbios_BIOS_Module__diagsIncluded__C
0c0b6b18   ti_sysbios_BIOS_Module__diagsMask__C
0c0b6b1c   ti_sysbios_BIOS_installedErrorHook__C
0c0b6b20   ti_sysbios_family_c62_TaskSupport_stackAlignment__C
0c0b6b24   ti_sysbios_family_c64p_EventCombiner_E_unpluggedEvent__C
0c0b6b28   ti_sysbios_family_c64p_Exception_E_exceptionMin__C
0c0b6b2c   ti_sysbios_family_c64p_Exception_exceptionHook__C
0c0b6b30   ti_sysbios_family_c64p_Exception_externalHook__C
0c0b6b34   ti_sysbios_family_c64p_Exception_internalHook__C
0c0b6b38   ti_sysbios_family_c64p_Exception_nmiHook__C
0c0b6b3c   ti_sysbios_family_c64p_Hwi_E_alreadyDefined__C
0c0b6b40   ti_sysbios_family_c64p_Hwi_E_handleNotFound__C
0c0b6b44   ti_sysbios_family_c64p_Hwi_LD_end__C
0c0b6b48   ti_sysbios_family_c64p_Hwi_LM_begin__C
0c0b6b4c   ti_sysbios_family_c64p_Hwi_Module__diagsEnabled__C
0c0b6b50   ti_sysbios_family_c64p_Hwi_Module__diagsIncluded__C
0c0b6b54   ti_sysbios_family_c64p_Hwi_Module__diagsMask__C
0c0b6b58   ti_sysbios_family_c64p_Hwi_Module__loggerFxn1__C
0c0b6b5c   ti_sysbios_family_c64p_Hwi_Module__loggerFxn8__C
0c0b6b60   ti_sysbios_family_c64p_Hwi_Module__loggerObj__C
0c0b6b64   ti_sysbios_family_c66_Cache_atomicBlockSize__C
0c0b6b68   ti_sysbios_family_c66_tci66xx_CpIntc_E_unpluggedSysInt__C
0c0b6b6c   ti_sysbios_family_c66_tci66xx_CpIntc_numStatusRegs__C
0c0b6b70   ti_sysbios_family_c66_tci66xx_CpIntc_numSysInts__C
0c0b6b74   ti_sysbios_family_c66_tci66xx_CpIntc_sysIntToHostInt__C
0c0b6b78   ti_sysbios_gates_GateMutexPri_A_badContext__C
0c0b6b7c   ti_sysbios_gates_GateMutexPri_Instance_State_pendQ__O
0c0b6b80   ti_sysbios_gates_GateMutexPri_Module__diagsEnabled__C
0c0b6b84   ti_sysbios_gates_GateMutexPri_Module__diagsIncluded__C
0c0b6b88   ti_sysbios_gates_GateMutexPri_Module__diagsMask__C
0c0b6b8c   ti_sysbios_gates_GateMutex_A_badContext__C
0c0b6b90   ti_sysbios_gates_GateMutex_Instance_State_sem__O
0c0b6b94   ti_sysbios_gates_GateMutex_Module__diagsEnabled__C
0c0b6b98   ti_sysbios_gates_GateMutex_Module__diagsIncluded__C
0c0b6b9c   ti_sysbios_gates_GateMutex_Module__diagsMask__C
0c0b6ba0   ti_sysbios_gates_GateSwi_A_badContext__C
0c0b6ba4   ti_sysbios_gates_GateSwi_Module__diagsEnabled__C
0c0b6ba8   ti_sysbios_gates_GateSwi_Module__diagsIncluded__C
0c0b6bac   ti_sysbios_gates_GateSwi_Module__diagsMask__C
0c0b6bb0   ti_sysbios_hal_Hwi_E_stackOverflow__C
0c0b6bb4   ti_sysbios_heaps_HeapBuf_Instance_State_freeList__O
0c0b6bb8   ti_sysbios_heaps_HeapBuf_Object__count__C
0c0b6bbc   ti_sysbios_heaps_HeapBuf_numConstructedHeaps__C
0c0b6bc0   ti_sysbios_heaps_HeapMem_A_align__C
0c0b6bc4   ti_sysbios_heaps_HeapMem_A_heapSize__C
0c0b6bc8   ti_sysbios_heaps_HeapMem_A_invalidFree__C
0c0b6bcc   ti_sysbios_heaps_HeapMem_A_zeroBlock__C
0c0b6bd0   ti_sysbios_heaps_HeapMem_E_memory__C
0c0b6bd4   ti_sysbios_heaps_HeapMem_Module__diagsEnabled__C
0c0b6bd8   ti_sysbios_heaps_HeapMem_Module__diagsIncluded__C
0c0b6bdc   ti_sysbios_heaps_HeapMem_Module__diagsMask__C
0c0b6be0   ti_sysbios_heaps_HeapMem_Module__gateObj__C
0c0b6be4   ti_sysbios_heaps_HeapMem_Object__count__C
0c0b6be8   ti_sysbios_heaps_HeapMem_reqAlign__C
0c0b6bec   ti_sysbios_knl_Clock_A_badThreadType__C
0c0b6bf0   ti_sysbios_knl_Clock_LM_begin__C
0c0b6bf4   ti_sysbios_knl_Clock_LM_tick__C
0c0b6bf8   ti_sysbios_knl_Clock_LW_delayed__C
0c0b6bfc   ti_sysbios_knl_Clock_Module_State_clockQ__O
0c0b6c00   ti_sysbios_knl_Clock_Module__diagsEnabled__C
0c0b6c04   ti_sysbios_knl_Clock_Module__diagsIncluded__C
0c0b6c08   ti_sysbios_knl_Clock_Module__diagsMask__C
0c0b6c0c   ti_sysbios_knl_Clock_Module__loggerFxn1__C
0c0b6c10   ti_sysbios_knl_Clock_Module__loggerFxn2__C
0c0b6c14   ti_sysbios_knl_Clock_Module__loggerObj__C
0c0b6c18   ti_sysbios_knl_Clock_tickMode__C
0c0b6c1c   ti_sysbios_knl_Clock_tickSource__C
0c0b6c20   ti_sysbios_knl_Semaphore_A_badContext__C
0c0b6c24   ti_sysbios_knl_Semaphore_A_noEvents__C
0c0b6c28   ti_sysbios_knl_Semaphore_A_overflow__C
0c0b6c2c   ti_sysbios_knl_Semaphore_Instance_State_pendQ__O
0c0b6c30   ti_sysbios_knl_Semaphore_LM_pend__C
0c0b6c34   ti_sysbios_knl_Semaphore_LM_post__C
0c0b6c38   ti_sysbios_knl_Semaphore_Module__diagsEnabled__C
0c0b6c3c   ti_sysbios_knl_Semaphore_Module__diagsIncluded__C
0c0b6c40   ti_sysbios_knl_Semaphore_Module__diagsMask__C
0c0b6c44   ti_sysbios_knl_Semaphore_Module__loggerFxn2__C
0c0b6c48   ti_sysbios_knl_Semaphore_Module__loggerFxn4__C
0c0b6c4c   ti_sysbios_knl_Semaphore_Module__loggerObj__C
0c0b6c50   ti_sysbios_knl_Swi_A_badPriority__C
0c0b6c54   ti_sysbios_knl_Swi_LD_end__C
0c0b6c58   ti_sysbios_knl_Swi_LM_begin__C
0c0b6c5c   ti_sysbios_knl_Swi_LM_post__C
0c0b6c60   ti_sysbios_knl_Swi_Module__diagsEnabled__C
0c0b6c64   ti_sysbios_knl_Swi_Module__diagsIncluded__C
0c0b6c68   ti_sysbios_knl_Swi_Module__diagsMask__C
0c0b6c6c   ti_sysbios_knl_Swi_Module__loggerFxn1__C
0c0b6c70   ti_sysbios_knl_Swi_Module__loggerFxn4__C
0c0b6c74   ti_sysbios_knl_Swi_Module__loggerObj__C
0c0b6c78   ti_sysbios_knl_Swi_Object__count__C
0c0b6c7c   ti_sysbios_knl_Task_A_badPriority__C
0c0b6c80   ti_sysbios_knl_Task_A_badTaskState__C
0c0b6c84   ti_sysbios_knl_Task_A_badThreadType__C
0c0b6c88   ti_sysbios_knl_Task_A_noPendElem__C
0c0b6c8c   ti_sysbios_knl_Task_E_deleteNotAllowed__C
0c0b6c90   ti_sysbios_knl_Task_LD_block__C
0c0b6c94   ti_sysbios_knl_Task_LD_exit__C
0c0b6c98   ti_sysbios_knl_Task_LD_ready__C
0c0b6c9c   ti_sysbios_knl_Task_LM_setPri__C
0c0b6ca0   ti_sysbios_knl_Task_LM_switch__C
0c0b6ca4   ti_sysbios_knl_Task_LM_yield__C
0c0b6ca8   ti_sysbios_knl_Task_Module_State_inactiveQ__O
0c0b6cac   ti_sysbios_knl_Task_Module_State_terminatedQ__O
0c0b6cb0   ti_sysbios_knl_Task_Module__diagsEnabled__C
0c0b6cb4   ti_sysbios_knl_Task_Module__diagsIncluded__C
0c0b6cb8   ti_sysbios_knl_Task_Module__diagsMask__C
0c0b6cbc   ti_sysbios_knl_Task_Module__loggerFxn2__C
0c0b6cc0   ti_sysbios_knl_Task_Module__loggerFxn4__C
0c0b6cc4   ti_sysbios_knl_Task_Module__loggerObj__C
0c0b6cc8   ti_sysbios_knl_Task_Object__count__C
0c0b6ccc   ti_sysbios_knl_Task_Object__heap__C
0c0b6cd0   ti_sysbios_knl_Task_allBlockedFunc__C
0c0b6cd4   ti_sysbios_knl_Task_defaultStackHeap__C
0c0b6cd8   ti_sysbios_knl_Task_defaultStackSize__C
0c0b6cdc   ti_sysbios_knl_Task_numConstructedTasks__C
0c0b6ce0   ti_sysbios_knl_Task_numPriorities__C
0c0b6ce4   ti_sysbios_timers_timer64_Timer_A_notAvailable__C
0c0b6ce8   ti_sysbios_timers_timer64_Timer_E_cannotSupport__C
0c0b6cec   ti_sysbios_timers_timer64_Timer_Module__diagsEnabled__C
0c0b6cf0   ti_sysbios_timers_timer64_Timer_Module__diagsIncluded__C
0c0b6cf4   ti_sysbios_timers_timer64_Timer_Module__diagsMask__C
0c0b6cf8   ti_sysbios_timers_timer64_Timer_anyMask__C
0c0b6cfc   ti_sysbios_timers_timer64_Timer_freqDivisor__C
0c0b6d00   ti_sysbios_timers_timer64_Timer_numLocalTimers__C
0c0b6d04   ti_sysbios_timers_timer64_Timer_numTimerDevices__C
0c0b6d08   ti_sysbios_xdcruntime_GateThreadSupport_Instance_State_gate__O
0c0b6d0c   xdc_runtime_Assert_E_assertFailed__C
0c0b6d10   xdc_runtime_Core_A_initializedParams__C
0c0b6d14   xdc_runtime_Core_Module__diagsEnabled__C
0c0b6d18   xdc_runtime_Core_Module__diagsIncluded__C
0c0b6d1c   xdc_runtime_Core_Module__diagsMask__C
0c0b6d20   xdc_runtime_Error_E_generic__C
0c0b6d24   xdc_runtime_Error_E_memory__C
0c0b6d28   xdc_runtime_Error_Module__diagsEnabled__C
0c0b6d2c   xdc_runtime_Error_Module__diagsIncluded__C
0c0b6d30   xdc_runtime_Error_Module__diagsMask__C
0c0b6d34   xdc_runtime_Error_Module__loggerFxn8__C
0c0b6d38   xdc_runtime_Error_Module__loggerObj__C
0c0b6d3c   xdc_runtime_Error_policy__C
0c0b6d40   xdc_runtime_Error_raiseHook__C
0c0b6d44   xdc_runtime_IGateProvider_Interface__BASE__C
0c0b6d48   xdc_runtime_IHeap_Interface__BASE__C
0c0b6d4c   xdc_runtime_IModule_Interface__BASE__C
0c0b6d50   xdc_runtime_Log_L_error__C
0c0b6d54   xdc_runtime_Memory_defaultHeapInstance__C
0c0b6d58   xdc_runtime_Startup_execImpl__C
0c0b6d5c   xdc_runtime_Startup_maxPasses__C
0c0b6d60   xdc_runtime_Startup_sfxnRts__C
0c0b6d64   xdc_runtime_Startup_sfxnTab__C
0c0b6d68   xdc_runtime_SysMin_bufSize__C
0c0b6d6c   xdc_runtime_SysMin_outputFunc__C
0c0b6d70   xdc_runtime_System_Module__gateObj__C
0c0b6d74   xdc_runtime_System_extendFxn__C
0c0b6d78   xdc_runtime_System_maxAtexitHandlers__C
0c0b6d7c   xdc_runtime_Text_charTab__C
0c0b6d80   xdc_runtime_Text_nameEmpty__C
0c0b6d84   xdc_runtime_Text_nameStatic__C
0c0b6d88   xdc_runtime_Text_nameUnknown__C
0c0b6d8c   xdc_runtime_Text_nodeTab__C
0c0b6d90   xdc_runtime_Text_visitRopeFxn__C
0c0b6d94   ti_omp_utils_OpenMP_enableMemoryConsistency__C
0c0b6d98   ti_omp_utils_OpenMP_qmssInit__C
0c0b6d9c   ti_omp_utils_ThreadLocal_Module__id__C
0c0b6da0   ti_sdo_ipc_GateMP_Module__id__C
0c0b6da4   ti_sdo_ipc_GateMP_Module__loggerDefined__C
0c0b6da8   ti_sdo_ipc_Ipc_Module__id__C
0c0b6dac   ti_sdo_ipc_Ipc_generateSlaveDataForHost__C
0c0b6db0   ti_sdo_ipc_ListMP_Module__id__C
0c0b6db4   ti_sdo_ipc_MessageQ_Module__id__C
0c0b6db8   ti_sdo_ipc_MessageQ_Module__loggerDefined__C
0c0b6dbc   ti_sdo_ipc_Notify_Module__id__C
0c0b6dc0   ti_sdo_ipc_Notify_numLines__C
0c0b6dc4   ti_sdo_ipc_Notify_reservedEvents__C
0c0b6dc8   ti_sdo_ipc_SharedRegion_Module__id__C
0c0b6dcc   ti_sdo_ipc_SharedRegion_numEntries__C
0c0b6dd0   ti_sdo_ipc_SharedRegion_translate__C
0c0b6dd4   ti_sdo_ipc_family_c647x_Interrupt_enableKick__C
0c0b6dd8   ti_sdo_ipc_gates_GateHWSem_Module__id__C
0c0b6ddc   ti_sdo_ipc_gates_GateMPSupportNull_Module__id__C
0c0b6de0   ti_sdo_ipc_gates_GatePeterson_Module__id__C
0c0b6de4   ti_sdo_ipc_heaps_HeapMemMP_Module__id__C
0c0b6de8   ti_sdo_ipc_notifyDrivers_NotifyDriverShm_Module__id__C
0c0b6dec   ti_sdo_ipc_nsremote_NameServerRemoteNotify_Module__id__C
0c0b6df0   ti_sdo_ipc_transports_TransportShm_Module__id__C
0c0b6df4   ti_sdo_ipc_transports_TransportShm_notifyEventId__C
0c0b6df8   ti_sdo_utils_MultiProc_Module__id__C
0c0b6dfc   ti_sdo_utils_MultiProc_numProcessors__C
0c0b6e00   ti_sdo_utils_MultiProc_numProcsInCluster__C
0c0b6e04   ti_sdo_utils_NameServer_Module__id__C
0c0b6e08   ti_sysbios_BIOS_Module__id__C
0c0b6e0c   ti_sysbios_family_c64p_EventCombiner_Module__id__C
0c0b6e10   ti_sysbios_family_c64p_Exception_Module__id__C
0c0b6e14   ti_sysbios_family_c64p_Hwi_Module__id__C
0c0b6e18   ti_sysbios_family_c64p_Hwi_Module__loggerDefined__C
0c0b6e1c   ti_sysbios_family_c66_tci66xx_CpIntc_Module__id__C
0c0b6e20   ti_sysbios_gates_GateMutexPri_Module__id__C
0c0b6e24   ti_sysbios_gates_GateMutex_Module__id__C
0c0b6e28   ti_sysbios_gates_GateSwi_Module__id__C
0c0b6e2c   ti_sysbios_hal_Hwi_Module__id__C
0c0b6e30   ti_sysbios_heaps_HeapMem_Module__id__C
0c0b6e34   ti_sysbios_knl_Clock_Module__id__C
0c0b6e38   ti_sysbios_knl_Clock_Module__loggerDefined__C
0c0b6e3c   ti_sysbios_knl_Semaphore_Module__id__C
0c0b6e40   ti_sysbios_knl_Semaphore_Module__loggerDefined__C
0c0b6e44   ti_sysbios_knl_Swi_Module__id__C
0c0b6e48   ti_sysbios_knl_Swi_Module__loggerDefined__C
0c0b6e4c   ti_sysbios_knl_Task_Module__id__C
0c0b6e50   ti_sysbios_knl_Task_Module__loggerDefined__C
0c0b6e54   ti_sysbios_knl_Task_deleteTerminatedTasks__C
0c0b6e58   ti_sysbios_knl_Task_initStackFlag__C
0c0b6e5c   ti_sysbios_timers_timer64_Timer_Module__id__C
0c0b6e60   ti_sysbios_timers_timer64_Timer_startupNeeded__C
0c0b6e64   xdc_runtime_Core_Module__id__C
0c0b6e68   xdc_runtime_Error_Module__loggerDefined__C
0c0b6e6c   xdc_runtime_Error_maxDepth__C
0c0b6e70   xdc_runtime_Memory_Module__id__C
0c0b6e74   xdc_runtime_SysMin_flushAtExit__C
0c0b6e78   xdc_runtime_Text_charCnt__C
0c0b6e7c   xdc_runtime_Text_isLoaded__C
0c0b6e80   xdc_runtime_Text_registryModsLastId__C
0c0b6e84   xdc_runtime_Text_unnamedModsLastId__C
0c0b6e88   qmssLObj
0c0b6fe8   Ipc_sr0MemorySetup
0c0b7000   ti_sysbios_family_c64p_Hwi0
0c0b7000   ti_sysbios_family_c64p_Hwi_int0
0c0b7020   ti_sysbios_family_c64p_Hwi_int1
0c0b7040   ti_sysbios_family_c64p_Hwi_int2
0c0b7060   ti_sysbios_family_c64p_Hwi_int3
0c0b7080   ti_sysbios_family_c64p_Hwi_int4
0c0b70a0   ti_sysbios_family_c64p_Hwi_int5
0c0b70c0   ti_sysbios_family_c64p_Hwi_int6
0c0b70e0   ti_sysbios_family_c64p_Hwi_int7
0c0b7100   ti_sysbios_family_c64p_Hwi_int8
0c0b7120   ti_sysbios_family_c64p_Hwi_int9
0c0b7140   ti_sysbios_family_c64p_Hwi_int10
0c0b7160   ti_sysbios_family_c64p_Hwi_int11
0c0b7180   ti_sysbios_family_c64p_Hwi_int12
0c0b71a0   ti_sysbios_family_c64p_Hwi_int13
0c0b71c0   ti_sysbios_family_c64p_Hwi_int14
0c0b71e0   ti_sysbios_family_c64p_Hwi_int15
0c0b7200   __TI_STATIC_BASE
0c0b7200   qmssMallocCounter
0c0b7204   qmssFreeCounter
0c0b7208   cppiMallocCounter
0c0b720c   cppiFreeCounter
0c0b7210   qmssLObjIsValid
0c0b7218   omp_qmssGblCfgParams
0c0b7338   omp_cppiGblCfgParams
0c0b73b0   cppiLObj
0c0b7570   __TI_TLS_MAIN_THREAD_Base
0c0b7570   errno
0c0b76c8   __TI_TLS_INIT_Base
0c0b76d8   __TI_TLS_INIT_Limit
0c0b76d8   __TI_table_binit
0c0b76d8   __binit__
0c0b76d8   binit
0c0b7800   _c_int00
0c0b8a9c   __TI_Handler_Table_Base
0c0b8aa8   __TI_Handler_Table_Limit
0c0b8ae0   __TI_CINIT_Base
0c0b8b28   __TI_CINIT_Limit
a0325000   linkingRAM0
a0335000   eventDesc
a0337000   cpdmaCfg
a0337018   qmssInitConfig
a0337044   memInfo
a033705c   descCfg
a033708c   cppiHnd
a0337090   completionQueHnd
a0337094   eventQueHnd
a0337098   EventFreeDescHnd
a033709c   releaseHnd
a03370a0   release
a03370a4   runCount
a03370a8   isQMSSInitialized
a03370b0   gomp_thread_attr
a03370e8   gomp_thread_destructor
a03370ec   gomp_main_exit
a03370f0   BufferMgmt
a03370fc   gomp_tls_key
a0337100   queueFree
a0339100   qmssGObj
a03396d0   ThreadLocal_destructors
a0339710   gomp_cpu_affinity
a0339714   gomp_cpu_affinity_len
a0339718   gomp_remaining_threads_count
a033971c   gomp_remaining_threads_lock
a0339728   gomp_spin_count_var
a0339730   gomp_throttled_spin_count_var
a0339738   gomp_global_icv
a0339748   gomp_max_active_levels_var
a033974c   gomp_thread_limit_var
a0339750   gomp_available_cpus
a0339754   gomp_managed_threads
a0339770   ThreadLocal_usedKeys
a0339780   cppiObject
ffffffff   __TI_pprof_out_hndl
ffffffff   __TI_prof_data_size
ffffffff   __TI_prof_data_start
ffffffff   __c_args__
UNDEFED    __TI_INITARRAY_Base
UNDEFED    __TI_INITARRAY_Limit

[1557 symbols]
