******************************************************************************
               TMS320C6x Linker Unix v7.4.2                    
******************************************************************************
>> Linked Tue Apr 30 20:40:48 2013

OUTPUT FILE NAME:   <dwt.out>
ENTRY POINT SYMBOL: "_c_int00"  address: 0c037400


MEMORY CONFIGURATION

         name            origin    length      used     unused   attr    fill
----------------------  --------  ---------  --------  --------  ----  --------
  L2SRAM                00800000   00060000  0002c618  000339e8  RW X
  L1DSRAM               00f00000   00004000  00000000  00004000  RW  
  MSMCSRAM              0c000000   00300000  000387ae  002c7852  RW X
  MSMCSRAM_CACHE        0c300000   00100000  00000000  00100000  RW X
  DDR3                  80000000   20000000  010802d8  1ef7fd28  RW X
  MSMCSRAM_NOCACHE      a0300000   00100000  0003996e  000c6692  RW X


SEGMENT ALLOCATION MAP

run origin  load origin   length   init length attrs members
----------  ----------- ---------- ----------- ----- -------
00800000    00800000    0002c618   0002b4f4    rw-
  00800000    00800000    0002b4f4   0002b4f4    rw- .localfar
  0082b4f4    0082b4f4    00000004   00000000    rw- .tls_tp
  0082b4f8    0082b4f8    00001000   00000000    rw- .stack
  0082c4f8    0082c4f8    00000120   00000000    rw- .cio
0c000000    0c000000    00036f0e   00036f0e    r-x
  0c000000    0c000000    00032000   00032000    r-x .text
  0c032000    0c032000    00004f0e   00004f0e    r-- .const
0c036f10    0c036f10    000000d0   00000008    rw-
  0c036f10    0c036f10    00000008   00000008    rw- .tdata
  0c036f18    0c036f18    000000c8   00000000    rw- .tbss
0c036fe0    0c036fe0    00000010   00000010    r--
  0c036fe0    0c036fe0    00000010   00000010    r-- .switch.1
0c037000    0c037000    00000200   00000200    r-x
  0c037000    0c037000    00000200   00000200    r-x .vecs
0c0373b4    0c0373b4    0000004c   0000004c    r--
  0c0373b4    0c0373b4    00000030   00000030    r-- .switch.2
  0c0373e4    0c0373e4    0000001c   0000001c    r-- .binit
0c037400    0c037400    000013c0   000013c0    r-x
  0c037400    0c037400    000000a0   000000a0    r-x .text:_c_int00
  0c0374a0    0c0374a0    00000070   00000070    r-- .switch.3
  0c037510    0c037510    00001288   00001288    r-- .cinit
  0c038798    0c038798    00000028   00000028    r-- .TI.tls_init
80080000    0c037200    00000011   00000011    rw-
  80080000    0c037200    00000011   00000011    rw- .neardata
80080018    0c037218    0000019c   0000019c    rw-
  80080018    0c037218    0000019c   0000019c    rw- .fardata
800801b4    800801b4    00000124   00000000    rw-
  800801b4    800801b4    00000120   00000000    rw- .far
  800802d4    800802d4    00000004   00000000    rw- .bss
a0325000    a0325000    000120ac   000120ac    rw-
  a0325000    a0325000    000120ac   000120ac    rw- .qmss.1
a03370b0    a03370b0    00000050   00000050    rw-
  a03370b0    a03370b0    00000050   00000050    rw- gomp_data.1
a0337100    a0337100    00002672   00002672    rw-
  a0337100    a0337100    00002400   00002400    rw- .qmss.2
  a0339500    a0339500    00000272   00000272    rw- gomp_data.2
a0339780    a0339780    00000200   00000000    rw-
  a0339780    a0339780    00000200   00000000    rw- .cppi


SECTION ALLOCATION MAP

 output                                  attributes/
section   page    origin      length       input sections
--------  ----  ----------  ----------   ----------------
.init_array 
*          0    00800000    00000000     UNINITIALIZED

.init_array 
*          0    80000000    00000000     UNINITIALIZED

.localfar 
*          0    00800000    0002b4f4     
                  00800000    00028030     omp_config_pe66.oe66 (.far) [fill = 0]
                  00828030    00001000     omp_config_pe66.oe66 (.far:taskStackSection) [fill = 0]
                  00829030    00000150     rts6600_elf_mt.lib : _mutex.obj (.far) [fill = 0]
                  00829180    00000140                        : defs.obj (.far) [fill = 0]
                  008292c0    00000008                        : trgdrv.obj (.far) [fill = 0]
                  008292c8    00000800     omp_config_pe66.oe66 (.fardata:ti_sdo_ipc_GateMP_Module_State_0_remoteCustom1Gates__A)
                  00829ac8    00000778     omp_config_pe66.oe66 (.fardata)
                  0082a240    00000500     omp_config_pe66.oe66 (.fardata:ti_sysbios_family_c66_tci66xx_CpIntc_Module_State_0_dispatchTab__A)
                  0082a740    00000180     omp_config_pe66.oe66 (.fardata:ti_sysbios_timers_timer64_Timer_Module_State_0_device__A)
                  0082a8c0    000000e0     omp_config_pe66.oe66 (.fardata:ti_sdo_utils_NameServer_Object__table__V)
                  0082a9a0    000000a0     omp_config_pe66.oe66 (.fardata:ti_sdo_ipc_Ipc_Module_State_0_procEntry__A)
                  0082aa40    00000098     omp_config_pe66.oe66 (.fardata:ti_sysbios_knl_Task_Object__table__V)
                  0082aad8    00000098     omp_config_pe66.oe66 (.fardata:ti_sysbios_timers_timer64_Timer_Object__table__V)
                  0082ab70    00000090     omp_config_pe66.oe66 (.fardata:ti_sdo_ipc_SharedRegion_Module_State_0_regions__A)
                  0082ac00    00000080     omp_config_pe66.oe66 (.fardata:ti_sdo_ipc_GateMP_Module_State_0_remoteSystemGates__A)
                  0082ac80    00000080     omp_config_pe66.oe66 (.fardata:ti_sysbios_knl_Swi_Module_State_0_readyQ__A)
                  0082ad00    00000080     omp_config_pe66.oe66 (.fardata:ti_sysbios_knl_Task_Module_State_0_readyQ__A)
                  0082ad80    00000080     omp_config_pe66.oe66 (.fardata:ti_sysbios_timers_timer64_Timer_Module_State_0_gctrl__A)
                  0082ae00    00000080     omp_config_pe66.oe66 (.fardata:ti_sysbios_timers_timer64_Timer_Module_State_0_handles__A)
                  0082ae80    00000080     omp_config_pe66.oe66 (.fardata:ti_sysbios_timers_timer64_Timer_Module_State_0_intFreqs__A)
                  0082af00    0000004c     omp_config_pe66.oe66 (.fardata:ti_sysbios_family_c66_tci66xx_CpIntc_Module_State_0_hostIntToSysInt__A)
                  0082af4c    00000004     --HOLE--
                  0082af50    00000040     omp_config_pe66.oe66 (.fardata:ti_sdo_ipc_MessageQ_Module_State_0_transports__A)
                  0082af90    00000040     omp_config_pe66.oe66 (.fardata:ti_sysbios_gates_GateMutex_Object__table__V)
                  0082afd0    00000030     omp_config_pe66.oe66 (.fardata:ti_sysbios_knl_Swi_Object__table__V)
                  0082b000    00000020     omp_config_pe66.oe66 (.fardata:ti_sdo_ipc_MessageQ_Module_State_0_heaps__A)
                  0082b020    00000020     omp_config_pe66.oe66 (.fardata:ti_sdo_ipc_Notify_Module_State_0_notifyHandles__A)
                  0082b040    00000020     omp_config_pe66.oe66 (.fardata:ti_sdo_ipc_family_c647x_Interrupt_Module_State_0_args__A)
                  0082b060    00000020     omp_config_pe66.oe66 (.fardata:ti_sdo_ipc_transports_TransportShmSetup_Module_State_0_handles__A)
                  0082b080    00000020     omp_config_pe66.oe66 (.fardata:xdc_runtime_System_Module_State_0_atexitHandlers__A)
                  0082b0a0    00000018     omp_config_pe66.oe66 (.fardata:ti_sysbios_family_c64p_Hwi_Object__table__V)
                  0082b0b8    00000018     omp_config_pe66.oe66 (.fardata:ti_sysbios_gates_GateMutexPri_Object__table__V)
                  0082b0d0    00000018     omp_config_pe66.oe66 (.fardata:ti_sysbios_heaps_HeapMem_Object__table__V)
                  0082b0e8    00000014     omp_config_pe66.oe66 (.fardata:ti_sysbios_family_c66_tci66xx_CpIntc_Module_State_0_initSIER__A)
                  0082b0fc    00000004     --HOLE--
                  0082b100    00000010     omp_config_pe66.oe66 (.fardata:ti_sysbios_family_c66_tci66xx_CpIntc_Module_State_0_controller__A)
                  0082b110    00000010     omp_config_pe66.oe66 (.fardata:ti_sysbios_gates_GateAll_Object__table__V)
                  0082b120    0000000c     omp_config_pe66.oe66 (.fardata:ti_omp_utils_HeapOMP_Object__table__V)
                  0082b12c    00000004     --HOLE--
                  0082b130    0000000c     omp_config_pe66.oe66 (.fardata:ti_sysbios_gates_GateSwi_Object__table__V)
                  0082b13c    00000004     --HOLE--
                  0082b140    00000008     omp_config_pe66.oe66 (.fardata:ti_sysbios_hal_Hwi_Object__table__V)
                  0082b148    00000008     omp_config_pe66.oe66 (.fardata:ti_sysbios_hal_Timer_Object__table__V)
                  0082b150    00000004     omp_config_pe66.oe66 (.fardata:ti_sdo_ipc_GateMP_Module_State_0_remoteCustom2Gates__A)
                  0082b154    00000004     --HOLE--
                  0082b158    00000004     omp_config_pe66.oe66 (.fardata:ti_sdo_ipc_Notify_Module_State_0_notifyHandles_0__A)
                  0082b15c    00000004     --HOLE--
                  0082b160    00000004     omp_config_pe66.oe66 (.fardata:ti_sdo_ipc_Notify_Module_State_0_notifyHandles_1__A)
                  0082b164    00000004     --HOLE--
                  0082b168    00000004     omp_config_pe66.oe66 (.fardata:ti_sdo_ipc_Notify_Module_State_0_notifyHandles_2__A)
                  0082b16c    00000004     --HOLE--
                  0082b170    00000004     omp_config_pe66.oe66 (.fardata:ti_sdo_ipc_Notify_Module_State_0_notifyHandles_3__A)
                  0082b174    00000004     --HOLE--
                  0082b178    00000004     omp_config_pe66.oe66 (.fardata:ti_sdo_ipc_Notify_Module_State_0_notifyHandles_4__A)
                  0082b17c    00000004     --HOLE--
                  0082b180    00000004     omp_config_pe66.oe66 (.fardata:ti_sdo_ipc_Notify_Module_State_0_notifyHandles_5__A)
                  0082b184    00000004     --HOLE--
                  0082b188    00000004     omp_config_pe66.oe66 (.fardata:ti_sdo_ipc_Notify_Module_State_0_notifyHandles_6__A)
                  0082b18c    00000004     --HOLE--
                  0082b190    00000004     omp_config_pe66.oe66 (.fardata:ti_sdo_ipc_Notify_Module_State_0_notifyHandles_7__A)
                  0082b194    00000004     --HOLE--
                  0082b198    00000004     omp_config_pe66.oe66 (.fardata:ti_sysbios_gates_GateHwi_Object__table__V)
                  0082b19c    00000004     --HOLE--
                  0082b1a0    00000004     omp_config_pe66.oe66 (.fardata:ti_sysbios_knl_Task_Module_State_0_idleTask__A)
                  0082b1a4    00000004     --HOLE--
                  0082b1a8    00000004     omp_config_pe66.oe66 (.fardata:xdc_runtime_GateNull_Object__table__V)
                  0082b1ac    00000004     --HOLE--
                  0082b1b0    000001e0     rts6600_elf_mt.lib : defs.obj (.fardata:_ftable)
                  0082b390    000000a0                        : lowlev.obj (.fardata:_stream)
                  0082b430    00000078                        : lowlev.obj (.fardata:_device)
                  0082b4a8    00000018                        : _pthread.obj (.fardata)
                  0082b4c0    00000010                        : exit.obj (.fardata)
                  0082b4d0    0000000c                        : _data_synch.obj (.fardata)
                  0082b4dc    00000008                        : _lock.obj (.fardata)
                  0082b4e4    00000008                        : _mutex.obj (.fardata)
                  0082b4ec    00000004                        : defs.obj (.fardata)
                  0082b4f0    00000004                        : dtor_list.obj (.fardata)

.tls_tp    0    0082b4f4    00000004     UNINITIALIZED
                  0082b4f4    00000004     ti.omp.utils.ae66 : ThreadLocalStorage.oe66 (.tls_tp)

.stack     0    0082b4f8    00001000     UNINITIALIZED
                  0082b4f8    00000008     boot.ae66 : boot.oe66 (.stack)
                  0082b500    00000ff8     --HOLE--

.cio       0    0082c4f8    00000120     UNINITIALIZED
                  0082c4f8    00000120     rts6600_elf_mt.lib : trgmsg.obj (.cio)

xdc.meta   0    0c000000    00000100     COPY SECTION
                  0c000000    00000100     omp_config_pe66.oe66 (xdc.meta)

.text      0    0c000000    00032000     
                  0c000000    000011c0     ipc.ae66 : Ipc.obj (.text:ti_sdo_ipc_GateMP_Instance_init__F)
                  0c0011c0    00000a60              : Ipc.obj (.text:ti_sdo_ipc_heaps_HeapMemMP_alloc__E)
                  0c001c20    00000a20              : Ipc.obj (.text:ti_sdo_ipc_heaps_HeapMemMP_free__E)
                  0c002640    000009a0     ti.targets.rts6000.ae66 : System.oe66 (.text:xdc_runtime_System_doPrint__I)
                  0c002fe0    00000980     ipc.ae66 : Ipc.obj (.text:Ipc_attach)
                  0c003960    00000900              : Ipc.obj (.text:ti_sdo_ipc_transports_TransportShm_Instance_init__F)
                  0c004260    000008c0              : Ipc.obj (.text:ti_sdo_ipc_GateMP_Instance_finalize__F)
                  0c004b20    000008a0              : Ipc.obj (.text:ti_sdo_ipc_ListMP_Instance_init__F)
                  0c0053c0    00000840              : Ipc.obj (.text:MessageQ_put)
                  0c005c00    00000800     ti.omp.ae66 : team.oe66 (.text:gomp_team_start)
                  0c006400    000007e0     ti.drv.qmss.ae66 : qmss_drv.oe66 (.text:Qmss_insertMemoryRegion)
                  0c006be0    00000780     ipc.ae66 : Ipc.obj (.text:ti_sdo_ipc_heaps_HeapMemMP_Instance_init__F)
                  0c007360    00000780     sysbios.ae66 : BIOS.obj (.text:ti_sysbios_family_c64p_Exception_handler__I)
                  0c007ae0    000006c0     ipc.ae66 : Ipc.obj (.text:ti_sdo_ipc_nsremote_NameServerRemoteNotify_Instance_init__F)
                  0c0081a0    000006a0              : Ipc.obj (.text:NameServer_add)
                  0c008840    00000680     sysbios.ae66 : BIOS.obj (.text:ti_sysbios_knl_Task_Instance_finalize__F)
                  0c008ec0    00000620     ipc.ae66 : Ipc.obj (.text:Notify_sendEvent)
                  0c0094e0    00000600     sysbios.ae66 : BIOS.obj (.text:ti_sysbios_heaps_HeapMem_alloc__E)
                  0c009ae0    00000600                  : BIOS.obj (.text:ti_sysbios_heaps_HeapMem_free__E)
                  0c00a0e0    000005e0     ipc.ae66 : Ipc.obj (.text:Notify_registerEventSingle)
                  0c00a6c0    000005c0              : Ipc.obj (.text:ListMP_getHead)
                  0c00ac80    000005c0              : Ipc.obj (.text:Notify_unregisterEventSingle)
                  0c00b240    000005c0     rts6600_elf_mt.lib : divd.obj (.text:__c6xabi_divd)
                  0c00b800    000005c0                        : _printfi.obj (.text:_getarg_diouxp)
                  0c00bdc0    000005c0     ipc.ae66 : Ipc.obj (.text:ti_sdo_ipc_SharedRegion_start__F)
                  0c00c380    000005c0     sysbios.ae66 : BIOS.obj (.text:ti_sysbios_timers_timer64_Timer_Module_startup__F)
                  0c00c940    00000580     ipc.ae66 : Ipc.obj (.text:ti_sdo_ipc_nsremote_NameServerRemoteNotify_get__F)
                  0c00cec0    00000580              : Ipc.obj (.text:ti_sdo_ipc_transports_TransportShm_put__E)
                  0c00d440    00000560     ti.omp.ae66 : task.oe66 (.text:gomp_barrier_handle_tasks)
                  0c00d9a0    00000540     ipc.ae66 : Ipc.obj (.text:ti_sdo_ipc_Ipc_procSyncStart__I)
                  0c00dee0    000004e0              : Ipc.obj (.text:ti_sdo_ipc_notifyDrivers_NotifyDriverShm_Instance_init__F)
                  0c00e3c0    000004e0     sysbios.ae66 : BIOS.obj (.text:ti_sysbios_knl_Semaphore_pend__E)
                  0c00e8a0    000004a0     ipc.ae66 : Ipc.obj (.text:ti_sdo_ipc_gates_GatePeterson_Instance_init__F)
                  0c00ed40    000004a0              : Ipc.obj (.text:ti_sdo_ipc_nsremote_NameServerRemoteNotify_swiFxn__I)
                  0c00f1e0    00000480     dwt.obj (.text)
                  0c00f660    00000480     sysbios.ae66 : BIOS.obj (.text:ti_sysbios_knl_Task_Module_startup__F)
                  0c00fae0    00000460     rts6600_elf_mt.lib : _printfi.obj (.text:_printfi)
                  0c00ff40    00000460                        : _printfi.obj (.text:_setfield)
                  0c0103a0    00000460     ipc.ae66 : Ipc.obj (.text:ti_sdo_ipc_GateMP_setRegion0Reserved__F)
                  0c010800    00000460              : Ipc.obj (.text:ti_sdo_ipc_Ipc_procSyncFinish__I)
                  0c010c60    00000440              : Ipc.obj (.text:ListMP_putTail)
                  0c0110a0    00000440     ti.omp.navigator.C6678.ae66 : Navigator.oe66 (.text:sysInit)
                  0c0114e0    00000440     ipc.ae66 : Ipc.obj (.text:ti_sdo_ipc_heaps_HeapMemMP_getStats__E)
                  0c011920    00000440              : Ipc.obj (.text:ti_sdo_ipc_heaps_HeapMemMP_postInit__I)
                  0c011d60    00000420     ti.omp.ae66 : env.oe66 (.text:parse_schedule)
                  0c012180    00000400     ipc.ae66 : Ipc.obj (.text:ti_sdo_ipc_Notify_Instance_init__F)
                  0c012580    000003c0     ti.drv.cppi.ae66 : cppi_desc.oe66 (.text:Cppi_initDescriptor)
                  0c012940    000003c0     rts6600_elf_mt.lib : fputs.obj (.text:fputs)
                  0c012d00    000003c0     ti.omp.config.sysbios.ae66 : bar.oe66 (.text:gomp_team_barrier_wait_end)
                  0c0130c0    000003c0     ti.omp.ae66 : env.oe66 (.text:parse_spincount)
                  0c013480    000003c0     ipc.ae66 : Ipc.obj (.text:ti_sdo_ipc_SharedRegion_reserveMemory__F)
                  0c013840    000003c0     sysbios.ae66 : BIOS.obj (.text:ti_sysbios_knl_Task_Instance_init__F)
                  0c013c00    000003c0                  : BIOS.obj (.text:ti_sysbios_knl_Task_setPri__E)
                  0c013fc0    000003a0     ti.omp.ae66 : env.oe66 (.text:parse_affinity)
                  0c014360    00000380     ipc.ae66 : Ipc.obj (.text:HeapMemMP_sharedMemReq)
                  0c0146e0    00000340              : Ipc.obj (.text:GateMP_sharedMemReq)
                  0c014a20    00000340     ti.drv.qmss.ae66 : qmss_drv.oe66 (.text:Qmss_init)
                  0c014d60    00000320     rts6600_elf_mt.lib : _printfi.obj (.text:_pproc_fge)
                  0c015080    00000320                        : strtoul.obj (.text:strtoul)
                  0c0153a0    00000320     ti.omp.utils.ae66 : ThreadLocal.oe66 (.text:ti_omp_utils_ThreadLocal_setspecific__E)
                  0c0156c0    00000300     ipc.ae66 : Ipc.obj (.text:GateMP_openByAddr)
                  0c0159c0    00000300              : Ipc.obj (.text:ti_sdo_ipc_transports_TransportShm_openByAddr__F)
                  0c015cc0    00000300     sysbios.ae66 : BIOS.obj (.text:ti_sysbios_family_c64p_Hwi_dispatchC__I)
                  0c015fc0    000002e0     ipc.ae66 : Ipc.obj (.text:SharedRegion_getEntry)
                  0c0162a0    000002e0              : Ipc.obj (.text:SharedRegion_getPtr)
                  0c016580    000002e0     rts6600_elf_mt.lib : _printfi.obj (.text:_pproc_fwp)
                  0c016860    000002e0     ti.omp.ae66 : env.oe66 (.text:parse_stacksize)
                  0c016b40    000002e0     sysbios.ae66 : BIOS.obj (.text:ti_sysbios_gates_GateMutexPri_enter__E)
                  0c016e20    000002e0                  : BIOS.obj (.text:ti_sysbios_heaps_HeapMem_Instance_init__F)
                  0c017100    000002c0     ti.omp.utils.ae66 : OpenMP.oe66 (.text:ti_omp_utils_OpenMP_masterTask__I)
                  0c0173c0    000002c0     ipc.ae66 : Ipc.obj (.text:ti_sdo_ipc_notifyDrivers_NotifyDriverShm_isr__I)
                  0c017680    000002c0     sysbios.ae66 : BIOS.obj (.text:ti_sysbios_knl_Task_exit__E)
                  0c017940    000002a0     ipc.ae66 : Ipc.obj (.text:NameServer_getLocal)
                  0c017be0    000002a0     rts6600_elf_mt.lib : _printfi.obj (.text:fcvt)
                  0c017e80    000002a0     ti.omp.ae66 : env.oe66 (.text:initialize_env)
                  0c018120    000002a0     sysbios.ae66 : BIOS.obj (.text:ti_sysbios_family_c66_tci66xx_CpIntc_Module_startup__F)
                  0c0183c0    000002a0                  : BIOS.obj (.text:ti_sysbios_knl_Clock_workFunc__E)
                  0c018660    00000280     ipc.ae66 : Ipc.obj (.text:Ipc_start)
                  0c0188e0    00000280              : Ipc.obj (.text:SharedRegion_getSRPtr)
                  0c018b60    00000280     sysbios.ae66 : BIOS.obj (.text:deviceConfig$47)
                  0c018de0    00000280     rts6600_elf_mt.lib : _printfi.obj (.text:ecvt)
                  0c019060    00000280     ti.omp.ae66 : team.oe66 (.text:gomp_team_end)
                  0c0192e0    00000280     ipc.ae66 : Ipc.obj (.text:ti_sdo_ipc_notifyDrivers_NotifyDriverShm_sharedMemReq__F)
                  0c019560    00000280     sysbios.ae66 : BIOS.obj (.text:ti_sysbios_knl_Clock_Instance_init__F)
                  0c0197e0    00000280     ti.targets.rts6000.ae66 : Core-mem.oe66 (.text:xdc_runtime_Core_createObject__I)
                  0c019a60    00000280                             : Error.oe66 (.text:xdc_runtime_Error_raiseX__F)
                  0c019ce0    00000260     ipc.ae66 : Ipc.obj (.text:ListMP_sharedMemReq)
                  0c019f40    00000260     ti.omp.navigator.C6678.ae66 : Navigator.oe66 (.text:getsysHandles)
                  0c01a1a0    00000260     ti.omp.ae66 : parallel.oe66 (.text:gomp_resolve_num_threads)
                  0c01a400    00000260     ipc.ae66 : Ipc.obj (.text:ti_sdo_ipc_ListMP_Instance_finalize__F)
                  0c01a660    00000260              : Ipc.obj (.text:ti_sdo_ipc_heaps_HeapMemMP_Instance_finalize__F)
                  0c01a8c0    00000260              : Ipc.obj (.text:ti_sdo_ipc_notifyDrivers_NotifyDriverShm_disableEvent__E)
                  0c01ab20    00000260     ti.targets.rts6000.ae66 : Startup.oe66 (.text:xdc_runtime_Startup_startMods__I)
                  0c01ad80    00000240     ti.drv.cppi.ae66 : cppi_drv.oe66 (.text:Cppi_open)
                  0c01afc0    00000240     rts6600_elf_mt.lib : imath64.obj (.text:__c6xabi_divull)
                  0c01b200    00000240                        : _printfi.obj (.text:_pconv_e)
                  0c01b440    00000240                        : _printfi.obj (.text:_pproc_diouxp)
                  0c01b680    00000240                        : fputc.obj (.text:fputc)
                  0c01b8c0    00000240     sysbios.ae66 : BIOS.obj (.text:ti_sysbios_family_c64p_Exception_internalHandler__I)
                  0c01bb00    00000240                  : BIOS.obj (.text:ti_sysbios_knl_Semaphore_post__E)
                  0c01bd40    00000220     rts6600_elf_mt.lib : _printfi.obj (.text:_pproc_str)
                  0c01bf60    00000220     ti.omp.ae66 : env.oe66 (.text:parse_wait_policy)
                  0c01c180    00000220     rts6600_elf_mt.lib : setvbuf.obj (.text:setvbuf)
                  0c01c3a0    00000220     ti.omp.utils.ae66 : ThreadLocal.oe66 (.text:ti_omp_utils_ThreadLocal_getspecific__E)
                  0c01c5c0    00000220     ipc.ae66 : Ipc.obj (.text:ti_sdo_ipc_GateMP_start__F)
                  0c01c7e0    00000220     sysbios.ae66 : BIOS.obj (.text:ti_sysbios_family_c64p_Hwi_reconfig__E)
                  0c01ca00    00000220                  : BIOS.obj (.text:ti_sysbios_knl_Swi_run__I)
                  0c01cc20    00000220                  : BIOS.obj (.text:ti_sysbios_knl_Task_schedule__I)
                  0c01ce40    00000220                  : BIOS.obj (.text:ti_sysbios_knl_Task_startCore__E)
                  0c01d060    00000200     ipc.ae66 : Ipc.obj (.text:GateMP_enter)
                  0c01d260    00000200              : Ipc.obj (.text:GateMP_leave)
                  0c01d460    00000200              : Ipc.obj (.text:ListMP_openByAddr)
                  0c01d660    00000200     ti.drv.qmss.ae66 : qmss_drv.oe66 (.text:Qmss_internalQueueOpen)
                  0c01d860    00000200     rts6600_elf_mt.lib : _printfi.obj (.text:_pconv_g)
                  0c01da60    00000200     sysbios.ae66 : c64p_Hwi_disp_always.obj (.text:_ti_sysbios_family_c64p_Hwi_dispatchAlways)
                  0c01dc60    00000200                  : BIOS.obj (.text:block$59)
                  0c01de60    00000200     ti.drv.cppi.ae66 : cppi_heap.oe66 (.text:cppi_internal_heap_add)
                  0c01e060    00000200     ipc.ae66 : Ipc.obj (.text:ti_sdo_ipc_notifyDrivers_NotifyDriverShm_sendEvent__E)
                  0c01e260    00000200              : Ipc.obj (.text:ti_sdo_ipc_transports_TransportShm_Instance_finalize__F)
                  0c01e460    000001e0     ti.omp.ae66 : env.oe66 (.text:parse_boolean)
                  0c01e640    000001e0                 : env.oe66 (.text:parse_unsigned_long)
                  0c01e820    000001e0     ipc.ae66 : Ipc.obj (.text:ti_sdo_ipc_GateMP_attach__F)
                  0c01ea00    000001e0              : Ipc.obj (.text:ti_sdo_ipc_GateMP_getFreeResource__I)
                  0c01ebe0    000001e0     sysbios.ae66 : BIOS.obj (.text:ti_sysbios_knl_Task_postInit__I)
                  0c01edc0    000001e0                  : BIOS.obj (.text:ti_sysbios_timers_timer64_Timer_getFreq__E)
                  0c01efa0    000001c0     ti.drv.cppi.ae66 : cppi_drv.oe66 (.text:Cppi_initCfg)
                  0c01f160    000001c0     ti.omp.ae66 : parallel.oe66 (.text:GOMP_parallel_end)
                  0c01f320    000001c0     ipc.ae66 : Ipc.obj (.text:HeapMemMP_openByAddr)
                  0c01f4e0    000001c0     ti.drv.qmss.ae66 : qmss_drv.oe66 (.text:Qmss_internaldownloadFirmware)
                  0c01f6a0    000001c0     rts6600_elf_mt.lib : _printfi.obj (.text:_mcpy)
                  0c01f860    000001c0     ipc.ae66 : Ipc.obj (.text:ti_sdo_ipc_notifyDrivers_NotifyDriverShm_registerEvent__E)
                  0c01fa20    000001c0     sysbios.ae66 : BIOS.obj (.text:ti_sysbios_knl_Swi_Instance_init__F)
                  0c01fbe0    000001c0                  : BIOS.obj (.text:ti_sysbios_timers_timer64_Timer_setPeriodMicroSecs__E)
                  0c01fda0    000001a0     ipc.ae66 : Ipc.obj (.text:SharedRegion_getCacheLineSize)
                  0c01ff40    000001a0              : Ipc.obj (.text:SharedRegion_getHeap)
                  0c0200e0    000001a0              : Ipc.obj (.text:SharedRegion_isCacheEnabled)
                  0c020280    000001a0     rts6600_elf_mt.lib : imath40.obj (.text:__c6xabi_divul)
                  0c020420    000001a0     ti.omp.ae66 : team.oe66 (.text:gomp_new_team)
                  0c0205c0    000001a0     ti.omp.navigator.C6678.ae66 : Navigator.oe66 (.text:sysExit)
                  0c020760    000001a0     ipc.ae66 : Ipc.obj (.text:ti_sdo_ipc_GateMP_openRegion0Reserved__F)
                  0c020900    000001a0              : Ipc.obj (.text:ti_sdo_ipc_notifyDrivers_NotifyDriverShm_enableEvent__E)
                  0c020aa0    000001a0              : Ipc.obj (.text:ti_sdo_ipc_notifyDrivers_NotifyDriverShm_unregisterEvent__E)
                  0c020c40    000001a0              : Ipc.obj (.text:ti_sdo_ipc_nsremote_NameServerRemoteNotify_attach__E)
                  0c020de0    000001a0     sysbios.ae66 : BIOS.obj (.text:ti_sysbios_gates_GateMutex_enter__E)
                  0c020f80    000001a0                  : BIOS.obj (.text:ti_sysbios_timers_timer64_Timer_start__E)
                  0c021120    00000180     rts6600_elf_mt.lib : trgdrv.obj (.text:HOSTrename)
                  0c0212a0    00000180     ipc.ae66 : Ipc.obj (.text:MultiProc_setLocalId)
                  0c021420    00000180              : Ipc.obj (.text:Notify_intLineRegistered)
                  0c0215a0    00000180     rts6600_elf_mt.lib : copy_decompress_rle.obj (.text:__TI_decompress_rle_core)
                  0c021720    00000180     ti.omp.ae66 : team.oe66 (.text:gomp_thread_start)
                  0c0218a0    00000180     sysbios.ae66 : c64p_Exception_asm.obj (.text)
                  0c021a20    00000180     ti.omp.utils.ae66 : OpenMP.oe66 (.text:ti_omp_utils_OpenMP_createThread__E)
                  0c021ba0    00000180     ipc.ae66 : Ipc.obj (.text:ti_sdo_ipc_MessageQ_registerTransport__F)
                  0c021d20    00000180              : Ipc.obj (.text:ti_sdo_ipc_Notify_Module_startup__F)
                  0c021ea0    00000180              : Ipc.obj (.text:ti_sdo_ipc_gates_GatePeterson_enter__E)
                  0c022020    00000180              : Ipc.obj (.text:ti_sdo_utils_NameServer_Module_startup__F)
                  0c0221a0    00000180     sysbios.ae66 : BIOS.obj (.text:ti_sysbios_heaps_HeapBuf_Module_startup__F)
                  0c022320    00000180                  : BIOS.obj (.text:ti_sysbios_knl_Swi_schedule__I)
                  0c0224a0    00000180                  : BIOS.obj (.text:ti_sysbios_knl_Task_unblockI__E)
                  0c022620    00000180     ti.targets.rts6000.ae66 : Text.oe66 (.text:xdc_runtime_Text_putSite__F)
                  0c0227a0    00000160     ti.omp.ae66 : team.oe66 (.text:gomp_free_thread)
                  0c022900    00000160     ti.omp.utils.ae66 : ThreadLocal.oe66 (.text:ti_omp_utils_ThreadLocal_key_delete__E)
                  0c022a60    00000160     ipc.ae66 : Ipc.obj (.text:ti_sdo_ipc_GateMP_createLocal__F)
                  0c022bc0    00000160              : Ipc.obj (.text:ti_sdo_ipc_MessageQ_unregisterTransport__F)
                  0c022d20    00000160              : Ipc.obj (.text:ti_sdo_ipc_gates_GateHWSem_Instance_init__F)
                  0c022e80    00000160              : Ipc.obj (.text:ti_sdo_ipc_transports_TransportShm_sharedMemReq__F)
                  0c022fe0    00000160              : Ipc.obj (.text:ti_sdo_utils_NameServer_isRegistered__E)
                  0c023140    00000160              : Ipc.obj (.text:ti_sdo_utils_NameServer_registerRemoteDriver__E)
                  0c0232a0    00000160              : Ipc.obj (.text:ti_sdo_utils_NameServer_unregisterRemoteDriver__E)
                  0c023400    00000140     ti.csl.ae66 : csl_chip.oe66 (.text:CSL_chipReadReg)
                  0c023540    00000140     ipc.ae66 : Ipc.obj (.text:GateMP_close)
                  0c023680    00000140              : Ipc.obj (.text:Notify_attach)
                  0c0237c0    00000140     boot.ae66 : autoinit.oe66 (.text:_auto_init_elf)
                  0c023900    00000140     rts6600_elf_mt.lib : _printfi.obj (.text:_pproc_fflags)
                  0c023a40    00000140                        : fseek.obj (.text:fseek)
                  0c023b80    00000140                        : lowlev.obj (.text:getdevice)
                  0c023cc0    00000140     ti.omp.config.sysbios.ae66 : bar.oe66 (.text:gomp_barrier_wait_end)
                  0c023e00    00000140     ti.omp.ae66 : team.oe66 (.text:initialize_team)
                  0c023f40    00000140     ipc.ae66 : Ipc.obj (.text:ti_sdo_ipc_Notify_exec__F)
                  0c024080    00000140     sysbios.ae66 : BIOS.obj (.text:ti_sysbios_family_c64p_Hwi_Module_startup__F)
                  0c0241c0    00000140                  : BIOS.obj (.text:ti_sysbios_family_c66_Cache_Module_startup__F)
                  0c024300    00000140                  : BIOS.obj (.text:ti_sysbios_gates_GateSwi_enter__E)
                  0c024440    00000140                  : BIOS.obj (.text:ti_sysbios_knl_Clock_Instance_finalize__F)
                  0c024580    00000140                  : BIOS.obj (.text:ti_sysbios_knl_Semaphore_Instance_init__F)
                  0c0246c0    00000140                  : BIOS.obj (.text:ti_sysbios_knl_Swi_post__E)
                  0c024800    00000140                  : BIOS.obj (.text:ti_sysbios_knl_Task_blockI__E)
                  0c024940    00000140                  : BIOS.obj (.text:ti_sysbios_knl_Task_yield__E)
                  0c024a80    00000120     rts6600_elf_mt.lib : fclose.obj (.text:_closefile)
                  0c024ba0    00000120                        : _printfi.obj (.text:_ltostr)
                  0c024cc0    00000120     ti.omp.config.sysbios.ae66 : bar.oe66 (.text:gomp_sem_wait_concat)
                  0c024de0    00000120     ti.omp.navigator.C6678.ae66 : Navigator.oe66 (.text:init_Navigator)
                  0c024f00    00000120     sysbios.ae66 : BIOS.obj (.text:rtsUnlock$0)
                  0c025020    00000120     ti.omp.utils.ae66 : OpenMP.oe66 (.text:ti_omp_utils_OpenMP_threadSpawnLoop__I)
                  0c025140    00000120     ipc.ae66 : Ipc.obj (.text:ti_sdo_ipc_MessageQ_Module_startup__F)
                  0c025260    00000120              : Ipc.obj (.text:ti_sdo_ipc_family_c647x_Interrupt_intRegister__E)
                  0c025380    00000120              : Ipc.obj (.text:ti_sdo_ipc_nsremote_NameServerRemoteNotify_Instance_finalize__F)
                  0c0254a0    00000120     omp_config_pe66.oe66 (.text:xdc_runtime_System_printfExtend__I)
                  0c0255c0    00000100     rts6600_elf_mt.lib : _io_perm.obj (.text:_wrt_ok)
                  0c0256c0    00000100                        : cpy_tbl.obj (.text:copy_in)
                  0c0257c0    00000100     ti.omp.ae66 : work.oe66 (.text:gomp_init_work_share)
                  0c0258c0    00000100                 : task.oe66 (.text:gomp_sem_wait)
                  0c0259c0    00000100     ti.omp.config.sysbios.ae66 : bar.oe66 (.text:gomp_sem_wait)
                  0c025ac0    00000100     sysbios.ae66 : BIOS.obj (.text:initDevice$47)
                  0c025bc0    00000100     ti.omp.utils.ae66 : OpenMPMem.oe66 (.text:ompBufferFree)
                  0c025cc0    00000100     ti.omp.utils.C6678.ae66 : OpenMPDnldCore.oe66 (.text:reset_run_core)
                  0c025dc0    00000100                             : OpenMPDnldCore.oe66 (.text:siu_ibl_download_core)
                  0c025ec0    00000100     ti.omp.utils.ae66 : ThreadLocal.oe66 (.text:ti_omp_utils_ThreadLocal_key_create__E)
                  0c025fc0    00000100     ipc.ae66 : Ipc.obj (.text:ti_sdo_ipc_Notify_Instance_finalize__F)
                  0c0260c0    00000100     omp_config_pe66.oe66 (.text:ti_sdo_ipc_Notify_Object__create__S)
                  0c0261c0    00000100     ipc.ae66 : Ipc.obj (.text:ti_sdo_ipc_SharedRegion_attach__F)
                  0c0262c0    00000100              : Ipc.obj (.text:ti_sdo_ipc_SharedRegion_clearReservedMemory__F)
                  0c0263c0    00000100              : Ipc.obj (.text:ti_sdo_ipc_family_c647x_Interrupt_Module_startup__F)
                  0c0264c0    00000100              : Ipc.obj (.text:ti_sdo_ipc_gates_GateHWSem_Module_startup__F)
                  0c0265c0    00000100              : Ipc.obj (.text:ti_sdo_ipc_gates_GateMPSupportNull_enter__E)
                  0c0266c0    00000100              : Ipc.obj (.text:ti_sdo_ipc_gates_GateMPSupportNull_leave__E)
                  0c0267c0    00000100     omp_config_pe66.oe66 (.text:ti_sdo_ipc_gates_GatePeterson_Object__create__S)
                  0c0268c0    00000100     omp_config_pe66.oe66 (.text:ti_sdo_ipc_nsremote_NameServerRemoteNotify_Object__create__S)
                  0c0269c0    00000100     ipc.ae66 : Ipc.obj (.text:ti_sdo_ipc_transports_TransportShmSetup_attach__E)
                  0c026ac0    00000100     omp_config_pe66.oe66 (.text:ti_sdo_ipc_transports_TransportShm_Object__create__S)
                  0c026bc0    00000100     omp_config_pe66.oe66 (.text:ti_sysbios_family_c64p_Hwi_Object__create__S)
                  0c026cc0    00000100     sysbios.ae66 : BIOS.obj (.text:ti_sysbios_gates_GateMutexPri_leave__E)
                  0c026dc0    00000100                  : BIOS.obj (.text:ti_sysbios_knl_Clock_startI__E)
                  0c026ec0    00000100     omp_config_pe66.oe66 (.text:ti_sysbios_knl_Swi_Object__create__S)
                  0c026fc0    00000100     sysbios.ae66 : BIOS.obj (.text:ti_sysbios_knl_Swi_restoreHwi__E)
                  0c0270c0    00000100     omp_config_pe66.oe66 (.text:ti_sysbios_knl_Task_Object__create__S)
                  0c0271c0    00000100     ti.targets.rts6000.ae66 : Core-mem.oe66 (.text:xdc_runtime_Core_deleteObject__I)
                  0c0272c0    00000100                             : Startup.oe66 (.text:xdc_runtime_Startup_exec__F)
                  0c0273c0    00000100                             : Text.oe66 (.text:xdc_runtime_Text_putMod__F)
                  0c0274c0    00000100                             : Text.oe66 (.text:xdc_runtime_Text_visitRope2__I)
                  0c0275c0    000000e0     rts6600_elf_mt.lib : trgdrv.obj (.text:HOSTgetenv)
                  0c0276a0    000000e0                        : trgdrv.obj (.text:HOSTlseek)
                  0c027780    000000e0                        : trgdrv.obj (.text:HOSTopen)
                  0c027860    000000e0                        : divi.obj (.text:__divi)
                  0c027940    000000e0                        : _printfi.obj (.text:_div)
                  0c027a20    000000e0                        : atoi.obj (.text:atoi)
                  0c027b00    000000e0                        : lowlev.obj (.text:close)
                  0c027be0    000000e0                        : copy_zero_init.obj (.text:decompress:ZI:__TI_zero_init)
                  0c027cc0    000000e0                        : exit.obj (.text:exit)
                  0c027da0    000000e0                        : ltoa.obj (.text:ltoa)
                  0c027e80    000000e0                        : memset.obj (.text:memset)
                  0c027f60    000000e0                        : printf.obj (.text:printf)
                  0c028040    000000e0     ti.omp.navigator.C6678.ae66 : Navigator.oe66 (.text:queue_pop_elem_wait)
                  0c028120    000000e0     omp_config_pe66.oe66 (.text:realloc)
                  0c028200    000000e0     ti.omp.utils.ae66 : OpenMP.oe66 (.text:ti_omp_utils_OpenMP_mainTaskExit__F)
                  0c0282e0    000000e0     omp_config_pe66.oe66 (.text:ti_sdo_ipc_GateMP_Object__create__S)
                  0c0283c0    000000e0     omp_config_pe66.oe66 (.text:ti_sdo_ipc_ListMP_Object__create__S)
                  0c0284a0    000000e0     ipc.ae66 : Ipc.obj (.text:ti_sdo_ipc_family_c647x_Interrupt_intShmStub__I)
                  0c028580    000000e0              : Ipc.obj (.text:ti_sdo_ipc_family_c647x_NotifySetup_attach__E)
                  0c028660    000000e0              : Ipc.obj (.text:ti_sdo_ipc_gates_GateHWSem_enter__E)
                  0c028740    000000e0     omp_config_pe66.oe66 (.text:ti_sdo_ipc_heaps_HeapMemMP_Object__create__S)
                  0c028820    000000e0     omp_config_pe66.oe66 (.text:ti_sdo_ipc_notifyDrivers_NotifyDriverShm_Object__create__S)
                  0c028900    000000e0     sysbios.ae66 : BIOS.obj (.text:ti_sysbios_family_c64p_Hwi_Instance_finalize__F)
                  0c0289e0    000000e0                  : BIOS.obj (.text:ti_sysbios_family_c64p_Hwi_Instance_init__F)
                  0c028ac0    000000e0                  : BIOS.obj (.text:ti_sysbios_knl_Clock_start__E)
                  0c028ba0    000000e0                  : BIOS.obj (.text:ti_sysbios_timers_timer64_Timer_startup__E)
                  0c028c80    000000e0     ti.targets.rts6000.ae66 : Error.oe66 (.text:xdc_runtime_Error_print__F)
                  0c028d60    000000e0                             : Memory.oe66 (.text:xdc_runtime_Memory_alloc__F)
                  0c028e40    000000e0     omp_config_pe66.oe66 (.text:xdc_runtime_knl_GateThread_Object__create__S)
                  0c028f20    000000c0     ti.drv.cppi.ae66 : cppi_drv.oe66 (.text:Cppi_close)
                  0c028fe0    000000c0                      : cppi_drv.oe66 (.text:Cppi_exit)
                  0c0290a0    000000c0     rts6600_elf_mt.lib : trgdrv.obj (.text:HOSTread)
                  0c029160    000000c0                        : trgdrv.obj (.text:HOSTwrite)
                  0c029220    000000c0     ipc.ae66 : Ipc.obj (.text:HeapMemMP_create)
                  0c0292e0    000000c0              : Ipc.obj (.text:ListMP_create)
                  0c0293a0    000000c0              : Ipc.obj (.text:SharedRegion_getId)
                  0c029460    000000c0     rts6600_elf_mt.lib : dtor_list.obj (.text:__cxa_finalize)
                  0c029520    000000c0                        : divu.obj (.text:__divu)
                  0c0295e0    000000c0                        : fflush.obj (.text:_doflush)
                  0c0296a0    000000c0     ti.drv.cppi.ae66 : cppi_heap.oe66 (.text:cppi_internal_heap_release)
                  0c029760    000000c0     ti.omp.ae66 : alloc.oe66 (.text:gomp_realloc)
                  0c029820    000000c0     rts6600_elf_mt.lib : _mutex.obj (.text:mutex_init)
                  0c0298e0    000000c0                        : _pthread.obj (.text:pthread_mutex_lock)
                  0c0299a0    000000c0                        : _pthread.obj (.text:pthread_mutex_unlock)
                  0c029a60    000000c0                        : _pthread.obj (.text:pthread_once)
                  0c029b20    000000c0     ti.omp.utils.ae66 : ThreadLocal.oe66 (.text:ti_omp_utils_ThreadLocal_exitFxn__F)
                  0c029be0    000000c0     ipc.ae66 : Ipc.obj (.text:ti_sdo_ipc_GateMP_getRegion0ReservedSize__F)
                  0c029ca0    000000c0     sysbios.ae66 : BIOS.obj (.text:ti_sysbios_BIOS_errorRaiseHook__I)
                  0c029d60    000000c0                  : BIOS.obj (.text:ti_sysbios_gates_GateAll_leave__E)
                  0c029e20    000000c0                  : BIOS.obj (.text:ti_sysbios_heaps_HeapMem_getStats__E)
                  0c029ee0    000000c0                  : BIOS.obj (.text:ti_sysbios_knl_Clock_logTick__E)
                  0c029fa0    000000c0                  : BIOS.obj (.text:ti_sysbios_knl_Swi_Instance_finalize__F)
                  0c02a060    000000c0                  : BIOS.obj (.text:ti_sysbios_knl_Task_allBlockedFunction__I)
                  0c02a120    000000c0                  : BIOS.obj (.text:ti_sysbios_timers_timer64_Timer_stop__E)
                  0c02a1e0    000000c0     rts6600_elf_mt.lib : tls.obj (.text:tls:init:__TI_tls_init)
                  0c02a2a0    000000c0                        : vfprintf.obj (.text:vfprintf)
                  0c02a360    000000c0     ti.targets.rts6000.ae66 : System.oe66 (.text:xdc_runtime_System_formatNum__I)
                  0c02a420    000000a0     ti.omp.navigator.C6678.ae66 : Navigator.oe66 (.text:Create_Queue)
                  0c02a4c0    000000a0     rts6600_elf_mt.lib : trgdrv.obj (.text:HOSTunlink)
                  0c02a560    000000a0     ti.drv.qmss.ae66 : qmss_drv.oe66 (.text:Qmss_queueClose)
                  0c02a600    000000a0                      : qmss_drv.oe66 (.text:Qmss_startCfg)
                  0c02a6a0    000000a0     rts6600_elf_mt.lib : dtor_list.obj (.text:_Z11__TI_atexitPFYvPvES_S_)
                  0c02a740    000000a0                        : remu.obj (.text:__remu)
                  0c02a7e0    000000a0                        : fopen.obj (.text:_cleanup)
                  0c02a880    000000a0                        : _printfi.obj (.text:_ecpy)
                  0c02a920    000000a0                        : _printfi.obj (.text:_fcpy)
                  0c02a9c0    000000a0                        : _printfi.obj (.text:_pconv_f)
                  0c02aa60    000000a0     sysbios.ae66 : c64p_Hwi_asm.obj (.text:_ti_sysbios_family_c64p_Hwi_plug__E)
                  0c02ab00    000000a0     ti.drv.cppi.ae66 : cppi_heap.oe66 (.text:cppi_internal_heap_malloc)
                  0c02aba0    000000a0     rts6600_elf_mt.lib : lowlev.obj (.text:finddevice)
                  0c02ac40    000000a0     ti.omp.config.sysbios.ae66 : bar.oe66 (.text:gomp_team_barrier_wake)
                  0c02ace0    000000a0     rts6600_elf_mt.lib : lowlev.obj (.text:lseek)
                  0c02ad80    000000a0                        : memcpy64.obj (.text:memcpy)
                  0c02ae20    000000a0                        : _mutex.obj (.text:mutex_unlock)
                  0c02aec0    000000a0     ti.omp.navigator.C6678.ae66 : Navigator.oe66 (.text:queue_push_elem)
                  0c02af60    000000a0     rts6600_elf_mt.lib : strerror.obj (.text:strerror)
                  0c02b000    000000a0     ti.omp.utils.ae66 : ThreadLocalStorage.oe66 (.text:ti_omp_utils_ThreadLocalStorage_createFxn__F)
                  0c02b0a0    000000a0     ipc.ae66 : Ipc.obj (.text:ti_sdo_ipc_family_c647x_Interrupt_intUnregister__E)
                  0c02b140    000000a0              : Ipc.obj (.text:ti_sdo_ipc_gates_GatePeterson_leave__E)
                  0c02b1e0    000000a0              : Ipc.obj (.text:ti_sdo_ipc_notifyDrivers_NotifyDriverShm_Instance_finalize__F)
                  0c02b280    000000a0     sysbios.ae66 : BIOS.obj (.text:ti_sysbios_heaps_HeapMem_init__I)
                  0c02b320    000000a0     omp_config_pe66.oe66 (.text:ti_sysbios_knl_Clock_Object__create__S)
                  0c02b3c0    000000a0     sysbios.ae66 : BIOS.obj (.text:ti_sysbios_knl_Idle_run__E)
                  0c02b460    000000a0                  : BIOS.obj (.text:ti_sysbios_knl_Task_deleteTerminatedTasksFunc__I)
                  0c02b500    000000a0     rts6600_elf_mt.lib : lowlev.obj (.text:write)
                  0c02b5a0    000000a0     ti.targets.rts6000.ae66 : Assert.oe66 (.text:xdc_runtime_Assert_raise__I)
                  0c02b640    000000a0                             : SysMin.oe66 (.text:xdc_runtime_SysMin_abort__F)
                  0c02b6e0    000000a0                             : SysMin.oe66 (.text:xdc_runtime_SysMin_flush__F)
                  0c02b780    000000a0                             : SysMin.oe66 (.text:xdc_runtime_SysMin_putch__F)
                  0c02b820    00000080     rts6600_elf_mt.lib : trgdrv.obj (.text:HOSTclose)
                  0c02b8a0    00000080     ti.drv.qmss.ae66 : qmss_drv.oe66 (.text:Qmss_getMemRegQueueHandle)
                  0c02b920    00000080                      : qmss_drv.oe66 (.text:Qmss_queueOpen)
                  0c02b9a0    00000080     rts6600_elf_mt.lib : _mutex.obj (.text:__TI_resource_lock)
                  0c02ba20    00000080                        : llshift.obj (.text:__c6xabi_llshl)
                  0c02baa0    00000080     sysbios.ae66 : c62_TaskSupport_asm.obj (.text:_ti_sysbios_family_c62_TaskSupport_swap__E)
                  0c02bb20    00000080     ti.drv.cppi.ae66 : cppi_listlib.oe66 (.text:cppi_list_remove)
                  0c02bba0    00000080     ti.omp.config.sysbios.ae66 : bar.oe66 (.text:gomp_barrier_init)
                  0c02bc20    00000080     ti.omp.ae66 : team.oe66 (.text:gomp_new_icv)
                  0c02bca0    00000080     ti.omp.config.sysbios.ae66 : bar.oe66 (.text:gomp_sem_post)
                  0c02bd20    00000080                                : bar.oe66 (.text:gomp_sem_post_num)
                  0c02bda0    00000080                                : preinit.oe66 (.text:initMPAX)
                  0c02be20    00000080     ti.omp.ae66 : critical.oe66 (.text:initialize_critical)
                  0c02bea0    00000080     omp_config_pe66.oe66 (.text:malloc)
                  0c02bf20    00000080     rts6600_elf_mt.lib : _mutex.obj (.text:mutex_lock)
                  0c02bfa0    00000080     ti.omp.utils.ae66 : OpenMPMem.oe66 (.text:ompBufferAlloc)
                  0c02c020    00000080     rts6600_elf_mt.lib : _pthread.obj (.text:pthread_mutex_init)
                  0c02c0a0    00000080                        : trgmsg.obj (.text:readmsg)
                  0c02c120    00000080     ti.omp.utils.C6678.ae66 : OpenMPDnldCore.oe66 (.text:reset_core)
                  0c02c1a0    00000080     omp_config_pe66.oe66 (.text:ti_omp_utils_HeapOMP_Object__create__S)
                  0c02c220    00000080     ti.omp.utils.ae66 : HeapOMP.oe66 (.text:ti_omp_utils_HeapOMP_alloc__E)
                  0c02c2a0    00000080                       : OpenMP.oe66 (.text:ti_omp_utils_OpenMP_exitThread__F)
                  0c02c320    00000080                       : OpenMP.oe66 (.text:ti_omp_utils_OpenMP_setProcId__I)
                  0c02c3a0    00000080     omp_config_pe66.oe66 (.text:ti_sdo_ipc_gates_GateHWSem_Object__create__S)
                  0c02c420    00000080     omp_config_pe66.oe66 (.text:ti_sdo_ipc_gates_GateMPSupportNull_Object__create__S)
                  0c02c4a0    00000080     ipc.ae66 : Ipc.obj (.text:ti_sdo_ipc_nsremote_NameServerRemoteNotify_detach__E)
                  0c02c520    00000080              : Ipc.obj (.text:ti_sdo_ipc_transports_TransportShm_swiFxn__I)
                  0c02c5a0    00000080     omp_config_pe66.oe66 (.text:ti_sdo_utils_List_Object__create__S)
                  0c02c620    00000080     omp_config_pe66.oe66 (.text:ti_sysbios_BIOS_exitFunc__I)
                  0c02c6a0    00000080     sysbios.ae66 : BIOS.obj (.text:ti_sysbios_BIOS_exit__E)
                  0c02c720    00000080                  : BIOS.obj (.text:ti_sysbios_family_c62_TaskSupport_start__E)
                  0c02c7a0    00000080                  : BIOS.obj (.text:ti_sysbios_family_c64p_Exception_Module_startup__F)
                  0c02c820    00000080                  : BIOS.obj (.text:ti_sysbios_family_c64p_Hwi_eventMap__E)
                  0c02c8a0    00000080                  : BIOS.obj (.text:ti_sysbios_family_c66_Cache_invL1pAll__E)
                  0c02c920    00000080                  : BIOS.obj (.text:ti_sysbios_family_c66_Cache_wbInvAll__E)
                  0c02c9a0    00000080     omp_config_pe66.oe66 (.text:ti_sysbios_gates_GateAll_Object__create__S)
                  0c02ca20    00000080     omp_config_pe66.oe66 (.text:ti_sysbios_gates_GateHwi_Object__create__S)
                  0c02caa0    00000080     omp_config_pe66.oe66 (.text:ti_sysbios_gates_GateMutexPri_Object__create__S)
                  0c02cb20    00000080     omp_config_pe66.oe66 (.text:ti_sysbios_gates_GateMutex_Object__create__S)
                  0c02cba0    00000080     omp_config_pe66.oe66 (.text:ti_sysbios_gates_GateSwi_Object__create__S)
                  0c02cc20    00000080     sysbios.ae66 : BIOS.obj (.text:ti_sysbios_gates_GateSwi_leave__E)
                  0c02cca0    00000080                  : BIOS.obj (.text:ti_sysbios_hal_Hwi_checkStack:ti_sysbios_hal_Hwi_checkStack)
                  0c02cd20    00000080     omp_config_pe66.oe66 (.text:ti_sysbios_heaps_HeapMem_Object__create__S)
                  0c02cda0    00000080     sysbios.ae66 : BIOS.obj (.text:ti_sysbios_knl_Clock_Module_startup__F)
                  0c02ce20    00000080     omp_config_pe66.oe66 (.text:ti_sysbios_knl_Clock_doTick__I)
                  0c02cea0    00000080     sysbios.ae66 : BIOS.obj (.text:ti_sysbios_knl_Clock_getTicks__E)
                  0c02cf20    00000080     omp_config_pe66.oe66 (.text:ti_sysbios_knl_Queue_Object__create__S)
                  0c02cfa0    00000080     omp_config_pe66.oe66 (.text:ti_sysbios_knl_Semaphore_Object__create__S)
                  0c02d020    00000080     sysbios.ae66 : BIOS.obj (.text:ti_sysbios_knl_Semaphore_pendTimeout__I)
                  0c02d0a0    00000080                  : BIOS.obj (.text:ti_sysbios_knl_Swi_startup__E)
                  0c02d120    00000080                  : BIOS.obj (.text:ti_sysbios_knl_Task_restore__E)
                  0c02d1a0    00000080                  : BIOS.obj (.text:ti_sysbios_timers_timer64_Timer_getCount__E)
                  0c02d220    00000080                  : BIOS.obj (.text:ti_sysbios_timers_timer64_Timer_getPeriod__E)
                  0c02d2a0    00000080     omp_config_pe66.oe66 (.text:ti_sysbios_xdcruntime_GateThreadSupport_Object__create__S)
                  0c02d320    00000080     rts6600_elf_mt.lib : trgmsg.obj (.text:writemsg)
                  0c02d3a0    00000080     ti.targets.rts6000.ae66 : Core-label.oe66 (.text:xdc_runtime_Core_assignLabel__I)
                  0c02d420    00000080                             : Core-params.oe66 (.text:xdc_runtime_Core_assignParams__I)
                  0c02d4a0    00000080     omp_config_pe66.oe66 (.text:xdc_runtime_SysMin_output__I)
                  0c02d520    00000080     ti.targets.rts6000.ae66 : System.oe66 (.text:xdc_runtime_System_atexit__F)
                  0c02d5a0    00000080                             : System.oe66 (.text:xdc_runtime_System_rtsExit__I)
                  0c02d620    00000080                             : Text.oe66 (.text:xdc_runtime_Text_printVisFxn__I)
                  0c02d6a0    00000080                             : Text.oe66 (.text:xdc_runtime_Text_xprintf__I)
                  0c02d720    00000060     ipc.ae66 : Ipc.obj (.text:GateMP_Params_init)
                  0c02d780    00000060              : Ipc.obj (.text:HeapMemMP_Params_init)
                  0c02d7e0    00000060     ti.omp.utils.ae66 : HeapOMP.oe66 (.text:HeapOMP_getHeapFromAddr)
                  0c02d840    00000060     ipc.ae66 : Ipc.obj (.text:Notify_numIntLines)
                  0c02d8a0    00000060     ti.omp.navigatorOsal.C6678.ae66 : Navigatorosal.oe66 (.text:Osal_cppiCsEnter)
                  0c02d900    00000060                                     : Navigatorosal.oe66 (.text:Osal_qmssCsEnter)
                  0c02d960    00000060     rts6600_elf_mt.lib : frcmpyd_div.obj (.text:__c6xabi_frcmpyd_div)
                  0c02d9c0    00000060                        : llshift.obj (.text:__c6xabi_llshru)
                  0c02da20    00000060                        : imath64.obj (.text:_subcull)
                  0c02da80    00000060     ti.drv.cppi.ae66 : cppi_listlib.oe66 (.text:cppi_list_add)
                  0c02dae0    00000060     rts6600_elf_mt.lib : _mutex.obj (.text:create_resource_mutexes)
                  0c02db40    00000060                        : _mutex.obj (.text:destroy_resource_mutexes)
                  0c02dba0    00000060     ti.omp.navigator.C6678.ae66 : Navigator.oe66 (.text:exit_Navigator)
                  0c02dc00    00000060     ti.omp.config.sysbios.ae66 : bar.oe66 (.text:gomp_barrier_wait)
                  0c02dc60    00000060     ti.omp.ae66 : alloc.oe66 (.text:gomp_free)
                  0c02dcc0    00000060                 : task.oe66 (.text:gomp_init_task)
                  0c02dd20    00000060                 : alloc.oe66 (.text:gomp_malloc)
                  0c02dd80    00000060     ti.omp.config.sysbios.ae66 : bar.oe66 (.text:gomp_team_barrier_wait)
                  0c02dde0    00000060     ti.omp.ae66 : error.oe66 (.text:gomp_verror)
                  0c02de40    00000060     rts6600_elf_mt.lib : memccpy.obj (.text:memccpy)
                  0c02dea0    00000060     ti.omp.utils.ae66 : OpenMPMem.oe66 (.text:ompBufferMgmtInit)
                  0c02df00    00000060     ti.omp.ae66 : env.oe66 (.text:omp_set_num_threads)
                  0c02df60    00000060     rts6600_elf_mt.lib : _pthread.obj (.text:pthread_mutex_destroy)
                  0c02dfc0    00000060     ti.omp.ae66 : team.oe66 (.text:team_destructor)
                  0c02e020    00000060     ti.omp.utils.ae66 : OpenMP.oe66 (.text:ti_omp_utils_OpenMP_mainTask__I)
                  0c02e080    00000060                       : ThreadLocalStorage.oe66 (.text:ti_omp_utils_ThreadLocalStorage_deleteFxn__F)
                  0c02e0e0    00000060     omp_config_pe66.oe66 (.text:ti_sdo_ipc_GateMP_Object__delete__S)
                  0c02e140    00000060     omp_config_pe66.oe66 (.text:ti_sdo_ipc_ListMP_Object__delete__S)
                  0c02e1a0    00000060     ipc.ae66 : Ipc.obj (.text:ti_sdo_ipc_family_c647x_NotifySetup_sharedMemReq__E)
                  0c02e200    00000060              : Ipc.obj (.text:ti_sdo_ipc_gates_GateHWSem_leave__E)
                  0c02e260    00000060              : Ipc.obj (.text:ti_sdo_ipc_gates_GatePeterson_Instance_finalize__F)
                  0c02e2c0    00000060     omp_config_pe66.oe66 (.text:ti_sdo_ipc_gates_GatePeterson_Object__delete__S)
                  0c02e320    00000060     ipc.ae66 : Ipc.obj (.text:ti_sdo_ipc_gates_GatePeterson_sharedMemReq__E)
                  0c02e380    00000060     omp_config_pe66.oe66 (.text:ti_sdo_ipc_heaps_HeapMemMP_Object__delete__S)
                  0c02e3e0    00000060     omp_config_pe66.oe66 (.text:ti_sdo_ipc_notifyDrivers_NotifyDriverShm_Object__delete__S)
                  0c02e440    00000060     ipc.ae66 : Ipc.obj (.text:ti_sdo_ipc_notifyDrivers_NotifyDriverShm_setNotifyHandle__E)
                  0c02e4a0    00000060     omp_config_pe66.oe66 (.text:ti_sdo_ipc_nsremote_NameServerRemoteNotify_Object__delete__S)
                  0c02e500    00000060     ipc.ae66 : Ipc.obj (.text:ti_sdo_ipc_transports_TransportShmSetup_sharedMemReq__E)
                  0c02e560    00000060     omp_config_pe66.oe66 (.text:ti_sdo_ipc_transports_TransportShm_Object__delete__S)
                  0c02e5c0    00000060     sysbios.ae66 : BIOS.obj (.text:ti_sysbios_BIOS_registerRTSLock__I)
                  0c02e620    00000060                  : BIOS.obj (.text:ti_sysbios_family_c64p_EventCombiner_Module_startup__F)
                  0c02e680    00000060                  : BIOS.obj (.text:ti_sysbios_family_c64p_EventCombiner_unused__F)
                  0c02e6e0    00000060     omp_config_pe66.oe66 (.text:ti_sysbios_family_c64p_Hwi_Object__delete__S)
                  0c02e740    00000060     sysbios.ae66 : BIOS.obj (.text:ti_sysbios_family_c66_tci66xx_CpIntc_unused__F)
                  0c02e7a0    00000060                  : BIOS.obj (.text:ti_sysbios_gates_GateAll_enter__E)
                  0c02e800    00000060     omp_config_pe66.oe66 (.text:ti_sysbios_gates_GateMutexPri_Object__delete__S)
                  0c02e860    00000060     sysbios.ae66 : BIOS.obj (.text:ti_sysbios_gates_GateMutex_Instance_init__F)
                  0c02e8c0    00000060     omp_config_pe66.oe66 (.text:ti_sysbios_gates_GateMutex_Object__delete__S)
                  0c02e920    00000060     sysbios.ae66 : BIOS.obj (.text:ti_sysbios_hal_Hwi_initStack:ti_sysbios_hal_Hwi_initStack)
                  0c02e980    00000060                  : BIOS.obj (.text:ti_sysbios_knl_Swi_Module_startup__F)
                  0c02e9e0    00000060     omp_config_pe66.oe66 (.text:ti_sysbios_knl_Task_Object__delete__S)
                  0c02ea40    00000060     sysbios.ae66 : BIOS.obj (.text:ti_sysbios_knl_Task_enter__I)
                  0c02eaa0    00000060     omp_config_pe66.oe66 (.text:ti_sysbios_xdcruntime_GateThreadSupport_Object__delete__S)
                  0c02eb00    00000060     rts6600_elf_mt.lib : lowlev.obj (.text:unlink)
                  0c02eb60    00000060     omp_config_pe66.oe66 (.text:xdc_runtime_GateNull_Object__create__S)
                  0c02ebc0    00000060     ti.targets.rts6000.ae66 : Memory.oe66 (.text:xdc_runtime_Memory_calloc__F)
                  0c02ec20    00000060                             : Memory.oe66 (.text:xdc_runtime_Memory_valloc__F)
                  0c02ec80    00000060                             : SysMin.oe66 (.text:xdc_runtime_SysMin_Module_startup__F)
                  0c02ece0    00000060                             : SysMin.oe66 (.text:xdc_runtime_SysMin_exit__F)
                  0c02ed40    00000060                             : System.oe66 (.text:xdc_runtime_System_avprintf__F)
                  0c02eda0    00000060                             : System.oe66 (.text:xdc_runtime_System_vprintf__F)
                  0c02ee00    00000060                             : Text.oe66 (.text:xdc_runtime_Text_cordText__F)
                  0c02ee60    00000060     omp_config_pe66.oe66 (.text:xdc_runtime_knl_GateThread_Object__delete__S)
                  0c02eec0    00000040     ti.omp.ae66 : barrier.oe66 (.text:GOMP_barrier)
                  0c02ef00    00000040                 : parallel.oe66 (.text:GOMP_parallel_start)
                  0c02ef40    00000040     ti.omp.navigatorOsal.C6678.ae66 : Navigatorosal.oe66 (.text:Osal_cppiFree)
                  0c02ef80    00000040                                     : Navigatorosal.oe66 (.text:Osal_cppiMalloc)
                  0c02efc0    00000040                                     : Navigatorosal.oe66 (.text:Osal_qmssBeginMemAccess)
                  0c02f000    00000040                                     : Navigatorosal.oe66 (.text:Osal_qmssEndMemAccess)
                  0c02f040    00000040     ti.drv.qmss.ae66 : qmss_drv.oe66 (.text:Qmss_getMemRegDescSize)
                  0c02f080    00000040     ti.omp.navigator.C6678.ae66 : Navigator.oe66 (.text:Queue_empty)
                  0c02f0c0    00000040     rts6600_elf_mt.lib : _data_synch.obj (.text:__TI_data_synch_WB)
                  0c02f100    00000040                        : _data_synch.obj (.text:__TI_data_synch_WBINV)
                  0c02f140    00000040                        : _mutex.obj (.text:__TI_resource_unlock)
                  0c02f180    00000040                        : isinf.obj (.text:__c6xabi_isinf)
                  0c02f1c0    00000040                        : _printfi.obj (.text:__c6xabi_isnan)
                  0c02f200    00000040                        : args_main.obj (.text:_args_main)
                  0c02f240    00000040     ti.omp.config.sysbios.ae66 : preinit.oe66 (.text:_system_pre_init)
                  0c02f280    00000040     sysbios.ae66 : c62_TaskSupport_asm.obj (.text:_ti_sysbios_family_c62_TaskSupport_buildTaskStack)
                  0c02f2c0    00000040                  : c64p_Hwi_asm_switch.obj (.text:_ti_sysbios_family_xxx_Hwi_switchToIsrStack)
                  0c02f300    00000040     omp_config_pe66.oe66 (.text:free)
                  0c02f340    00000040     ti.omp.ae66 : team.oe66 (.text:free_team)
                  0c02f380    00000040     ti.omp.config.sysbios.ae66 : bar.oe66 (.text:gomp_barrier_destroy)
                  0c02f3c0    00000040                                : bar.oe66 (.text:gomp_barrier_reinit)
                  0c02f400    00000040     ti.omp.ae66 : task.oe66 (.text:gomp_end_task)
                  0c02f440    00000040                 : error.oe66 (.text:gomp_error)
                  0c02f480    00000040                 : error.oe66 (.text:gomp_fatal)
                  0c02f4c0    00000040                 : work.oe66 (.text:gomp_fini_work_share)
                  0c02f500    00000040                 : team.oe66 (.text:gomp_free_pool_helper)
                  0c02f540    00000040     ti.omp.config.sysbios.ae66 : thread.oe66 (.text:gomp_thread_create)
                  0c02f580    00000040     rts6600_elf_mt.lib : _mutex.obj (.text:init_mutexes)
                  0c02f5c0    00000040     ti.omp.navigator.C6678.ae66 : Navigator.oe66 (.text:l2_global_address)
                  0c02f600    00000040     ti.omp.ae66 : parallel.oe66 (.text:omp_get_num_threads)
                  0c02f640    00000040     rts6600_elf_mt.lib : _pthread.obj (.text:pthread_self)
                  0c02f680    00000040                        : rand.obj (.text:rand)
                  0c02f6c0    00000040     sysbios.ae66 : BIOS.obj (.text:rtsLock$0)
                  0c02f700    00000040     omp_config_pe66.oe66 (.text:ti_omp_utils_HeapOMP_Handle__label__S)
                  0c02f740    00000040     omp_config_pe66.oe66 (.text:ti_omp_utils_HeapOMP_Object__delete__S)
                  0c02f780    00000040     ti.omp.utils.ae66 : HeapOMP.oe66 (.text:ti_omp_utils_HeapOMP_free__E)
                  0c02f7c0    00000040                       : ThreadLocalStorage.oe66 (.text:ti_omp_utils_ThreadLocalStorage_switchFxn__F)
                  0c02f800    00000040                       : ThreadLocal.oe66 (.text:ti_omp_utils_ThreadLocal_createFxn__F)
                  0c02f840    00000040     ipc.ae66 : Ipc.obj (.text:ti_sdo_ipc_family_c647x_Interrupt_intClear__E)
                  0c02f880    00000040              : Ipc.obj (.text:ti_sdo_ipc_family_c647x_Interrupt_intSend__E)
                  0c02f8c0    00000040     omp_config_pe66.oe66 (.text:ti_sdo_ipc_gates_GateHWSem_Handle__label__S)
                  0c02f900    00000040     omp_config_pe66.oe66 (.text:ti_sdo_ipc_gates_GateHWSem_Object__delete__S)
                  0c02f940    00000040     omp_config_pe66.oe66 (.text:ti_sdo_ipc_gates_GateMPSupportNull_Handle__label__S)
                  0c02f980    00000040     omp_config_pe66.oe66 (.text:ti_sdo_ipc_gates_GateMPSupportNull_Object__delete__S)
                  0c02f9c0    00000040     omp_config_pe66.oe66 (.text:ti_sdo_ipc_gates_GatePeterson_Handle__label__S)
                  0c02fa00    00000040     omp_config_pe66.oe66 (.text:ti_sdo_ipc_heaps_HeapMemMP_Handle__label__S)
                  0c02fa40    00000040     omp_config_pe66.oe66 (.text:ti_sdo_ipc_notifyDrivers_NotifyDriverShm_Handle__label__S)
                  0c02fa80    00000040     ipc.ae66 : Ipc.obj (.text:ti_sdo_ipc_notifyDrivers_NotifyDriverShm_disable__E)
                  0c02fac0    00000040              : Ipc.obj (.text:ti_sdo_ipc_notifyDrivers_NotifyDriverShm_enable__E)
                  0c02fb00    00000040     omp_config_pe66.oe66 (.text:ti_sdo_ipc_nsremote_NameServerRemoteNotify_Handle__label__S)
                  0c02fb40    00000040     ipc.ae66 : Ipc.obj (.text:ti_sdo_ipc_nsremote_NameServerRemoteNotify_sharedMemReq__E)
                  0c02fb80    00000040     omp_config_pe66.oe66 (.text:ti_sdo_ipc_transports_TransportShm_Handle__label__S)
                  0c02fbc0    00000040     omp_config_pe66.oe66 (.text:ti_sdo_utils_NameServer_Module__startupDone__F)
                  0c02fc00    00000040     omp_config_pe66.oe66 (.text:ti_sdo_utils_NameServer_Object__get__S)
                  0c02fc40    00000040     omp_config_pe66.oe66 (.text:ti_sysbios_BIOS_startFunc__I)
                  0c02fc80    00000040     sysbios.ae66 : BIOS.obj (.text:ti_sysbios_BIOS_start__E)
                  0c02fcc0    00000040     omp_config_pe66.oe66 (.text:ti_sysbios_family_c64p_Hwi_Module__startupDone__F)
                  0c02fd00    00000040     sysbios.ae66 : BIOS.obj (.text:ti_sysbios_family_c64p_Hwi_disableInterrupt__E)
                  0c02fd40    00000040                  : BIOS.obj (.text:ti_sysbios_family_c64p_Hwi_enableInterrupt__E)
                  0c02fd80    00000040     omp_config_pe66.oe66 (.text:ti_sysbios_gates_GateAll_Handle__label__S)
                  0c02fdc0    00000040     omp_config_pe66.oe66 (.text:ti_sysbios_gates_GateAll_Object__delete__S)
                  0c02fe00    00000040     omp_config_pe66.oe66 (.text:ti_sysbios_gates_GateHwi_Handle__label__S)
                  0c02fe40    00000040     omp_config_pe66.oe66 (.text:ti_sysbios_gates_GateHwi_Object__delete__S)
                  0c02fe80    00000040     omp_config_pe66.oe66 (.text:ti_sysbios_gates_GateMutexPri_Handle__label__S)
                  0c02fec0    00000040     sysbios.ae66 : BIOS.obj (.text:ti_sysbios_gates_GateMutexPri_Instance_finalize__F)
                  0c02ff00    00000040                  : BIOS.obj (.text:ti_sysbios_gates_GateMutexPri_Instance_init__F)
                  0c02ff40    00000040     omp_config_pe66.oe66 (.text:ti_sysbios_gates_GateMutexPri_Object__destruct__S)
                  0c02ff80    00000040     omp_config_pe66.oe66 (.text:ti_sysbios_gates_GateMutex_Handle__label__S)
                  0c02ffc0    00000040     sysbios.ae66 : BIOS.obj (.text:ti_sysbios_gates_GateMutex_Instance_finalize__F)
                  0c030000    00000040                  : BIOS.obj (.text:ti_sysbios_gates_GateMutex_leave__E)
                  0c030040    00000040     omp_config_pe66.oe66 (.text:ti_sysbios_gates_GateSwi_Handle__label__S)
                  0c030080    00000040     omp_config_pe66.oe66 (.text:ti_sysbios_gates_GateSwi_Object__delete__S)
                  0c0300c0    00000040     omp_config_pe66.oe66 (.text:ti_sysbios_hal_Timer_Module__startupDone__F)
                  0c030100    00000040     omp_config_pe66.oe66 (.text:ti_sysbios_heaps_HeapMem_Handle__label__S)
                  0c030140    00000040     omp_config_pe66.oe66 (.text:ti_sysbios_heaps_HeapMem_Object__delete__S)
                  0c030180    00000040     omp_config_pe66.oe66 (.text:ti_sysbios_heaps_HeapMem_Object__get__S)
                  0c0301c0    00000040     omp_config_pe66.oe66 (.text:ti_sysbios_knl_Clock_Object__destruct__S)
                  0c030200    00000040     sysbios.ae66 : BIOS.obj (.text:ti_sysbios_knl_Semaphore_Instance_finalize__F)
                  0c030240    00000040     omp_config_pe66.oe66 (.text:ti_sysbios_knl_Semaphore_Object__destruct__S)
                  0c030280    00000040     omp_config_pe66.oe66 (.text:ti_sysbios_knl_Swi_Object__destruct__S)
                  0c0302c0    00000040     omp_config_pe66.oe66 (.text:ti_sysbios_knl_Swi_Object__get__S)
                  0c030300    00000040     omp_config_pe66.oe66 (.text:ti_sysbios_knl_Task_Object__get__S)
                  0c030340    00000040     omp_config_pe66.oe66 (.text:ti_sysbios_timers_timer64_Timer_Module__startupDone__F)
                  0c030380    00000040     sysbios.ae66 : BIOS.obj (.text:ti_sysbios_xdcruntime_GateThreadSupport_Instance_finalize__F)
                  0c0303c0    00000040                  : BIOS.obj (.text:ti_sysbios_xdcruntime_GateThreadSupport_Instance_init__F)
                  0c030400    00000040                  : BIOS.obj (.text:ti_sysbios_xdcruntime_GateThreadSupport_enter__F)
                  0c030440    00000040                  : BIOS.obj (.text:ti_sysbios_xdcruntime_GateThreadSupport_leave__F)
                  0c030480    00000040     ti.targets.rts6000.ae66 : Error.oe66 (.text:xdc_runtime_Error_check__F)
                  0c0304c0    00000040                             : Error.oe66 (.text:xdc_runtime_Error_init__F)
                  0c030500    00000040     omp_config_pe66.oe66 (.text:xdc_runtime_GateNull_Handle__label__S)
                  0c030540    00000040     omp_config_pe66.oe66 (.text:xdc_runtime_GateNull_Object__delete__S)
                  0c030580    00000040     ti.targets.rts6000.ae66 : Gate.oe66 (.text:xdc_runtime_Gate_leaveSystem__F)
                  0c0305c0    00000040                             : Memory.oe66 (.text:xdc_runtime_Memory_free__F)
                  0c030600    00000040                             : Registry.oe66 (.text:xdc_runtime_Registry_findById__F)
                  0c030640    00000040                             : System.oe66 (.text:xdc_runtime_System_abort__F)
                  0c030680    00000040     omp_config_pe66.oe66 (.text:xdc_runtime_System_aprintf__E)
                  0c0306c0    00000040     omp_config_pe66.oe66 (.text:xdc_runtime_System_printf__E)
                  0c030700    00000040     ti.targets.rts6000.ae66 : Text.oe66 (.text:xdc_runtime_Text_ropeText__F)
                  0c030740    00000040     omp_config_pe66.oe66 (.text:xdc_runtime_knl_GateThread_Handle__label__S)
                  0c030780    00000040     ti.targets.rts6000.ae66 : GateThread.oe66 (.text:xdc_runtime_knl_GateThread_Instance_finalize__F)
                  0c0307c0    00000040                             : GateThread.oe66 (.text:xdc_runtime_knl_GateThread_Instance_init__F)
                  0c030800    00000020     ti.drv.cppi.ae66 : cppi_drv.oe66 (.text:Cppi_init)
                  0c030820    00000020     ipc.ae66 : Ipc.obj (.text:GateMP_getDefaultRemote)
                  0c030840    00000020              : Ipc.obj (.text:MultiProc_getBaseIdOfCluster)
                  0c030860    00000020              : Ipc.obj (.text:MultiProc_getNumProcsInCluster)
                  0c030880    00000020              : Ipc.obj (.text:MultiProc_self)
                  0c0308a0    00000020     ti.omp.navigatorOsal.C6678.ae66 : Navigatorosal.oe66 (.text:Osal_cppiBeginMemAccess)
                  0c0308c0    00000020                                     : Navigatorosal.oe66 (.text:Osal_cppiCsExit)
                  0c0308e0    00000020                                     : Navigatorosal.oe66 (.text:Osal_cppiEndMemAccess)
                  0c030900    00000020                                     : Navigatorosal.oe66 (.text:Osal_qmssCsExit)
                  0c030920    00000020     ti.drv.qmss.ae66 : qmss_drv.oe66 (.text:Qmss_getQueueNumber)
                  0c030940    00000020                      : qmss_drv.oe66 (.text:Qmss_start)
                  0c030960    00000020     rts6600_elf_mt.lib : _data_synch.obj (.text:__TI_data_synch_INV)
                  0c030980    00000020                        : errno.obj (.text:__c6xabi_errno_addr)
                  0c0309a0    00000020                        : negll.obj (.text:__c6xabi_negll)
                  0c0309c0    00000020                        : dtor_list.obj (.text:__cxa_atexit)
                  0c0309e0    00000020                        : dtor_list.obj (.text:__cxa_ia64_exit)
                  0c030a00    00000020     ti.targets.rts6000.ae66 : xdc_noinit.oe66 (.text:__xdc__init)
                  0c030a20    00000020     rts6600_elf_mt.lib : _lock.obj (.text:_nop)
                  0c030a40    00000020                        : printf.obj (.text:_outc)
                  0c030a60    00000020                        : vfprintf.obj (.text:_outc)
                  0c030a80    00000020                        : printf.obj (.text:_outs)
                  0c030aa0    00000020                        : vfprintf.obj (.text:_outs)
                  0c030ac0    00000020                        : _lock.obj (.text:_register_lock)
                  0c030ae0    00000020                        : _lock.obj (.text:_register_unlock)
                  0c030b00    00000020     sysbios.ae66 : c62_TaskSupport_asm.obj (.text:_ti_sysbios_family_c62_TaskSupport_glue)
                  0c030b20    00000020                  : c64p_Hwi_asm_switch.obj (.text:_ti_sysbios_family_xxx_Hwi_switchToTaskStack)
                  0c030b40    00000020     rts6600_elf_mt.lib : exit.obj (.text:abort)
                  0c030b60    00000020                        : dtor_list.obj (.text:atexit)
                  0c030b80    00000020     ti.drv.cppi.ae66 : cppi_listlib.oe66 (.text:cppi_list_get_head)
                  0c030ba0    00000020     rts6600_elf_mt.lib : copy_decompress_none.obj (.text:decompress:none:__TI_decompress_none)
                  0c030bc0    00000020                        : copy_decompress_rle.obj (.text:decompress:rle24:__TI_decompress_rle24)
                  0c030be0    00000020                        : _mutex.obj (.text:delete_mutexes)
                  0c030c00    00000020                        : getenv.obj (.text:getenv)
                  0c030c20    00000020     ti.omp.ae66 : env.oe66 (.text:getenv)
                  0c030c40    00000020     ti.omp.config.sysbios.ae66 : proc.oe66 (.text:gomp_dynamic_max_threads)
                  0c030c60    00000020                                : affinity.oe66 (.text:gomp_init_affinity)
                  0c030c80    00000020                                : proc.oe66 (.text:gomp_init_num_threads)
                  0c030ca0    00000020                                : affinity.oe66 (.text:gomp_init_thread_affinity)
                  0c030cc0    00000020     ti.omp.ae66 : team.oe66 (.text:gomp_new_thread_pool)
                  0c030ce0    00000020     rts6600_elf_mt.lib : _mutex.obj (.text:mutex_destroy)
                  0c030d00    00000020     sysbios.ae66 : BIOS.obj (.text:nullFunc$0)
                  0c030d20    00000020     ti.omp.ae66 : parallel.oe66 (.text:omp_get_thread_num)
                  0c030d40    00000020     rts6600_elf_mt.lib : _pthread.obj (.text:pthread_equal)
                  0c030d60    00000020     ti.omp.utils.ae66 : HeapOMP.oe66 (.text:ti_omp_utils_HeapOMP_Instance_init__F)
                  0c030d80    00000020                       : HeapOMP.oe66 (.text:ti_omp_utils_HeapOMP_getStats__E)
                  0c030da0    00000020                       : HeapOMP.oe66 (.text:ti_omp_utils_HeapOMP_isBlocking__F)
                  0c030dc0    00000020                       : OpenMP.oe66 (.text:ti_omp_utils_OpenMP_useSharedHeap__F)
                  0c030de0    00000020                       : ThreadLocalStorage.oe66 (.text:ti_omp_utils_ThreadLocalStorage_registerFxn__F)
                  0c030e00    00000020                       : ThreadLocal.oe66 (.text:ti_omp_utils_ThreadLocal_registerFxn__F)
                  0c030e20    00000020     omp_config_pe66.oe66 (.text:ti_sdo_ipc_GateMP_Params__init__S)
                  0c030e40    00000020     omp_config_pe66.oe66 (.text:ti_sdo_ipc_GateMP_RemoteCustom1Proxy_Object__create__S)
                  0c030e60    00000020     omp_config_pe66.oe66 (.text:ti_sdo_ipc_GateMP_RemoteCustom1Proxy_Object__delete__S)
                  0c030e80    00000020     omp_config_pe66.oe66 (.text:ti_sdo_ipc_GateMP_RemoteCustom1Proxy_Params__init__S)
                  0c030ea0    00000020     omp_config_pe66.oe66 (.text:ti_sdo_ipc_GateMP_RemoteCustom1Proxy_Proxy__abstract__S)
                  0c030ec0    00000020     omp_config_pe66.oe66 (.text:ti_sdo_ipc_GateMP_RemoteCustom1Proxy_Proxy__delegate__S)
                  0c030ee0    00000020     omp_config_pe66.oe66 (.text:ti_sdo_ipc_GateMP_RemoteCustom2Proxy_Object__create__S)
                  0c030f00    00000020     omp_config_pe66.oe66 (.text:ti_sdo_ipc_GateMP_RemoteCustom2Proxy_Object__delete__S)
                  0c030f20    00000020     omp_config_pe66.oe66 (.text:ti_sdo_ipc_GateMP_RemoteCustom2Proxy_Params__init__S)
                  0c030f40    00000020     omp_config_pe66.oe66 (.text:ti_sdo_ipc_GateMP_RemoteCustom2Proxy_Proxy__abstract__S)
                  0c030f60    00000020     omp_config_pe66.oe66 (.text:ti_sdo_ipc_GateMP_RemoteCustom2Proxy_Proxy__delegate__S)
                  0c030f80    00000020     omp_config_pe66.oe66 (.text:ti_sdo_ipc_GateMP_RemoteSystemProxy_Object__create__S)
                  0c030fa0    00000020     omp_config_pe66.oe66 (.text:ti_sdo_ipc_GateMP_RemoteSystemProxy_Object__delete__S)
                  0c030fc0    00000020     omp_config_pe66.oe66 (.text:ti_sdo_ipc_GateMP_RemoteSystemProxy_Params__init__S)
                  0c030fe0    00000020     omp_config_pe66.oe66 (.text:ti_sdo_ipc_GateMP_RemoteSystemProxy_Proxy__abstract__S)
                  0c031000    00000020     omp_config_pe66.oe66 (.text:ti_sdo_ipc_GateMP_RemoteSystemProxy_Proxy__delegate__S)
                  0c031020    00000020     ipc.ae66 : Ipc.obj (.text:ti_sdo_ipc_GateMP_getSharedAddr__F)
                  0c031040    00000020     omp_config_pe66.oe66 (.text:ti_sdo_ipc_ListMP_Params__init__S)
                  0c031060    00000020     omp_config_pe66.oe66 (.text:ti_sdo_ipc_MessageQ_Object__get__S)
                  0c031080    00000020     omp_config_pe66.oe66 (.text:ti_sdo_ipc_Notify_Module_GateProxy_enter__E)
                  0c0310a0    00000020     omp_config_pe66.oe66 (.text:ti_sdo_ipc_Notify_Module_GateProxy_leave__E)
                  0c0310c0    00000020     ipc.ae66 : Ipc.obj (.text:ti_sdo_ipc_family_c647x_Interrupt_intDisable__E)
                  0c0310e0    00000020              : Ipc.obj (.text:ti_sdo_ipc_family_c647x_Interrupt_intEnable__E)
                  0c031100    00000020              : Ipc.obj (.text:ti_sdo_ipc_family_c647x_NotifySetup_numIntLines__E)
                  0c031120    00000020     omp_config_pe66.oe66 (.text:ti_sdo_ipc_gates_GateHWSem_Params__init__S)
                  0c031140    00000020     ipc.ae66 : Ipc.obj (.text:ti_sdo_ipc_gates_GateHWSem_getReservedMask__E)
                  0c031160    00000020              : Ipc.obj (.text:ti_sdo_ipc_gates_GateHWSem_query__F)
                  0c031180    00000020              : Ipc.obj (.text:ti_sdo_ipc_gates_GateHWSem_sharedMemReq__E)
                  0c0311a0    00000020              : Ipc.obj (.text:ti_sdo_ipc_gates_GateMPSupportNull_Instance_init__F)
                  0c0311c0    00000020     omp_config_pe66.oe66 (.text:ti_sdo_ipc_gates_GateMPSupportNull_Params__init__S)
                  0c0311e0    00000020     ipc.ae66 : Ipc.obj (.text:ti_sdo_ipc_gates_GateMPSupportNull_getReservedMask__E)
[...]
0c036a10   ti_sdo_ipc_MessageQ_Module__diagsIncluded__C
0c036a14   ti_sdo_ipc_MessageQ_Module__diagsMask__C
0c036a18   ti_sdo_ipc_MessageQ_Module__loggerFxn4__C
0c036a1c   ti_sdo_ipc_MessageQ_Module__loggerObj__C
0c036a20   ti_sdo_ipc_MessageQ_Object__count__C
0c036a24   ti_sdo_ipc_Notify_A_alreadyRegistered__C
0c036a28   ti_sdo_ipc_Notify_A_internal__C
0c036a2c   ti_sdo_ipc_Notify_A_invArgument__C
0c036a30   ti_sdo_ipc_Notify_A_notRegistered__C
0c036a34   ti_sdo_ipc_Notify_A_reservedEvent__C
0c036a38   ti_sdo_ipc_Notify_Module__diagsEnabled__C
0c036a3c   ti_sdo_ipc_Notify_Module__diagsIncluded__C
0c036a40   ti_sdo_ipc_Notify_Module__diagsMask__C
0c036a44   ti_sdo_ipc_Notify_Module__gateObj__C
0c036a48   ti_sdo_ipc_Notify_Object__heap__C
0c036a4c   ti_sdo_ipc_Notify_numEvents__C
0c036a50   ti_sdo_ipc_Notify_sendEventPollCount__C
0c036a54   ti_sdo_ipc_SharedRegion_A_addrOutOfRange__C
0c036a58   ti_sdo_ipc_SharedRegion_A_idTooLarge__C
0c036a5c   ti_sdo_ipc_SharedRegion_A_noHeap__C
0c036a60   ti_sdo_ipc_SharedRegion_A_region0Invalid__C
0c036a64   ti_sdo_ipc_SharedRegion_A_regionInvalid__C
0c036a68   ti_sdo_ipc_SharedRegion_A_reserveTooMuch__C
0c036a6c   ti_sdo_ipc_SharedRegion_INVALIDSRPTR__C
0c036a70   ti_sdo_ipc_SharedRegion_Module__diagsEnabled__C
0c036a74   ti_sdo_ipc_SharedRegion_Module__diagsIncluded__C
0c036a78   ti_sdo_ipc_SharedRegion_Module__diagsMask__C
0c036a7c   ti_sdo_ipc_SharedRegion_numOffsetBits__C
0c036a80   ti_sdo_ipc_SharedRegion_offsetMask__C
0c036a84   ti_sdo_ipc_family_c647x_Interrupt_INTERDSPINT__C
0c036a88   ti_sdo_ipc_family_c647x_Interrupt_IPCAR0__C
0c036a8c   ti_sdo_ipc_family_c647x_Interrupt_IPCGR0__C
0c036a90   ti_sdo_ipc_family_c647x_Interrupt_KICK0__C
0c036a94   ti_sdo_ipc_family_c647x_Interrupt_KICK1__C
0c036a98   ti_sdo_ipc_family_c647x_MultiProcSetup_procMap__C
0c036a9c   ti_sdo_ipc_family_c647x_NotifySetup_dspIntVectId__C
0c036aa0   ti_sdo_ipc_gates_GateHWSem_A_invSemNum__C
0c036aa4   ti_sdo_ipc_gates_GateHWSem_Module__diagsEnabled__C
0c036aa8   ti_sdo_ipc_gates_GateHWSem_Module__diagsIncluded__C
0c036aac   ti_sdo_ipc_gates_GateHWSem_Module__diagsMask__C
0c036ab0   ti_sdo_ipc_gates_GateHWSem_baseAddr__C
0c036ab4   ti_sdo_ipc_gates_GateHWSem_numSems__C
0c036ab8   ti_sdo_ipc_gates_GateHWSem_reservedMaskArr__A
0c036abc   ti_sdo_ipc_gates_GateHWSem_reservedMaskArr__C
0c036ac0   ti_sdo_ipc_gates_GateMPSupportNull_A_invalidAction__C
0c036ac4   ti_sdo_ipc_gates_GateMPSupportNull_Module__diagsEnabled__C
0c036ac8   ti_sdo_ipc_gates_GateMPSupportNull_Module__diagsIncluded__C
0c036acc   ti_sdo_ipc_gates_GateMPSupportNull_Module__diagsMask__C
0c036ad0   ti_sdo_ipc_gates_GateMPSupportNull_action__C
0c036ad4   ti_sdo_ipc_gates_GatePeterson_E_gateRemotelyOpened__C
0c036ad8   ti_sdo_ipc_gates_GatePeterson_Module__diagsEnabled__C
0c036adc   ti_sdo_ipc_gates_GatePeterson_Module__diagsIncluded__C
0c036ae0   ti_sdo_ipc_gates_GatePeterson_Module__diagsMask__C
0c036ae4   ti_sdo_ipc_gates_GatePeterson_numInstances__C
0c036ae8   ti_sdo_ipc_heaps_HeapMemMP_A_align__C
0c036aec   ti_sdo_ipc_heaps_HeapMemMP_A_heapSize__C
0c036af0   ti_sdo_ipc_heaps_HeapMemMP_A_invalidFree__C
0c036af4   ti_sdo_ipc_heaps_HeapMemMP_A_zeroBlock__C
0c036af8   ti_sdo_ipc_heaps_HeapMemMP_E_memory__C
0c036afc   ti_sdo_ipc_heaps_HeapMemMP_Module__diagsEnabled__C
0c036b00   ti_sdo_ipc_heaps_HeapMemMP_Module__diagsIncluded__C
0c036b04   ti_sdo_ipc_heaps_HeapMemMP_Module__diagsMask__C
0c036b08   ti_sdo_ipc_interfaces_IGateMPSupport_Interface__BASE__C
0c036b0c   ti_sdo_ipc_interfaces_IMessageQTransport_Interface__BASE__C
0c036b10   ti_sdo_ipc_interfaces_INotifyDriver_Interface__BASE__C
0c036b14   ti_sdo_ipc_notifyDrivers_NotifyDriverShm_Module__diagsEnabled__C
0c036b18   ti_sdo_ipc_notifyDrivers_NotifyDriverShm_Module__diagsIncluded__C
0c036b1c   ti_sdo_ipc_notifyDrivers_NotifyDriverShm_Module__diagsMask__C
0c036b20   ti_sdo_ipc_notifyDrivers_NotifyDriverShm_Object__heap__C
0c036b24   ti_sdo_ipc_nsremote_NameServerRemoteNotify_A_invalidValueLen__C
0c036b28   ti_sdo_ipc_nsremote_NameServerRemoteNotify_Instance_State_semMultiBlock__O
0c036b2c   ti_sdo_ipc_nsremote_NameServerRemoteNotify_Instance_State_semRemoteWait__O
0c036b30   ti_sdo_ipc_nsremote_NameServerRemoteNotify_Instance_State_swiObj__O
0c036b34   ti_sdo_ipc_nsremote_NameServerRemoteNotify_Module__diagsEnabled__C
0c036b38   ti_sdo_ipc_nsremote_NameServerRemoteNotify_Module__diagsIncluded__C
0c036b3c   ti_sdo_ipc_nsremote_NameServerRemoteNotify_Module__diagsMask__C
0c036b40   ti_sdo_ipc_nsremote_NameServerRemoteNotify_notifyEventId__C
0c036b44   ti_sdo_ipc_nsremote_NameServerRemoteNotify_timeout__C
0c036b48   ti_sdo_ipc_transports_TransportShmSetup_priority__C
0c036b4c   ti_sdo_ipc_transports_TransportShm_Instance_State_swiObj__O
0c036b50   ti_sdo_ipc_transports_TransportShm_Module__diagsEnabled__C
0c036b54   ti_sdo_ipc_transports_TransportShm_Module__diagsIncluded__C
0c036b58   ti_sdo_ipc_transports_TransportShm_Module__diagsMask__C
0c036b5c   ti_sdo_utils_INameServerRemote_Interface__BASE__C
0c036b60   ti_sdo_utils_MultiProc_A_invalidMultiProcId__C
0c036b64   ti_sdo_utils_MultiProc_Module__diagsEnabled__C
0c036b68   ti_sdo_utils_MultiProc_Module__diagsIncluded__C
0c036b6c   ti_sdo_utils_MultiProc_Module__diagsMask__C
0c036b70   ti_sdo_utils_NameServer_A_invArgument__C
0c036b74   ti_sdo_utils_NameServer_A_invalidLen__C
0c036b78   ti_sdo_utils_NameServer_E_entryExists__C
0c036b7c   ti_sdo_utils_NameServer_E_maxReached__C
0c036b80   ti_sdo_utils_NameServer_Instance_State_freeList__O
0c036b84   ti_sdo_utils_NameServer_Instance_State_nameList__O
0c036b88   ti_sdo_utils_NameServer_Module__diagsEnabled__C
0c036b8c   ti_sdo_utils_NameServer_Module__diagsIncluded__C
0c036b90   ti_sdo_utils_NameServer_Module__diagsMask__C
0c036b94   ti_sdo_utils_NameServer_Object__count__C
0c036b98   ti_sysbios_BIOS_Module__diagsEnabled__C
0c036b9c   ti_sysbios_BIOS_Module__diagsIncluded__C
0c036ba0   ti_sysbios_BIOS_Module__diagsMask__C
0c036ba4   ti_sysbios_BIOS_installedErrorHook__C
0c036ba8   ti_sysbios_family_c62_TaskSupport_stackAlignment__C
0c036bac   ti_sysbios_family_c64p_EventCombiner_E_unpluggedEvent__C
0c036bb0   ti_sysbios_family_c64p_Exception_E_exceptionMin__C
0c036bb4   ti_sysbios_family_c64p_Exception_exceptionHook__C
0c036bb8   ti_sysbios_family_c64p_Exception_externalHook__C
0c036bbc   ti_sysbios_family_c64p_Exception_internalHook__C
0c036bc0   ti_sysbios_family_c64p_Exception_nmiHook__C
0c036bc4   ti_sysbios_family_c64p_Hwi_E_alreadyDefined__C
0c036bc8   ti_sysbios_family_c64p_Hwi_E_handleNotFound__C
0c036bcc   ti_sysbios_family_c64p_Hwi_LD_end__C
0c036bd0   ti_sysbios_family_c64p_Hwi_LM_begin__C
0c036bd4   ti_sysbios_family_c64p_Hwi_Module__diagsEnabled__C
0c036bd8   ti_sysbios_family_c64p_Hwi_Module__diagsIncluded__C
0c036bdc   ti_sysbios_family_c64p_Hwi_Module__diagsMask__C
0c036be0   ti_sysbios_family_c64p_Hwi_Module__loggerFxn1__C
0c036be4   ti_sysbios_family_c64p_Hwi_Module__loggerFxn8__C
0c036be8   ti_sysbios_family_c64p_Hwi_Module__loggerObj__C
0c036bec   ti_sysbios_family_c66_Cache_atomicBlockSize__C
0c036bf0   ti_sysbios_family_c66_tci66xx_CpIntc_E_unpluggedSysInt__C
0c036bf4   ti_sysbios_family_c66_tci66xx_CpIntc_numStatusRegs__C
0c036bf8   ti_sysbios_family_c66_tci66xx_CpIntc_numSysInts__C
0c036bfc   ti_sysbios_family_c66_tci66xx_CpIntc_sysIntToHostInt__C
0c036c00   ti_sysbios_gates_GateMutexPri_A_badContext__C
0c036c04   ti_sysbios_gates_GateMutexPri_Instance_State_pendQ__O
0c036c08   ti_sysbios_gates_GateMutexPri_Module__diagsEnabled__C
0c036c0c   ti_sysbios_gates_GateMutexPri_Module__diagsIncluded__C
0c036c10   ti_sysbios_gates_GateMutexPri_Module__diagsMask__C
0c036c14   ti_sysbios_gates_GateMutex_A_badContext__C
0c036c18   ti_sysbios_gates_GateMutex_Instance_State_sem__O
0c036c1c   ti_sysbios_gates_GateMutex_Module__diagsEnabled__C
0c036c20   ti_sysbios_gates_GateMutex_Module__diagsIncluded__C
0c036c24   ti_sysbios_gates_GateMutex_Module__diagsMask__C
0c036c28   ti_sysbios_gates_GateSwi_A_badContext__C
0c036c2c   ti_sysbios_gates_GateSwi_Module__diagsEnabled__C
0c036c30   ti_sysbios_gates_GateSwi_Module__diagsIncluded__C
0c036c34   ti_sysbios_gates_GateSwi_Module__diagsMask__C
0c036c38   ti_sysbios_hal_Hwi_E_stackOverflow__C
0c036c3c   ti_sysbios_heaps_HeapBuf_Instance_State_freeList__O
0c036c40   ti_sysbios_heaps_HeapBuf_Object__count__C
0c036c44   ti_sysbios_heaps_HeapBuf_numConstructedHeaps__C
0c036c48   ti_sysbios_heaps_HeapMem_A_align__C
0c036c4c   ti_sysbios_heaps_HeapMem_A_heapSize__C
0c036c50   ti_sysbios_heaps_HeapMem_A_invalidFree__C
0c036c54   ti_sysbios_heaps_HeapMem_A_zeroBlock__C
0c036c58   ti_sysbios_heaps_HeapMem_E_memory__C
0c036c5c   ti_sysbios_heaps_HeapMem_Module__diagsEnabled__C
0c036c60   ti_sysbios_heaps_HeapMem_Module__diagsIncluded__C
0c036c64   ti_sysbios_heaps_HeapMem_Module__diagsMask__C
0c036c68   ti_sysbios_heaps_HeapMem_Module__gateObj__C
0c036c6c   ti_sysbios_heaps_HeapMem_Object__count__C
0c036c70   ti_sysbios_heaps_HeapMem_reqAlign__C
0c036c74   ti_sysbios_knl_Clock_A_badThreadType__C
0c036c78   ti_sysbios_knl_Clock_LM_begin__C
0c036c7c   ti_sysbios_knl_Clock_LM_tick__C
0c036c80   ti_sysbios_knl_Clock_LW_delayed__C
0c036c84   ti_sysbios_knl_Clock_Module_State_clockQ__O
0c036c88   ti_sysbios_knl_Clock_Module__diagsEnabled__C
0c036c8c   ti_sysbios_knl_Clock_Module__diagsIncluded__C
0c036c90   ti_sysbios_knl_Clock_Module__diagsMask__C
0c036c94   ti_sysbios_knl_Clock_Module__loggerFxn1__C
0c036c98   ti_sysbios_knl_Clock_Module__loggerFxn2__C
0c036c9c   ti_sysbios_knl_Clock_Module__loggerObj__C
0c036ca0   ti_sysbios_knl_Clock_tickMode__C
0c036ca4   ti_sysbios_knl_Clock_tickSource__C
0c036ca8   ti_sysbios_knl_Semaphore_A_badContext__C
0c036cac   ti_sysbios_knl_Semaphore_A_noEvents__C
0c036cb0   ti_sysbios_knl_Semaphore_A_overflow__C
0c036cb4   ti_sysbios_knl_Semaphore_Instance_State_pendQ__O
0c036cb8   ti_sysbios_knl_Semaphore_LM_pend__C
0c036cbc   ti_sysbios_knl_Semaphore_LM_post__C
0c036cc0   ti_sysbios_knl_Semaphore_Module__diagsEnabled__C
0c036cc4   ti_sysbios_knl_Semaphore_Module__diagsIncluded__C
0c036cc8   ti_sysbios_knl_Semaphore_Module__diagsMask__C
0c036ccc   ti_sysbios_knl_Semaphore_Module__loggerFxn2__C
0c036cd0   ti_sysbios_knl_Semaphore_Module__loggerFxn4__C
0c036cd4   ti_sysbios_knl_Semaphore_Module__loggerObj__C
0c036cd8   ti_sysbios_knl_Swi_A_badPriority__C
0c036cdc   ti_sysbios_knl_Swi_LD_end__C
0c036ce0   ti_sysbios_knl_Swi_LM_begin__C
0c036ce4   ti_sysbios_knl_Swi_LM_post__C
0c036ce8   ti_sysbios_knl_Swi_Module__diagsEnabled__C
0c036cec   ti_sysbios_knl_Swi_Module__diagsIncluded__C
0c036cf0   ti_sysbios_knl_Swi_Module__diagsMask__C
0c036cf4   ti_sysbios_knl_Swi_Module__loggerFxn1__C
0c036cf8   ti_sysbios_knl_Swi_Module__loggerFxn4__C
0c036cfc   ti_sysbios_knl_Swi_Module__loggerObj__C
0c036d00   ti_sysbios_knl_Swi_Object__count__C
0c036d04   ti_sysbios_knl_Task_A_badPriority__C
0c036d08   ti_sysbios_knl_Task_A_badTaskState__C
0c036d0c   ti_sysbios_knl_Task_A_badThreadType__C
0c036d10   ti_sysbios_knl_Task_A_noPendElem__C
0c036d14   ti_sysbios_knl_Task_E_deleteNotAllowed__C
0c036d18   ti_sysbios_knl_Task_LD_block__C
0c036d1c   ti_sysbios_knl_Task_LD_exit__C
0c036d20   ti_sysbios_knl_Task_LD_ready__C
0c036d24   ti_sysbios_knl_Task_LM_setPri__C
0c036d28   ti_sysbios_knl_Task_LM_switch__C
0c036d2c   ti_sysbios_knl_Task_LM_yield__C
0c036d30   ti_sysbios_knl_Task_Module_State_inactiveQ__O
0c036d34   ti_sysbios_knl_Task_Module_State_terminatedQ__O
0c036d38   ti_sysbios_knl_Task_Module__diagsEnabled__C
0c036d3c   ti_sysbios_knl_Task_Module__diagsIncluded__C
0c036d40   ti_sysbios_knl_Task_Module__diagsMask__C
0c036d44   ti_sysbios_knl_Task_Module__loggerFxn2__C
0c036d48   ti_sysbios_knl_Task_Module__loggerFxn4__C
0c036d4c   ti_sysbios_knl_Task_Module__loggerObj__C
0c036d50   ti_sysbios_knl_Task_Object__count__C
0c036d54   ti_sysbios_knl_Task_Object__heap__C
0c036d58   ti_sysbios_knl_Task_allBlockedFunc__C
0c036d5c   ti_sysbios_knl_Task_defaultStackHeap__C
0c036d60   ti_sysbios_knl_Task_defaultStackSize__C
0c036d64   ti_sysbios_knl_Task_numConstructedTasks__C
0c036d68   ti_sysbios_knl_Task_numPriorities__C
0c036d6c   ti_sysbios_timers_timer64_Timer_A_notAvailable__C
0c036d70   ti_sysbios_timers_timer64_Timer_E_cannotSupport__C
0c036d74   ti_sysbios_timers_timer64_Timer_Module__diagsEnabled__C
0c036d78   ti_sysbios_timers_timer64_Timer_Module__diagsIncluded__C
0c036d7c   ti_sysbios_timers_timer64_Timer_Module__diagsMask__C
0c036d80   ti_sysbios_timers_timer64_Timer_anyMask__C
0c036d84   ti_sysbios_timers_timer64_Timer_freqDivisor__C
0c036d88   ti_sysbios_timers_timer64_Timer_numLocalTimers__C
0c036d8c   ti_sysbios_timers_timer64_Timer_numTimerDevices__C
0c036d90   ti_sysbios_xdcruntime_GateThreadSupport_Instance_State_gate__O
0c036d94   xdc_runtime_Assert_E_assertFailed__C
0c036d98   xdc_runtime_Core_A_initializedParams__C
0c036d9c   xdc_runtime_Core_Module__diagsEnabled__C
0c036da0   xdc_runtime_Core_Module__diagsIncluded__C
0c036da4   xdc_runtime_Core_Module__diagsMask__C
0c036da8   xdc_runtime_Error_E_generic__C
0c036dac   xdc_runtime_Error_E_memory__C
0c036db0   xdc_runtime_Error_Module__diagsEnabled__C
0c036db4   xdc_runtime_Error_Module__diagsIncluded__C
0c036db8   xdc_runtime_Error_Module__diagsMask__C
0c036dbc   xdc_runtime_Error_Module__loggerFxn8__C
0c036dc0   xdc_runtime_Error_Module__loggerObj__C
0c036dc4   xdc_runtime_Error_policy__C
0c036dc8   xdc_runtime_Error_raiseHook__C
0c036dcc   xdc_runtime_IGateProvider_Interface__BASE__C
0c036dd0   xdc_runtime_IHeap_Interface__BASE__C
0c036dd4   xdc_runtime_IModule_Interface__BASE__C
0c036dd8   xdc_runtime_Log_L_error__C
0c036ddc   xdc_runtime_Memory_defaultHeapInstance__C
0c036de0   xdc_runtime_Startup_execImpl__C
0c036de4   xdc_runtime_Startup_maxPasses__C
0c036de8   xdc_runtime_Startup_sfxnRts__C
0c036dec   xdc_runtime_Startup_sfxnTab__C
0c036df0   xdc_runtime_SysMin_bufSize__C
0c036df4   xdc_runtime_SysMin_outputFunc__C
0c036df8   xdc_runtime_System_Module__gateObj__C
0c036dfc   xdc_runtime_System_extendFxn__C
0c036e00   xdc_runtime_System_maxAtexitHandlers__C
0c036e04   xdc_runtime_Text_charTab__C
0c036e08   xdc_runtime_Text_nameEmpty__C
0c036e0c   xdc_runtime_Text_nameStatic__C
0c036e10   xdc_runtime_Text_nameUnknown__C
0c036e14   xdc_runtime_Text_nodeTab__C
0c036e18   xdc_runtime_Text_visitRopeFxn__C
0c036e1c   ti_omp_utils_OpenMP_enableMemoryConsistency__C
0c036e20   ti_omp_utils_OpenMP_qmssInit__C
0c036e24   ti_omp_utils_ThreadLocal_Module__id__C
0c036e28   ti_sdo_ipc_GateMP_Module__id__C
0c036e2c   ti_sdo_ipc_GateMP_Module__loggerDefined__C
0c036e30   ti_sdo_ipc_Ipc_Module__id__C
0c036e34   ti_sdo_ipc_Ipc_generateSlaveDataForHost__C
0c036e38   ti_sdo_ipc_ListMP_Module__id__C
0c036e3c   ti_sdo_ipc_MessageQ_Module__id__C
0c036e40   ti_sdo_ipc_MessageQ_Module__loggerDefined__C
0c036e44   ti_sdo_ipc_Notify_Module__id__C
0c036e48   ti_sdo_ipc_Notify_numLines__C
0c036e4c   ti_sdo_ipc_Notify_reservedEvents__C
0c036e50   ti_sdo_ipc_SharedRegion_Module__id__C
0c036e54   ti_sdo_ipc_SharedRegion_numEntries__C
0c036e58   ti_sdo_ipc_SharedRegion_translate__C
0c036e5c   ti_sdo_ipc_family_c647x_Interrupt_enableKick__C
0c036e60   ti_sdo_ipc_gates_GateHWSem_Module__id__C
0c036e64   ti_sdo_ipc_gates_GateMPSupportNull_Module__id__C
0c036e68   ti_sdo_ipc_gates_GatePeterson_Module__id__C
0c036e6c   ti_sdo_ipc_heaps_HeapMemMP_Module__id__C
0c036e70   ti_sdo_ipc_notifyDrivers_NotifyDriverShm_Module__id__C
0c036e74   ti_sdo_ipc_nsremote_NameServerRemoteNotify_Module__id__C
0c036e78   ti_sdo_ipc_transports_TransportShm_Module__id__C
0c036e7c   ti_sdo_ipc_transports_TransportShm_notifyEventId__C
0c036e80   ti_sdo_utils_MultiProc_Module__id__C
0c036e84   ti_sdo_utils_MultiProc_numProcessors__C
0c036e88   ti_sdo_utils_MultiProc_numProcsInCluster__C
0c036e8c   ti_sdo_utils_NameServer_Module__id__C
0c036e90   ti_sysbios_BIOS_Module__id__C
0c036e94   ti_sysbios_family_c64p_EventCombiner_Module__id__C
0c036e98   ti_sysbios_family_c64p_Exception_Module__id__C
0c036e9c   ti_sysbios_family_c64p_Hwi_Module__id__C
0c036ea0   ti_sysbios_family_c64p_Hwi_Module__loggerDefined__C
0c036ea4   ti_sysbios_family_c66_tci66xx_CpIntc_Module__id__C
0c036ea8   ti_sysbios_gates_GateMutexPri_Module__id__C
0c036eac   ti_sysbios_gates_GateMutex_Module__id__C
0c036eb0   ti_sysbios_gates_GateSwi_Module__id__C
0c036eb4   ti_sysbios_hal_Hwi_Module__id__C
0c036eb8   ti_sysbios_heaps_HeapMem_Module__id__C
0c036ebc   ti_sysbios_knl_Clock_Module__id__C
0c036ec0   ti_sysbios_knl_Clock_Module__loggerDefined__C
0c036ec4   ti_sysbios_knl_Semaphore_Module__id__C
0c036ec8   ti_sysbios_knl_Semaphore_Module__loggerDefined__C
0c036ecc   ti_sysbios_knl_Swi_Module__id__C
0c036ed0   ti_sysbios_knl_Swi_Module__loggerDefined__C
0c036ed4   ti_sysbios_knl_Task_Module__id__C
0c036ed8   ti_sysbios_knl_Task_Module__loggerDefined__C
0c036edc   ti_sysbios_knl_Task_deleteTerminatedTasks__C
0c036ee0   ti_sysbios_knl_Task_initStackFlag__C
0c036ee4   ti_sysbios_timers_timer64_Timer_Module__id__C
0c036ee8   ti_sysbios_timers_timer64_Timer_startupNeeded__C
0c036eec   xdc_runtime_Core_Module__id__C
0c036ef0   xdc_runtime_Error_Module__loggerDefined__C
0c036ef4   xdc_runtime_Error_maxDepth__C
0c036ef8   xdc_runtime_Memory_Module__id__C
0c036efc   xdc_runtime_SysMin_flushAtExit__C
0c036f00   xdc_runtime_Text_charCnt__C
0c036f04   xdc_runtime_Text_isLoaded__C
0c036f08   xdc_runtime_Text_registryModsLastId__C
0c036f0c   xdc_runtime_Text_unnamedModsLastId__C
0c036f10   __TI_TLS_MAIN_THREAD_Base
0c036f10   errno
0c037000   ti_sysbios_family_c64p_Hwi0
0c037000   ti_sysbios_family_c64p_Hwi_int0
0c037020   ti_sysbios_family_c64p_Hwi_int1
0c037040   ti_sysbios_family_c64p_Hwi_int2
0c037060   ti_sysbios_family_c64p_Hwi_int3
0c037080   ti_sysbios_family_c64p_Hwi_int4
0c0370a0   ti_sysbios_family_c64p_Hwi_int5
0c0370c0   ti_sysbios_family_c64p_Hwi_int6
0c0370e0   ti_sysbios_family_c64p_Hwi_int7
0c037100   ti_sysbios_family_c64p_Hwi_int8
0c037120   ti_sysbios_family_c64p_Hwi_int9
0c037140   ti_sysbios_family_c64p_Hwi_int10
0c037160   ti_sysbios_family_c64p_Hwi_int11
0c037180   ti_sysbios_family_c64p_Hwi_int12
0c0371a0   ti_sysbios_family_c64p_Hwi_int13
0c0371c0   ti_sysbios_family_c64p_Hwi_int14
0c0371e0   ti_sysbios_family_c64p_Hwi_int15
0c0373e4   __TI_table_binit
0c0373e4   __binit__
0c0373e4   binit
0c037400   _c_int00
0c03870c   __TI_Handler_Table_Base
0c038718   __TI_Handler_Table_Limit
0c038750   __TI_CINIT_Base
0c038798   __TI_CINIT_Limit
0c0387b0   __TI_TLS_INIT_Base
0c0387c0   __TI_TLS_INIT_Limit
80080000   __TI_STATIC_BASE
80080000   qmssMallocCounter
80080004   qmssFreeCounter
80080008   cppiMallocCounter
8008000c   cppiFreeCounter
80080010   qmssLObjIsValid
80080018   omp_qmssGblCfgParams
80080138   omp_cppiGblCfgParams
800801b0   cppiLObj
800801b4   qmssLObj
800802d4   Ipc_sr0MemorySetup
a0325000   linkingRAM0
a0335000   eventDesc
a0337000   cpdmaCfg
a0337018   qmssInitConfig
a0337044   memInfo
a033705c   descCfg
a033708c   cppiHnd
a0337090   completionQueHnd
a0337094   eventQueHnd
a0337098   EventFreeDescHnd
a033709c   releaseHnd
a03370a0   release
a03370a4   runCount
a03370a8   isQMSSInitialized
a03370b0   gomp_thread_attr
a03370e8   gomp_thread_destructor
a03370ec   gomp_main_exit
a03370f0   BufferMgmt
a03370fc   gomp_tls_key
a0337100   queueFree
a0339100   qmssGObj
a03396d0   ThreadLocal_destructors
a0339710   gomp_cpu_affinity
a0339714   gomp_cpu_affinity_len
a0339718   gomp_remaining_threads_count
a033971c   gomp_remaining_threads_lock
a0339728   gomp_spin_count_var
a0339730   gomp_throttled_spin_count_var
a0339738   gomp_global_icv
a0339748   gomp_max_active_levels_var
a033974c   gomp_thread_limit_var
a0339750   gomp_available_cpus
a0339754   gomp_managed_threads
a0339770   ThreadLocal_usedKeys
a0339780   cppiObject
ffffffff   __TI_pprof_out_hndl
ffffffff   __TI_prof_data_size
ffffffff   __TI_prof_data_start
ffffffff   __c_args__
UNDEFED    __TI_INITARRAY_Base
UNDEFED    __TI_INITARRAY_Limit

[1555 symbols]
