******************************************************************************
               TMS320C6x Linker PC v7.4.2                      
******************************************************************************
>> Linked Thu Sep 12 15:07:17 2013

OUTPUT FILE NAME:   <vector.out>
ENTRY POINT SYMBOL: "_c_int00"  address: 0080e300


MEMORY CONFIGURATION

         name            origin    length      used     unused   attr    fill
----------------------  --------  ---------  --------  --------  ----  --------
  L2SRAM                00800000   00080000  00018e7e  00067182  RW X
  MSMCSRAM              0c000000   00400000  00000000  00400000  RW X
  DDR3                  80000000   20000000  00000000  20000000  RWIX


SEGMENT ALLOCATION MAP

run origin  load origin   length   init length attrs members
----------  ----------- ---------- ----------- ----- -------
00800000    00800000    00013db2   00013db2    r-x
  00800000    00800000    000115c0   000115c0    r-x .text
  008115c0    008115c0    000027f2   000027f2    r-- .const
00813db8    00813db8    00003d50   00000000    rw-
  00813db8    00813db8    00002000   00000000    rw- .stack
  00815db8    00815db8    00001d50   00000000    rw- .far
00817b08    00817b08    00000bc4   00000aa4    rw-
  00817b08    00817b08    00000aa4   00000aa4    rw- .fardata
  008185ac    008185ac    00000120   00000000    rw- .cio
00818800    00818800    000007b8   000007b8    r-x
  00818800    00818800    00000200   00000200    r-x .vecs
  00818a00    00818a00    000005b8   000005b8    r-- .cinit


SECTION ALLOCATION MAP

 output                                  attributes/
section   page    origin      length       input sections
--------  ----  ----------  ----------   ----------------
.init_array 
*          0    00800000    00000000     UNINITIALIZED

xdc.meta   0    00800000    000000f0     COPY SECTION
                  00800000    000000f0     app_pe66.oe66 (xdc.meta)

.text      0    00800000    000115c0     
                  00800000    000008a0     ti.targets.rts6000.ae66 : System.oe66 (.text:xdc_runtime_System_doPrint__I)
                  008008a0    00000780     sysbios.ae66 : BIOS.obj (.text:ti_sysbios_family_c64p_Exception_handler__I)
                  00801020    000006a0     vector_stream_sp.obj (.text)
                  008016c0    00000660     sysbios.ae66 : BIOS.obj (.text:ti_sysbios_heaps_HeapMem_alloc__E)
                  00801d20    00000600                  : BIOS.obj (.text:ti_sysbios_knl_Semaphore_pend__E)
                  00802320    000005e0                  : BIOS.obj (.text:ti_sysbios_heaps_HeapMem_free__E)
                  00802900    000005c0     rts6600_elf.lib : divd.obj (.text:__c6xabi_divd)
                  00802ec0    000005c0                     : _printfi.obj (.text:_getarg_diouxp)
                  00803480    000005c0     sysbios.ae66 : BIOS.obj (.text:ti_sysbios_timers_timer64_Timer_Module_startup__F)
                  00803a40    000005a0                  : BIOS.obj (.text:ti_sysbios_knl_Task_Instance_finalize__F)
                  00803fe0    00000480                  : BIOS.obj (.text:ti_sysbios_knl_Task_Module_startup__F)
                  00804460    00000460     rts6600_elf.lib : _printfi.obj (.text:_printfi)
                  008048c0    00000460                     : _printfi.obj (.text:_setfield)
                  00804d20    000003e0     sysbios.ae66 : BIOS.obj (.text:ti_sysbios_knl_Swi_schedule__I)
                  00805100    000003c0                  : BIOS.obj (.text:ti_sysbios_knl_Task_Instance_init__F)
                  008054c0    000003a0     rts6600_elf.lib : fputs.obj (.text:fputs)
                  00805860    00000320                     : _printfi.obj (.text:_pproc_fge)
                  00805b80    00000300     sysbios.ae66 : BIOS.obj (.text:ti_sysbios_family_c64p_Hwi_dispatchC__I)
                  00805e80    000002e0     rts6600_elf.lib : _printfi.obj (.text:_pproc_fwp)
                  00806160    000002e0     sysbios.ae66 : BIOS.obj (.text:ti_sysbios_heaps_HeapMem_Instance_init__F)
                  00806440    000002a0     rts6600_elf.lib : _printfi.obj (.text:fcvt)
                  008066e0    000002a0     sysbios.ae66 : BIOS.obj (.text:ti_sysbios_knl_Clock_workFunc__E)
                  00806980    00000280     rts6600_elf.lib : _printfi.obj (.text:ecvt)
                  00806c00    00000280     sysbios.ae66 : BIOS.obj (.text:ti_sysbios_timers_timer64_Timer_deviceConfig__I)
                  00806e80    00000280     ti.targets.rts6000.ae66 : Error.oe66 (.text:xdc_runtime_Error_raiseX__F)
                  00807100    00000260     sysbios.ae66 : BIOS.obj (.text:ti_sysbios_knl_Semaphore_post__E)
                  00807360    00000260     ti.targets.rts6000.ae66 : Startup.oe66 (.text:xdc_runtime_Startup_startMods__I)
                  008075c0    00000260     app_pe66.oe66 (.text:xdc_runtime_System_printfExtend__I)
                  00807820    00000240     rts6600_elf.lib : imath64.obj (.text:__c6xabi_divull)
                  00807a60    00000240                     : _printfi.obj (.text:_pconv_e)
                  00807ca0    00000240                     : _printfi.obj (.text:_pproc_diouxp)
                  00807ee0    00000240     sysbios.ae66 : BIOS.obj (.text:ti_sysbios_family_c64p_Exception_internalHandler__I)
                  00808120    00000240     ti.targets.rts6000.ae66 : LoggerBuf.oe66 (.text:xdc_runtime_LoggerBuf_write8__F)
                  00808360    00000220     rts6600_elf.lib : _printfi.obj (.text:_pproc_str)
                  00808580    00000220                     : fputc.obj (.text:fputc)
                  008087a0    00000220     sysbios.ae66 : BIOS.obj (.text:ti_sysbios_knl_Swi_run__I)
                  008089c0    00000220                  : BIOS.obj (.text:ti_sysbios_knl_Task_exit__E)
                  00808be0    00000220                  : BIOS.obj (.text:ti_sysbios_knl_Task_schedule__I)
                  00808e00    00000220                  : BIOS.obj (.text:ti_sysbios_knl_Task_startCore__E)
                  00809020    00000220     ti.targets.rts6000.ae66 : Core-mem.oe66 (.text:xdc_runtime_Core_createObject__I)
                  00809240    00000200     rts6600_elf.lib : _printfi.obj (.text:_pconv_g)
                  00809440    00000200     sysbios.ae66 : c64p_Hwi_disp_always.obj (.text:_ti_sysbios_family_c64p_Hwi_dispatchAlways)
                  00809640    00000200     rts6600_elf.lib : setvbuf.obj (.text:setvbuf)
                  00809840    000001e0     sysbios.ae66 : BIOS.obj (.text:ti_sysbios_knl_Task_postInit__I)
                  00809a20    000001e0                  : BIOS.obj (.text:ti_sysbios_timers_timer64_Timer_getFreq__E)
                  00809c00    000001c0     rts6600_elf.lib : _printfi.obj (.text:_mcpy)
                  00809dc0    000001c0     sysbios.ae66 : BIOS.obj (.text:ti_sysbios_knl_Task_checkStacks__E)
                  00809f80    000001c0                  : BIOS.obj (.text:ti_sysbios_timers_timer64_Timer_setPeriodMicroSecs__E)
                  0080a140    000001c0     ti.targets.rts6000.ae66 : Text.oe66 (.text:xdc_runtime_Text_putSite__F)
                  0080a300    000001a0     rts6600_elf.lib : trgdrv.obj (.text:HOSTrename)
                  0080a4a0    000001a0                     : imath40.obj (.text:__c6xabi_divul)
                  0080a640    000001a0     sysbios.ae66 : BIOS.obj (.text:ti_sysbios_gates_GateMutex_enter__E)
                  0080a7e0    000001a0                  : BIOS.obj (.text:ti_sysbios_knl_Task_unblockI__E)
                  0080a980    000001a0                  : BIOS.obj (.text:ti_sysbios_timers_timer64_Timer_start__E)
                  0080ab20    000001a0     ti.targets.rts6000.ae66 : LoggerBuf.oe66 (.text:xdc_runtime_LoggerBuf_write4__F)
                  0080acc0    00000180     rts6600_elf.lib : copy_decompress_rle.obj (.text:__TI_decompress_rle_core)
                  0080ae40    00000180     sysbios.ae66 : c64p_Exception_asm.obj (.text)
                  0080afc0    00000160                  : BIOS.obj (.text:ti_sysbios_BIOS_rtsUnlock__I)
                  0080b120    00000140     boot.ae66 : autoinit.oe66 (.text:_auto_init_elf)
                  0080b260    00000140     rts6600_elf.lib : _printfi.obj (.text:_pproc_fflags)
                  0080b3a0    00000140                     : lowlev.obj (.text:getdevice)
                  0080b4e0    00000140     sysbios.ae66 : BIOS.obj (.text:ti_sysbios_family_c64p_Hwi_Module_startup__F)
                  0080b620    00000140                  : BIOS.obj (.text:ti_sysbios_family_c66_Cache_Module_startup__F)
                  0080b760    00000140                  : BIOS.obj (.text:ti_sysbios_knl_Semaphore_Instance_init__F)
                  0080b8a0    00000140                  : BIOS.obj (.text:ti_sysbios_knl_Swi_post__E)
                  0080b9e0    00000140                  : BIOS.obj (.text:ti_sysbios_knl_Task_blockI__E)
                  0080bb20    00000140     ti.targets.rts6000.ae66 : Text.oe66 (.text:xdc_runtime_Text_putLab__F)
                  0080bc60    00000120     rts6600_elf.lib : fclose.obj (.text:_closefile)
                  0080bd80    00000120                     : _printfi.obj (.text:_ltostr)
                  0080bea0    00000120                     : fseek.obj (.text:fseek)
                  0080bfc0    00000120     ti.targets.rts6000.ae66 : LoggerBuf.oe66 (.text:xdc_runtime_LoggerBuf_setFilterLevel__F)
                  0080c0e0    00000120                             : Text.oe66 (.text:xdc_runtime_Text_putMod__F)
                  0080c200    00000100     rts6600_elf.lib : trgdrv.obj (.text:HOSTlseek)
                  0080c300    00000100                     : _io_perm.obj (.text:_wrt_ok)
                  0080c400    00000100     sysbios.ae66 : BIOS.obj (.text:ti_sysbios_knl_Swi_restoreHwi__E)
                  0080c500    00000100                  : BIOS.obj (.text:ti_sysbios_timers_timer64_Timer_initDevice__I)
                  0080c600    00000100     ti.targets.rts6000.ae66 : Core-mem.oe66 (.text:xdc_runtime_Core_deleteObject__I)
                  0080c700    00000100                             : LoggerBuf.oe66 (.text:xdc_runtime_LoggerBuf_getFilterLevel__F)
                  0080c800    00000100                             : Startup.oe66 (.text:xdc_runtime_Startup_exec__F)
                  0080c900    00000100                             : Text.oe66 (.text:xdc_runtime_Text_visitRope2__I)
                  0080ca00    000000e0     rts6600_elf.lib : trgdrv.obj (.text:HOSTopen)
                  0080cae0    000000e0                     : _printfi.obj (.text:_div)
                  0080cbc0    000000e0                     : atoi.obj (.text:atoi)
                  0080cca0    000000e0                     : lowlev.obj (.text:close)
                  0080cd80    000000e0                     : copy_zero_init.obj (.text:decompress:ZI:__TI_zero_init)
                  0080ce60    000000e0                     : ltoa.obj (.text:ltoa)
                  0080cf40    000000e0                     : memset.obj (.text:memset)
                  0080d020    000000e0                     : printf.obj (.text:printf)
                  0080d100    000000e0     sysbios.ae66 : BIOS.obj (.text:ti_sysbios_timers_timer64_Timer_startup__E)
                  0080d1e0    000000e0     ti.targets.rts6000.ae66 : Error.oe66 (.text:xdc_runtime_Error_print__F)
                  0080d2c0    000000e0                             : Memory.oe66 (.text:xdc_runtime_Memory_alloc__F)
                  0080d3a0    000000c0     rts6600_elf.lib : trgdrv.obj (.text:HOSTread)
                  0080d460    000000c0                     : trgdrv.obj (.text:HOSTunlink)
                  0080d520    000000c0                     : trgdrv.obj (.text:HOSTwrite)
                  0080d5e0    000000c0                     : dtor_list.obj (.text:_Z11__TI_atexitPFYvPvES_S_)
                  0080d6a0    000000c0                     : dtor_list.obj (.text:__cxa_finalize)
                  0080d760    000000c0                     : divu.obj (.text:__divu)
                  0080d820    000000c0                     : fflush.obj (.text:_doflush)
                  0080d8e0    000000c0                     : exit.obj (.text:exit)
                  0080d9a0    000000c0     main.obj (.text)
                  0080da60    000000c0     sysbios.ae66 : BIOS.obj (.text:ti_sysbios_BIOS_errorRaiseHook__I)
                  0080db20    000000c0                  : BIOS.obj (.text:ti_sysbios_heaps_HeapMem_getStats__E)
                  0080dbe0    000000c0                  : BIOS.obj (.text:ti_sysbios_knl_Clock_logTick__E)
                  0080dca0    000000c0     app_pe66.oe66 (.text:ti_sysbios_knl_Task_Object__create__S)
                  0080dd60    000000c0     sysbios.ae66 : BIOS.obj (.text:ti_sysbios_knl_Task_allBlockedFunction__I)
                  0080de20    000000c0                  : BIOS.obj (.text:ti_sysbios_timers_timer64_Timer_stop__E)
                  0080dee0    000000c0     ti.targets.rts6000.ae66 : LoggerBuf.oe66 (.text:xdc_runtime_LoggerBuf_Instance_init__F)
                  0080dfa0    000000c0     app_pe66.oe66 (.text:xdc_runtime_LoggerBuf_Object__create__S)
                  0080e060    000000c0     ti.targets.rts6000.ae66 : System.oe66 (.text:xdc_runtime_System_formatNum__I)
                  0080e120    000000a0     rts6600_elf.lib : trgdrv.obj (.text:HOSTclose)
                  0080e1c0    000000a0                     : fltulld.obj (.text:__c6xabi_fltulld)
                  0080e260    000000a0                     : remu.obj (.text:__remu)
                  0080e300    000000a0     boot.ae66 : boot.oe66 (.text:_c_int00)
                  0080e3a0    000000a0     rts6600_elf.lib : fopen.obj (.text:_cleanup)
                  0080e440    000000a0                     : _printfi.obj (.text:_ecpy)
                  0080e4e0    000000a0                     : _printfi.obj (.text:_fcpy)
                  0080e580    000000a0                     : _printfi.obj (.text:_pconv_f)
                  0080e620    000000a0                     : lowlev.obj (.text:finddevice)
                  0080e6c0    000000a0                     : lowlev.obj (.text:lseek)
                  0080e760    000000a0                     : memcpy64.obj (.text:memcpy)
                  0080e800    000000a0     sysbios.ae66 : BIOS.obj (.text:ti_sysbios_family_c64p_Exception_Module_startup__F)
                  0080e8a0    000000a0                  : BIOS.obj (.text:ti_sysbios_heaps_HeapMem_init__I)
                  0080e940    000000a0                  : BIOS.obj (.text:ti_sysbios_knl_Idle_run__E)
                  0080e9e0    000000a0     rts6600_elf.lib : lowlev.obj (.text:write)
                  0080ea80    000000a0     ti.targets.rts6000.ae66 : Assert.oe66 (.text:xdc_runtime_Assert_raise__I)
                  0080eb20    000000a0                             : LoggerBuf.oe66 (.text:xdc_runtime_LoggerBuf_Module_startup__F)
                  0080ebc0    000000a0                             : SysMin.oe66 (.text:xdc_runtime_SysMin_abort__F)
                  0080ec60    000000a0                             : SysMin.oe66 (.text:xdc_runtime_SysMin_flush__F)
                  0080ed00    000000a0                             : SysMin.oe66 (.text:xdc_runtime_SysMin_putch__F)
                  0080eda0    000000a0                             : Text.oe66 (.text:xdc_runtime_Text_xprintf__I)
                  0080ee40    00000080     rts6600_elf.lib : llshift.obj (.text:__c6xabi_llshl)
                  0080eec0    00000080     sysbios.ae66 : c62_TaskSupport_asm.obj (.text:_ti_sysbios_family_c62_TaskSupport_swap__E)
                  0080ef40    00000080     app_pe66.oe66 (.text:malloc)
                  0080efc0    00000080     rts6600_elf.lib : trgmsg.obj (.text:readmsg)
                  0080f040    00000080     sysbios.ae66 : BIOS.obj (.text:ti_sysbios_BIOS_exit__E)
                  0080f0c0    00000080                  : BIOS.obj (.text:ti_sysbios_family_c62_TaskSupport_start__E)
                  0080f140    00000080                  : BIOS.obj (.text:ti_sysbios_family_c64p_Hwi_getStackInfo__E)
                  0080f1c0    00000080     app_pe66.oe66 (.text:ti_sysbios_gates_GateHwi_Object__create__S)
                  0080f240    00000080     app_pe66.oe66 (.text:ti_sysbios_gates_GateMutex_Object__create__S)
                  0080f2c0    00000080     sysbios.ae66 : BIOS.obj (.text:ti_sysbios_hal_Hwi_checkStack:ti_sysbios_hal_Hwi_checkStack)
                  0080f340    00000080                  : BIOS.obj (.text:ti_sysbios_hal_Hwi_initStack:ti_sysbios_hal_Hwi_initStack)
                  0080f3c0    00000080     app_pe66.oe66 (.text:ti_sysbios_heaps_HeapMem_Object__create__S)
                  0080f440    00000080     app_pe66.oe66 (.text:ti_sysbios_knl_Queue_Object__create__S)
                  0080f4c0    00000080     app_pe66.oe66 (.text:ti_sysbios_knl_Semaphore_Object__create__S)
                  0080f540    00000080     sysbios.ae66 : BIOS.obj (.text:ti_sysbios_knl_Semaphore_pendTimeout__I)
                  0080f5c0    00000080                  : BIOS.obj (.text:ti_sysbios_knl_Swi_startup__E)
                  0080f640    00000080                  : BIOS.obj (.text:ti_sysbios_knl_Task_restore__E)
                  0080f6c0    00000080                  : BIOS.obj (.text:ti_sysbios_timers_timer64_Timer_getPeriod__E)
                  0080f740    00000080     rts6600_elf.lib : lowlev.obj (.text:unlink)
                  0080f7c0    00000080     ti.targets.rts6000.ae66 : Core-label.oe66 (.text:xdc_runtime_Core_assignLabel__I)
                  0080f840    00000080                             : Core-params.oe66 (.text:xdc_runtime_Core_assignParams__I)
                  0080f8c0    00000080                             : LoggerBuf.oe66 (.text:xdc_runtime_LoggerBuf_filterOutEvent__I)
                  0080f940    00000080                             : System.oe66 (.text:xdc_runtime_System_atexit__F)
                  0080f9c0    00000080                             : System.oe66 (.text:xdc_runtime_System_putchar__I)
                  0080fa40    00000080                             : System.oe66 (.text:xdc_runtime_System_rtsExit__I)
                  0080fac0    00000080                             : Text.oe66 (.text:xdc_runtime_Text_printVisFxn__I)
                  0080fb40    00000060     rts6600_elf.lib : frcmpyd_div.obj (.text:__c6xabi_frcmpyd_div)
                  0080fba0    00000060                     : llshift.obj (.text:__c6xabi_llshru)
                  0080fc00    00000060                     : imath64.obj (.text:_subcull)
                  0080fc60    00000060                     : memccpy.obj (.text:memccpy)
                  0080fcc0    00000060     app_pe66.oe66 (.text:ti_sysbios_BIOS_exitFunc__I)
                  0080fd20    00000060     sysbios.ae66 : BIOS.obj (.text:ti_sysbios_BIOS_registerRTSLock__I)
                  0080fd80    00000060                  : BIOS.obj (.text:ti_sysbios_gates_GateMutex_Instance_init__F)
                  0080fde0    00000060                  : BIOS.obj (.text:ti_sysbios_knl_Clock_Module_startup__F)
                  0080fe40    00000060     app_pe66.oe66 (.text:ti_sysbios_knl_Clock_doTick__I)
                  0080fea0    00000060     sysbios.ae66 : BIOS.obj (.text:ti_sysbios_knl_Swi_Module_startup__F)
                  0080ff00    00000060                  : BIOS.obj (.text:ti_sysbios_knl_Task_enter__I)
                  0080ff60    00000060     rts6600_elf.lib : trgmsg.obj (.text:writemsg)
                  0080ffc0    00000060     ti.targets.rts6000.ae66 : Memory.oe66 (.text:xdc_runtime_Memory_calloc__F)
                  00810020    00000060                             : SysMin.oe66 (.text:xdc_runtime_SysMin_Module_startup__F)
                  00810080    00000060                             : SysMin.oe66 (.text:xdc_runtime_SysMin_exit__F)
                  008100e0    00000060     app_pe66.oe66 (.text:xdc_runtime_SysMin_output__I)
                  00810140    00000060     ti.targets.rts6000.ae66 : System.oe66 (.text:xdc_runtime_System_avprintf__F)
                  008101a0    00000060                             : System.oe66 (.text:xdc_runtime_System_vprintf__F)
                  00810200    00000060                             : Text.oe66 (.text:xdc_runtime_Text_cordText__F)
                  00810260    00000040     rts6600_elf.lib : isinf.obj (.text:__c6xabi_isinf)
                  008102a0    00000040                     : _printfi.obj (.text:__c6xabi_isnan)
                  008102e0    00000040                     : args_main.obj (.text:_args_main)
                  00810320    00000040     sysbios.ae66 : c62_TaskSupport_asm.obj (.text:_ti_sysbios_family_c62_TaskSupport_buildTaskStack)
                  00810360    00000040                  : c64p_Hwi_asm_switch.obj (.text:_ti_sysbios_family_xxx_Hwi_switchToIsrStack)
                  008103a0    00000040     app_pe66.oe66 (.text:free)
                  008103e0    00000040     sysbios.ae66 : BIOS.obj (.text:ti_sysbios_BIOS_rtsLock__I)
                  00810420    00000040     app_pe66.oe66 (.text:ti_sysbios_BIOS_startFunc__I)
                  00810460    00000040     app_pe66.oe66 (.text:ti_sysbios_family_c64p_Hwi_Module__startupDone__F)
                  008104a0    00000040     sysbios.ae66 : BIOS.obj (.text:ti_sysbios_family_c64p_Hwi_disableInterrupt__E)
                  008104e0    00000040                  : BIOS.obj (.text:ti_sysbios_family_c64p_Hwi_enableInterrupt__E)
                  00810520    00000040     app_pe66.oe66 (.text:ti_sysbios_gates_GateHwi_Handle__label__S)
                  00810560    00000040     app_pe66.oe66 (.text:ti_sysbios_gates_GateHwi_Object__delete__S)
                  008105a0    00000040     app_pe66.oe66 (.text:ti_sysbios_gates_GateMutex_Handle__label__S)
                  008105e0    00000040     app_pe66.oe66 (.text:ti_sysbios_gates_GateMutex_Object__delete__S)
                  00810620    00000040     sysbios.ae66 : BIOS.obj (.text:ti_sysbios_gates_GateMutex_leave__E)
                  00810660    00000040     app_pe66.oe66 (.text:ti_sysbios_hal_Timer_Module__startupDone__F)
                  008106a0    00000040     app_pe66.oe66 (.text:ti_sysbios_heaps_HeapMem_Handle__label__S)
                  008106e0    00000040     app_pe66.oe66 (.text:ti_sysbios_heaps_HeapMem_Object__delete__S)
                  00810720    00000040     app_pe66.oe66 (.text:ti_sysbios_heaps_HeapMem_Object__get__S)
                  00810760    00000040     app_pe66.oe66 (.text:ti_sysbios_knl_Queue_Object__destruct__S)
                  008107a0    00000040     app_pe66.oe66 (.text:ti_sysbios_knl_Semaphore_Object__destruct__S)
                  008107e0    00000040     app_pe66.oe66 (.text:ti_sysbios_knl_Swi_Object__get__S)
                  00810820    00000040     app_pe66.oe66 (.text:ti_sysbios_knl_Task_Object__get__S)
                  00810860    00000040     app_pe66.oe66 (.text:ti_sysbios_timers_timer64_Timer_Module__startupDone__F)
                  008108a0    00000040     ti.targets.rts6000.ae66 : Error.oe66 (.text:xdc_runtime_Error_check__F)
                  008108e0    00000040                             : Error.oe66 (.text:xdc_runtime_Error_init__F)
                  00810920    00000040                             : Gate.oe66 (.text:xdc_runtime_Gate_leaveSystem__F)
                  00810960    00000040     app_pe66.oe66 (.text:xdc_runtime_LoggerBuf_Handle__label__S)
                  008109a0    00000040     ti.targets.rts6000.ae66 : LoggerBuf.oe66 (.text:xdc_runtime_LoggerBuf_Instance_finalize__F)
                  008109e0    00000040     app_pe66.oe66 (.text:xdc_runtime_LoggerBuf_Object__delete__S)
                  00810a20    00000040     app_pe66.oe66 (.text:xdc_runtime_LoggerBuf_Object__get__S)
                  00810a60    00000040     ti.targets.rts6000.ae66 : LoggerBuf.oe66 (.text:xdc_runtime_LoggerBuf_write0__F)
                  00810aa0    00000040                             : LoggerBuf.oe66 (.text:xdc_runtime_LoggerBuf_write1__F)
                  00810ae0    00000040                             : LoggerBuf.oe66 (.text:xdc_runtime_LoggerBuf_write2__F)
                  00810b20    00000040                             : Memory.oe66 (.text:xdc_runtime_Memory_free__F)
                  00810b60    00000040                             : Registry.oe66 (.text:xdc_runtime_Registry_findById__F)
                  00810ba0    00000040                             : System.oe66 (.text:xdc_runtime_System_abort__F)
                  00810be0    00000040     app_pe66.oe66 (.text:xdc_runtime_System_aprintf__E)
                  00810c20    00000040     app_pe66.oe66 (.text:xdc_runtime_System_printf__E)
                  00810c60    00000040     ti.targets.rts6000.ae66 : Text.oe66 (.text:xdc_runtime_Text_ropeText__F)
                  00810ca0    00000020     rts6600_elf.lib : negll.obj (.text:__c6xabi_negll)
                  00810cc0    00000020                     : dtor_list.obj (.text:__cxa_atexit)
                  00810ce0    00000020                     : dtor_list.obj (.text:__cxa_ia64_exit)
                  00810d00    00000020                     : push.obj (.text:__pop_rts)
                  00810d20    00000020                     : push.obj (.text:__push_rts)
                  00810d40    00000020     ti.targets.rts6000.ae66 : xdc_noinit.oe66 (.text:__xdc__init)
                  00810d60    00000020     rts6600_elf.lib : _lock.obj (.text:_nop)
                  00810d80    00000020                     : printf.obj (.text:_outc)
                  00810da0    00000020                     : printf.obj (.text:_outs)
                  00810dc0    00000020                     : _lock.obj (.text:_register_lock)
                  00810de0    00000020                     : _lock.obj (.text:_register_unlock)
                  00810e00    00000020     sysbios.ae66 : c62_TaskSupport_asm.obj (.text:_ti_sysbios_family_c62_TaskSupport_glue)
                  00810e20    00000020                  : c64p_Hwi_asm_switch.obj (.text:_ti_sysbios_family_xxx_Hwi_switchToTaskStack)
                  00810e40    00000020     rts6600_elf.lib : exit.obj (.text:abort)
                  00810e60    00000020                     : dtor_list.obj (.text:atexit)
                  00810e80    00000020                     : copy_decompress_none.obj (.text:decompress:none:__TI_decompress_none)
                  00810ea0    00000020                     : copy_decompress_rle.obj (.text:decompress:rle24:__TI_decompress_rle24)
                  00810ec0    00000020     app_pe66.oe66 (.text:ti_sysbios_BIOS_RtsGateProxy_enter__E)
                  00810ee0    00000020     app_pe66.oe66 (.text:ti_sysbios_BIOS_RtsGateProxy_leave__E)
                  00810f00    00000020     sysbios.ae66 : BIOS.obj (.text:ti_sysbios_BIOS_nullFunc__I)
                  00810f20    00000020                  : BIOS.obj (.text:ti_sysbios_BIOS_setThreadType__E)
                  00810f40    00000020                  : BIOS.obj (.text:ti_sysbios_BIOS_start__E)
                  00810f60    00000020     app_pe66.oe66 (.text:ti_sysbios_family_c62_TaskSupport_Module__startupDone__S)
                  00810f80    00000020     sysbios.ae66 : BIOS.obj (.text:ti_sysbios_family_c62_TaskSupport_checkStack__E)
                  00810fa0    00000020                  : BIOS.obj (.text:ti_sysbios_family_c62_TaskSupport_getStackAlignment__E)
                  00810fc0    00000020                  : BIOS.obj (.text:ti_sysbios_family_c64p_Hwi_clearInterrupt__E)
                  00810fe0    00000020                  : BIOS.obj (.text:ti_sysbios_family_c64p_Hwi_startup__E)
                  00811000    00000020                  : BIOS.obj (.text:ti_sysbios_family_c64p_Hwi_switchFromBootStack__E)
                  00811020    00000020                  : BIOS.obj (.text:ti_sysbios_family_c64p_TimestampProvider_Module_startup__F)
                  00811040    00000020                  : BIOS.obj (.text:ti_sysbios_family_c64p_TimestampProvider_get64__E)
                  00811060    00000020                  : BIOS.obj (.text:ti_sysbios_family_c64p_tci6488_TimerSupport_enable__E)
                  00811080    00000020                  : BIOS.obj (.text:ti_sysbios_gates_GateHwi_Instance_init__F)
                  008110a0    00000020                  : BIOS.obj (.text:ti_sysbios_gates_GateHwi_enter__E)
                  008110c0    00000020                  : BIOS.obj (.text:ti_sysbios_gates_GateHwi_leave__E)
                  008110e0    00000020                  : BIOS.obj (.text:ti_sysbios_gates_GateHwi_query__F)
                  00811100    00000020                  : BIOS.obj (.text:ti_sysbios_gates_GateMutex_Instance_finalize__F)
                  00811120    00000020                  : BIOS.obj (.text:ti_sysbios_gates_GateMutex_query__F)
                  00811140    00000020     app_pe66.oe66 (.text:ti_sysbios_hal_Hwi_HwiProxy_Module__startupDone__S)
                  00811160    00000020     sysbios.ae66 : BIOS.obj (.text:ti_sysbios_hal_Hwi_Module_startup__F)
                  00811180    00000020                  : BIOS.obj (.text:ti_sysbios_hal_Timer_Module_startup__F)
                  008111a0    00000020     app_pe66.oe66 (.text:ti_sysbios_hal_Timer_TimerProxy_Module__startupDone__S)
                  008111c0    00000020     app_pe66.oe66 (.text:ti_sysbios_hal_Timer_TimerProxy_getPeriod__E)
                  008111e0    00000020     app_pe66.oe66 (.text:ti_sysbios_heaps_HeapMem_Module_GateProxy_enter__E)
                  00811200    00000020     app_pe66.oe66 (.text:ti_sysbios_heaps_HeapMem_Module_GateProxy_leave__E)
                  00811220    00000020     sysbios.ae66 : BIOS.obj (.text:ti_sysbios_heaps_HeapMem_isBlocking__E)
                  00811240    00000020                  : BIOS.obj (.text:ti_sysbios_knl_Idle_loop__E)
                  00811260    00000020                  : BIOS.obj (.text:ti_sysbios_knl_Queue_Instance_init__F)
                  00811280    00000020     app_pe66.oe66 (.text:ti_sysbios_knl_Queue_Object__get__S)
                  008112a0    00000020     sysbios.ae66 : BIOS.obj (.text:ti_sysbios_knl_Queue_empty__E)
                  008112c0    00000020                  : BIOS.obj (.text:ti_sysbios_knl_Semaphore_Instance_finalize__F)
                  008112e0    00000020                  : BIOS.obj (.text:ti_sysbios_knl_Swi_disable__E)
                  00811300    00000020     app_pe66.oe66 (.text:ti_sysbios_knl_Task_SupportProxy_Module__startupDone__S)
                  00811320    00000020     sysbios.ae66 : BIOS.obj (.text:ti_sysbios_knl_Task_disable__E)
                  00811340    00000020                  : BIOS.obj (.text:ti_sysbios_knl_Task_startup__E)
                  00811360    00000020     ti.targets.rts6000.ae66 : Gate.oe66 (.text:xdc_runtime_Gate_enterSystem__F)
                  00811380    00000020     app_pe66.oe66 (.text:xdc_runtime_IHeap_alloc)
                  008113a0    00000020     app_pe66.oe66 (.text:xdc_runtime_IHeap_free)
                  008113c0    00000020     app_pe66.oe66 (.text:xdc_runtime_LoggerBuf_Module_GateProxy_enter__E)
                  008113e0    00000020     app_pe66.oe66 (.text:xdc_runtime_LoggerBuf_Module_GateProxy_leave__E)
                  00811400    00000020     ti.targets.rts6000.ae66 : LoggerBuf.oe66 (.text:xdc_runtime_LoggerBuf_disable__F)
                  00811420    00000020                             : LoggerBuf.oe66 (.text:xdc_runtime_LoggerBuf_enable__F)
                  00811440    00000020     app_pe66.oe66 (.text:xdc_runtime_Memory_HeapProxy_alloc__E)
                  00811460    00000020     app_pe66.oe66 (.text:xdc_runtime_Memory_HeapProxy_free__E)
                  00811480    00000020     app_pe66.oe66 (.text:xdc_runtime_Startup_exec__I)
                  008114a0    00000020     app_pe66.oe66 (.text:xdc_runtime_Startup_reset__I)
                  008114c0    00000020     ti.targets.rts6000.ae66 : SysMin.oe66 (.text:xdc_runtime_SysMin_ready__F)
                  008114e0    00000020     app_pe66.oe66 (.text:xdc_runtime_System_Module_GateProxy_enter__E)
                  00811500    00000020     app_pe66.oe66 (.text:xdc_runtime_System_Module_GateProxy_leave__E)
                  00811520    00000020     ti.targets.rts6000.ae66 : System.oe66 (.text:xdc_runtime_System_Module_startup__F)
                  00811540    00000020                             : System.oe66 (.text:xdc_runtime_System_exit__F)
                  00811560    00000020                             : System.oe66 (.text:xdc_runtime_System_lastFxn__I)
                  00811580    00000020                             : System.oe66 (.text:xdc_runtime_System_vsnprintf__F)
                  008115a0    00000020     app_pe66.oe66 (.text:xdc_runtime_Text_visitRope__I)

.const     0    008115c0    000027f2     
                  008115c0    0000159b     app_pe66.oe66 (.const:xdc_runtime_Text_charTab__A)
                  00812b5b    00000001     --HOLE-- [fill = 0]
                  00812b5c    000004e4     sysbios.ae66 : BIOS.obj (.const:.string)
                  00813040    00000400     app_pe66.oe66 (.const:ti_sysbios_family_c66_Cache_marvalues__C)
                  00813440    00000101     rts6600_elf.lib : ctype.obj (.const:.string:_ctypes_)
                  00813541    00000003     --HOLE-- [fill = 0]
                  00813544    00000004     ti.targets.rts6000.ae66 : Assert.oe66 (.const:.string)
                  00813548    000000c8     app_pe66.oe66 (.const:xdc_runtime_Text_nodeTab__A)
                  00813610    00000058     ti.targets.rts6000.ae66 : Error.oe66 (.const:.string)
                  00813668    00000048     app_pe66.oe66 (.const:.string)
                  008136b0    00000048     main.obj (.const:.string)
                  008136f8    00000040     ti.targets.rts6000.ae66 : Text.oe66 (.const:.string)
                  00813738    0000003c     vector_stream_sp.obj (.const:.string)
                  00813774    0000003c     app_pe66.oe66 (.const:ti_sysbios_knl_Task_Object__PARAMS__C)
                  008137b0    0000003c     app_pe66.oe66 (.const:xdc_runtime_LoggerBuf_Module__FXNS__C)
                  008137ec    00000004     app_pe66.oe66 (.const:ti_sysbios_BIOS_Module__diagsEnabled__C)
                  008137f0    00000034     app_pe66.oe66 (.const:xdc_runtime_Startup_sfxnTab__A)
                  00813824    0000002c     ti.targets.rts6000.ae66 : Startup.oe66 (.const:.string)
                  00813850    00000028     app_pe66.oe66 (.const:ti_sysbios_heaps_HeapMem_Module__FXNS__C)
                  00813878    00000028     app_pe66.oe66 (.const:xdc_runtime_LoggerBuf_Object__PARAMS__C)
                  008138a0    00000024     app_pe66.oe66 (.const:ti_sysbios_gates_GateHwi_Module__FXNS__C)
                  008138c4    00000024     app_pe66.oe66 (.const:ti_sysbios_gates_GateMutex_Module__FXNS__C)
                  008138e8    00000024     app_pe66.oe66 (.const:ti_sysbios_heaps_HeapMem_Object__PARAMS__C)
                  0081390c    00000024     app_pe66.oe66 (.const:ti_sysbios_knl_Semaphore_Object__PARAMS__C)
                  00813930    00000023     rts6600_elf.lib : _printfi.obj (.const:.string)
                  00813953    00000001     --HOLE-- [fill = 0]
                  00813954    00000020     app_pe66.oe66 (.const:ti_sysbios_gates_GateHwi_Object__DESC__C)
                  00813974    00000020     app_pe66.oe66 (.const:ti_sysbios_gates_GateMutex_Object__DESC__C)
                  00813994    00000020     app_pe66.oe66 (.const:ti_sysbios_heaps_HeapMem_Object__DESC__C)
                  008139b4    00000020     app_pe66.oe66 (.const:ti_sysbios_knl_Queue_Object__DESC__C)
                  008139d4    00000020     app_pe66.oe66 (.const:ti_sysbios_knl_Semaphore_Object__DESC__C)
                  008139f4    00000020     app_pe66.oe66 (.const:ti_sysbios_knl_Task_Object__DESC__C)
                  00813a14    00000020     app_pe66.oe66 (.const:xdc_runtime_LoggerBuf_Object__DESC__C)
                  00813a34    00000004     app_pe66.oe66 (.const:ti_sysbios_BIOS_Module__diagsIncluded__C)
                  00813a38    0000001a     app_pe66.oe66 (.const:xdc_runtime_Startup_sfxnRts__A)
                  00813a52    00000002     --HOLE-- [fill = 0]
                  00813a54    00000018     app_pe66.oe66 (.const:ti_sysbios_gates_GateHwi_Object__PARAMS__C)
                  00813a6c    00000018     app_pe66.oe66 (.const:ti_sysbios_gates_GateMutex_Object__PARAMS__C)
                  00813a84    00000018     app_pe66.oe66 (.const:ti_sysbios_knl_Queue_Object__PARAMS__C)
                  00813a9c    00000004     app_pe66.oe66 (.const:ti_sysbios_BIOS_Module__diagsMask__C)
                  00813aa0    00000018     app_pe66.oe66 (.const:ti_sysbios_knl_Task_hooks__A)
                  00813ab8    00000008     ti.targets.rts6000.ae66 : System.oe66 (.const:.string)
                  00813ac0    00000011                             : System.oe66 (.const:digtohex)
                  00813ad1    00000003     --HOLE-- [fill = 0]
                  00813ad4    0000000c     app_pe66.oe66 (.const:ti_sysbios_family_c66_Cache_initSize__C)
                  00813ae0    00000008     app_pe66.oe66 (.const:ti_sysbios_knl_Idle_coreList__C)
                  00813ae8    00000008     app_pe66.oe66 (.const:ti_sysbios_knl_Idle_funcList__C)
                  00813af0    00000008     app_pe66.oe66 (.const:ti_sysbios_knl_Task_hooks__C)
                  00813af8    00000008     app_pe66.oe66 (.const:xdc_runtime_Startup_firstFxns__A)
                  00813b00    00000008     app_pe66.oe66 (.const:xdc_runtime_Startup_firstFxns__C)
                  00813b08    00000008     app_pe66.oe66 (.const:xdc_runtime_Startup_lastFxns__C)
                  00813b10    00000004     app_pe66.oe66 (.const:ti_sysbios_BIOS_installedErrorHook__C)
                  00813b14    00000004     app_pe66.oe66 (.const:ti_sysbios_family_c62_TaskSupport_stackAlignment__C)
                  00813b18    00000004     app_pe66.oe66 (.const:ti_sysbios_family_c64p_Exception_E_exceptionMin__C)
                  00813b1c    00000004     app_pe66.oe66 (.const:ti_sysbios_family_c64p_Exception_exceptionHook__C)
                  00813b20    00000004     app_pe66.oe66 (.const:ti_sysbios_family_c64p_Exception_externalHook__C)
                  00813b24    00000004     app_pe66.oe66 (.const:ti_sysbios_family_c64p_Exception_internalHook__C)
                  00813b28    00000004     app_pe66.oe66 (.const:ti_sysbios_family_c64p_Exception_nmiHook__C)
                  00813b2c    00000004     app_pe66.oe66 (.const:ti_sysbios_family_c64p_Hwi_LD_end__C)
                  00813b30    00000004     app_pe66.oe66 (.const:ti_sysbios_family_c64p_Hwi_LM_begin__C)
                  00813b34    00000004     app_pe66.oe66 (.const:ti_sysbios_family_c64p_Hwi_Module__diagsEnabled__C)
                  00813b38    00000004     app_pe66.oe66 (.const:ti_sysbios_family_c64p_Hwi_Module__diagsIncluded__C)
                  00813b3c    00000004     app_pe66.oe66 (.const:ti_sysbios_family_c64p_Hwi_Module__diagsMask__C)
                  00813b40    00000004     app_pe66.oe66 (.const:ti_sysbios_family_c64p_Hwi_Module__loggerFxn1__C)
                  00813b44    00000004     app_pe66.oe66 (.const:ti_sysbios_family_c64p_Hwi_Module__loggerFxn8__C)
                  00813b48    00000004     app_pe66.oe66 (.const:ti_sysbios_family_c64p_Hwi_Module__loggerObj__C)
                  00813b4c    00000004     app_pe66.oe66 (.const:ti_sysbios_gates_GateMutex_A_badContext__C)
                  00813b50    00000004     app_pe66.oe66 (.const:ti_sysbios_gates_GateMutex_Instance_State_sem__O)
                  00813b54    00000004     app_pe66.oe66 (.const:ti_sysbios_gates_GateMutex_Module__diagsEnabled__C)
                  00813b58    00000004     app_pe66.oe66 (.const:ti_sysbios_gates_GateMutex_Module__diagsIncluded__C)
                  00813b5c    00000004     app_pe66.oe66 (.const:ti_sysbios_gates_GateMutex_Module__diagsMask__C)
                  00813b60    00000004     app_pe66.oe66 (.const:ti_sysbios_hal_Hwi_E_stackOverflow__C)
                  00813b64    00000004     app_pe66.oe66 (.const:ti_sysbios_heaps_HeapMem_A_align__C)
                  00813b68    00000004     app_pe66.oe66 (.const:ti_sysbios_heaps_HeapMem_A_heapSize__C)
                  00813b6c    00000004     app_pe66.oe66 (.const:ti_sysbios_heaps_HeapMem_A_invalidFree__C)
                  00813b70    00000004     app_pe66.oe66 (.const:ti_sysbios_heaps_HeapMem_A_zeroBlock__C)
                  00813b74    00000004     app_pe66.oe66 (.const:ti_sysbios_heaps_HeapMem_E_memory__C)
                  00813b78    00000004     app_pe66.oe66 (.const:ti_sysbios_heaps_HeapMem_Module__diagsEnabled__C)
                  00813b7c    00000004     app_pe66.oe66 (.const:ti_sysbios_heaps_HeapMem_Module__diagsIncluded__C)
                  00813b80    00000004     app_pe66.oe66 (.const:ti_sysbios_heaps_HeapMem_Module__diagsMask__C)
                  00813b84    00000004     app_pe66.oe66 (.const:ti_sysbios_heaps_HeapMem_Module__gateObj__C)
                  00813b88    00000004     app_pe66.oe66 (.const:ti_sysbios_heaps_HeapMem_Object__count__C)
                  00813b8c    00000004     app_pe66.oe66 (.const:ti_sysbios_heaps_HeapMem_reqAlign__C)
                  00813b90    00000004     app_pe66.oe66 (.const:ti_sysbios_knl_Clock_LM_begin__C)
                  00813b94    00000004     app_pe66.oe66 (.const:ti_sysbios_knl_Clock_LM_tick__C)
                  00813b98    00000004     app_pe66.oe66 (.const:ti_sysbios_knl_Clock_LW_delayed__C)
                  00813b9c    00000004     app_pe66.oe66 (.const:ti_sysbios_knl_Clock_Module_State_clockQ__O)
                  00813ba0    00000004     app_pe66.oe66 (.const:ti_sysbios_knl_Clock_Module__diagsEnabled__C)
                  00813ba4    00000004     app_pe66.oe66 (.const:ti_sysbios_knl_Clock_Module__diagsIncluded__C)
                  00813ba8    00000004     app_pe66.oe66 (.const:ti_sysbios_knl_Clock_Module__diagsMask__C)
                  00813bac    00000004     app_pe66.oe66 (.const:ti_sysbios_knl_Clock_Module__loggerFxn1__C)
                  00813bb0    00000004     app_pe66.oe66 (.const:ti_sysbios_knl_Clock_Module__loggerFxn2__C)
                  00813bb4    00000004     app_pe66.oe66 (.const:ti_sysbios_knl_Clock_Module__loggerObj__C)
                  00813bb8    00000004     app_pe66.oe66 (.const:ti_sysbios_knl_Idle_coreList__A)
                  00813bbc    00000004     app_pe66.oe66 (.const:ti_sysbios_knl_Semaphore_A_badContext__C)
                  00813bc0    00000004     app_pe66.oe66 (.const:ti_sysbios_knl_Idle_funcList__A)
                  00813bc4    00000004     app_pe66.oe66 (.const:ti_sysbios_knl_Semaphore_A_noEvents__C)
                  00813bc8    00000004     app_pe66.oe66 (.const:ti_sysbios_knl_Semaphore_A_overflow__C)
                  00813bcc    00000004     app_pe66.oe66 (.const:ti_sysbios_knl_Semaphore_A_pendTaskDisabled__C)
                  00813bd0    00000004     app_pe66.oe66 (.const:ti_sysbios_knl_Semaphore_Instance_State_pendQ__O)
                  00813bd4    00000004     app_pe66.oe66 (.const:ti_sysbios_knl_Semaphore_LM_pend__C)
                  00813bd8    00000004     app_pe66.oe66 (.const:ti_sysbios_knl_Semaphore_LM_post__C)
                  00813bdc    00000004     app_pe66.oe66 (.const:ti_sysbios_knl_Semaphore_Module__diagsEnabled__C)
                  00813be0    00000004     app_pe66.oe66 (.const:ti_sysbios_knl_Semaphore_Module__diagsIncluded__C)
                  00813be4    00000004     app_pe66.oe66 (.const:ti_sysbios_knl_Semaphore_Module__diagsMask__C)
                  00813be8    00000004     app_pe66.oe66 (.const:ti_sysbios_knl_Semaphore_Module__loggerFxn2__C)
                  00813bec    00000004     app_pe66.oe66 (.const:ti_sysbios_knl_Semaphore_Module__loggerFxn4__C)
                  00813bf0    00000004     app_pe66.oe66 (.const:ti_sysbios_knl_Semaphore_Module__loggerObj__C)
                  00813bf4    00000004     app_pe66.oe66 (.const:ti_sysbios_knl_Swi_LD_end__C)
                  00813bf8    00000004     app_pe66.oe66 (.const:ti_sysbios_knl_Swi_LM_begin__C)
                  00813bfc    00000004     app_pe66.oe66 (.const:ti_sysbios_knl_Swi_LM_post__C)
                  00813c00    00000004     app_pe66.oe66 (.const:ti_sysbios_knl_Swi_Module__diagsEnabled__C)
                  00813c04    00000004     app_pe66.oe66 (.const:ti_sysbios_knl_Swi_Module__diagsIncluded__C)
                  00813c08    00000004     app_pe66.oe66 (.const:ti_sysbios_knl_Swi_Module__diagsMask__C)
                  00813c0c    00000004     app_pe66.oe66 (.const:ti_sysbios_knl_Swi_Module__loggerFxn1__C)
                  00813c10    00000004     app_pe66.oe66 (.const:ti_sysbios_knl_Swi_Module__loggerFxn4__C)
                  00813c14    00000004     app_pe66.oe66 (.const:ti_sysbios_knl_Swi_Module__loggerObj__C)
                  00813c18    00000004     app_pe66.oe66 (.const:ti_sysbios_knl_Swi_Object__count__C)
                  00813c1c    00000004     app_pe66.oe66 (.const:ti_sysbios_knl_Task_A_badPriority__C)
                  00813c20    00000004     app_pe66.oe66 (.const:ti_sysbios_knl_Task_A_badTaskState__C)
                  00813c24    00000004     app_pe66.oe66 (.const:ti_sysbios_knl_Task_A_badThreadType__C)
                  00813c28    00000004     app_pe66.oe66 (.const:ti_sysbios_knl_Task_A_noPendElem__C)
                  00813c2c    00000004     app_pe66.oe66 (.const:ti_sysbios_knl_Task_E_spOutOfBounds__C)
                  00813c30    00000004     app_pe66.oe66 (.const:ti_sysbios_knl_Task_E_stackOverflow__C)
                  00813c34    00000004     app_pe66.oe66 (.const:ti_sysbios_knl_Task_LD_block__C)
                  00813c38    00000004     app_pe66.oe66 (.const:ti_sysbios_knl_Task_LD_exit__C)
                  00813c3c    00000004     app_pe66.oe66 (.const:ti_sysbios_knl_Task_LD_ready__C)
                  00813c40    00000004     app_pe66.oe66 (.const:ti_sysbios_knl_Task_LM_switch__C)
                  00813c44    00000004     app_pe66.oe66 (.const:ti_sysbios_knl_Task_Module_State_inactiveQ__O)
                  00813c48    00000004     app_pe66.oe66 (.const:ti_sysbios_knl_Task_Module__diagsEnabled__C)
                  00813c4c    00000004     app_pe66.oe66 (.const:ti_sysbios_knl_Task_Module__diagsIncluded__C)
                  00813c50    00000004     app_pe66.oe66 (.const:ti_sysbios_knl_Task_Module__diagsMask__C)
                  00813c54    00000004     app_pe66.oe66 (.const:ti_sysbios_knl_Task_Module__loggerFxn2__C)
                  00813c58    00000004     app_pe66.oe66 (.const:ti_sysbios_knl_Task_Module__loggerFxn4__C)
                  00813c5c    00000004     app_pe66.oe66 (.const:ti_sysbios_knl_Task_Module__loggerObj__C)
                  00813c60    00000004     app_pe66.oe66 (.const:ti_sysbios_knl_Task_Object__count__C)
                  00813c64    00000004     app_pe66.oe66 (.const:ti_sysbios_knl_Task_Object__heap__C)
                  00813c68    00000004     app_pe66.oe66 (.const:ti_sysbios_knl_Task_allBlockedFunc__C)
                  00813c6c    00000004     app_pe66.oe66 (.const:ti_sysbios_knl_Task_defaultStackHeap__C)
                  00813c70    00000004     app_pe66.oe66 (.const:ti_sysbios_knl_Task_defaultStackSize__C)
                  00813c74    00000004     app_pe66.oe66 (.const:ti_sysbios_knl_Task_numConstructedTasks__C)
                  00813c78    00000004     app_pe66.oe66 (.const:ti_sysbios_timers_timer64_Timer_A_notAvailable__C)
                  00813c7c    00000004     app_pe66.oe66 (.const:ti_sysbios_timers_timer64_Timer_E_cannotSupport__C)
                  00813c80    00000004     app_pe66.oe66 (.const:ti_sysbios_timers_timer64_Timer_Module__diagsEnabled__C)
                  00813c84    00000004     app_pe66.oe66 (.const:ti_sysbios_timers_timer64_Timer_Module__diagsIncluded__C)
                  00813c88    00000004     app_pe66.oe66 (.const:ti_sysbios_timers_timer64_Timer_Module__diagsMask__C)
                  00813c8c    00000004     app_pe66.oe66 (.const:ti_sysbios_timers_timer64_Timer_anyMask__C)
                  00813c90    00000004     app_pe66.oe66 (.const:ti_sysbios_timers_timer64_Timer_freqDivisor__C)
                  00813c94    00000004     app_pe66.oe66 (.const:ti_sysbios_timers_timer64_Timer_numLocalTimers__C)
                  00813c98    00000004     app_pe66.oe66 (.const:ti_sysbios_timers_timer64_Timer_numTimerDevices__C)
                  00813c9c    00000004     app_pe66.oe66 (.const:xdc_runtime_Assert_E_assertFailed__C)
                  00813ca0    00000004     app_pe66.oe66 (.const:xdc_runtime_Core_A_initializedParams__C)
                  00813ca4    00000004     app_pe66.oe66 (.const:xdc_runtime_Core_Module__diagsEnabled__C)
                  00813ca8    00000004     app_pe66.oe66 (.const:xdc_runtime_Core_Module__diagsIncluded__C)
                  00813cac    00000004     app_pe66.oe66 (.const:xdc_runtime_Core_Module__diagsMask__C)
                  00813cb0    00000004     app_pe66.oe66 (.const:xdc_runtime_Error_E_memory__C)
                  00813cb4    00000004     app_pe66.oe66 (.const:xdc_runtime_Error_Module__diagsEnabled__C)
                  00813cb8    00000004     app_pe66.oe66 (.const:xdc_runtime_Error_Module__diagsIncluded__C)
                  00813cbc    00000004     app_pe66.oe66 (.const:xdc_runtime_Error_Module__diagsMask__C)
                  00813cc0    00000004     app_pe66.oe66 (.const:xdc_runtime_Error_Module__loggerFxn8__C)
                  00813cc4    00000004     app_pe66.oe66 (.const:xdc_runtime_Error_Module__loggerObj__C)
                  00813cc8    00000004     app_pe66.oe66 (.const:xdc_runtime_Error_policy__C)
                  00813ccc    00000004     app_pe66.oe66 (.const:xdc_runtime_Error_raiseHook__C)
                  00813cd0    00000004     app_pe66.oe66 (.const:xdc_runtime_IFilterLogger_Interface__BASE__C)
                  00813cd4    00000004     app_pe66.oe66 (.const:xdc_runtime_IGateProvider_Interface__BASE__C)
                  00813cd8    00000004     app_pe66.oe66 (.const:xdc_runtime_IHeap_Interface__BASE__C)
                  00813cdc    00000004     app_pe66.oe66 (.const:xdc_runtime_ILogger_Interface__BASE__C)
                  00813ce0    00000004     app_pe66.oe66 (.const:xdc_runtime_IModule_Interface__BASE__C)
                  00813ce4    00000004     app_pe66.oe66 (.const:xdc_runtime_Log_L_error__C)
                  00813ce8    00000004     app_pe66.oe66 (.const:xdc_runtime_LoggerBuf_E_badLevel__C)
                  00813cec    00000004     app_pe66.oe66 (.const:xdc_runtime_LoggerBuf_Module__gateObj__C)
                  00813cf0    00000004     app_pe66.oe66 (.const:xdc_runtime_LoggerBuf_Object__count__C)
                  00813cf4    00000004     app_pe66.oe66 (.const:xdc_runtime_LoggerBuf_statusLogger__C)
                  00813cf8    00000004     app_pe66.oe66 (.const:xdc_runtime_Memory_defaultHeapInstance__C)
                  00813cfc    00000004     app_pe66.oe66 (.const:xdc_runtime_Startup_execImpl__C)
                  00813d00    00000004     app_pe66.oe66 (.const:xdc_runtime_Startup_lastFxns__A)
                  00813d04    00000004     app_pe66.oe66 (.const:xdc_runtime_Startup_maxPasses__C)
                  00813d08    00000004     app_pe66.oe66 (.const:xdc_runtime_Startup_sfxnRts__C)
                  00813d0c    00000004     app_pe66.oe66 (.const:xdc_runtime_Startup_sfxnTab__C)
                  00813d10    00000004     app_pe66.oe66 (.const:xdc_runtime_SysMin_bufSize__C)
                  00813d14    00000004     app_pe66.oe66 (.const:xdc_runtime_SysMin_outputFunc__C)
                  00813d18    00000004     app_pe66.oe66 (.const:xdc_runtime_System_Module__gateObj__C)
                  00813d1c    00000004     app_pe66.oe66 (.const:xdc_runtime_System_extendFxn__C)
                  00813d20    00000004     app_pe66.oe66 (.const:xdc_runtime_System_maxAtexitHandlers__C)
                  00813d24    00000004     app_pe66.oe66 (.const:xdc_runtime_Text_charTab__C)
                  00813d28    00000004     app_pe66.oe66 (.const:xdc_runtime_Text_nameEmpty__C)
                  00813d2c    00000004     app_pe66.oe66 (.const:xdc_runtime_Text_nameStatic__C)
                  00813d30    00000004     app_pe66.oe66 (.const:xdc_runtime_Text_nameUnknown__C)
                  00813d34    00000004     app_pe66.oe66 (.const:xdc_runtime_Text_nodeTab__C)
                  00813d38    00000004     app_pe66.oe66 (.const:xdc_runtime_Text_visitRopeFxn__C)
                  00813d3c    00000002     app_pe66.oe66 (.const:ti_sysbios_BIOS_Module__id__C)
                  00813d3e    00000002     --HOLE-- [fill = 0]
                  00813d40    00000002     app_pe66.oe66 (.const:ti_sysbios_family_c64p_Exception_Module__id__C)
                  00813d42    00000002     --HOLE-- [fill = 0]
                  00813d44    00000002     app_pe66.oe66 (.const:ti_sysbios_family_c64p_Exception_useInternalBuffer__C)
                  00813d46    00000002     --HOLE-- [fill = 0]
                  00813d48    00000002     app_pe66.oe66 (.const:ti_sysbios_family_c64p_Hwi_Module__id__C)
                  00813d4a    00000002     --HOLE-- [fill = 0]
                  00813d4c    00000002     app_pe66.oe66 (.const:ti_sysbios_family_c64p_Hwi_Module__loggerDefined__C)
                  00813d4e    00000002     --HOLE-- [fill = 0]
                  00813d50    00000002     app_pe66.oe66 (.const:ti_sysbios_gates_GateMutex_Module__id__C)
                  00813d52    00000002     --HOLE-- [fill = 0]
                  00813d54    00000002     app_pe66.oe66 (.const:ti_sysbios_hal_Hwi_Module__id__C)
                  00813d56    00000002     --HOLE-- [fill = 0]
                  00813d58    00000002     app_pe66.oe66 (.const:ti_sysbios_heaps_HeapMem_Module__id__C)
                  00813d5a    00000002     --HOLE-- [fill = 0]
                  00813d5c    00000002     app_pe66.oe66 (.const:ti_sysbios_knl_Clock_Module__id__C)
                  00813d5e    00000002     --HOLE-- [fill = 0]
                  00813d60    00000002     app_pe66.oe66 (.const:ti_sysbios_knl_Clock_Module__loggerDefined__C)
                  00813d62    00000002     --HOLE-- [fill = 0]
                  00813d64    00000002     app_pe66.oe66 (.const:ti_sysbios_knl_Semaphore_Module__id__C)
                  00813d66    00000002     --HOLE-- [fill = 0]
                  00813d68    00000002     app_pe66.oe66 (.const:ti_sysbios_knl_Semaphore_Module__loggerDefined__C)
                  00813d6a    00000002     --HOLE-- [fill = 0]
                  00813d6c    00000002     app_pe66.oe66 (.const:ti_sysbios_knl_Swi_Module__id__C)
                  00813d6e    00000002     --HOLE-- [fill = 0]
                  00813d70    00000002     app_pe66.oe66 (.const:ti_sysbios_knl_Swi_Module__loggerDefined__C)
                  00813d72    00000002     --HOLE-- [fill = 0]
                  00813d74    00000002     app_pe66.oe66 (.const:ti_sysbios_knl_Task_Module__id__C)
                  00813d76    00000002     --HOLE-- [fill = 0]
                  00813d78    00000002     app_pe66.oe66 (.const:ti_sysbios_knl_Task_Module__loggerDefined__C)
                  00813d7a    00000002     --HOLE-- [fill = 0]
                  00813d7c    00000002     app_pe66.oe66 (.const:ti_sysbios_knl_Task_initStackFlag__C)
                  00813d7e    00000002     --HOLE-- [fill = 0]
                  00813d80    00000002     app_pe66.oe66 (.const:ti_sysbios_timers_timer64_Timer_Module__id__C)
                  00813d82    00000002     --HOLE-- [fill = 0]
                  00813d84    00000002     app_pe66.oe66 (.const:ti_sysbios_timers_timer64_Timer_startupNeeded__C)
                  00813d86    00000002     --HOLE-- [fill = 0]
                  00813d88    00000002     app_pe66.oe66 (.const:xdc_runtime_Core_Module__id__C)
                  00813d8a    00000002     --HOLE-- [fill = 0]
                  00813d8c    00000002     app_pe66.oe66 (.const:xdc_runtime_Error_Module__loggerDefined__C)
                  00813d8e    00000002     --HOLE-- [fill = 0]
                  00813d90    00000002     app_pe66.oe66 (.const:xdc_runtime_Error_maxDepth__C)
                  00813d92    00000002     --HOLE-- [fill = 0]
                  00813d94    00000002     app_pe66.oe66 (.const:xdc_runtime_LoggerBuf_Module__id__C)
                  00813d96    00000002     --HOLE-- [fill = 0]
                  00813d98    00000002     app_pe66.oe66 (.const:xdc_runtime_LoggerBuf_filterByLevel__C)
                  00813d9a    00000002     --HOLE-- [fill = 0]
                  00813d9c    00000002     app_pe66.oe66 (.const:xdc_runtime_Memory_Module__id__C)
                  00813d9e    00000002     --HOLE-- [fill = 0]
                  00813da0    00000002     app_pe66.oe66 (.const:xdc_runtime_SysMin_flushAtExit__C)
                  00813da2    00000002     --HOLE-- [fill = 0]
                  00813da4    00000002     app_pe66.oe66 (.const:xdc_runtime_Text_charCnt__C)
                  00813da6    00000002     --HOLE-- [fill = 0]
                  00813da8    00000002     app_pe66.oe66 (.const:xdc_runtime_Text_isLoaded__C)
                  00813daa    00000002     --HOLE-- [fill = 0]
                  00813dac    00000002     app_pe66.oe66 (.const:xdc_runtime_Text_registryModsLastId__C)
                  00813dae    00000002     --HOLE-- [fill = 0]
                  00813db0    00000002     app_pe66.oe66 (.const:xdc_runtime_Text_unnamedModsLastId__C)

.stack     0    00813db8    00002000     UNINITIALIZED
                  00813db8    00000008     boot.ae66 : boot.oe66 (.stack)
                  00813dc0    00001ff8     --HOLE--

.far       0    00815db8    00001d50     UNINITIALIZED
                  00815db8    00001408     app_pe66.oe66 (.far)
                  008171c0    00000800     app_pe66.oe66 (.far:taskStackSection)
                  008179c0    00000140     rts6600_elf.lib : defs.obj (.far)
                  00817b00    00000008                     : trgdrv.obj (.far)

.fardata   0    00817b08    00000aa4     
                  00817b08    00000200     app_pe66.oe66 (.fardata)
                  00817d08    000001e0     rts6600_elf.lib : defs.obj (.fardata:_ftable)
                  00817ee8    00000180     app_pe66.oe66 (.fardata:ti_sysbios_timers_timer64_Timer_Module_State_0_device__A)
                  00818068    000000a0     rts6600_elf.lib : lowlev.obj (.fardata:_stream)
                  00818108    00000080     app_pe66.oe66 (.fardata:ti_sysbios_knl_Swi_Module_State_0_readyQ__A)
                  00818188    00000080     app_pe66.oe66 (.fardata:ti_sysbios_knl_Task_Module_State_0_readyQ__A)
                  00818208    00000080     app_pe66.oe66 (.fardata:ti_sysbios_timers_timer64_Timer_Module_State_0_gctrl__A)
                  00818288    00000080     app_pe66.oe66 (.fardata:ti_sysbios_timers_timer64_Timer_Module_State_0_handles__A)
                  00818308    00000080     app_pe66.oe66 (.fardata:ti_sysbios_timers_timer64_Timer_Module_State_0_intFreqs__A)
                  00818388    00000078     rts6600_elf.lib : lowlev.obj (.fardata:_device)
                  00818400    0000004c     app_pe66.oe66 (.fardata:ti_sysbios_knl_Task_Object__table__V)
                  0081844c    00000004     rts6600_elf.lib : defs.obj (.fardata)
                  00818450    0000004c     app_pe66.oe66 (.fardata:ti_sysbios_timers_timer64_Timer_Object__table__V)
                  0081849c    00000004     rts6600_elf.lib : dtor_list.obj (.fardata)
                  008184a0    00000040     app_pe66.oe66 (.fardata:ti_sysbios_gates_GateMutex_Object__table__V)
                  008184e0    00000030     app_pe66.oe66 (.fardata:ti_sysbios_knl_Swi_Object__table__V)
                  00818510    00000024     app_pe66.oe66 (.fardata:xdc_runtime_LoggerBuf_Object__table__V)
                  00818534    00000004     --HOLE--
                  00818538    00000018     app_pe66.oe66 (.fardata:ti_sysbios_family_c64p_Hwi_Object__table__V)
                  00818550    00000018     app_pe66.oe66 (.fardata:ti_sysbios_heaps_HeapMem_Object__table__V)
                  00818568    00000010     app_pe66.oe66 (.fardata:xdc_runtime_System_Module_State_0_atexitHandlers__A)
                  00818578    0000000c     rts6600_elf.lib : exit.obj (.fardata)
                  00818584    00000008                     : _lock.obj (.fardata)
                  0081858c    00000004     --HOLE--
                  00818590    00000008     app_pe66.oe66 (.fardata:ti_sysbios_hal_Hwi_Object__table__V)
                  00818598    00000008     app_pe66.oe66 (.fardata:ti_sysbios_hal_Timer_Object__table__V)
                  008185a0    00000004     app_pe66.oe66 (.fardata:ti_sysbios_gates_GateHwi_Object__table__V)
                  008185a4    00000004     --HOLE--
                  008185a8    00000004     app_pe66.oe66 (.fardata:ti_sysbios_knl_Task_Module_State_0_idleTask__A)

.cio       0    008185ac    00000120     UNINITIALIZED
                  008185ac    00000120     rts6600_elf.lib : trgmsg.obj (.cio)

.vecs      0    00818800    00000200     
                  00818800    00000200     app_pe66.oe66 (.vecs)

.cinit     0    00818a00    000005b8     
                  00818a00    00000593     (.cinit..fardata.load) [load image, compression = rle]
                  00818f93    00000001     --HOLE-- [fill = 0]
                  00818f94    0000000c     (__TI_handler_table)
                  00818fa0    00000008     (.cinit..far.load) [load image, compression = zero_init]
                  00818fa8    00000010     (__TI_cinit_table)


LINKER GENERATED COPY TABLES

__TI_cinit_table @ 00818fa8 records: 2, size/record: 8, table size: 16
	.fardata: load addr=00818a00, load size=00000593 bytes, run addr=00817b08, run size=00000aa4 bytes, compression=rle
	.far: load addr=00818fa0, load size=00000008 bytes, run addr=00815db8, run size=00001d50 bytes, compression=zero_init


LINKER GENERATED HANDLER TABLE

__TI_handler_table @ 00818f94 records: 3, size/record: 4, table size: 12
	index: 0, handler: __TI_decompress_rle24
	index: 1, handler: __TI_decompress_none
	index: 2, handler: __TI_zero_init


GLOBAL SYMBOLS: SORTED ALPHABETICALLY BY Name 

address    name
--------   ----
00810e40   C$$EXIT
0080ffb8   C$$IO$$
0080e120   HOSTclose
0080c200   HOSTlseek
0080ca00   HOSTopen
0080d3a0   HOSTread
0080a300   HOSTrename
0080d460   HOSTunlink
0080d520   HOSTwrite
00818400   TSK_idle
00800000   __ASM__
008185ac   __CIOBUF_
00800060   __ISA__
00800078   __PLAT__
008000a0   __TARG__
00818fa8   __TI_CINIT_Base
00818fb8   __TI_CINIT_Limit
00818f94   __TI_Handler_Table_Base
00818fa0   __TI_Handler_Table_Limit
UNDEFED    __TI_INITARRAY_Base
UNDEFED    __TI_INITARRAY_Limit
00815db8   __TI_STACK_END
00002000   __TI_STACK_SIZE
00000000   __TI_STATIC_BASE
00000001   __TI_args_main
00810e80   __TI_decompress_none
00810ea0   __TI_decompress_rle24
00818580   __TI_enable_exit_profile_output
ffffffff   __TI_pprof_out_hndl
ffffffff   __TI_prof_data_size
ffffffff   __TI_prof_data_start
0080cd80   __TI_zero_init
008000c8   __TRDR__
ffffffff   __binit__
00802900   __c6xabi_divd
0080d760   __c6xabi_divu
0080a4a0   __c6xabi_divul
00807820   __c6xabi_divull
0080e1c0   __c6xabi_fltulld
0080fb40   __c6xabi_frcmpyd_div
00810260   __c6xabi_isinf
0080ee40   __c6xabi_llshl
0080fba0   __c6xabi_llshru
00810ca0   __c6xabi_negll
00810d00   __c6xabi_pop_rts
00810d20   __c6xabi_push_rts
0080e260   __c6xabi_remu
ffffffff   __c_args__
00810cc0   __cxa_atexit
0080d6a0   __cxa_finalize
00810ce0   __cxa_ia64_exit
0080d760   __divu
00810d00   __pop_rts
00810d20   __push_rts
0080e260   __remu
00810d40   __xdc__init
00817d04   __xdc__init__addr
008102e0   _args_main
00000000   _argsize
0080b120   _auto_init_elf
0080e300   _c_int00
0080e3a0   _cleanup
00818578   _cleanup_ptr
0080bc60   _closefile
00813440   _ctypes_
0080d820   _doflush
0081857c   _dtors_ptr
0081844c   _ft_end
00817d08   _ftable
00818584   _lock
00810d60   _nop
00804460   _printfi
00810dc0   _register_lock
00810de0   _register_unlock
00813db8   _stack
0080fc00   _subcull
008179c0   _tmpnams
00818588   _unlock
0080c300   _wrt_ok
00810e40   abort
00810e60   atexit
0080cbc0   atoi
ffffffff   binit
0080cca0   close
0080d8e0   exit
00808580   fputc
008054c0   fputs
008103a0   free
0080bea0   fseek
0080e6c0   lseek
0080ce60   ltoa
0080d9d8   main
0080ef40   malloc
0080fc60   memccpy
0080e760   memcpy
0080cf40   memset
0080d020   printf
0080efc0   readmsg
0080f740   remove
00809640   setvbuf
0080d9a0   taskFxn
008137ec   ti_sysbios_BIOS_Module__diagsEnabled__C
00813a34   ti_sysbios_BIOS_Module__diagsIncluded__C
00813a9c   ti_sysbios_BIOS_Module__diagsMask__C
00813d3c   ti_sysbios_BIOS_Module__id__C
00817b08   ti_sysbios_BIOS_Module__state__V
00810ec0   ti_sysbios_BIOS_RtsGateProxy_enter__E
00810ee0   ti_sysbios_BIOS_RtsGateProxy_leave__E
00811120   ti_sysbios_BIOS_RtsGateProxy_query__E
0080da60   ti_sysbios_BIOS_errorRaiseHook__I
0080fcc0   ti_sysbios_BIOS_exitFunc__I
0080f040   ti_sysbios_BIOS_exit__E
00813b10   ti_sysbios_BIOS_installedErrorHook__C
00810f00   ti_sysbios_BIOS_nullFunc__I
0080fd20   ti_sysbios_BIOS_registerRTSLock__I
008103e0   ti_sysbios_BIOS_rtsLock__I
0080afc0   ti_sysbios_BIOS_rtsUnlock__I
00810f20   ti_sysbios_BIOS_setThreadType__E
00810420   ti_sysbios_BIOS_startFunc__I
00810f40   ti_sysbios_BIOS_start__E
00810f60   ti_sysbios_family_c62_TaskSupport_Module__startupDone__S
00810320   ti_sysbios_family_c62_TaskSupport_buildTaskStack
00810f80   ti_sysbios_family_c62_TaskSupport_checkStack__E
00810fa0   ti_sysbios_family_c62_TaskSupport_getStackAlignment__E
00810e00   ti_sysbios_family_c62_TaskSupport_glue
00813b14   ti_sysbios_family_c62_TaskSupport_stackAlignment__C
0080f0c0   ti_sysbios_family_c62_TaskSupport_start__E
0080eec0   ti_sysbios_family_c62_TaskSupport_swap__E
00813b18   ti_sysbios_family_c64p_Exception_E_exceptionMin__C
00813d40   ti_sysbios_family_c64p_Exception_Module__id__C
00817b28   ti_sysbios_family_c64p_Exception_Module__state__V
0080e800   ti_sysbios_family_c64p_Exception_Module_startup__E
0080e800   ti_sysbios_family_c64p_Exception_Module_startup__F
0080ae40   ti_sysbios_family_c64p_Exception_dispatch__E
00813b1c   ti_sysbios_family_c64p_Exception_exceptionHook__C
00813b20   ti_sysbios_family_c64p_Exception_externalHook__C
008008a0   ti_sysbios_family_c64p_Exception_handler__I
00807ee0   ti_sysbios_family_c64p_Exception_internalHandler__I
00813b24   ti_sysbios_family_c64p_Exception_internalHook__C
00813b28   ti_sysbios_family_c64p_Exception_nmiHook__C
00813d44   ti_sysbios_family_c64p_Exception_useInternalBuffer__C
00818800   ti_sysbios_family_c64p_Hwi0
00813b2c   ti_sysbios_family_c64p_Hwi_LD_end__C
00813b30   ti_sysbios_family_c64p_Hwi_LM_begin__C
00813b34   ti_sysbios_family_c64p_Hwi_Module__diagsEnabled__C
00813b38   ti_sysbios_family_c64p_Hwi_Module__diagsIncluded__C
00813b3c   ti_sysbios_family_c64p_Hwi_Module__diagsMask__C
00813d48   ti_sysbios_family_c64p_Hwi_Module__id__C
00813d4c   ti_sysbios_family_c64p_Hwi_Module__loggerDefined__C
00813b40   ti_sysbios_family_c64p_Hwi_Module__loggerFxn1__C
00813b44   ti_sysbios_family_c64p_Hwi_Module__loggerFxn8__C
00813b48   ti_sysbios_family_c64p_Hwi_Module__loggerObj__C
00817b58   ti_sysbios_family_c64p_Hwi_Module__root__V
00810460   ti_sysbios_family_c64p_Hwi_Module__startupDone__F
00810460   ti_sysbios_family_c64p_Hwi_Module__startupDone__S
00817b60   ti_sysbios_family_c64p_Hwi_Module__state__V
0080b4e0   ti_sysbios_family_c64p_Hwi_Module_startup__E
0080b4e0   ti_sysbios_family_c64p_Hwi_Module_startup__F
00818538   ti_sysbios_family_c64p_Hwi_Object__table__V
00810fc0   ti_sysbios_family_c64p_Hwi_clearInterrupt__E
008104a0   ti_sysbios_family_c64p_Hwi_disableInterrupt__E
00809440   ti_sysbios_family_c64p_Hwi_dispatchAlways
00805b80   ti_sysbios_family_c64p_Hwi_dispatchC__I
008104e0   ti_sysbios_family_c64p_Hwi_enableInterrupt__E
0080f140   ti_sysbios_family_c64p_Hwi_getStackInfo__E
00818800   ti_sysbios_family_c64p_Hwi_int0
00818820   ti_sysbios_family_c64p_Hwi_int1
00818940   ti_sysbios_family_c64p_Hwi_int10
00818960   ti_sysbios_family_c64p_Hwi_int11
00818980   ti_sysbios_family_c64p_Hwi_int12
008189a0   ti_sysbios_family_c64p_Hwi_int13
008189c0   ti_sysbios_family_c64p_Hwi_int14
008189e0   ti_sysbios_family_c64p_Hwi_int15
00818840   ti_sysbios_family_c64p_Hwi_int2
00818860   ti_sysbios_family_c64p_Hwi_int3
00818880   ti_sysbios_family_c64p_Hwi_int4
008188a0   ti_sysbios_family_c64p_Hwi_int5
008188c0   ti_sysbios_family_c64p_Hwi_int6
008188e0   ti_sysbios_family_c64p_Hwi_int7
00818900   ti_sysbios_family_c64p_Hwi_int8
00818920   ti_sysbios_family_c64p_Hwi_int9
00810fe0   ti_sysbios_family_c64p_Hwi_startup__E
00811000   ti_sysbios_family_c64p_Hwi_switchFromBootStack__E
00811020   ti_sysbios_family_c64p_TimestampProvider_Module_startup__E
00811020   ti_sysbios_family_c64p_TimestampProvider_Module_startup__F
00811040   ti_sysbios_family_c64p_TimestampProvider_get64__E
00811060   ti_sysbios_family_c64p_tci6488_TimerSupport_enable__E
0080b620   ti_sysbios_family_c66_Cache_Module_startup__E
0080b620   ti_sysbios_family_c66_Cache_Module_startup__F
00813ad4   ti_sysbios_family_c66_Cache_initSize__C
00813040   ti_sysbios_family_c66_Cache_marvalues__C
00810360   ti_sysbios_family_xxx_Hwi_switchToIsrStack
00810e20   ti_sysbios_family_xxx_Hwi_switchToTaskStack
00810520   ti_sysbios_gates_GateHwi_Handle__label__S
00811080   ti_sysbios_gates_GateHwi_Instance_init__F
008138a0   ti_sysbios_gates_GateHwi_Module__FXNS__C
00817bc8   ti_sysbios_gates_GateHwi_Module__root__V
00813954   ti_sysbios_gates_GateHwi_Object__DESC__C
00813a54   ti_sysbios_gates_GateHwi_Object__PARAMS__C
0080f1c0   ti_sysbios_gates_GateHwi_Object__create__S
00810560   ti_sysbios_gates_GateHwi_Object__delete__S
008185a0   ti_sysbios_gates_GateHwi_Object__table__V
008110a0   ti_sysbios_gates_GateHwi_enter__E
008110c0   ti_sysbios_gates_GateHwi_leave__E
008110e0   ti_sysbios_gates_GateHwi_query__E
008110e0   ti_sysbios_gates_GateHwi_query__F
00813b4c   ti_sysbios_gates_GateMutex_A_badContext__C
008105a0   ti_sysbios_gates_GateMutex_Handle__label__S
00813b50   ti_sysbios_gates_GateMutex_Instance_State_sem__O
00811100   ti_sysbios_gates_GateMutex_Instance_finalize__F
0080fd80   ti_sysbios_gates_GateMutex_Instance_init__F
008138c4   ti_sysbios_gates_GateMutex_Module__FXNS__C
00813b54   ti_sysbios_gates_GateMutex_Module__diagsEnabled__C
00813b58   ti_sysbios_gates_GateMutex_Module__diagsIncluded__C
00813b5c   ti_sysbios_gates_GateMutex_Module__diagsMask__C
00813d50   ti_sysbios_gates_GateMutex_Module__id__C
00817bd0   ti_sysbios_gates_GateMutex_Module__root__V
00813974   ti_sysbios_gates_GateMutex_Object__DESC__C
00813a6c   ti_sysbios_gates_GateMutex_Object__PARAMS__C
0080f240   ti_sysbios_gates_GateMutex_Object__create__S
008105e0   ti_sysbios_gates_GateMutex_Object__delete__S
008184a0   ti_sysbios_gates_GateMutex_Object__table__V
0080a640   ti_sysbios_gates_GateMutex_enter__E
00810620   ti_sysbios_gates_GateMutex_leave__E
00811120   ti_sysbios_gates_GateMutex_query__E
00811120   ti_sysbios_gates_GateMutex_query__F
00813b60   ti_sysbios_hal_Hwi_E_stackOverflow__C
00811140   ti_sysbios_hal_Hwi_HwiProxy_Module__startupDone__S
00810fc0   ti_sysbios_hal_Hwi_HwiProxy_clearInterrupt__E
008104a0   ti_sysbios_hal_Hwi_HwiProxy_disableInterrupt__E
008104e0   ti_sysbios_hal_Hwi_HwiProxy_enableInterrupt__E
0080f140   ti_sysbios_hal_Hwi_HwiProxy_getStackInfo__E
00810fe0   ti_sysbios_hal_Hwi_HwiProxy_startup__E
00811000   ti_sysbios_hal_Hwi_HwiProxy_switchFromBootStack__E
00813d54   ti_sysbios_hal_Hwi_Module__id__C
00817bd8   ti_sysbios_hal_Hwi_Module__root__V
00811160   ti_sysbios_hal_Hwi_Module_startup__E
00811160   ti_sysbios_hal_Hwi_Module_startup__F
00818590   ti_sysbios_hal_Hwi_Object__table__V
0080f2c0   ti_sysbios_hal_Hwi_checkStack
00810fc0   ti_sysbios_hal_Hwi_clearInterrupt__E
008104a0   ti_sysbios_hal_Hwi_disableInterrupt__E
008104e0   ti_sysbios_hal_Hwi_enableInterrupt__E
0080f140   ti_sysbios_hal_Hwi_getStackInfo__E
0080f340   ti_sysbios_hal_Hwi_initStack
00810fe0   ti_sysbios_hal_Hwi_startup__E
00811000   ti_sysbios_hal_Hwi_switchFromBootStack__E
00817be0   ti_sysbios_hal_Timer_Module__root__V
00810660   ti_sysbios_hal_Timer_Module__startupDone__F
00810660   ti_sysbios_hal_Timer_Module__startupDone__S
00811180   ti_sysbios_hal_Timer_Module_startup__E
00811180   ti_sysbios_hal_Timer_Module_startup__F
00818598   ti_sysbios_hal_Timer_Object__table__V
008111a0   ti_sysbios_hal_Timer_TimerProxy_Module__startupDone__S
008111c0   ti_sysbios_hal_Timer_TimerProxy_getPeriod__E
0080d100   ti_sysbios_hal_Timer_TimerProxy_startup__E
0080d100   ti_sysbios_hal_Timer_startup__E
00813b64   ti_sysbios_heaps_HeapMem_A_align__C
00813b68   ti_sysbios_heaps_HeapMem_A_heapSize__C
00813b6c   ti_sysbios_heaps_HeapMem_A_invalidFree__C
00813b70   ti_sysbios_heaps_HeapMem_A_zeroBlock__C
00813b74   ti_sysbios_heaps_HeapMem_E_memory__C
008106a0   ti_sysbios_heaps_HeapMem_Handle__label__S
00815db8   ti_sysbios_heaps_HeapMem_Instance_State_0_buf__A
00806160   ti_sysbios_heaps_HeapMem_Instance_init__F
008111e0   ti_sysbios_heaps_HeapMem_Module_GateProxy_enter__E
00811200   ti_sysbios_heaps_HeapMem_Module_GateProxy_leave__E
00811120   ti_sysbios_heaps_HeapMem_Module_GateProxy_query__E
00813850   ti_sysbios_heaps_HeapMem_Module__FXNS__C
00813b78   ti_sysbios_heaps_HeapMem_Module__diagsEnabled__C
00813b7c   ti_sysbios_heaps_HeapMem_Module__diagsIncluded__C
00813b80   ti_sysbios_heaps_HeapMem_Module__diagsMask__C
00813b84   ti_sysbios_heaps_HeapMem_Module__gateObj__C
00813d58   ti_sysbios_heaps_HeapMem_Module__id__C
00817be8   ti_sysbios_heaps_HeapMem_Module__root__V
00813994   ti_sysbios_heaps_HeapMem_Object__DESC__C
008138e8   ti_sysbios_heaps_HeapMem_Object__PARAMS__C
00813b88   ti_sysbios_heaps_HeapMem_Object__count__C
0080f3c0   ti_sysbios_heaps_HeapMem_Object__create__S
008106e0   ti_sysbios_heaps_HeapMem_Object__delete__S
00810720   ti_sysbios_heaps_HeapMem_Object__get__S
00818550   ti_sysbios_heaps_HeapMem_Object__table__V
008016c0   ti_sysbios_heaps_HeapMem_alloc__E
00802320   ti_sysbios_heaps_HeapMem_free__E
0080db20   ti_sysbios_heaps_HeapMem_getStats__E
0080e8a0   ti_sysbios_heaps_HeapMem_init__I
00811220   ti_sysbios_heaps_HeapMem_isBlocking__E
00813b8c   ti_sysbios_heaps_HeapMem_reqAlign__C
00813b90   ti_sysbios_knl_Clock_LM_begin__C
00813b94   ti_sysbios_knl_Clock_LM_tick__C
00813b98   ti_sysbios_knl_Clock_LW_delayed__C
00813b9c   ti_sysbios_knl_Clock_Module_State_clockQ__O
00813ba0   ti_sysbios_knl_Clock_Module__diagsEnabled__C
00813ba4   ti_sysbios_knl_Clock_Module__diagsIncluded__C
00813ba8   ti_sysbios_knl_Clock_Module__diagsMask__C
00813d5c   ti_sysbios_knl_Clock_Module__id__C
00813d60   ti_sysbios_knl_Clock_Module__loggerDefined__C
00813bac   ti_sysbios_knl_Clock_Module__loggerFxn1__C
00813bb0   ti_sysbios_knl_Clock_Module__loggerFxn2__C
00813bb4   ti_sysbios_knl_Clock_Module__loggerObj__C
00817bf0   ti_sysbios_knl_Clock_Module__root__V
00817bf8   ti_sysbios_knl_Clock_Module__state__V
0080fde0   ti_sysbios_knl_Clock_Module_startup__E
0080fde0   ti_sysbios_knl_Clock_Module_startup__F
0080fe40   ti_sysbios_knl_Clock_doTick__I
0080dbe0   ti_sysbios_knl_Clock_logTick__E
008066e0   ti_sysbios_knl_Clock_workFunc__E
00813bb8   ti_sysbios_knl_Idle_coreList__A
00813ae0   ti_sysbios_knl_Idle_coreList__C
00813bc0   ti_sysbios_knl_Idle_funcList__A
00813ae8   ti_sysbios_knl_Idle_funcList__C
00811240   ti_sysbios_knl_Idle_loop__E
0080e940   ti_sysbios_knl_Idle_run__E
00811260   ti_sysbios_knl_Queue_Instance_init__F
00817c20   ti_sysbios_knl_Queue_Module__root__V
008139b4   ti_sysbios_knl_Queue_Object__DESC__C
00813a84   ti_sysbios_knl_Queue_Object__PARAMS__C
0080f440   ti_sysbios_knl_Queue_Object__create__S
00810760   ti_sysbios_knl_Queue_Object__destruct__S
00811280   ti_sysbios_knl_Queue_Object__get__S
008112a0   ti_sysbios_knl_Queue_empty__E
00813bbc   ti_sysbios_knl_Semaphore_A_badContext__C
00813bc4   ti_sysbios_knl_Semaphore_A_noEvents__C
00813bc8   ti_sysbios_knl_Semaphore_A_overflow__C
00813bcc   ti_sysbios_knl_Semaphore_A_pendTaskDisabled__C
00813bd0   ti_sysbios_knl_Semaphore_Instance_State_pendQ__O
008112c0   ti_sysbios_knl_Semaphore_Instance_finalize__F
0080b760   ti_sysbios_knl_Semaphore_Instance_init__F
00813bd4   ti_sysbios_knl_Semaphore_LM_pend__C
00813bd8   ti_sysbios_knl_Semaphore_LM_post__C
00813bdc   ti_sysbios_knl_Semaphore_Module__diagsEnabled__C
00813be0   ti_sysbios_knl_Semaphore_Module__diagsIncluded__C
00813be4   ti_sysbios_knl_Semaphore_Module__diagsMask__C
00813d64   ti_sysbios_knl_Semaphore_Module__id__C
00813d68   ti_sysbios_knl_Semaphore_Module__loggerDefined__C
00813be8   ti_sysbios_knl_Semaphore_Module__loggerFxn2__C
00813bec   ti_sysbios_knl_Semaphore_Module__loggerFxn4__C
00813bf0   ti_sysbios_knl_Semaphore_Module__loggerObj__C
00817c28   ti_sysbios_knl_Semaphore_Module__root__V
008139d4   ti_sysbios_knl_Semaphore_Object__DESC__C
0081390c   ti_sysbios_knl_Semaphore_Object__PARAMS__C
0080f4c0   ti_sysbios_knl_Semaphore_Object__create__S
008107a0   ti_sysbios_knl_Semaphore_Object__destruct__S
0080f540   ti_sysbios_knl_Semaphore_pendTimeout__I
00801d20   ti_sysbios_knl_Semaphore_pend__E
00807100   ti_sysbios_knl_Semaphore_post__E
00813bf4   ti_sysbios_knl_Swi_LD_end__C
00813bf8   ti_sysbios_knl_Swi_LM_begin__C
00813bfc   ti_sysbios_knl_Swi_LM_post__C
00818108   ti_sysbios_knl_Swi_Module_State_0_readyQ__A
00813c00   ti_sysbios_knl_Swi_Module__diagsEnabled__C
00813c04   ti_sysbios_knl_Swi_Module__diagsIncluded__C
00813c08   ti_sysbios_knl_Swi_Module__diagsMask__C
00813d6c   ti_sysbios_knl_Swi_Module__id__C
00813d70   ti_sysbios_knl_Swi_Module__loggerDefined__C
00813c0c   ti_sysbios_knl_Swi_Module__loggerFxn1__C
00813c10   ti_sysbios_knl_Swi_Module__loggerFxn4__C
00813c14   ti_sysbios_knl_Swi_Module__loggerObj__C
00817c30   ti_sysbios_knl_Swi_Module__root__V
00817c38   ti_sysbios_knl_Swi_Module__state__V
0080fea0   ti_sysbios_knl_Swi_Module_startup__E
0080fea0   ti_sysbios_knl_Swi_Module_startup__F
00813c18   ti_sysbios_knl_Swi_Object__count__C
008107e0   ti_sysbios_knl_Swi_Object__get__S
008184e0   ti_sysbios_knl_Swi_Object__table__V
008112e0   ti_sysbios_knl_Swi_disable__E
0080b8a0   ti_sysbios_knl_Swi_post__E
0080c400   ti_sysbios_knl_Swi_restoreHwi__E
008087a0   ti_sysbios_knl_Swi_run__I
00804d20   ti_sysbios_knl_Swi_schedule__I
0080f5c0   ti_sysbios_knl_Swi_startup__E
00813c1c   ti_sysbios_knl_Task_A_badPriority__C
00813c20   ti_sysbios_knl_Task_A_badTaskState__C
00813c24   ti_sysbios_knl_Task_A_badThreadType__C
00813c28   ti_sysbios_knl_Task_A_noPendElem__C
00813c2c   ti_sysbios_knl_Task_E_spOutOfBounds__C
00813c30   ti_sysbios_knl_Task_E_stackOverflow__C
00816db8   ti_sysbios_knl_Task_Instance_State_0_hookEnv__A
008171c0   ti_sysbios_knl_Task_Instance_State_0_stack__A
00803a40   ti_sysbios_knl_Task_Instance_finalize__F
00805100   ti_sysbios_knl_Task_Instance_init__F
00813c34   ti_sysbios_knl_Task_LD_block__C
00813c38   ti_sysbios_knl_Task_LD_exit__C
00813c3c   ti_sysbios_knl_Task_LD_ready__C
00813c40   ti_sysbios_knl_Task_LM_switch__C
008185a8   ti_sysbios_knl_Task_Module_State_0_idleTask__A
00818188   ti_sysbios_knl_Task_Module_State_0_readyQ__A
00813c44   ti_sysbios_knl_Task_Module_State_inactiveQ__O
00813c48   ti_sysbios_knl_Task_Module__diagsEnabled__C
00813c4c   ti_sysbios_knl_Task_Module__diagsIncluded__C
00813c50   ti_sysbios_knl_Task_Module__diagsMask__C
00813d74   ti_sysbios_knl_Task_Module__id__C
00813d78   ti_sysbios_knl_Task_Module__loggerDefined__C
00813c54   ti_sysbios_knl_Task_Module__loggerFxn2__C
00813c58   ti_sysbios_knl_Task_Module__loggerFxn4__C
00813c5c   ti_sysbios_knl_Task_Module__loggerObj__C
00817c54   ti_sysbios_knl_Task_Module__root__V
[...]
008109e0   xdc_runtime_LoggerBuf_Object__delete__S
00810a20   xdc_runtime_LoggerBuf_Object__get__S
00810a60   xdc_runtime_LoggerBuf_write0__E
00810a60   xdc_runtime_LoggerBuf_write0__F
00810aa0   xdc_runtime_LoggerBuf_write1__E
00810aa0   xdc_runtime_LoggerBuf_write1__F
00810ae0   xdc_runtime_LoggerBuf_write2__E
00810ae0   xdc_runtime_LoggerBuf_write2__F
00810b20   xdc_runtime_Memory_free__E
00810b20   xdc_runtime_Memory_free__F
00810b60   xdc_runtime_Registry_findById__E
00810b60   xdc_runtime_Registry_findById__F
00810ba0   xdc_runtime_System_abort__E
00810ba0   xdc_runtime_System_abort__F
00810be0   xdc_runtime_System_aprintf__E
00810c20   xdc_runtime_System_printf__E
00810c60   xdc_runtime_Text_ropeText__E
00810c60   xdc_runtime_Text_ropeText__F
00810ca0   __c6xabi_negll
00810cc0   __cxa_atexit
00810ce0   __cxa_ia64_exit
00810d00   __c6xabi_pop_rts
00810d00   __pop_rts
00810d20   __c6xabi_push_rts
00810d20   __push_rts
00810d40   __xdc__init
00810d60   _nop
00810dc0   _register_lock
00810de0   _register_unlock
00810e00   ti_sysbios_family_c62_TaskSupport_glue
00810e20   ti_sysbios_family_xxx_Hwi_switchToTaskStack
00810e40   C$$EXIT
00810e40   abort
00810e60   atexit
00810e80   __TI_decompress_none
00810ea0   __TI_decompress_rle24
00810ec0   ti_sysbios_BIOS_RtsGateProxy_enter__E
00810ee0   ti_sysbios_BIOS_RtsGateProxy_leave__E
00810f00   ti_sysbios_BIOS_nullFunc__I
00810f20   ti_sysbios_BIOS_setThreadType__E
00810f40   ti_sysbios_BIOS_start__E
00810f60   ti_sysbios_family_c62_TaskSupport_Module__startupDone__S
00810f80   ti_sysbios_family_c62_TaskSupport_checkStack__E
00810f80   ti_sysbios_knl_Task_SupportProxy_checkStack__E
00810fa0   ti_sysbios_family_c62_TaskSupport_getStackAlignment__E
00810fa0   ti_sysbios_knl_Task_SupportProxy_getStackAlignment__E
00810fc0   ti_sysbios_family_c64p_Hwi_clearInterrupt__E
00810fc0   ti_sysbios_hal_Hwi_HwiProxy_clearInterrupt__E
00810fc0   ti_sysbios_hal_Hwi_clearInterrupt__E
00810fe0   ti_sysbios_family_c64p_Hwi_startup__E
00810fe0   ti_sysbios_hal_Hwi_HwiProxy_startup__E
00810fe0   ti_sysbios_hal_Hwi_startup__E
00811000   ti_sysbios_family_c64p_Hwi_switchFromBootStack__E
00811000   ti_sysbios_hal_Hwi_HwiProxy_switchFromBootStack__E
00811000   ti_sysbios_hal_Hwi_switchFromBootStack__E
00811020   ti_sysbios_family_c64p_TimestampProvider_Module_startup__E
00811020   ti_sysbios_family_c64p_TimestampProvider_Module_startup__F
00811040   ti_sysbios_family_c64p_TimestampProvider_get64__E
00811040   xdc_runtime_LoggerBuf_TimestampProxy_get64__E
00811060   ti_sysbios_family_c64p_tci6488_TimerSupport_enable__E
00811060   ti_sysbios_timers_timer64_Timer_TimerSupportProxy_enable__E
00811080   ti_sysbios_gates_GateHwi_Instance_init__F
008110a0   ti_sysbios_gates_GateHwi_enter__E
008110c0   ti_sysbios_gates_GateHwi_leave__E
008110e0   ti_sysbios_gates_GateHwi_query__E
008110e0   ti_sysbios_gates_GateHwi_query__F
008110e0   xdc_runtime_LoggerBuf_Module_GateProxy_query__E
008110e0   xdc_runtime_Main_Module_GateProxy_query__E
008110e0   xdc_runtime_System_Module_GateProxy_query__E
00811100   ti_sysbios_gates_GateMutex_Instance_finalize__F
00811120   ti_sysbios_BIOS_RtsGateProxy_query__E
00811120   ti_sysbios_gates_GateMutex_query__E
00811120   ti_sysbios_gates_GateMutex_query__F
00811120   ti_sysbios_heaps_HeapMem_Module_GateProxy_query__E
00811140   ti_sysbios_hal_Hwi_HwiProxy_Module__startupDone__S
00811160   ti_sysbios_hal_Hwi_Module_startup__E
00811160   ti_sysbios_hal_Hwi_Module_startup__F
00811180   ti_sysbios_hal_Timer_Module_startup__E
00811180   ti_sysbios_hal_Timer_Module_startup__F
008111a0   ti_sysbios_hal_Timer_TimerProxy_Module__startupDone__S
008111c0   ti_sysbios_hal_Timer_TimerProxy_getPeriod__E
008111e0   ti_sysbios_heaps_HeapMem_Module_GateProxy_enter__E
00811200   ti_sysbios_heaps_HeapMem_Module_GateProxy_leave__E
00811220   ti_sysbios_heaps_HeapMem_isBlocking__E
00811240   ti_sysbios_knl_Idle_loop__E
00811260   ti_sysbios_knl_Queue_Instance_init__F
00811280   ti_sysbios_knl_Queue_Object__get__S
008112a0   ti_sysbios_knl_Queue_empty__E
008112c0   ti_sysbios_knl_Semaphore_Instance_finalize__F
008112e0   ti_sysbios_knl_Swi_disable__E
00811300   ti_sysbios_knl_Task_SupportProxy_Module__startupDone__S
00811320   ti_sysbios_knl_Task_disable__E
00811340   ti_sysbios_knl_Task_startup__E
00811360   xdc_runtime_Gate_enterSystem__E
00811360   xdc_runtime_Gate_enterSystem__F
008113c0   xdc_runtime_LoggerBuf_Module_GateProxy_enter__E
008113e0   xdc_runtime_LoggerBuf_Module_GateProxy_leave__E
00811400   xdc_runtime_LoggerBuf_disable__E
00811400   xdc_runtime_LoggerBuf_disable__F
00811420   xdc_runtime_LoggerBuf_enable__E
00811420   xdc_runtime_LoggerBuf_enable__F
00811440   xdc_runtime_Memory_HeapProxy_alloc__E
00811460   xdc_runtime_Memory_HeapProxy_free__E
00811480   xdc_runtime_Startup_exec__I
008114a0   xdc_runtime_Startup_reset__I
008114c0   xdc_runtime_SysMin_ready__E
008114c0   xdc_runtime_SysMin_ready__F
008114c0   xdc_runtime_System_SupportProxy_ready__E
008114e0   xdc_runtime_System_Module_GateProxy_enter__E
00811500   xdc_runtime_System_Module_GateProxy_leave__E
00811520   xdc_runtime_System_Module_startup__E
00811520   xdc_runtime_System_Module_startup__F
00811540   xdc_runtime_System_exit__E
00811540   xdc_runtime_System_exit__F
00811560   xdc_runtime_System_lastFxn__I
00811580   xdc_runtime_System_snprintf_va__E
00811580   xdc_runtime_System_snprintf_va__F
00811580   xdc_runtime_System_vsnprintf__E
00811580   xdc_runtime_System_vsnprintf__F
008115a0   xdc_runtime_Text_visitRope__I
008115c0   xdc_runtime_Text_charTab__A
00813040   ti_sysbios_family_c66_Cache_marvalues__C
00813440   _ctypes_
00813548   xdc_runtime_Text_nodeTab__A
00813774   ti_sysbios_knl_Task_Object__PARAMS__C
008137b0   xdc_runtime_LoggerBuf_Module__FXNS__C
008137ec   ti_sysbios_BIOS_Module__diagsEnabled__C
008137f0   xdc_runtime_Startup_sfxnTab__A
00813850   ti_sysbios_heaps_HeapMem_Module__FXNS__C
00813878   xdc_runtime_LoggerBuf_Object__PARAMS__C
008138a0   ti_sysbios_gates_GateHwi_Module__FXNS__C
008138c4   ti_sysbios_gates_GateMutex_Module__FXNS__C
008138e8   ti_sysbios_heaps_HeapMem_Object__PARAMS__C
0081390c   ti_sysbios_knl_Semaphore_Object__PARAMS__C
00813954   ti_sysbios_gates_GateHwi_Object__DESC__C
00813974   ti_sysbios_gates_GateMutex_Object__DESC__C
00813994   ti_sysbios_heaps_HeapMem_Object__DESC__C
008139b4   ti_sysbios_knl_Queue_Object__DESC__C
008139d4   ti_sysbios_knl_Semaphore_Object__DESC__C
008139f4   ti_sysbios_knl_Task_Object__DESC__C
00813a14   xdc_runtime_LoggerBuf_Object__DESC__C
00813a34   ti_sysbios_BIOS_Module__diagsIncluded__C
00813a38   xdc_runtime_Startup_sfxnRts__A
00813a54   ti_sysbios_gates_GateHwi_Object__PARAMS__C
00813a6c   ti_sysbios_gates_GateMutex_Object__PARAMS__C
00813a84   ti_sysbios_knl_Queue_Object__PARAMS__C
00813a9c   ti_sysbios_BIOS_Module__diagsMask__C
00813aa0   ti_sysbios_knl_Task_hooks__A
00813ad4   ti_sysbios_family_c66_Cache_initSize__C
00813ae0   ti_sysbios_knl_Idle_coreList__C
00813ae8   ti_sysbios_knl_Idle_funcList__C
00813af0   ti_sysbios_knl_Task_hooks__C
00813af8   xdc_runtime_Startup_firstFxns__A
00813b00   xdc_runtime_Startup_firstFxns__C
00813b08   xdc_runtime_Startup_lastFxns__C
00813b10   ti_sysbios_BIOS_installedErrorHook__C
00813b14   ti_sysbios_family_c62_TaskSupport_stackAlignment__C
00813b18   ti_sysbios_family_c64p_Exception_E_exceptionMin__C
00813b1c   ti_sysbios_family_c64p_Exception_exceptionHook__C
00813b20   ti_sysbios_family_c64p_Exception_externalHook__C
00813b24   ti_sysbios_family_c64p_Exception_internalHook__C
00813b28   ti_sysbios_family_c64p_Exception_nmiHook__C
00813b2c   ti_sysbios_family_c64p_Hwi_LD_end__C
00813b30   ti_sysbios_family_c64p_Hwi_LM_begin__C
00813b34   ti_sysbios_family_c64p_Hwi_Module__diagsEnabled__C
00813b38   ti_sysbios_family_c64p_Hwi_Module__diagsIncluded__C
00813b3c   ti_sysbios_family_c64p_Hwi_Module__diagsMask__C
00813b40   ti_sysbios_family_c64p_Hwi_Module__loggerFxn1__C
00813b44   ti_sysbios_family_c64p_Hwi_Module__loggerFxn8__C
00813b48   ti_sysbios_family_c64p_Hwi_Module__loggerObj__C
00813b4c   ti_sysbios_gates_GateMutex_A_badContext__C
00813b50   ti_sysbios_gates_GateMutex_Instance_State_sem__O
00813b54   ti_sysbios_gates_GateMutex_Module__diagsEnabled__C
00813b58   ti_sysbios_gates_GateMutex_Module__diagsIncluded__C
00813b5c   ti_sysbios_gates_GateMutex_Module__diagsMask__C
00813b60   ti_sysbios_hal_Hwi_E_stackOverflow__C
00813b64   ti_sysbios_heaps_HeapMem_A_align__C
00813b68   ti_sysbios_heaps_HeapMem_A_heapSize__C
00813b6c   ti_sysbios_heaps_HeapMem_A_invalidFree__C
00813b70   ti_sysbios_heaps_HeapMem_A_zeroBlock__C
00813b74   ti_sysbios_heaps_HeapMem_E_memory__C
00813b78   ti_sysbios_heaps_HeapMem_Module__diagsEnabled__C
00813b7c   ti_sysbios_heaps_HeapMem_Module__diagsIncluded__C
00813b80   ti_sysbios_heaps_HeapMem_Module__diagsMask__C
00813b84   ti_sysbios_heaps_HeapMem_Module__gateObj__C
00813b88   ti_sysbios_heaps_HeapMem_Object__count__C
00813b8c   ti_sysbios_heaps_HeapMem_reqAlign__C
00813b90   ti_sysbios_knl_Clock_LM_begin__C
00813b94   ti_sysbios_knl_Clock_LM_tick__C
00813b98   ti_sysbios_knl_Clock_LW_delayed__C
00813b9c   ti_sysbios_knl_Clock_Module_State_clockQ__O
00813ba0   ti_sysbios_knl_Clock_Module__diagsEnabled__C
00813ba4   ti_sysbios_knl_Clock_Module__diagsIncluded__C
00813ba8   ti_sysbios_knl_Clock_Module__diagsMask__C
00813bac   ti_sysbios_knl_Clock_Module__loggerFxn1__C
00813bb0   ti_sysbios_knl_Clock_Module__loggerFxn2__C
00813bb4   ti_sysbios_knl_Clock_Module__loggerObj__C
00813bb8   ti_sysbios_knl_Idle_coreList__A
00813bbc   ti_sysbios_knl_Semaphore_A_badContext__C
00813bc0   ti_sysbios_knl_Idle_funcList__A
00813bc4   ti_sysbios_knl_Semaphore_A_noEvents__C
00813bc8   ti_sysbios_knl_Semaphore_A_overflow__C
00813bcc   ti_sysbios_knl_Semaphore_A_pendTaskDisabled__C
00813bd0   ti_sysbios_knl_Semaphore_Instance_State_pendQ__O
00813bd4   ti_sysbios_knl_Semaphore_LM_pend__C
00813bd8   ti_sysbios_knl_Semaphore_LM_post__C
00813bdc   ti_sysbios_knl_Semaphore_Module__diagsEnabled__C
00813be0   ti_sysbios_knl_Semaphore_Module__diagsIncluded__C
00813be4   ti_sysbios_knl_Semaphore_Module__diagsMask__C
00813be8   ti_sysbios_knl_Semaphore_Module__loggerFxn2__C
00813bec   ti_sysbios_knl_Semaphore_Module__loggerFxn4__C
00813bf0   ti_sysbios_knl_Semaphore_Module__loggerObj__C
00813bf4   ti_sysbios_knl_Swi_LD_end__C
00813bf8   ti_sysbios_knl_Swi_LM_begin__C
00813bfc   ti_sysbios_knl_Swi_LM_post__C
00813c00   ti_sysbios_knl_Swi_Module__diagsEnabled__C
00813c04   ti_sysbios_knl_Swi_Module__diagsIncluded__C
00813c08   ti_sysbios_knl_Swi_Module__diagsMask__C
00813c0c   ti_sysbios_knl_Swi_Module__loggerFxn1__C
00813c10   ti_sysbios_knl_Swi_Module__loggerFxn4__C
00813c14   ti_sysbios_knl_Swi_Module__loggerObj__C
00813c18   ti_sysbios_knl_Swi_Object__count__C
00813c1c   ti_sysbios_knl_Task_A_badPriority__C
00813c20   ti_sysbios_knl_Task_A_badTaskState__C
00813c24   ti_sysbios_knl_Task_A_badThreadType__C
00813c28   ti_sysbios_knl_Task_A_noPendElem__C
00813c2c   ti_sysbios_knl_Task_E_spOutOfBounds__C
00813c30   ti_sysbios_knl_Task_E_stackOverflow__C
00813c34   ti_sysbios_knl_Task_LD_block__C
00813c38   ti_sysbios_knl_Task_LD_exit__C
00813c3c   ti_sysbios_knl_Task_LD_ready__C
00813c40   ti_sysbios_knl_Task_LM_switch__C
00813c44   ti_sysbios_knl_Task_Module_State_inactiveQ__O
00813c48   ti_sysbios_knl_Task_Module__diagsEnabled__C
00813c4c   ti_sysbios_knl_Task_Module__diagsIncluded__C
00813c50   ti_sysbios_knl_Task_Module__diagsMask__C
00813c54   ti_sysbios_knl_Task_Module__loggerFxn2__C
00813c58   ti_sysbios_knl_Task_Module__loggerFxn4__C
00813c5c   ti_sysbios_knl_Task_Module__loggerObj__C
00813c60   ti_sysbios_knl_Task_Object__count__C
00813c64   ti_sysbios_knl_Task_Object__heap__C
00813c68   ti_sysbios_knl_Task_allBlockedFunc__C
00813c6c   ti_sysbios_knl_Task_defaultStackHeap__C
00813c70   ti_sysbios_knl_Task_defaultStackSize__C
00813c74   ti_sysbios_knl_Task_numConstructedTasks__C
00813c78   ti_sysbios_timers_timer64_Timer_A_notAvailable__C
00813c7c   ti_sysbios_timers_timer64_Timer_E_cannotSupport__C
00813c80   ti_sysbios_timers_timer64_Timer_Module__diagsEnabled__C
00813c84   ti_sysbios_timers_timer64_Timer_Module__diagsIncluded__C
00813c88   ti_sysbios_timers_timer64_Timer_Module__diagsMask__C
00813c8c   ti_sysbios_timers_timer64_Timer_anyMask__C
00813c90   ti_sysbios_timers_timer64_Timer_freqDivisor__C
00813c94   ti_sysbios_timers_timer64_Timer_numLocalTimers__C
00813c98   ti_sysbios_timers_timer64_Timer_numTimerDevices__C
00813c9c   xdc_runtime_Assert_E_assertFailed__C
00813ca0   xdc_runtime_Core_A_initializedParams__C
00813ca4   xdc_runtime_Core_Module__diagsEnabled__C
00813ca8   xdc_runtime_Core_Module__diagsIncluded__C
00813cac   xdc_runtime_Core_Module__diagsMask__C
00813cb0   xdc_runtime_Error_E_memory__C
00813cb4   xdc_runtime_Error_Module__diagsEnabled__C
00813cb8   xdc_runtime_Error_Module__diagsIncluded__C
00813cbc   xdc_runtime_Error_Module__diagsMask__C
00813cc0   xdc_runtime_Error_Module__loggerFxn8__C
00813cc4   xdc_runtime_Error_Module__loggerObj__C
00813cc8   xdc_runtime_Error_policy__C
00813ccc   xdc_runtime_Error_raiseHook__C
00813cd0   xdc_runtime_IFilterLogger_Interface__BASE__C
00813cd4   xdc_runtime_IGateProvider_Interface__BASE__C
00813cd8   xdc_runtime_IHeap_Interface__BASE__C
00813cdc   xdc_runtime_ILogger_Interface__BASE__C
00813ce0   xdc_runtime_IModule_Interface__BASE__C
00813ce4   xdc_runtime_Log_L_error__C
00813ce8   xdc_runtime_LoggerBuf_E_badLevel__C
00813cec   xdc_runtime_LoggerBuf_Module__gateObj__C
00813cf0   xdc_runtime_LoggerBuf_Object__count__C
00813cf4   xdc_runtime_LoggerBuf_statusLogger__C
00813cf8   xdc_runtime_Memory_defaultHeapInstance__C
00813cfc   xdc_runtime_Startup_execImpl__C
00813d00   xdc_runtime_Startup_lastFxns__A
00813d04   xdc_runtime_Startup_maxPasses__C
00813d08   xdc_runtime_Startup_sfxnRts__C
00813d0c   xdc_runtime_Startup_sfxnTab__C
00813d10   xdc_runtime_SysMin_bufSize__C
00813d14   xdc_runtime_SysMin_outputFunc__C
00813d18   xdc_runtime_System_Module__gateObj__C
00813d1c   xdc_runtime_System_extendFxn__C
00813d20   xdc_runtime_System_maxAtexitHandlers__C
00813d24   xdc_runtime_Text_charTab__C
00813d28   xdc_runtime_Text_nameEmpty__C
00813d2c   xdc_runtime_Text_nameStatic__C
00813d30   xdc_runtime_Text_nameUnknown__C
00813d34   xdc_runtime_Text_nodeTab__C
00813d38   xdc_runtime_Text_visitRopeFxn__C
00813d3c   ti_sysbios_BIOS_Module__id__C
00813d40   ti_sysbios_family_c64p_Exception_Module__id__C
00813d44   ti_sysbios_family_c64p_Exception_useInternalBuffer__C
00813d48   ti_sysbios_family_c64p_Hwi_Module__id__C
00813d4c   ti_sysbios_family_c64p_Hwi_Module__loggerDefined__C
00813d50   ti_sysbios_gates_GateMutex_Module__id__C
00813d54   ti_sysbios_hal_Hwi_Module__id__C
00813d58   ti_sysbios_heaps_HeapMem_Module__id__C
00813d5c   ti_sysbios_knl_Clock_Module__id__C
00813d60   ti_sysbios_knl_Clock_Module__loggerDefined__C
00813d64   ti_sysbios_knl_Semaphore_Module__id__C
00813d68   ti_sysbios_knl_Semaphore_Module__loggerDefined__C
00813d6c   ti_sysbios_knl_Swi_Module__id__C
00813d70   ti_sysbios_knl_Swi_Module__loggerDefined__C
00813d74   ti_sysbios_knl_Task_Module__id__C
00813d78   ti_sysbios_knl_Task_Module__loggerDefined__C
00813d7c   ti_sysbios_knl_Task_initStackFlag__C
00813d80   ti_sysbios_timers_timer64_Timer_Module__id__C
00813d84   ti_sysbios_timers_timer64_Timer_startupNeeded__C
00813d88   xdc_runtime_Core_Module__id__C
00813d8c   xdc_runtime_Error_Module__loggerDefined__C
00813d90   xdc_runtime_Error_maxDepth__C
00813d94   xdc_runtime_LoggerBuf_Module__id__C
00813d98   xdc_runtime_LoggerBuf_filterByLevel__C
00813d9c   xdc_runtime_Memory_Module__id__C
00813da0   xdc_runtime_SysMin_flushAtExit__C
00813da4   xdc_runtime_Text_charCnt__C
00813da8   xdc_runtime_Text_isLoaded__C
00813dac   xdc_runtime_Text_registryModsLastId__C
00813db0   xdc_runtime_Text_unnamedModsLastId__C
00813db8   _stack
00815db8   __TI_STACK_END
00815db8   ti_sysbios_heaps_HeapMem_Instance_State_0_buf__A
00816db8   ti_sysbios_knl_Task_Instance_State_0_hookEnv__A
00816dc0   xdc_runtime_LoggerBuf_Instance_State_0_entryArr__A
00816fc0   xdc_runtime_SysMin_Module_State_0_outbuf__A
008171c0   ti_sysbios_knl_Task_Instance_State_0_stack__A
008179c0   _tmpnams
00817b08   ti_sysbios_BIOS_Module__state__V
00817b28   ti_sysbios_family_c64p_Exception_Module__state__V
00817b58   ti_sysbios_family_c64p_Hwi_Module__root__V
00817b60   ti_sysbios_family_c64p_Hwi_Module__state__V
00817bc8   ti_sysbios_gates_GateHwi_Module__root__V
00817bd0   ti_sysbios_gates_GateMutex_Module__root__V
00817bd8   ti_sysbios_hal_Hwi_Module__root__V
00817be0   ti_sysbios_hal_Timer_Module__root__V
00817be8   ti_sysbios_heaps_HeapMem_Module__root__V
00817bf0   ti_sysbios_knl_Clock_Module__root__V
00817bf8   ti_sysbios_knl_Clock_Module__state__V
00817c20   ti_sysbios_knl_Queue_Module__root__V
00817c28   ti_sysbios_knl_Semaphore_Module__root__V
00817c30   ti_sysbios_knl_Swi_Module__root__V
00817c38   ti_sysbios_knl_Swi_Module__state__V
00817c54   ti_sysbios_knl_Task_Module__root__V
00817c5c   ti_sysbios_knl_Task_Module__state__V
00817ca0   ti_sysbios_timers_timer64_Timer_Module__root__V
00817ca8   ti_sysbios_timers_timer64_Timer_Module__state__V
00817cbc   xdc_runtime_Error_Module__state__V
00817cc0   xdc_runtime_LoggerBuf_Module__root__V
00817cc8   xdc_runtime_LoggerBuf_Module__state__V
00817cd0   xdc_runtime_Memory_Module__state__V
00817cd4   xdc_runtime_Registry_Module__state__V
00817cdc   xdc_runtime_Startup_Module__state__V
00817ce4   xdc_runtime_SysMin_Module__state__V
00817cf0   xdc_runtime_System_Module__state__V
00817cfc   xdc_runtime_Text_Module__state__V
00817d04   __xdc__init__addr
00817d08   _ftable
00817ee8   ti_sysbios_timers_timer64_Timer_Module_State_0_device__A
00818108   ti_sysbios_knl_Swi_Module_State_0_readyQ__A
00818188   ti_sysbios_knl_Task_Module_State_0_readyQ__A
00818208   ti_sysbios_timers_timer64_Timer_Module_State_0_gctrl__A
00818288   ti_sysbios_timers_timer64_Timer_Module_State_0_handles__A
00818308   ti_sysbios_timers_timer64_Timer_Module_State_0_intFreqs__A
00818400   TSK_idle
00818400   ti_sysbios_knl_Task_Object__table__V
0081844c   _ft_end
00818450   ti_sysbios_timers_timer64_Timer_Object__table__V
008184a0   ti_sysbios_gates_GateMutex_Object__table__V
008184e0   ti_sysbios_knl_Swi_Object__table__V
00818510   xdc_runtime_LoggerBuf_Object__table__V
00818538   ti_sysbios_family_c64p_Hwi_Object__table__V
00818550   ti_sysbios_heaps_HeapMem_Object__table__V
00818568   xdc_runtime_System_Module_State_0_atexitHandlers__A
00818578   _cleanup_ptr
0081857c   _dtors_ptr
00818580   __TI_enable_exit_profile_output
00818584   _lock
00818588   _unlock
00818590   ti_sysbios_hal_Hwi_Object__table__V
00818598   ti_sysbios_hal_Timer_Object__table__V
008185a0   ti_sysbios_gates_GateHwi_Object__table__V
008185a8   ti_sysbios_knl_Task_Module_State_0_idleTask__A
008185ac   __CIOBUF_
00818800   ti_sysbios_family_c64p_Hwi0
00818800   ti_sysbios_family_c64p_Hwi_int0
00818820   ti_sysbios_family_c64p_Hwi_int1
00818840   ti_sysbios_family_c64p_Hwi_int2
00818860   ti_sysbios_family_c64p_Hwi_int3
00818880   ti_sysbios_family_c64p_Hwi_int4
008188a0   ti_sysbios_family_c64p_Hwi_int5
008188c0   ti_sysbios_family_c64p_Hwi_int6
008188e0   ti_sysbios_family_c64p_Hwi_int7
00818900   ti_sysbios_family_c64p_Hwi_int8
00818920   ti_sysbios_family_c64p_Hwi_int9
00818940   ti_sysbios_family_c64p_Hwi_int10
00818960   ti_sysbios_family_c64p_Hwi_int11
00818980   ti_sysbios_family_c64p_Hwi_int12
008189a0   ti_sysbios_family_c64p_Hwi_int13
008189c0   ti_sysbios_family_c64p_Hwi_int14
008189e0   ti_sysbios_family_c64p_Hwi_int15
00818f94   __TI_Handler_Table_Base
00818fa0   __TI_Handler_Table_Limit
00818fa8   __TI_CINIT_Base
00818fb8   __TI_CINIT_Limit
ffffffff   __TI_pprof_out_hndl
ffffffff   __TI_prof_data_size
ffffffff   __TI_prof_data_start
ffffffff   __binit__
ffffffff   __c_args__
ffffffff   binit
UNDEFED    __TI_INITARRAY_Base
UNDEFED    __TI_INITARRAY_Limit

[671 symbols]
