******************************************************************************
               TMS320C6x Linker PC v7.4.0                      
******************************************************************************
>> Linked Wed Aug 22 13:42:11 2012

OUTPUT FILE NAME:   <MAD8x8.out>
ENTRY POINT SYMBOL: "_c_int00"  address: 0c005fc0


MEMORY CONFIGURATION

         name            origin    length      used     unused   attr    fill
----------------------  --------  ---------  --------  --------  ----  --------
  SHRAM                 0c000000   00400000  000075b8  003f8a48  RWIX
  CORE0_L2_SRAM         10800000   00080000  00000000  00080000  RWIX
  CORE0_L1P_SRAM        10e00000   00008000  00000000  00008000  RWIX
  CORE0_L1D_SRAM        10f00000   00008000  00000000  00008000  RWIX
  CORE1_L2_SRAM         11800000   00080000  00000000  00080000  RWIX
  CORE1_L1P_SRAM        11e00000   00008000  00000000  00008000  RWIX
  CORE1_L1D_SRAM        11f00000   00008000  00000000  00008000  RWIX
  CORE2_L2_SRAM         12800000   00080000  00000000  00080000  RWIX
  CORE2_L1P_SRAM        12e00000   00008000  00000000  00008000  RWIX
  CORE2_L1D_SRAM        12f00000   00008000  00000000  00008000  RWIX
  CORE3_L2_SRAM         13800000   00080000  00000000  00080000  RWIX
  CORE3_L1P_SRAM        13e00000   00008000  00000000  00008000  RWIX
  CORE3_L1D_SRAM        13f00000   00008000  00000000  00008000  RWIX
  CORE4_L2_SRAM         14800000   00080000  00000000  00080000  RWIX
  CORE4_L1P_SRAM        14e00000   00008000  00000000  00008000  RWIX
  CORE4_L1D_SRAM        14f00000   00008000  00000000  00008000  RWIX
  CORE5_L2_SRAM         15800000   00080000  00000000  00080000  RWIX
  CORE5_L1P_SRAM        15e00000   00008000  00000000  00008000  RWIX
  CORE5_L1D_SRAM        15f00000   00008000  00000000  00008000  RWIX
  CORE6_L2_SRAM         16800000   00080000  00000000  00080000  RWIX
  CORE6_L1P_SRAM        16e00000   00008000  00000000  00008000  RWIX
  CORE6_L1D_SRAM        16f00000   00008000  00000000  00008000  RWIX
  CORE7_L2_SRAM         17800000   00080000  00000000  00080000  RWIX
  CORE7_L1P_SRAM        17e00000   00008000  00000000  00008000  RWIX
  CORE7_L1D_SRAM        17f00000   00008000  00000000  00008000  RWIX
  EMIF16_CS2            70000000   04000000  00000000  04000000  RWIX
  EMIF16_CS3            74000000   04000000  00000000  04000000  RWIX
  EMIF16_CS4            78000000   04000000  00000000  04000000  RWIX
  EMIF16_CS5            7c000000   04000000  00000000  04000000  RWIX
  CORE0_DDR3            80000000   10000000  00000000  10000000  RWIX
  CORE1_DDR3            90000000   10000000  00000000  10000000  RWIX
  CORE2_DDR3            a0000000   10000000  00000000  10000000  RWIX
  CORE3_DDR3            b0000000   10000000  00000000  10000000  RWIX
  CORE4_DDR3            c0000000   10000000  00000000  10000000  RWIX
  CORE5_DDR3            d0000000   10000000  00000000  10000000  RWIX
  CORE6_DDR3            e0000000   10000000  00000000  10000000  RWIX
  CORE7_DDR3            f0000000   10000000  00000000  10000000  RWIX


SEGMENT ALLOCATION MAP

run origin  load origin   length   init length attrs members
----------  ----------- ---------- ----------- ----- -------
0c000000    0c000000    00006520   00006520    r-x
  0c000000    0c000000    00006520   00006520    r-x .text
0c006520    0c006520    00000800   00000000    rw-
  0c006520    0c006520    00000400   00000000    rw- .stack
  0c006920    0c006920    00000400   00000000    rw- .sysmem
0c006d20    0c006d20    0000031c   0000031c    rw-
  0c006d20    0c006d20    0000031c   0000031c    rw- .fardata
0c007040    0c007040    0000027c   0000027c    r--
  0c007040    0c007040    0000027c   0000027c    r-- .const
0c0072c0    0c0072c0    00000268   00000000    rw-
  0c0072c0    0c0072c0    00000148   00000000    rw- .far
  0c007408    0c007408    00000120   00000000    rw- .cio
0c007528    0c007528    00000098   00000098    r--
  0c007528    0c007528    00000098   00000098    r-- .cinit


SECTION ALLOCATION MAP

 output                                  attributes/
section   page    origin      length       input sections
--------  ----  ----------  ----------   ----------------
.text      0    0c000000    00006520     
                  0c000000    000005c0     rts6600_elf.lib : divd.obj (.text:__c6xabi_divd)
                  0c0005c0    000005c0                     : _printfi.obj (.text:_getarg_diouxp)
                  0c000b80    00000520     main.obj (.text)
                  0c0010a0    00000460     rts6600_elf.lib : _printfi.obj (.text:_printfi)
                  0c001500    00000460                     : _printfi.obj (.text:_setfield)
                  0c001960    000003a0                     : fputs.obj (.text:fputs)
                  0c001d00    00000320                     : _printfi.obj (.text:_pproc_fge)
                  0c002020    000002e0                     : _printfi.obj (.text:_pproc_fwp)
                  0c002300    000002a0                     : _printfi.obj (.text:fcvt)
                  0c0025a0    00000280                     : _printfi.obj (.text:ecvt)
                  0c002820    00000280                     : memory.obj (.text:free)
                  0c002aa0    00000240                     : imath64.obj (.text:__c6xabi_divull)
                  0c002ce0    00000240                     : _printfi.obj (.text:_pconv_e)
                  0c002f20    00000240                     : _printfi.obj (.text:_pproc_diouxp)
                  0c003160    00000220                     : _printfi.obj (.text:_pproc_str)
                  0c003380    00000220                     : fputc.obj (.text:fputc)
                  0c0035a0    00000200                     : _printfi.obj (.text:_pconv_g)
                  0c0037a0    00000200                     : setvbuf.obj (.text:setvbuf)
                  0c0039a0    000001c0                     : _printfi.obj (.text:_mcpy)
                  0c003b60    000001a0                     : trgdrv.obj (.text:HOSTrename)
                  0c003d00    000001a0                     : imath40.obj (.text:__c6xabi_divul)
                  0c003ea0    00000180                     : copy_decompress_rle.obj (.text:__TI_decompress_rle_core)
                  0c004020    00000180                     : memory.obj (.text:malloc)
                  0c0041a0    00000140                     : _printfi.obj (.text:_pproc_fflags)
                  0c0042e0    00000140                     : lowlev.obj (.text:getdevice)
                  0c004420    00000120                     : fclose.obj (.text:_closefile)
                  0c004540    00000120                     : _printfi.obj (.text:_ltostr)
                  0c004660    00000120                     : fseek.obj (.text:fseek)
                  0c004780    00000100                     : trgdrv.obj (.text:HOSTlseek)
                  0c004880    00000100                     : autoinit.obj (.text:_auto_init_elf)
                  0c004980    00000100                     : _io_perm.obj (.text:_wrt_ok)
                  0c004a80    00000100                     : cpy_tbl.obj (.text:copy_in)
                  0c004b80    000000e0                     : trgdrv.obj (.text:HOSTopen)
                  0c004c60    000000e0                     : _printfi.obj (.text:_div)
                  0c004d40    000000e0                     : atoi.obj (.text:atoi)
                  0c004e20    000000e0                     : lowlev.obj (.text:close)
                  0c004f00    000000e0                     : copy_zero_init.obj (.text:decompress:ZI:__TI_zero_init)
                  0c004fe0    000000e0                     : ltoa.obj (.text:ltoa)
                  0c0050c0    000000e0                     : memset.obj (.text:memset)
                  0c0051a0    000000e0                     : printf.obj (.text:printf)
                  0c005280    000000c0                     : trgdrv.obj (.text:HOSTread)
                  0c005340    000000c0                     : trgdrv.obj (.text:HOSTunlink)
                  0c005400    000000c0                     : trgdrv.obj (.text:HOSTwrite)
                  0c0054c0    000000c0                     : divu.obj (.text:__divu)
                  0c005580    000000c0                     : fflush.obj (.text:_doflush)
                  0c005640    000000c0                     : exit.obj (.text:exit)
                  0c005700    000000c0                     : tls.obj (.text:tls:init:__TI_tls_init)
                  0c0057c0    000000a0                     : trgdrv.obj (.text:HOSTclose)
                  0c005860    000000a0                     : fopen.obj (.text:_cleanup)
                  0c005900    000000a0                     : _printfi.obj (.text:_ecpy)
                  0c0059a0    000000a0                     : _printfi.obj (.text:_fcpy)
                  0c005a40    000000a0                     : memory.obj (.text:_minit)
                  0c005ae0    000000a0                     : _printfi.obj (.text:_pconv_f)
                  0c005b80    000000a0                     : lowlev.obj (.text:finddevice)
                  0c005c20    000000a0                     : lowlev.obj (.text:lseek)
                  0c005cc0    000000a0                     : memcpy64.obj (.text:memcpy)
                  0c005d60    000000a0                     : memory.obj (.text:minsert)
                  0c005e00    000000a0                     : memory.obj (.text:mremove)
                  0c005ea0    000000a0                     : lowlev.obj (.text:write)
                  0c005f40    00000080                     : llshift.obj (.text:__c6xabi_llshl)
                  0c005fc0    00000080                     : boot.obj (.text:_c_int00)
                  0c006040    00000080                     : trgmsg.obj (.text:readmsg)
                  0c0060c0    00000080                     : lowlev.obj (.text:unlink)
                  0c006140    00000060                     : cpp_init.obj (.text:__TI_cpp_init)
                  0c0061a0    00000060                     : frcmpyd_div.obj (.text:__c6xabi_frcmpyd_div)
                  0c006200    00000060                     : llshift.obj (.text:__c6xabi_llshru)
                  0c006260    00000060                     : imath64.obj (.text:_subcull)
                  0c0062c0    00000060                     : memccpy.obj (.text:memccpy)
                  0c006320    00000060                     : trgmsg.obj (.text:writemsg)
                  0c006380    00000040                     : isinf.obj (.text:__c6xabi_isinf)
                  0c0063c0    00000040                     : _printfi.obj (.text:__c6xabi_isnan)
                  0c006400    00000040                     : args_main.obj (.text:_args_main)
                  0c006440    00000020                     : negll.obj (.text:__c6xabi_negll)
                  0c006460    00000020                     : _lock.obj (.text:_nop)
                  0c006480    00000020                     : printf.obj (.text:_outc)
                  0c0064a0    00000020                     : printf.obj (.text:_outs)
                  0c0064c0    00000020                     : exit.obj (.text:abort)
                  0c0064e0    00000020                     : copy_decompress_none.obj (.text:decompress:none:__TI_decompress_none)
                  0c006500    00000020                     : copy_decompress_rle.obj (.text:decompress:rle24:__TI_decompress_rle24)

.stack     0    0c006520    00000400     UNINITIALIZED
                  0c006520    00000008     rts6600_elf.lib : boot.obj (.stack)
                  0c006528    000003f8     --HOLE--

.sysmem    0    0c006920    00000400     UNINITIALIZED
                  0c006920    00000008     rts6600_elf.lib : memory.obj (.sysmem)
                  0c006928    000003f8     --HOLE--

.fardata   0    0c006d20    0000031c     
                  0c006d20    000001e0     rts6600_elf.lib : defs.obj (.fardata:_ftable)
                  0c006f00    000000a0                     : lowlev.obj (.fardata:_stream)
                  0c006fa0    00000078                     : lowlev.obj (.fardata:_device)
                  0c007018    0000000c                     : exit.obj (.fardata)
                  0c007024    0000000c                     : memory.obj (.fardata)
                  0c007030    00000008                     : _lock.obj (.fardata)
                  0c007038    00000004                     : defs.obj (.fardata)

.const     0    0c007040    0000027c     
                  0c007040    00000158     main.obj (.const:.string)
                  0c007198    00000101     rts6600_elf.lib : ctype.obj (.const:_ctypes_)
                  0c007299    00000023                     : _printfi.obj (.const:.string)

.far       0    0c0072c0    00000148     UNINITIALIZED
                  0c0072c0    00000140     rts6600_elf.lib : defs.obj (.far)
                  0c007400    00000008                     : trgdrv.obj (.far)

.cio       0    0c007408    00000120     UNINITIALIZED
                  0c007408    00000120     rts6600_elf.lib : trgmsg.obj (.cio)

.cinit     0    0c007528    00000098     
                  0c007528    00000072     (.cinit..fardata.load) [load image, compression = rle]
                  0c00759a    00000002     --HOLE-- [fill = 0]
                  0c00759c    0000000c     (__TI_handler_table)
                  0c0075a8    00000008     (.cinit..far.load) [load image, compression = zero_init]
                  0c0075b0    00000010     (__TI_cinit_table)


LINKER GENERATED COPY TABLES

__TI_cinit_table @ 0c0075b0 records: 2, size/record: 8, table size: 16
	.fardata: load addr=0c007528, load size=00000072 bytes, run addr=0c006d20, run size=0000031c bytes, compression=rle
	.far: load addr=0c0075a8, load size=00000008 bytes, run addr=0c0072c0, run size=00000148 bytes, compression=zero_init


LINKER GENERATED HANDLER TABLE

__TI_handler_table @ 0c00759c records: 3, size/record: 4, table size: 12
	index: 0, handler: __TI_decompress_rle24
	index: 1, handler: __TI_decompress_none
	index: 2, handler: __TI_zero_init


GLOBAL SYMBOLS: SORTED ALPHABETICALLY BY Name 

address    name
--------   ----
0c0064c0   C$$EXIT
0c006378   C$$IO$$
0c0057c0   HOSTclose
0c004780   HOSTlseek
0c004b80   HOSTopen
0c005280   HOSTread
0c003b60   HOSTrename
0c005340   HOSTunlink
0c005400   HOSTwrite
0c007408   __CIOBUF_
0c0075b0   __TI_CINIT_Base
0c0075c0   __TI_CINIT_Limit
0c00759c   __TI_Handler_Table_Base
0c0075a8   __TI_Handler_Table_Limit
UNDEFED    __TI_INITARRAY_Base
UNDEFED    __TI_INITARRAY_Limit
0c006920   __TI_STACK_END
00000400   __TI_STACK_SIZE
00000000   __TI_STATIC_BASE
00000400   __TI_SYSMEM_SIZE
UNDEFED    __TI_TLS_INIT_Base
UNDEFED    __TI_TLS_INIT_Limit
00000001   __TI_args_main
0c006140   __TI_cpp_init
0c0064e0   __TI_decompress_none
0c006500   __TI_decompress_rle24
0c007020   __TI_enable_exit_profile_output
ffffffff   __TI_pprof_out_hndl
ffffffff   __TI_prof_data_size
ffffffff   __TI_prof_data_start
0c005700   __TI_tls_init
0c004f00   __TI_zero_init
ffffffff   __binit__
0c000000   __c6xabi_divd
0c0054c0   __c6xabi_divu
0c003d00   __c6xabi_divul
0c002aa0   __c6xabi_divull
0c0061a0   __c6xabi_frcmpyd_div
0c006380   __c6xabi_isinf
0c005f40   __c6xabi_llshl
0c006200   __c6xabi_llshru
0c006440   __c6xabi_negll
ffffffff   __c_args__
0c0054c0   __divu
0c006400   _args_main
0c004880   _auto_init_elf
0c005fc0   _c_int00
0c005860   _cleanup
0c007018   _cleanup_ptr
0c004420   _closefile
0c007198   _ctypes_
0c005580   _doflush
0c00701c   _dtors_ptr
0c007038   _ft_end
0c006d20   _ftable
0c007030   _lock
0c005a40   _minit
0c006460   _nop
0c0010a0   _printfi
0c006520   _stack
0c006260   _subcull
0c006920   _sys_memory
0c0072c0   _tmpnams
0c007034   _unlock
0c004980   _wrt_ok
0c0064c0   abort
0c004d40   atoi
ffffffff   binit
0c004e20   close
0c004a80   copy_in
0c005640   exit
0c003380   fputc
0c001960   fputs
0c002820   free
0c004660   fseek
0c005c20   lseek
0c004fe0   ltoa
0c000c78   main
0c004020   malloc
0c0062c0   memccpy
0c005cc0   memcpy
0c0050c0   memset
0c000b80   optIMG_MAD_8x8
0c0051a0   printf
0c006040   readmsg
0c0060c0   remove
0c0037a0   setvbuf
0c0060c0   unlink
0c005ea0   write
0c006320   writemsg


GLOBAL SYMBOLS: SORTED BY Symbol Address 

address    name
--------   ----
00000000   __TI_STATIC_BASE
00000001   __TI_args_main
00000400   __TI_STACK_SIZE
00000400   __TI_SYSMEM_SIZE
0c000000   __c6xabi_divd
0c000b80   optIMG_MAD_8x8
0c000c78   main
0c0010a0   _printfi
0c001960   fputs
0c002820   free
0c002aa0   __c6xabi_divull
0c003380   fputc
0c0037a0   setvbuf
0c003b60   HOSTrename
0c003d00   __c6xabi_divul
0c004020   malloc
0c004420   _closefile
0c004660   fseek
0c004780   HOSTlseek
0c004880   _auto_init_elf
0c004980   _wrt_ok
0c004a80   copy_in
0c004b80   HOSTopen
0c004d40   atoi
0c004e20   close
0c004f00   __TI_zero_init
0c004fe0   ltoa
0c0050c0   memset
0c0051a0   printf
0c005280   HOSTread
0c005340   HOSTunlink
0c005400   HOSTwrite
0c0054c0   __c6xabi_divu
0c0054c0   __divu
0c005580   _doflush
0c005640   exit
0c005700   __TI_tls_init
0c0057c0   HOSTclose
0c005860   _cleanup
0c005a40   _minit
0c005c20   lseek
0c005cc0   memcpy
0c005ea0   write
0c005f40   __c6xabi_llshl
0c005fc0   _c_int00
0c006040   readmsg
0c0060c0   remove
0c0060c0   unlink
0c006140   __TI_cpp_init
0c0061a0   __c6xabi_frcmpyd_div
0c006200   __c6xabi_llshru
0c006260   _subcull
0c0062c0   memccpy
0c006320   writemsg
0c006378   C$$IO$$
0c006380   __c6xabi_isinf
0c006400   _args_main
0c006440   __c6xabi_negll
0c006460   _nop
0c0064c0   C$$EXIT
0c0064c0   abort
0c0064e0   __TI_decompress_none
0c006500   __TI_decompress_rle24
0c006520   _stack
0c006920   __TI_STACK_END
0c006920   _sys_memory
0c006d20   _ftable
0c007018   _cleanup_ptr
0c00701c   _dtors_ptr
0c007020   __TI_enable_exit_profile_output
0c007030   _lock
0c007034   _unlock
0c007038   _ft_end
0c007198   _ctypes_
0c0072c0   _tmpnams
0c007408   __CIOBUF_
0c00759c   __TI_Handler_Table_Base
0c0075a8   __TI_Handler_Table_Limit
0c0075b0   __TI_CINIT_Base
0c0075c0   __TI_CINIT_Limit
ffffffff   __TI_pprof_out_hndl
ffffffff   __TI_prof_data_size
ffffffff   __TI_prof_data_start
ffffffff   __binit__
ffffffff   __c_args__
ffffffff   binit
UNDEFED    __TI_INITARRAY_Base
UNDEFED    __TI_INITARRAY_Limit
UNDEFED    __TI_TLS_INIT_Base
UNDEFED    __TI_TLS_INIT_Limit

[90 symbols]
